[1.717s] Invoking command in '/home/orin2/ros2_ws/src/coco_detector': PYTHONPATH=/home/orin2/ros2_ws/build/coco_detector/prefix_override:/usr/lib/python3/dist-packages/colcon_core/task/python/colcon_distutils_commands:/home/orin2/ros2_ws/install/coco_detector/lib/python3.10/site-packages:${PYTHONPATH} /usr/bin/python3 -W ignore:setup.py install is deprecated -W ignore:easy_install command is deprecated setup.py egg_info --egg-base ../../build/coco_detector build --build-base /home/orin2/ros2_ws/build/coco_detector/build install --record /home/orin2/ros2_ws/build/coco_detector/install.log --single-version-externally-managed install_data
[2.383s] running egg_info
[2.388s] writing ../../build/coco_detector/coco_detector.egg-info/PKG-INFO
[2.390s] writing dependency_links to ../../build/coco_detector/coco_detector.egg-info/dependency_links.txt
[2.391s] writing entry points to ../../build/coco_detector/coco_detector.egg-info/entry_points.txt
[2.391s] writing requirements to ../../build/coco_detector/coco_detector.egg-info/requires.txt
[2.392s] writing top-level names to ../../build/coco_detector/coco_detector.egg-info/top_level.txt
[2.402s] reading manifest file '../../build/coco_detector/coco_detector.egg-info/SOURCES.txt'
[2.404s] writing manifest file '../../build/coco_detector/coco_detector.egg-info/SOURCES.txt'
[2.409s] running build
[2.410s] running build_py
[2.411s] running install
[2.412s] running install_lib
[2.416s] running install_data
[2.424s] running install_egg_info
[2.430s] removing '/home/orin2/ros2_ws/install/coco_detector/lib/python3.10/site-packages/coco_detector-0.0.0-py3.10.egg-info' (and everything under it)
[2.440s] Copying ../../build/coco_detector/coco_detector.egg-info to /home/orin2/ros2_ws/install/coco_detector/lib/python3.10/site-packages/coco_detector-0.0.0-py3.10.egg-info
[2.443s] running install_scripts
[2.517s] Installing coco_detector_node script to /home/orin2/ros2_ws/install/coco_detector/lib/coco_detector
[2.519s] writing list of installed files to '/home/orin2/ros2_ws/build/coco_detector/install.log'
[2.637s] Invoked command in '/home/orin2/ros2_ws/src/coco_detector' returned '0': PYTHONPATH=/home/orin2/ros2_ws/build/coco_detector/prefix_override:/usr/lib/python3/dist-packages/colcon_core/task/python/colcon_distutils_commands:/home/orin2/ros2_ws/install/coco_detector/lib/python3.10/site-packages:${PYTHONPATH} /usr/bin/python3 -W ignore:setup.py install is deprecated -W ignore:easy_install command is deprecated setup.py egg_info --egg-base ../../build/coco_detector build --build-base /home/orin2/ros2_ws/build/coco_detector/build install --record /home/orin2/ros2_ws/build/coco_detector/install.log --single-version-externally-managed install_data
