[  1%] [34m[1mGenerating C code for ROS interfaces[0m
[  3%] [34m[1mGenerating C++ code for ROS interfaces[0m
[  3%] Built target ament_cmake_python_copy_go2_interfaces
running egg_info
creating go2_interfaces.egg-info
writing go2_interfaces.egg-info/PKG-INFO
writing dependency_links to go2_interfaces.egg-info/dependency_links.txt
writing top-level names to go2_interfaces.egg-info/top_level.txt
writing manifest file 'go2_interfaces.egg-info/SOURCES.txt'
reading manifest file 'go2_interfaces.egg-info/SOURCES.txt'
writing manifest file 'go2_interfaces.egg-info/SOURCES.txt'
[  3%] Built target ament_cmake_python_build_go2_interfaces_egg
[  6%] [32mBuilding C object CMakeFiles/go2_interfaces__rosidl_generator_c.dir/rosidl_generator_c/go2_interfaces/msg/detail/go2_state__functions.c.o[0m
[  6%] Built target go2_interfaces__cpp
[  7%] [32mBuilding C object CMakeFiles/go2_interfaces__rosidl_generator_c.dir/rosidl_generator_c/go2_interfaces/msg/detail/imu__functions.c.o[0m
[  6%] [32mBuilding C object CMakeFiles/go2_interfaces__rosidl_generator_c.dir/rosidl_generator_c/go2_interfaces/msg/detail/go2_cmd__functions.c.o[0m
[  9%] [32mBuilding C object CMakeFiles/go2_interfaces__rosidl_generator_c.dir/rosidl_generator_c/go2_interfaces/msg/detail/go2_rpy_cmd__functions.c.o[0m
[ 11%] [32mBuilding C object CMakeFiles/go2_interfaces__rosidl_generator_c.dir/rosidl_generator_c/go2_interfaces/msg/detail/go2_move__functions.c.o[0m
[ 12%] [34m[1mGenerating C++ type support dispatch for ROS interfaces[0m
[ 14%] [34m[1mGenerating C++ type support for eProsima Fast-RTPS[0m
[ 15%] [34m[1mGenerating C++ introspection for ROS interfaces[0m
[ 17%] [32m[1mLinking C shared library libgo2_interfaces__rosidl_generator_c.so[0m
[ 17%] Built target go2_interfaces__rosidl_generator_c
[ 19%] [34m[1mGenerating C type support for eProsima Fast-RTPS[0m
[ 20%] [34m[1mGenerating C type support dispatch for ROS interfaces[0m
[ 22%] [34m[1mGenerating C introspection for ROS interfaces[0m
[ 23%] [32mBuilding CXX object CMakeFiles/go2_interfaces__rosidl_typesupport_cpp.dir/rosidl_typesupport_cpp/go2_interfaces/msg/go2_cmd__type_support.cpp.o[0m
[ 25%] [32mBuilding CXX object CMakeFiles/go2_interfaces__rosidl_typesupport_cpp.dir/rosidl_typesupport_cpp/go2_interfaces/msg/go2_state__type_support.cpp.o[0m
[ 28%] [32mBuilding CXX object CMakeFiles/go2_interfaces__rosidl_typesupport_introspection_cpp.dir/rosidl_typesupport_introspection_cpp/go2_interfaces/msg/detail/go2_cmd__type_support.cpp.o[0m
[ 28%] [32mBuilding CXX object CMakeFiles/go2_interfaces__rosidl_typesupport_cpp.dir/rosidl_typesupport_cpp/go2_interfaces/msg/go2_move__type_support.cpp.o[0m
[ 30%] [32mBuilding CXX object CMakeFiles/go2_interfaces__rosidl_typesupport_c.dir/rosidl_typesupport_c/go2_interfaces/msg/go2_cmd__type_support.cpp.o[0m
[ 31%] [32mBuilding CXX object CMakeFiles/go2_interfaces__rosidl_typesupport_c.dir/rosidl_typesupport_c/go2_interfaces/msg/go2_state__type_support.cpp.o[0m
[ 33%] [32mBuilding CXX object CMakeFiles/go2_interfaces__rosidl_typesupport_c.dir/rosidl_typesupport_c/go2_interfaces/msg/go2_move__type_support.cpp.o[0m
[ 34%] [32mBuilding CXX object CMakeFiles/go2_interfaces__rosidl_typesupport_fastrtps_cpp.dir/rosidl_typesupport_fastrtps_cpp/go2_interfaces/msg/detail/dds_fastrtps/go2_cmd__type_support.cpp.o[0m
[ 36%] [32mBuilding CXX object CMakeFiles/go2_interfaces__rosidl_typesupport_c.dir/rosidl_typesupport_c/go2_interfaces/msg/go2_rpy_cmd__type_support.cpp.o[0m
[ 38%] [32mBuilding CXX object CMakeFiles/go2_interfaces__rosidl_typesupport_cpp.dir/rosidl_typesupport_cpp/go2_interfaces/msg/go2_rpy_cmd__type_support.cpp.o[0m
[ 39%] [32mBuilding CXX object CMakeFiles/go2_interfaces__rosidl_typesupport_c.dir/rosidl_typesupport_c/go2_interfaces/msg/imu__type_support.cpp.o[0m
[ 41%] [32mBuilding C object CMakeFiles/go2_interfaces__rosidl_typesupport_introspection_c.dir/rosidl_typesupport_introspection_c/go2_interfaces/msg/detail/go2_cmd__type_support.c.o[0m
[ 42%] [32mBuilding CXX object CMakeFiles/go2_interfaces__rosidl_typesupport_cpp.dir/rosidl_typesupport_cpp/go2_interfaces/msg/imu__type_support.cpp.o[0m
[ 44%] [32mBuilding CXX object CMakeFiles/go2_interfaces__rosidl_typesupport_fastrtps_c.dir/rosidl_typesupport_fastrtps_c/go2_interfaces/msg/detail/go2_cmd__type_support_c.cpp.o[0m
[ 46%] [32m[1mLinking CXX shared library libgo2_interfaces__rosidl_typesupport_c.so[0m
[ 47%] [32mBuilding C object CMakeFiles/go2_interfaces__rosidl_typesupport_introspection_c.dir/rosidl_typesupport_introspection_c/go2_interfaces/msg/detail/go2_state__type_support.c.o[0m
[ 49%] [32mBuilding CXX object CMakeFiles/go2_interfaces__rosidl_typesupport_fastrtps_c.dir/rosidl_typesupport_fastrtps_c/go2_interfaces/msg/detail/go2_state__type_support_c.cpp.o[0m
[ 50%] [32mBuilding C object CMakeFiles/go2_interfaces__rosidl_typesupport_introspection_c.dir/rosidl_typesupport_introspection_c/go2_interfaces/msg/detail/go2_move__type_support.c.o[0m
[ 50%] Built target go2_interfaces__rosidl_typesupport_c
[ 52%] [32mBuilding C object CMakeFiles/go2_interfaces__rosidl_typesupport_introspection_c.dir/rosidl_typesupport_introspection_c/go2_interfaces/msg/detail/go2_rpy_cmd__type_support.c.o[0m
[ 53%] [32mBuilding CXX object CMakeFiles/go2_interfaces__rosidl_typesupport_introspection_cpp.dir/rosidl_typesupport_introspection_cpp/go2_interfaces/msg/detail/go2_state__type_support.cpp.o[0m
[ 55%] [32mBuilding CXX object CMakeFiles/go2_interfaces__rosidl_typesupport_fastrtps_c.dir/rosidl_typesupport_fastrtps_c/go2_interfaces/msg/detail/go2_move__type_support_c.cpp.o[0m
[ 57%] [32mBuilding C object CMakeFiles/go2_interfaces__rosidl_typesupport_introspection_c.dir/rosidl_typesupport_introspection_c/go2_interfaces/msg/detail/imu__type_support.c.o[0m
[ 58%] [32m[1mLinking C shared library libgo2_interfaces__rosidl_typesupport_introspection_c.so[0m
[ 60%] [32mBuilding CXX object CMakeFiles/go2_interfaces__rosidl_typesupport_fastrtps_cpp.dir/rosidl_typesupport_fastrtps_cpp/go2_interfaces/msg/detail/dds_fastrtps/go2_state__type_support.cpp.o[0m
[ 60%] Built target go2_interfaces__rosidl_typesupport_introspection_c
[ 61%] [32m[1mLinking CXX shared library libgo2_interfaces__rosidl_typesupport_cpp.so[0m
[ 63%] [32mBuilding CXX object CMakeFiles/go2_interfaces__rosidl_typesupport_fastrtps_cpp.dir/rosidl_typesupport_fastrtps_cpp/go2_interfaces/msg/detail/dds_fastrtps/go2_move__type_support.cpp.o[0m
[ 65%] [32mBuilding CXX object CMakeFiles/go2_interfaces__rosidl_typesupport_fastrtps_cpp.dir/rosidl_typesupport_fastrtps_cpp/go2_interfaces/msg/detail/dds_fastrtps/go2_rpy_cmd__type_support.cpp.o[0m
[ 65%] Built target go2_interfaces__rosidl_typesupport_cpp
[ 66%] [32mBuilding CXX object CMakeFiles/go2_interfaces__rosidl_typesupport_fastrtps_c.dir/rosidl_typesupport_fastrtps_c/go2_interfaces/msg/detail/go2_rpy_cmd__type_support_c.cpp.o[0m
[ 68%] [32mBuilding CXX object CMakeFiles/go2_interfaces__rosidl_typesupport_fastrtps_c.dir/rosidl_typesupport_fastrtps_c/go2_interfaces/msg/detail/imu__type_support_c.cpp.o[0m
[ 69%] [32mBuilding CXX object CMakeFiles/go2_interfaces__rosidl_typesupport_introspection_cpp.dir/rosidl_typesupport_introspection_cpp/go2_interfaces/msg/detail/go2_move__type_support.cpp.o[0m
[ 71%] [32mBuilding CXX object CMakeFiles/go2_interfaces__rosidl_typesupport_introspection_cpp.dir/rosidl_typesupport_introspection_cpp/go2_interfaces/msg/detail/go2_rpy_cmd__type_support.cpp.o[0m
[ 73%] [32mBuilding CXX object CMakeFiles/go2_interfaces__rosidl_typesupport_introspection_cpp.dir/rosidl_typesupport_introspection_cpp/go2_interfaces/msg/detail/imu__type_support.cpp.o[0m
[ 74%] [32mBuilding CXX object CMakeFiles/go2_interfaces__rosidl_typesupport_fastrtps_cpp.dir/rosidl_typesupport_fastrtps_cpp/go2_interfaces/msg/detail/dds_fastrtps/imu__type_support.cpp.o[0m
[ 76%] [32m[1mLinking CXX shared library libgo2_interfaces__rosidl_typesupport_fastrtps_c.so[0m
[ 76%] Built target go2_interfaces__rosidl_typesupport_fastrtps_c
[ 77%] [32m[1mLinking CXX shared library libgo2_interfaces__rosidl_typesupport_introspection_cpp.so[0m
[ 77%] Built target go2_interfaces__rosidl_typesupport_introspection_cpp
[ 79%] [32m[1mLinking CXX shared library libgo2_interfaces__rosidl_typesupport_fastrtps_cpp.so[0m
[ 79%] Built target go2_interfaces__rosidl_typesupport_fastrtps_cpp
[ 79%] Built target go2_interfaces
[ 80%] [34m[1mGenerating Python code for ROS interfaces[0m
[ 80%] Built target go2_interfaces__py
[ 82%] [32mBuilding C object CMakeFiles/go2_interfaces__rosidl_generator_py.dir/rosidl_generator_py/go2_interfaces/msg/_go2_move_s.c.o[0m
[ 84%] [32mBuilding C object CMakeFiles/go2_interfaces__rosidl_generator_py.dir/rosidl_generator_py/go2_interfaces/msg/_go2_state_s.c.o[0m
[ 85%] [32mBuilding C object CMakeFiles/go2_interfaces__rosidl_generator_py.dir/rosidl_generator_py/go2_interfaces/msg/_go2_cmd_s.c.o[0m
[ 87%] [32mBuilding C object CMakeFiles/go2_interfaces__rosidl_generator_py.dir/rosidl_generator_py/go2_interfaces/msg/_go2_rpy_cmd_s.c.o[0m
[ 88%] [32mBuilding C object CMakeFiles/go2_interfaces__rosidl_generator_py.dir/rosidl_generator_py/go2_interfaces/msg/_imu_s.c.o[0m
[ 90%] [32m[1mLinking C shared library rosidl_generator_py/go2_interfaces/libgo2_interfaces__rosidl_generator_py.so[0m
[ 90%] Built target go2_interfaces__rosidl_generator_py
[ 92%] [32mBuilding C object CMakeFiles/go2_interfaces__rosidl_typesupport_fastrtps_c__pyext.dir/rosidl_generator_py/go2_interfaces/_go2_interfaces_s.ep.rosidl_typesupport_fastrtps_c.c.o[0m
[ 93%] [32mBuilding C object CMakeFiles/go2_interfaces__rosidl_typesupport_c__pyext.dir/rosidl_generator_py/go2_interfaces/_go2_interfaces_s.ep.rosidl_typesupport_c.c.o[0m
[ 95%] [32mBuilding C object CMakeFiles/go2_interfaces__rosidl_typesupport_introspection_c__pyext.dir/rosidl_generator_py/go2_interfaces/_go2_interfaces_s.ep.rosidl_typesupport_introspection_c.c.o[0m
[ 96%] [32m[1mLinking C shared library rosidl_generator_py/go2_interfaces/go2_interfaces_s__rosidl_typesupport_c.cpython-310-aarch64-linux-gnu.so[0m
[ 98%] [32m[1mLinking C shared library rosidl_generator_py/go2_interfaces/go2_interfaces_s__rosidl_typesupport_fastrtps_c.cpython-310-aarch64-linux-gnu.so[0m
[ 98%] Built target go2_interfaces__rosidl_typesupport_c__pyext
[100%] [32m[1mLinking C shared library rosidl_generator_py/go2_interfaces/go2_interfaces_s__rosidl_typesupport_introspection_c.cpython-310-aarch64-linux-gnu.so[0m
[100%] Built target go2_interfaces__rosidl_typesupport_fastrtps_c__pyext
[100%] Built target go2_interfaces__rosidl_typesupport_introspection_c__pyext
-- Install configuration: ""
-- Installing: /home/orin2/ros2_ws/install/go2_interfaces/share/ament_index/resource_index/rosidl_interfaces/go2_interfaces
-- Installing: /home/orin2/ros2_ws/install/go2_interfaces/include/go2_interfaces/go2_interfaces
-- Installing: /home/orin2/ros2_ws/install/go2_interfaces/include/go2_interfaces/go2_interfaces/msg
-- Installing: /home/orin2/ros2_ws/install/go2_interfaces/include/go2_interfaces/go2_interfaces/msg/rosidl_generator_c__visibility_control.h
-- Installing: /home/orin2/ros2_ws/install/go2_interfaces/include/go2_interfaces/go2_interfaces/msg/go2_rpy_cmd.h
-- Installing: /home/orin2/ros2_ws/install/go2_interfaces/include/go2_interfaces/go2_interfaces/msg/go2_move.h
-- Installing: /home/orin2/ros2_ws/install/go2_interfaces/include/go2_interfaces/go2_interfaces/msg/imu.h
-- Installing: /home/orin2/ros2_ws/install/go2_interfaces/include/go2_interfaces/go2_interfaces/msg/go2_cmd.h
-- Installing: /home/orin2/ros2_ws/install/go2_interfaces/include/go2_interfaces/go2_interfaces/msg/detail
-- Installing: /home/orin2/ros2_ws/install/go2_interfaces/include/go2_interfaces/go2_interfaces/msg/detail/go2_move__struct.h
-- Installing: /home/orin2/ros2_ws/install/go2_interfaces/include/go2_interfaces/go2_interfaces/msg/detail/go2_move__functions.c
-- Installing: /home/orin2/ros2_ws/install/go2_interfaces/include/go2_interfaces/go2_interfaces/msg/detail/go2_move__functions.h
-- Installing: /home/orin2/ros2_ws/install/go2_interfaces/include/go2_interfaces/go2_interfaces/msg/detail/go2_state__type_support.h
-- Installing: /home/orin2/ros2_ws/install/go2_interfaces/include/go2_interfaces/go2_interfaces/msg/detail/go2_state__struct.h
-- Installing: /home/orin2/ros2_ws/install/go2_interfaces/include/go2_interfaces/go2_interfaces/msg/detail/go2_cmd__struct.h
-- Installing: /home/orin2/ros2_ws/install/go2_interfaces/include/go2_interfaces/go2_interfaces/msg/detail/go2_rpy_cmd__functions.c
-- Installing: /home/orin2/ros2_ws/install/go2_interfaces/include/go2_interfaces/go2_interfaces/msg/detail/imu__type_support.h
-- Installing: /home/orin2/ros2_ws/install/go2_interfaces/include/go2_interfaces/go2_interfaces/msg/detail/go2_cmd__functions.h
-- Installing: /home/orin2/ros2_ws/install/go2_interfaces/include/go2_interfaces/go2_interfaces/msg/detail/go2_move__type_support.h
-- Installing: /home/orin2/ros2_ws/install/go2_interfaces/include/go2_interfaces/go2_interfaces/msg/detail/go2_cmd__type_support.h
-- Installing: /home/orin2/ros2_ws/install/go2_interfaces/include/go2_interfaces/go2_interfaces/msg/detail/go2_rpy_cmd__functions.h
-- Installing: /home/orin2/ros2_ws/install/go2_interfaces/include/go2_interfaces/go2_interfaces/msg/detail/go2_cmd__functions.c
-- Installing: /home/orin2/ros2_ws/install/go2_interfaces/include/go2_interfaces/go2_interfaces/msg/detail/imu__functions.h
-- Installing: /home/orin2/ros2_ws/install/go2_interfaces/include/go2_interfaces/go2_interfaces/msg/detail/go2_rpy_cmd__struct.h
-- Installing: /home/orin2/ros2_ws/install/go2_interfaces/include/go2_interfaces/go2_interfaces/msg/detail/go2_rpy_cmd__type_support.h
-- Installing: /home/orin2/ros2_ws/install/go2_interfaces/include/go2_interfaces/go2_interfaces/msg/detail/imu__functions.c
-- Installing: /home/orin2/ros2_ws/install/go2_interfaces/include/go2_interfaces/go2_interfaces/msg/detail/imu__struct.h
-- Installing: /home/orin2/ros2_ws/install/go2_interfaces/include/go2_interfaces/go2_interfaces/msg/detail/go2_state__functions.h
-- Installing: /home/orin2/ros2_ws/install/go2_interfaces/include/go2_interfaces/go2_interfaces/msg/detail/go2_state__functions.c
-- Installing: /home/orin2/ros2_ws/install/go2_interfaces/include/go2_interfaces/go2_interfaces/msg/go2_state.h
-- Installing: /home/orin2/ros2_ws/install/go2_interfaces/share/go2_interfaces/environment/library_path.sh
-- Installing: /home/orin2/ros2_ws/install/go2_interfaces/share/go2_interfaces/environment/library_path.dsv
-- Installing: /home/orin2/ros2_ws/install/go2_interfaces/lib/libgo2_interfaces__rosidl_generator_c.so
-- Set runtime path of "/home/orin2/ros2_ws/install/go2_interfaces/lib/libgo2_interfaces__rosidl_generator_c.so" to ""
-- Up-to-date: /home/orin2/ros2_ws/install/go2_interfaces/include/go2_interfaces/go2_interfaces
-- Up-to-date: /home/orin2/ros2_ws/install/go2_interfaces/include/go2_interfaces/go2_interfaces/msg
-- Installing: /home/orin2/ros2_ws/install/go2_interfaces/include/go2_interfaces/go2_interfaces/msg/rosidl_typesupport_fastrtps_c__visibility_control.h
-- Up-to-date: /home/orin2/ros2_ws/install/go2_interfaces/include/go2_interfaces/go2_interfaces/msg/detail
-- Installing: /home/orin2/ros2_ws/install/go2_interfaces/include/go2_interfaces/go2_interfaces/msg/detail/go2_state__rosidl_typesupport_fastrtps_c.h
-- Installing: /home/orin2/ros2_ws/install/go2_interfaces/include/go2_interfaces/go2_interfaces/msg/detail/go2_rpy_cmd__rosidl_typesupport_fastrtps_c.h
-- Installing: /home/orin2/ros2_ws/install/go2_interfaces/include/go2_interfaces/go2_interfaces/msg/detail/imu__rosidl_typesupport_fastrtps_c.h
-- Installing: /home/orin2/ros2_ws/install/go2_interfaces/include/go2_interfaces/go2_interfaces/msg/detail/go2_move__rosidl_typesupport_fastrtps_c.h
-- Installing: /home/orin2/ros2_ws/install/go2_interfaces/include/go2_interfaces/go2_interfaces/msg/detail/go2_cmd__rosidl_typesupport_fastrtps_c.h
-- Installing: /home/orin2/ros2_ws/install/go2_interfaces/lib/libgo2_interfaces__rosidl_typesupport_fastrtps_c.so
-- Set runtime path of "/home/orin2/ros2_ws/install/go2_interfaces/lib/libgo2_interfaces__rosidl_typesupport_fastrtps_c.so" to ""
-- Up-to-date: /home/orin2/ros2_ws/install/go2_interfaces/include/go2_interfaces/go2_interfaces
-- Up-to-date: /home/orin2/ros2_ws/install/go2_interfaces/include/go2_interfaces/go2_interfaces/msg
-- Installing: /home/orin2/ros2_ws/install/go2_interfaces/include/go2_interfaces/go2_interfaces/msg/go2_move.hpp
-- Installing: /home/orin2/ros2_ws/install/go2_interfaces/include/go2_interfaces/go2_interfaces/msg/go2_state.hpp
-- Installing: /home/orin2/ros2_ws/install/go2_interfaces/include/go2_interfaces/go2_interfaces/msg/go2_cmd.hpp
-- Installing: /home/orin2/ros2_ws/install/go2_interfaces/include/go2_interfaces/go2_interfaces/msg/imu.hpp
-- Up-to-date: /home/orin2/ros2_ws/install/go2_interfaces/include/go2_interfaces/go2_interfaces/msg/detail
-- Installing: /home/orin2/ros2_ws/install/go2_interfaces/include/go2_interfaces/go2_interfaces/msg/detail/go2_move__traits.hpp
-- Installing: /home/orin2/ros2_ws/install/go2_interfaces/include/go2_interfaces/go2_interfaces/msg/detail/imu__builder.hpp
-- Installing: /home/orin2/ros2_ws/install/go2_interfaces/include/go2_interfaces/go2_interfaces/msg/detail/imu__type_support.hpp
-- Installing: /home/orin2/ros2_ws/install/go2_interfaces/include/go2_interfaces/go2_interfaces/msg/detail/go2_cmd__type_support.hpp
-- Installing: /home/orin2/ros2_ws/install/go2_interfaces/include/go2_interfaces/go2_interfaces/msg/detail/go2_move__builder.hpp
-- Installing: /home/orin2/ros2_ws/install/go2_interfaces/include/go2_interfaces/go2_interfaces/msg/detail/go2_state__builder.hpp
-- Installing: /home/orin2/ros2_ws/install/go2_interfaces/include/go2_interfaces/go2_interfaces/msg/detail/go2_rpy_cmd__struct.hpp
-- Installing: /home/orin2/ros2_ws/install/go2_interfaces/include/go2_interfaces/go2_interfaces/msg/detail/go2_rpy_cmd__builder.hpp
-- Installing: /home/orin2/ros2_ws/install/go2_interfaces/include/go2_interfaces/go2_interfaces/msg/detail/go2_move__type_support.hpp
-- Installing: /home/orin2/ros2_ws/install/go2_interfaces/include/go2_interfaces/go2_interfaces/msg/detail/go2_cmd__traits.hpp
-- Installing: /home/orin2/ros2_ws/install/go2_interfaces/include/go2_interfaces/go2_interfaces/msg/detail/go2_move__struct.hpp
-- Installing: /home/orin2/ros2_ws/install/go2_interfaces/include/go2_interfaces/go2_interfaces/msg/detail/imu__struct.hpp
-- Installing: /home/orin2/ros2_ws/install/go2_interfaces/include/go2_interfaces/go2_interfaces/msg/detail/imu__traits.hpp
-- Installing: /home/orin2/ros2_ws/install/go2_interfaces/include/go2_interfaces/go2_interfaces/msg/detail/go2_cmd__builder.hpp
-- Installing: /home/orin2/ros2_ws/install/go2_interfaces/include/go2_interfaces/go2_interfaces/msg/detail/go2_rpy_cmd__type_support.hpp
-- Installing: /home/orin2/ros2_ws/install/go2_interfaces/include/go2_interfaces/go2_interfaces/msg/detail/go2_state__struct.hpp
-- Installing: /home/orin2/ros2_ws/install/go2_interfaces/include/go2_interfaces/go2_interfaces/msg/detail/go2_cmd__struct.hpp
-- Installing: /home/orin2/ros2_ws/install/go2_interfaces/include/go2_interfaces/go2_interfaces/msg/detail/go2_state__traits.hpp
-- Installing: /home/orin2/ros2_ws/install/go2_interfaces/include/go2_interfaces/go2_interfaces/msg/detail/go2_rpy_cmd__traits.hpp
-- Installing: /home/orin2/ros2_ws/install/go2_interfaces/include/go2_interfaces/go2_interfaces/msg/detail/go2_state__type_support.hpp
-- Installing: /home/orin2/ros2_ws/install/go2_interfaces/include/go2_interfaces/go2_interfaces/msg/rosidl_generator_cpp__visibility_control.hpp
-- Installing: /home/orin2/ros2_ws/install/go2_interfaces/include/go2_interfaces/go2_interfaces/msg/go2_rpy_cmd.hpp
-- Up-to-date: /home/orin2/ros2_ws/install/go2_interfaces/include/go2_interfaces/go2_interfaces
-- Up-to-date: /home/orin2/ros2_ws/install/go2_interfaces/include/go2_interfaces/go2_interfaces/msg
-- Installing: /home/orin2/ros2_ws/install/go2_interfaces/include/go2_interfaces/go2_interfaces/msg/rosidl_typesupport_fastrtps_cpp__visibility_control.h
-- Up-to-date: /home/orin2/ros2_ws/install/go2_interfaces/include/go2_interfaces/go2_interfaces/msg/detail
-- Installing: /home/orin2/ros2_ws/install/go2_interfaces/include/go2_interfaces/go2_interfaces/msg/detail/go2_state__rosidl_typesupport_fastrtps_cpp.hpp
-- Installing: /home/orin2/ros2_ws/install/go2_interfaces/include/go2_interfaces/go2_interfaces/msg/detail/imu__rosidl_typesupport_fastrtps_cpp.hpp
-- Installing: /home/orin2/ros2_ws/install/go2_interfaces/include/go2_interfaces/go2_interfaces/msg/detail/go2_rpy_cmd__rosidl_typesupport_fastrtps_cpp.hpp
-- Installing: /home/orin2/ros2_ws/install/go2_interfaces/include/go2_interfaces/go2_interfaces/msg/detail/dds_fastrtps
-- Installing: /home/orin2/ros2_ws/install/go2_interfaces/include/go2_interfaces/go2_interfaces/msg/detail/go2_cmd__rosidl_typesupport_fastrtps_cpp.hpp
-- Installing: /home/orin2/ros2_ws/install/go2_interfaces/include/go2_interfaces/go2_interfaces/msg/detail/go2_move__rosidl_typesupport_fastrtps_cpp.hpp
-- Installing: /home/orin2/ros2_ws/install/go2_interfaces/lib/libgo2_interfaces__rosidl_typesupport_fastrtps_cpp.so
-- Set runtime path of "/home/orin2/ros2_ws/install/go2_interfaces/lib/libgo2_interfaces__rosidl_typesupport_fastrtps_cpp.so" to ""
-- Up-to-date: /home/orin2/ros2_ws/install/go2_interfaces/include/go2_interfaces/go2_interfaces
-- Up-to-date: /home/orin2/ros2_ws/install/go2_interfaces/include/go2_interfaces/go2_interfaces/msg
-- Up-to-date: /home/orin2/ros2_ws/install/go2_interfaces/include/go2_interfaces/go2_interfaces/msg/detail
-- Installing: /home/orin2/ros2_ws/install/go2_interfaces/include/go2_interfaces/go2_interfaces/msg/detail/go2_move__rosidl_typesupport_introspection_c.h
-- Installing: /home/orin2/ros2_ws/install/go2_interfaces/include/go2_interfaces/go2_interfaces/msg/detail/go2_move__type_support.c
-- Installing: /home/orin2/ros2_ws/install/go2_interfaces/include/go2_interfaces/go2_interfaces/msg/detail/go2_rpy_cmd__rosidl_typesupport_introspection_c.h
-- Installing: /home/orin2/ros2_ws/install/go2_interfaces/include/go2_interfaces/go2_interfaces/msg/detail/go2_cmd__type_support.c
-- Installing: /home/orin2/ros2_ws/install/go2_interfaces/include/go2_interfaces/go2_interfaces/msg/detail/imu__type_support.c
-- Installing: /home/orin2/ros2_ws/install/go2_interfaces/include/go2_interfaces/go2_interfaces/msg/detail/go2_rpy_cmd__type_support.c
-- Installing: /home/orin2/ros2_ws/install/go2_interfaces/include/go2_interfaces/go2_interfaces/msg/detail/go2_state__type_support.c
-- Installing: /home/orin2/ros2_ws/install/go2_interfaces/include/go2_interfaces/go2_interfaces/msg/detail/go2_cmd__rosidl_typesupport_introspection_c.h
-- Installing: /home/orin2/ros2_ws/install/go2_interfaces/include/go2_interfaces/go2_interfaces/msg/detail/go2_state__rosidl_typesupport_introspection_c.h
-- Installing: /home/orin2/ros2_ws/install/go2_interfaces/include/go2_interfaces/go2_interfaces/msg/detail/imu__rosidl_typesupport_introspection_c.h
-- Installing: /home/orin2/ros2_ws/install/go2_interfaces/include/go2_interfaces/go2_interfaces/msg/rosidl_typesupport_introspection_c__visibility_control.h
-- Installing: /home/orin2/ros2_ws/install/go2_interfaces/lib/libgo2_interfaces__rosidl_typesupport_introspection_c.so
-- Set runtime path of "/home/orin2/ros2_ws/install/go2_interfaces/lib/libgo2_interfaces__rosidl_typesupport_introspection_c.so" to ""
-- Installing: /home/orin2/ros2_ws/install/go2_interfaces/lib/libgo2_interfaces__rosidl_typesupport_c.so
-- Set runtime path of "/home/orin2/ros2_ws/install/go2_interfaces/lib/libgo2_interfaces__rosidl_typesupport_c.so" to ""
-- Up-to-date: /home/orin2/ros2_ws/install/go2_interfaces/include/go2_interfaces/go2_interfaces
-- Up-to-date: /home/orin2/ros2_ws/install/go2_interfaces/include/go2_interfaces/go2_interfaces/msg
-- Up-to-date: /home/orin2/ros2_ws/install/go2_interfaces/include/go2_interfaces/go2_interfaces/msg/detail
-- Installing: /home/orin2/ros2_ws/install/go2_interfaces/include/go2_interfaces/go2_interfaces/msg/detail/go2_rpy_cmd__rosidl_typesupport_introspection_cpp.hpp
-- Installing: /home/orin2/ros2_ws/install/go2_interfaces/include/go2_interfaces/go2_interfaces/msg/detail/go2_move__rosidl_typesupport_introspection_cpp.hpp
-- Installing: /home/orin2/ros2_ws/install/go2_interfaces/include/go2_interfaces/go2_interfaces/msg/detail/go2_cmd__type_support.cpp
-- Installing: /home/orin2/ros2_ws/install/go2_interfaces/include/go2_interfaces/go2_interfaces/msg/detail/go2_state__type_support.cpp
-- Installing: /home/orin2/ros2_ws/install/go2_interfaces/include/go2_interfaces/go2_interfaces/msg/detail/go2_rpy_cmd__type_support.cpp
-- Installing: /home/orin2/ros2_ws/install/go2_interfaces/include/go2_interfaces/go2_interfaces/msg/detail/go2_cmd__rosidl_typesupport_introspection_cpp.hpp
-- Installing: /home/orin2/ros2_ws/install/go2_interfaces/include/go2_interfaces/go2_interfaces/msg/detail/imu__rosidl_typesupport_introspection_cpp.hpp
-- Installing: /home/orin2/ros2_ws/install/go2_interfaces/include/go2_interfaces/go2_interfaces/msg/detail/go2_state__rosidl_typesupport_introspection_cpp.hpp
-- Installing: /home/orin2/ros2_ws/install/go2_interfaces/include/go2_interfaces/go2_interfaces/msg/detail/go2_move__type_support.cpp
-- Installing: /home/orin2/ros2_ws/install/go2_interfaces/include/go2_interfaces/go2_interfaces/msg/detail/imu__type_support.cpp
-- Installing: /home/orin2/ros2_ws/install/go2_interfaces/lib/libgo2_interfaces__rosidl_typesupport_introspection_cpp.so
-- Set runtime path of "/home/orin2/ros2_ws/install/go2_interfaces/lib/libgo2_interfaces__rosidl_typesupport_introspection_cpp.so" to ""
-- Installing: /home/orin2/ros2_ws/install/go2_interfaces/lib/libgo2_interfaces__rosidl_typesupport_cpp.so
-- Set runtime path of "/home/orin2/ros2_ws/install/go2_interfaces/lib/libgo2_interfaces__rosidl_typesupport_cpp.so" to ""
-- Installing: /home/orin2/ros2_ws/install/go2_interfaces/share/go2_interfaces/environment/pythonpath.sh
-- Installing: /home/orin2/ros2_ws/install/go2_interfaces/share/go2_interfaces/environment/pythonpath.dsv
-- Installing: /home/orin2/ros2_ws/install/go2_interfaces/local/lib/python3.10/dist-packages/go2_interfaces-0.0.0-py3.10.egg-info
-- Installing: /home/orin2/ros2_ws/install/go2_interfaces/local/lib/python3.10/dist-packages/go2_interfaces-0.0.0-py3.10.egg-info/dependency_links.txt
-- Installing: /home/orin2/ros2_ws/install/go2_interfaces/local/lib/python3.10/dist-packages/go2_interfaces-0.0.0-py3.10.egg-info/SOURCES.txt
-- Installing: /home/orin2/ros2_ws/install/go2_interfaces/local/lib/python3.10/dist-packages/go2_interfaces-0.0.0-py3.10.egg-info/PKG-INFO
-- Installing: /home/orin2/ros2_ws/install/go2_interfaces/local/lib/python3.10/dist-packages/go2_interfaces-0.0.0-py3.10.egg-info/top_level.txt
-- Installing: /home/orin2/ros2_ws/install/go2_interfaces/local/lib/python3.10/dist-packages/go2_interfaces
-- Installing: /home/orin2/ros2_ws/install/go2_interfaces/local/lib/python3.10/dist-packages/go2_interfaces/libgo2_interfaces__rosidl_generator_py.so
-- Installing: /home/orin2/ros2_ws/install/go2_interfaces/local/lib/python3.10/dist-packages/go2_interfaces/_go2_interfaces_s.ep.rosidl_typesupport_fastrtps_c.c
-- Installing: /home/orin2/ros2_ws/install/go2_interfaces/local/lib/python3.10/dist-packages/go2_interfaces/_go2_interfaces_s.ep.rosidl_typesupport_c.c
-- Installing: /home/orin2/ros2_ws/install/go2_interfaces/local/lib/python3.10/dist-packages/go2_interfaces/go2_interfaces_s__rosidl_typesupport_c.cpython-310-aarch64-linux-gnu.so
-- Installing: /home/orin2/ros2_ws/install/go2_interfaces/local/lib/python3.10/dist-packages/go2_interfaces/_go2_interfaces_s.ep.rosidl_typesupport_introspection_c.c
-- Installing: /home/orin2/ros2_ws/install/go2_interfaces/local/lib/python3.10/dist-packages/go2_interfaces/go2_interfaces_s__rosidl_typesupport_fastrtps_c.cpython-310-aarch64-linux-gnu.so
-- Installing: /home/orin2/ros2_ws/install/go2_interfaces/local/lib/python3.10/dist-packages/go2_interfaces/go2_interfaces_s__rosidl_typesupport_introspection_c.cpython-310-aarch64-linux-gnu.so
-- Installing: /home/orin2/ros2_ws/install/go2_interfaces/local/lib/python3.10/dist-packages/go2_interfaces/msg
-- Installing: /home/orin2/ros2_ws/install/go2_interfaces/local/lib/python3.10/dist-packages/go2_interfaces/msg/_go2_move.py
-- Installing: /home/orin2/ros2_ws/install/go2_interfaces/local/lib/python3.10/dist-packages/go2_interfaces/msg/_go2_rpy_cmd_s.c
-- Installing: /home/orin2/ros2_ws/install/go2_interfaces/local/lib/python3.10/dist-packages/go2_interfaces/msg/_go2_cmd.py
-- Installing: /home/orin2/ros2_ws/install/go2_interfaces/local/lib/python3.10/dist-packages/go2_interfaces/msg/_go2_state_s.c
-- Installing: /home/orin2/ros2_ws/install/go2_interfaces/local/lib/python3.10/dist-packages/go2_interfaces/msg/_go2_cmd_s.c
-- Installing: /home/orin2/ros2_ws/install/go2_interfaces/local/lib/python3.10/dist-packages/go2_interfaces/msg/_imu.py
-- Installing: /home/orin2/ros2_ws/install/go2_interfaces/local/lib/python3.10/dist-packages/go2_interfaces/msg/_go2_state.py
-- Installing: /home/orin2/ros2_ws/install/go2_interfaces/local/lib/python3.10/dist-packages/go2_interfaces/msg/_go2_rpy_cmd.py
-- Installing: /home/orin2/ros2_ws/install/go2_interfaces/local/lib/python3.10/dist-packages/go2_interfaces/msg/__init__.py
-- Installing: /home/orin2/ros2_ws/install/go2_interfaces/local/lib/python3.10/dist-packages/go2_interfaces/msg/_imu_s.c
-- Installing: /home/orin2/ros2_ws/install/go2_interfaces/local/lib/python3.10/dist-packages/go2_interfaces/msg/_go2_move_s.c
-- Installing: /home/orin2/ros2_ws/install/go2_interfaces/local/lib/python3.10/dist-packages/go2_interfaces/__init__.py
Listing '/home/orin2/ros2_ws/install/go2_interfaces/local/lib/python3.10/dist-packages/go2_interfaces'...
Compiling '/home/orin2/ros2_ws/install/go2_interfaces/local/lib/python3.10/dist-packages/go2_interfaces/__init__.py'...
Listing '/home/orin2/ros2_ws/install/go2_interfaces/local/lib/python3.10/dist-packages/go2_interfaces/msg'...
Compiling '/home/orin2/ros2_ws/install/go2_interfaces/local/lib/python3.10/dist-packages/go2_interfaces/msg/__init__.py'...
Compiling '/home/orin2/ros2_ws/install/go2_interfaces/local/lib/python3.10/dist-packages/go2_interfaces/msg/_go2_cmd.py'...
Compiling '/home/orin2/ros2_ws/install/go2_interfaces/local/lib/python3.10/dist-packages/go2_interfaces/msg/_go2_move.py'...
Compiling '/home/orin2/ros2_ws/install/go2_interfaces/local/lib/python3.10/dist-packages/go2_interfaces/msg/_go2_rpy_cmd.py'...
Compiling '/home/orin2/ros2_ws/install/go2_interfaces/local/lib/python3.10/dist-packages/go2_interfaces/msg/_go2_state.py'...
Compiling '/home/orin2/ros2_ws/install/go2_interfaces/local/lib/python3.10/dist-packages/go2_interfaces/msg/_imu.py'...
-- Installing: /home/orin2/ros2_ws/install/go2_interfaces/local/lib/python3.10/dist-packages/go2_interfaces/go2_interfaces_s__rosidl_typesupport_fastrtps_c.cpython-310-aarch64-linux-gnu.so
-- Set runtime path of "/home/orin2/ros2_ws/install/go2_interfaces/local/lib/python3.10/dist-packages/go2_interfaces/go2_interfaces_s__rosidl_typesupport_fastrtps_c.cpython-310-aarch64-linux-gnu.so" to ""
-- Installing: /home/orin2/ros2_ws/install/go2_interfaces/local/lib/python3.10/dist-packages/go2_interfaces/go2_interfaces_s__rosidl_typesupport_introspection_c.cpython-310-aarch64-linux-gnu.so
-- Set runtime path of "/home/orin2/ros2_ws/install/go2_interfaces/local/lib/python3.10/dist-packages/go2_interfaces/go2_interfaces_s__rosidl_typesupport_introspection_c.cpython-310-aarch64-linux-gnu.so" to ""
-- Installing: /home/orin2/ros2_ws/install/go2_interfaces/local/lib/python3.10/dist-packages/go2_interfaces/go2_interfaces_s__rosidl_typesupport_c.cpython-310-aarch64-linux-gnu.so
-- Set runtime path of "/home/orin2/ros2_ws/install/go2_interfaces/local/lib/python3.10/dist-packages/go2_interfaces/go2_interfaces_s__rosidl_typesupport_c.cpython-310-aarch64-linux-gnu.so" to ""
-- Installing: /home/orin2/ros2_ws/install/go2_interfaces/lib/libgo2_interfaces__rosidl_generator_py.so
-- Set runtime path of "/home/orin2/ros2_ws/install/go2_interfaces/lib/libgo2_interfaces__rosidl_generator_py.so" to ""
-- Installing: /home/orin2/ros2_ws/install/go2_interfaces/share/go2_interfaces/msg/Go2Cmd.idl
-- Installing: /home/orin2/ros2_ws/install/go2_interfaces/share/go2_interfaces/msg/Go2State.idl
-- Installing: /home/orin2/ros2_ws/install/go2_interfaces/share/go2_interfaces/msg/Go2Move.idl
-- Installing: /home/orin2/ros2_ws/install/go2_interfaces/share/go2_interfaces/msg/Go2RpyCmd.idl
-- Installing: /home/orin2/ros2_ws/install/go2_interfaces/share/go2_interfaces/msg/IMU.idl
-- Installing: /home/orin2/ros2_ws/install/go2_interfaces/share/go2_interfaces/msg/Go2Cmd.msg
-- Installing: /home/orin2/ros2_ws/install/go2_interfaces/share/go2_interfaces/msg/Go2State.msg
-- Installing: /home/orin2/ros2_ws/install/go2_interfaces/share/go2_interfaces/msg/Go2Move.msg
-- Installing: /home/orin2/ros2_ws/install/go2_interfaces/share/go2_interfaces/msg/Go2RpyCmd.msg
-- Installing: /home/orin2/ros2_ws/install/go2_interfaces/share/go2_interfaces/msg/IMU.msg
-- Installing: /home/orin2/ros2_ws/install/go2_interfaces/share/ament_index/resource_index/package_run_dependencies/go2_interfaces
-- Installing: /home/orin2/ros2_ws/install/go2_interfaces/share/ament_index/resource_index/parent_prefix_path/go2_interfaces
-- Installing: /home/orin2/ros2_ws/install/go2_interfaces/share/go2_interfaces/environment/ament_prefix_path.sh
-- Installing: /home/orin2/ros2_ws/install/go2_interfaces/share/go2_interfaces/environment/ament_prefix_path.dsv
-- Installing: /home/orin2/ros2_ws/install/go2_interfaces/share/go2_interfaces/environment/path.sh
-- Installing: /home/orin2/ros2_ws/install/go2_interfaces/share/go2_interfaces/environment/path.dsv
-- Installing: /home/orin2/ros2_ws/install/go2_interfaces/share/go2_interfaces/local_setup.bash
-- Installing: /home/orin2/ros2_ws/install/go2_interfaces/share/go2_interfaces/local_setup.sh
-- Installing: /home/orin2/ros2_ws/install/go2_interfaces/share/go2_interfaces/local_setup.zsh
-- Installing: /home/orin2/ros2_ws/install/go2_interfaces/share/go2_interfaces/local_setup.dsv
-- Up-to-date: /home/orin2/ros2_ws/install/go2_interfaces/share/go2_interfaces/package.dsv
-- Installing: /home/orin2/ros2_ws/install/go2_interfaces/share/ament_index/resource_index/packages/go2_interfaces
-- Installing: /home/orin2/ros2_ws/install/go2_interfaces/share/go2_interfaces/cmake/export_go2_interfaces__rosidl_generator_cExport.cmake
-- Installing: /home/orin2/ros2_ws/install/go2_interfaces/share/go2_interfaces/cmake/export_go2_interfaces__rosidl_generator_cExport-noconfig.cmake
-- Installing: /home/orin2/ros2_ws/install/go2_interfaces/share/go2_interfaces/cmake/export_go2_interfaces__rosidl_typesupport_fastrtps_cExport.cmake
-- Installing: /home/orin2/ros2_ws/install/go2_interfaces/share/go2_interfaces/cmake/export_go2_interfaces__rosidl_typesupport_fastrtps_cExport-noconfig.cmake
-- Installing: /home/orin2/ros2_ws/install/go2_interfaces/share/go2_interfaces/cmake/export_go2_interfaces__rosidl_generator_cppExport.cmake
-- Installing: /home/orin2/ros2_ws/install/go2_interfaces/share/go2_interfaces/cmake/export_go2_interfaces__rosidl_typesupport_fastrtps_cppExport.cmake
-- Installing: /home/orin2/ros2_ws/install/go2_interfaces/share/go2_interfaces/cmake/export_go2_interfaces__rosidl_typesupport_fastrtps_cppExport-noconfig.cmake
-- Installing: /home/orin2/ros2_ws/install/go2_interfaces/share/go2_interfaces/cmake/go2_interfaces__rosidl_typesupport_introspection_cExport.cmake
-- Installing: /home/orin2/ros2_ws/install/go2_interfaces/share/go2_interfaces/cmake/go2_interfaces__rosidl_typesupport_introspection_cExport-noconfig.cmake
-- Installing: /home/orin2/ros2_ws/install/go2_interfaces/share/go2_interfaces/cmake/go2_interfaces__rosidl_typesupport_cExport.cmake
-- Installing: /home/orin2/ros2_ws/install/go2_interfaces/share/go2_interfaces/cmake/go2_interfaces__rosidl_typesupport_cExport-noconfig.cmake
-- Installing: /home/orin2/ros2_ws/install/go2_interfaces/share/go2_interfaces/cmake/go2_interfaces__rosidl_typesupport_introspection_cppExport.cmake
-- Installing: /home/orin2/ros2_ws/install/go2_interfaces/share/go2_interfaces/cmake/go2_interfaces__rosidl_typesupport_introspection_cppExport-noconfig.cmake
-- Installing: /home/orin2/ros2_ws/install/go2_interfaces/share/go2_interfaces/cmake/go2_interfaces__rosidl_typesupport_cppExport.cmake
-- Installing: /home/orin2/ros2_ws/install/go2_interfaces/share/go2_interfaces/cmake/go2_interfaces__rosidl_typesupport_cppExport-noconfig.cmake
-- Installing: /home/orin2/ros2_ws/install/go2_interfaces/share/go2_interfaces/cmake/export_go2_interfaces__rosidl_generator_pyExport.cmake
-- Installing: /home/orin2/ros2_ws/install/go2_interfaces/share/go2_interfaces/cmake/export_go2_interfaces__rosidl_generator_pyExport-noconfig.cmake
-- Installing: /home/orin2/ros2_ws/install/go2_interfaces/share/go2_interfaces/cmake/rosidl_cmake-extras.cmake
-- Installing: /home/orin2/ros2_ws/install/go2_interfaces/share/go2_interfaces/cmake/ament_cmake_export_dependencies-extras.cmake
-- Installing: /home/orin2/ros2_ws/install/go2_interfaces/share/go2_interfaces/cmake/ament_cmake_export_include_directories-extras.cmake
-- Installing: /home/orin2/ros2_ws/install/go2_interfaces/share/go2_interfaces/cmake/ament_cmake_export_libraries-extras.cmake
-- Installing: /home/orin2/ros2_ws/install/go2_interfaces/share/go2_interfaces/cmake/ament_cmake_export_targets-extras.cmake
-- Installing: /home/orin2/ros2_ws/install/go2_interfaces/share/go2_interfaces/cmake/rosidl_cmake_export_typesupport_targets-extras.cmake
-- Installing: /home/orin2/ros2_ws/install/go2_interfaces/share/go2_interfaces/cmake/rosidl_cmake_export_typesupport_libraries-extras.cmake
-- Installing: /home/orin2/ros2_ws/install/go2_interfaces/share/go2_interfaces/cmake/go2_interfacesConfig.cmake
-- Installing: /home/orin2/ros2_ws/install/go2_interfaces/share/go2_interfaces/cmake/go2_interfacesConfig-version.cmake
-- Installing: /home/orin2/ros2_ws/install/go2_interfaces/share/go2_interfaces/package.xml
