[0.220s] DEBUG:colcon:Command line arguments: ['/usr/bin/colcon', 'build']
[0.221s] DEBUG:colcon:Parsed command line arguments: Namespace(log_base=None, log_level=None, verb_name='build', build_base='build', install_base='install', merge_install=False, symlink_install=False, test_result_base=None, continue_on_error=False, executor='parallel', parallel_workers=8, event_handlers=None, ignore_user_meta=False, metas=['./colcon.meta'], base_paths=['.'], packages_ignore=None, packages_ignore_regex=None, paths=None, packages_up_to=None, packages_up_to_regex=None, packages_above=None, packages_above_and_dependencies=None, packages_above_depth=None, packages_select_by_dep=None, packages_skip_by_dep=None, packages_skip_up_to=None, packages_select_build_failed=False, packages_skip_build_finished=False, packages_select_test_failures=False, packages_skip_test_passed=False, packages_select=None, packages_skip=None, packages_select_regex=None, packages_skip_regex=None, packages_start=None, packages_end=None, allow_overriding=[], cmake_args=None, cmake_target=None, cmake_target_skip_unavailable=False, cmake_clean_cache=False, cmake_clean_first=False, cmake_force_configure=False, ament_cmake_args=None, catkin_cmake_args=None, catkin_skip_building_tests=False, verb_parser=<colcon_defaults.argument_parser.defaults.DefaultArgumentsDecorator object at 0xffffbc79b580>, verb_extension=<colcon_core.verb.build.BuildVerb object at 0xffffbc989a80>, main=<bound method BuildVerb.main of <colcon_core.verb.build.BuildVerb object at 0xffffbc989a80>>)
[0.623s] Level 1:colcon.colcon_core.package_discovery:discover_packages(colcon_meta) check parameters
[0.624s] Level 1:colcon.colcon_core.package_discovery:discover_packages(recursive) check parameters
[0.624s] Level 1:colcon.colcon_core.package_discovery:discover_packages(ignore) check parameters
[0.624s] Level 1:colcon.colcon_core.package_discovery:discover_packages(path) check parameters
[0.624s] Level 1:colcon.colcon_core.package_discovery:discover_packages(colcon_meta) discover
[0.624s] Level 1:colcon.colcon_core.package_discovery:discover_packages(recursive) discover
[0.624s] INFO:colcon.colcon_core.package_discovery:Crawling recursively for packages in '/home/orin2/ros2_ws'
[0.624s] Level 1:colcon.colcon_core.package_identification:_identify(.) by extensions ['ignore', 'ignore_ament_install']
[0.625s] Level 1:colcon.colcon_core.package_identification:_identify(.) by extension 'ignore'
[0.625s] Level 1:colcon.colcon_core.package_identification:_identify(.) by extension 'ignore_ament_install'
[0.625s] Level 1:colcon.colcon_core.package_identification:_identify(.) by extensions ['colcon_pkg']
[0.625s] Level 1:colcon.colcon_core.package_identification:_identify(.) by extension 'colcon_pkg'
[0.625s] Level 1:colcon.colcon_core.package_identification:_identify(.) by extensions ['colcon_meta']
[0.625s] Level 1:colcon.colcon_core.package_identification:_identify(.) by extension 'colcon_meta'
[0.625s] Level 1:colcon.colcon_core.package_identification:_identify(.) by extensions ['ros']
[0.625s] Level 1:colcon.colcon_core.package_identification:_identify(.) by extension 'ros'
[0.647s] Level 1:colcon.colcon_core.package_identification:_identify(.) by extensions ['cmake', 'python']
[0.647s] Level 1:colcon.colcon_core.package_identification:_identify(.) by extension 'cmake'
[0.648s] Level 1:colcon.colcon_core.package_identification:_identify(.) by extension 'python'
[0.648s] Level 1:colcon.colcon_core.package_identification:_identify(.) by extensions ['python_setup_py']
[0.648s] Level 1:colcon.colcon_core.package_identification:_identify(.) by extension 'python_setup_py'
[0.648s] Level 1:colcon.colcon_core.package_identification:_identify(build) by extensions ['ignore', 'ignore_ament_install']
[0.648s] Level 1:colcon.colcon_core.package_identification:_identify(build) by extension 'ignore'
[0.648s] Level 1:colcon.colcon_core.package_identification:_identify(build) ignored
[0.649s] Level 1:colcon.colcon_core.package_identification:_identify(install) by extensions ['ignore', 'ignore_ament_install']
[0.649s] Level 1:colcon.colcon_core.package_identification:_identify(install) by extension 'ignore'
[0.649s] Level 1:colcon.colcon_core.package_identification:_identify(install) ignored
[0.649s] Level 1:colcon.colcon_core.package_identification:_identify(log) by extensions ['ignore', 'ignore_ament_install']
[0.649s] Level 1:colcon.colcon_core.package_identification:_identify(log) by extension 'ignore'
[0.650s] Level 1:colcon.colcon_core.package_identification:_identify(log) ignored
[0.650s] Level 1:colcon.colcon_core.package_identification:_identify(src) by extensions ['ignore', 'ignore_ament_install']
[0.650s] Level 1:colcon.colcon_core.package_identification:_identify(src) by extension 'ignore'
[0.650s] Level 1:colcon.colcon_core.package_identification:_identify(src) by extension 'ignore_ament_install'
[0.650s] Level 1:colcon.colcon_core.package_identification:_identify(src) by extensions ['colcon_pkg']
[0.650s] Level 1:colcon.colcon_core.package_identification:_identify(src) by extension 'colcon_pkg'
[0.650s] Level 1:colcon.colcon_core.package_identification:_identify(src) by extensions ['colcon_meta']
[0.650s] Level 1:colcon.colcon_core.package_identification:_identify(src) by extension 'colcon_meta'
[0.651s] Level 1:colcon.colcon_core.package_identification:_identify(src) by extensions ['ros']
[0.651s] Level 1:colcon.colcon_core.package_identification:_identify(src) by extension 'ros'
[0.651s] Level 1:colcon.colcon_core.package_identification:_identify(src) by extensions ['cmake', 'python']
[0.651s] Level 1:colcon.colcon_core.package_identification:_identify(src) by extension 'cmake'
[0.651s] Level 1:colcon.colcon_core.package_identification:_identify(src) by extension 'python'
[0.651s] Level 1:colcon.colcon_core.package_identification:_identify(src) by extensions ['python_setup_py']
[0.651s] Level 1:colcon.colcon_core.package_identification:_identify(src) by extension 'python_setup_py'
[0.651s] Level 1:colcon.colcon_core.package_identification:_identify(src/coco_detector) by extensions ['ignore', 'ignore_ament_install']
[0.652s] Level 1:colcon.colcon_core.package_identification:_identify(src/coco_detector) by extension 'ignore'
[0.652s] Level 1:colcon.colcon_core.package_identification:_identify(src/coco_detector) by extension 'ignore_ament_install'
[0.652s] Level 1:colcon.colcon_core.package_identification:_identify(src/coco_detector) by extensions ['colcon_pkg']
[0.652s] Level 1:colcon.colcon_core.package_identification:_identify(src/coco_detector) by extension 'colcon_pkg'
[0.652s] Level 1:colcon.colcon_core.package_identification:_identify(src/coco_detector) by extensions ['colcon_meta']
[0.652s] Level 1:colcon.colcon_core.package_identification:_identify(src/coco_detector) by extension 'colcon_meta'
[0.652s] Level 1:colcon.colcon_core.package_identification:_identify(src/coco_detector) by extensions ['ros']
[0.652s] Level 1:colcon.colcon_core.package_identification:_identify(src/coco_detector) by extension 'ros'
[0.657s] DEBUG:colcon.colcon_core.package_identification:Package 'src/coco_detector' with type 'ros.ament_python' and name 'coco_detector'
[0.658s] Level 1:colcon.colcon_core.package_identification:_identify(src/doc_images) by extensions ['ignore', 'ignore_ament_install']
[0.658s] Level 1:colcon.colcon_core.package_identification:_identify(src/doc_images) by extension 'ignore'
[0.658s] Level 1:colcon.colcon_core.package_identification:_identify(src/doc_images) by extension 'ignore_ament_install'
[0.658s] Level 1:colcon.colcon_core.package_identification:_identify(src/doc_images) by extensions ['colcon_pkg']
[0.658s] Level 1:colcon.colcon_core.package_identification:_identify(src/doc_images) by extension 'colcon_pkg'
[0.658s] Level 1:colcon.colcon_core.package_identification:_identify(src/doc_images) by extensions ['colcon_meta']
[0.658s] Level 1:colcon.colcon_core.package_identification:_identify(src/doc_images) by extension 'colcon_meta'
[0.659s] Level 1:colcon.colcon_core.package_identification:_identify(src/doc_images) by extensions ['ros']
[0.659s] Level 1:colcon.colcon_core.package_identification:_identify(src/doc_images) by extension 'ros'
[0.659s] Level 1:colcon.colcon_core.package_identification:_identify(src/doc_images) by extensions ['cmake', 'python']
[0.659s] Level 1:colcon.colcon_core.package_identification:_identify(src/doc_images) by extension 'cmake'
[0.659s] Level 1:colcon.colcon_core.package_identification:_identify(src/doc_images) by extension 'python'
[0.659s] Level 1:colcon.colcon_core.package_identification:_identify(src/doc_images) by extensions ['python_setup_py']
[0.659s] Level 1:colcon.colcon_core.package_identification:_identify(src/doc_images) by extension 'python_setup_py'
[0.659s] Level 1:colcon.colcon_core.package_identification:_identify(src/docker) by extensions ['ignore', 'ignore_ament_install']
[0.659s] Level 1:colcon.colcon_core.package_identification:_identify(src/docker) by extension 'ignore'
[0.660s] Level 1:colcon.colcon_core.package_identification:_identify(src/docker) by extension 'ignore_ament_install'
[0.660s] Level 1:colcon.colcon_core.package_identification:_identify(src/docker) by extensions ['colcon_pkg']
[0.660s] Level 1:colcon.colcon_core.package_identification:_identify(src/docker) by extension 'colcon_pkg'
[0.660s] Level 1:colcon.colcon_core.package_identification:_identify(src/docker) by extensions ['colcon_meta']
[0.660s] Level 1:colcon.colcon_core.package_identification:_identify(src/docker) by extension 'colcon_meta'
[0.660s] Level 1:colcon.colcon_core.package_identification:_identify(src/docker) by extensions ['ros']
[0.660s] Level 1:colcon.colcon_core.package_identification:_identify(src/docker) by extension 'ros'
[0.660s] Level 1:colcon.colcon_core.package_identification:_identify(src/docker) by extensions ['cmake', 'python']
[0.660s] Level 1:colcon.colcon_core.package_identification:_identify(src/docker) by extension 'cmake'
[0.660s] Level 1:colcon.colcon_core.package_identification:_identify(src/docker) by extension 'python'
[0.660s] Level 1:colcon.colcon_core.package_identification:_identify(src/docker) by extensions ['python_setup_py']
[0.661s] Level 1:colcon.colcon_core.package_identification:_identify(src/docker) by extension 'python_setup_py'
[0.661s] Level 1:colcon.colcon_core.package_identification:_identify(src/go2_interfaces) by extensions ['ignore', 'ignore_ament_install']
[0.661s] Level 1:colcon.colcon_core.package_identification:_identify(src/go2_interfaces) by extension 'ignore'
[0.661s] Level 1:colcon.colcon_core.package_identification:_identify(src/go2_interfaces) by extension 'ignore_ament_install'
[0.661s] Level 1:colcon.colcon_core.package_identification:_identify(src/go2_interfaces) by extensions ['colcon_pkg']
[0.661s] Level 1:colcon.colcon_core.package_identification:_identify(src/go2_interfaces) by extension 'colcon_pkg'
[0.661s] Level 1:colcon.colcon_core.package_identification:_identify(src/go2_interfaces) by extensions ['colcon_meta']
[0.661s] Level 1:colcon.colcon_core.package_identification:_identify(src/go2_interfaces) by extension 'colcon_meta'
[0.661s] Level 1:colcon.colcon_core.package_identification:_identify(src/go2_interfaces) by extensions ['ros']
[0.661s] Level 1:colcon.colcon_core.package_identification:_identify(src/go2_interfaces) by extension 'ros'
[0.663s] DEBUG:colcon.colcon_core.package_identification:Package 'src/go2_interfaces' with type 'ros.ament_cmake' and name 'go2_interfaces'
[0.663s] Level 1:colcon.colcon_core.package_identification:_identify(src/go2_robot_sdk) by extensions ['ignore', 'ignore_ament_install']
[0.663s] Level 1:colcon.colcon_core.package_identification:_identify(src/go2_robot_sdk) by extension 'ignore'
[0.663s] Level 1:colcon.colcon_core.package_identification:_identify(src/go2_robot_sdk) by extension 'ignore_ament_install'
[0.663s] Level 1:colcon.colcon_core.package_identification:_identify(src/go2_robot_sdk) by extensions ['colcon_pkg']
[0.663s] Level 1:colcon.colcon_core.package_identification:_identify(src/go2_robot_sdk) by extension 'colcon_pkg'
[0.663s] Level 1:colcon.colcon_core.package_identification:_identify(src/go2_robot_sdk) by extensions ['colcon_meta']
[0.664s] Level 1:colcon.colcon_core.package_identification:_identify(src/go2_robot_sdk) by extension 'colcon_meta'
[0.664s] Level 1:colcon.colcon_core.package_identification:_identify(src/go2_robot_sdk) by extensions ['ros']
[0.664s] Level 1:colcon.colcon_core.package_identification:_identify(src/go2_robot_sdk) by extension 'ros'
[0.665s] DEBUG:colcon.colcon_core.package_identification:Package 'src/go2_robot_sdk' with type 'ros.ament_python' and name 'go2_robot_sdk'
[0.666s] Level 1:colcon.colcon_core.package_identification:_identify(src/navigate) by extensions ['ignore', 'ignore_ament_install']
[0.666s] Level 1:colcon.colcon_core.package_identification:_identify(src/navigate) by extension 'ignore'
[0.666s] Level 1:colcon.colcon_core.package_identification:_identify(src/navigate) by extension 'ignore_ament_install'
[0.666s] Level 1:colcon.colcon_core.package_identification:_identify(src/navigate) by extensions ['colcon_pkg']
[0.666s] Level 1:colcon.colcon_core.package_identification:_identify(src/navigate) by extension 'colcon_pkg'
[0.666s] Level 1:colcon.colcon_core.package_identification:_identify(src/navigate) by extensions ['colcon_meta']
[0.666s] Level 1:colcon.colcon_core.package_identification:_identify(src/navigate) by extension 'colcon_meta'
[0.666s] Level 1:colcon.colcon_core.package_identification:_identify(src/navigate) by extensions ['ros']
[0.666s] Level 1:colcon.colcon_core.package_identification:_identify(src/navigate) by extension 'ros'
[0.667s] Level 1:colcon.colcon_core.package_identification:_identify(src/navigate) by extensions ['cmake', 'python']
[0.667s] Level 1:colcon.colcon_core.package_identification:_identify(src/navigate) by extension 'cmake'
[0.667s] Level 1:colcon.colcon_core.package_identification:_identify(src/navigate) by extension 'python'
[0.667s] Level 1:colcon.colcon_core.package_identification:_identify(src/navigate) by extensions ['python_setup_py']
[0.667s] Level 1:colcon.colcon_core.package_identification:_identify(src/navigate) by extension 'python_setup_py'
[0.667s] Level 1:colcon.colcon_core.package_identification:_identify(src/navigate/navigation_data) by extensions ['ignore', 'ignore_ament_install']
[0.667s] Level 1:colcon.colcon_core.package_identification:_identify(src/navigate/navigation_data) by extension 'ignore'
[0.667s] Level 1:colcon.colcon_core.package_identification:_identify(src/navigate/navigation_data) by extension 'ignore_ament_install'
[0.668s] Level 1:colcon.colcon_core.package_identification:_identify(src/navigate/navigation_data) by extensions ['colcon_pkg']
[0.668s] Level 1:colcon.colcon_core.package_identification:_identify(src/navigate/navigation_data) by extension 'colcon_pkg'
[0.668s] Level 1:colcon.colcon_core.package_identification:_identify(src/navigate/navigation_data) by extensions ['colcon_meta']
[0.668s] Level 1:colcon.colcon_core.package_identification:_identify(src/navigate/navigation_data) by extension 'colcon_meta'
[0.668s] Level 1:colcon.colcon_core.package_identification:_identify(src/navigate/navigation_data) by extensions ['ros']
[0.668s] Level 1:colcon.colcon_core.package_identification:_identify(src/navigate/navigation_data) by extension 'ros'
[0.668s] Level 1:colcon.colcon_core.package_identification:_identify(src/navigate/navigation_data) by extensions ['cmake', 'python']
[0.668s] Level 1:colcon.colcon_core.package_identification:_identify(src/navigate/navigation_data) by extension 'cmake'
[0.668s] Level 1:colcon.colcon_core.package_identification:_identify(src/navigate/navigation_data) by extension 'python'
[0.668s] Level 1:colcon.colcon_core.package_identification:_identify(src/navigate/navigation_data) by extensions ['python_setup_py']
[0.668s] Level 1:colcon.colcon_core.package_identification:_identify(src/navigate/navigation_data) by extension 'python_setup_py'
[0.669s] Level 1:colcon.colcon_core.package_identification:_identify(src/navigate/navigation_data/navigation_data_20250402_000121) by extensions ['ignore', 'ignore_ament_install']
[0.669s] Level 1:colcon.colcon_core.package_identification:_identify(src/navigate/navigation_data/navigation_data_20250402_000121) by extension 'ignore'
[0.669s] Level 1:colcon.colcon_core.package_identification:_identify(src/navigate/navigation_data/navigation_data_20250402_000121) by extension 'ignore_ament_install'
[0.669s] Level 1:colcon.colcon_core.package_identification:_identify(src/navigate/navigation_data/navigation_data_20250402_000121) by extensions ['colcon_pkg']
[0.669s] Level 1:colcon.colcon_core.package_identification:_identify(src/navigate/navigation_data/navigation_data_20250402_000121) by extension 'colcon_pkg'
[0.669s] Level 1:colcon.colcon_core.package_identification:_identify(src/navigate/navigation_data/navigation_data_20250402_000121) by extensions ['colcon_meta']
[0.669s] Level 1:colcon.colcon_core.package_identification:_identify(src/navigate/navigation_data/navigation_data_20250402_000121) by extension 'colcon_meta'
[0.669s] Level 1:colcon.colcon_core.package_identification:_identify(src/navigate/navigation_data/navigation_data_20250402_000121) by extensions ['ros']
[0.669s] Level 1:colcon.colcon_core.package_identification:_identify(src/navigate/navigation_data/navigation_data_20250402_000121) by extension 'ros'
[0.669s] Level 1:colcon.colcon_core.package_identification:_identify(src/navigate/navigation_data/navigation_data_20250402_000121) by extensions ['cmake', 'python']
[0.669s] Level 1:colcon.colcon_core.package_identification:_identify(src/navigate/navigation_data/navigation_data_20250402_000121) by extension 'cmake'
[0.670s] Level 1:colcon.colcon_core.package_identification:_identify(src/navigate/navigation_data/navigation_data_20250402_000121) by extension 'python'
[0.670s] Level 1:colcon.colcon_core.package_identification:_identify(src/navigate/navigation_data/navigation_data_20250402_000121) by extensions ['python_setup_py']
[0.670s] Level 1:colcon.colcon_core.package_identification:_identify(src/navigate/navigation_data/navigation_data_20250402_000121) by extension 'python_setup_py'
[0.670s] Level 1:colcon.colcon_core.package_identification:_identify(src/navigate/synchronized_data) by extensions ['ignore', 'ignore_ament_install']
[0.670s] Level 1:colcon.colcon_core.package_identification:_identify(src/navigate/synchronized_data) by extension 'ignore'
[0.670s] Level 1:colcon.colcon_core.package_identification:_identify(src/navigate/synchronized_data) by extension 'ignore_ament_install'
[0.670s] Level 1:colcon.colcon_core.package_identification:_identify(src/navigate/synchronized_data) by extensions ['colcon_pkg']
[0.670s] Level 1:colcon.colcon_core.package_identification:_identify(src/navigate/synchronized_data) by extension 'colcon_pkg'
[0.670s] Level 1:colcon.colcon_core.package_identification:_identify(src/navigate/synchronized_data) by extensions ['colcon_meta']
[0.670s] Level 1:colcon.colcon_core.package_identification:_identify(src/navigate/synchronized_data) by extension 'colcon_meta'
[0.671s] Level 1:colcon.colcon_core.package_identification:_identify(src/navigate/synchronized_data) by extensions ['ros']
[0.671s] Level 1:colcon.colcon_core.package_identification:_identify(src/navigate/synchronized_data) by extension 'ros'
[0.671s] Level 1:colcon.colcon_core.package_identification:_identify(src/navigate/synchronized_data) by extensions ['cmake', 'python']
[0.671s] Level 1:colcon.colcon_core.package_identification:_identify(src/navigate/synchronized_data) by extension 'cmake'
[0.671s] Level 1:colcon.colcon_core.package_identification:_identify(src/navigate/synchronized_data) by extension 'python'
[0.671s] Level 1:colcon.colcon_core.package_identification:_identify(src/navigate/synchronized_data) by extensions ['python_setup_py']
[0.671s] Level 1:colcon.colcon_core.package_identification:_identify(src/navigate/synchronized_data) by extension 'python_setup_py'
[0.671s] Level 1:colcon.colcon_core.package_identification:_identify(src/navigate/synchronized_data/images) by extensions ['ignore', 'ignore_ament_install']
[0.671s] Level 1:colcon.colcon_core.package_identification:_identify(src/navigate/synchronized_data/images) by extension 'ignore'
[0.671s] Level 1:colcon.colcon_core.package_identification:_identify(src/navigate/synchronized_data/images) by extension 'ignore_ament_install'
[0.672s] Level 1:colcon.colcon_core.package_identification:_identify(src/navigate/synchronized_data/images) by extensions ['colcon_pkg']
[0.672s] Level 1:colcon.colcon_core.package_identification:_identify(src/navigate/synchronized_data/images) by extension 'colcon_pkg'
[0.672s] Level 1:colcon.colcon_core.package_identification:_identify(src/navigate/synchronized_data/images) by extensions ['colcon_meta']
[0.672s] Level 1:colcon.colcon_core.package_identification:_identify(src/navigate/synchronized_data/images) by extension 'colcon_meta'
[0.672s] Level 1:colcon.colcon_core.package_identification:_identify(src/navigate/synchronized_data/images) by extensions ['ros']
[0.672s] Level 1:colcon.colcon_core.package_identification:_identify(src/navigate/synchronized_data/images) by extension 'ros'
[0.672s] Level 1:colcon.colcon_core.package_identification:_identify(src/navigate/synchronized_data/images) by extensions ['cmake', 'python']
[0.672s] Level 1:colcon.colcon_core.package_identification:_identify(src/navigate/synchronized_data/images) by extension 'cmake'
[0.672s] Level 1:colcon.colcon_core.package_identification:_identify(src/navigate/synchronized_data/images) by extension 'python'
[0.672s] Level 1:colcon.colcon_core.package_identification:_identify(src/navigate/synchronized_data/images) by extensions ['python_setup_py']
[0.672s] Level 1:colcon.colcon_core.package_identification:_identify(src/navigate/synchronized_data/images) by extension 'python_setup_py'
[0.673s] Level 1:colcon.colcon_core.package_identification:_identify(src/navigate/visualizations) by extensions ['ignore', 'ignore_ament_install']
[0.673s] Level 1:colcon.colcon_core.package_identification:_identify(src/navigate/visualizations) by extension 'ignore'
[0.673s] Level 1:colcon.colcon_core.package_identification:_identify(src/navigate/visualizations) by extension 'ignore_ament_install'
[0.673s] Level 1:colcon.colcon_core.package_identification:_identify(src/navigate/visualizations) by extensions ['colcon_pkg']
[0.673s] Level 1:colcon.colcon_core.package_identification:_identify(src/navigate/visualizations) by extension 'colcon_pkg'
[0.673s] Level 1:colcon.colcon_core.package_identification:_identify(src/navigate/visualizations) by extensions ['colcon_meta']
[0.673s] Level 1:colcon.colcon_core.package_identification:_identify(src/navigate/visualizations) by extension 'colcon_meta'
[0.673s] Level 1:colcon.colcon_core.package_identification:_identify(src/navigate/visualizations) by extensions ['ros']
[0.673s] Level 1:colcon.colcon_core.package_identification:_identify(src/navigate/visualizations) by extension 'ros'
[0.674s] Level 1:colcon.colcon_core.package_identification:_identify(src/navigate/visualizations) by extensions ['cmake', 'python']
[0.674s] Level 1:colcon.colcon_core.package_identification:_identify(src/navigate/visualizations) by extension 'cmake'
[0.674s] Level 1:colcon.colcon_core.package_identification:_identify(src/navigate/visualizations) by extension 'python'
[0.674s] Level 1:colcon.colcon_core.package_identification:_identify(src/navigate/visualizations) by extensions ['python_setup_py']
[0.674s] Level 1:colcon.colcon_core.package_identification:_identify(src/navigate/visualizations) by extension 'python_setup_py'
[0.674s] Level 1:colcon.colcon_core.package_identification:_identify(src/ros2_bag_to_image) by extensions ['ignore', 'ignore_ament_install']
[0.674s] Level 1:colcon.colcon_core.package_identification:_identify(src/ros2_bag_to_image) by extension 'ignore'
[0.674s] Level 1:colcon.colcon_core.package_identification:_identify(src/ros2_bag_to_image) by extension 'ignore_ament_install'
[0.675s] Level 1:colcon.colcon_core.package_identification:_identify(src/ros2_bag_to_image) by extensions ['colcon_pkg']
[0.675s] Level 1:colcon.colcon_core.package_identification:_identify(src/ros2_bag_to_image) by extension 'colcon_pkg'
[0.675s] Level 1:colcon.colcon_core.package_identification:_identify(src/ros2_bag_to_image) by extensions ['colcon_meta']
[0.675s] Level 1:colcon.colcon_core.package_identification:_identify(src/ros2_bag_to_image) by extension 'colcon_meta'
[0.675s] Level 1:colcon.colcon_core.package_identification:_identify(src/ros2_bag_to_image) by extensions ['ros']
[0.675s] Level 1:colcon.colcon_core.package_identification:_identify(src/ros2_bag_to_image) by extension 'ros'
[0.680s] DEBUG:colcon.colcon_core.package_identification:Package 'src/ros2_bag_to_image' with type 'ros.ament_cmake' and name 'ros2_bag_to_image'
[0.680s] Level 1:colcon.colcon_core.package_identification:_identify(src/unitree_go) by extensions ['ignore', 'ignore_ament_install']
[0.681s] Level 1:colcon.colcon_core.package_identification:_identify(src/unitree_go) by extension 'ignore'
[0.681s] Level 1:colcon.colcon_core.package_identification:_identify(src/unitree_go) by extension 'ignore_ament_install'
[0.681s] Level 1:colcon.colcon_core.package_identification:_identify(src/unitree_go) by extensions ['colcon_pkg']
[0.681s] Level 1:colcon.colcon_core.package_identification:_identify(src/unitree_go) by extension 'colcon_pkg'
[0.681s] Level 1:colcon.colcon_core.package_identification:_identify(src/unitree_go) by extensions ['colcon_meta']
[0.681s] Level 1:colcon.colcon_core.package_identification:_identify(src/unitree_go) by extension 'colcon_meta'
[0.681s] Level 1:colcon.colcon_core.package_identification:_identify(src/unitree_go) by extensions ['ros']
[0.681s] Level 1:colcon.colcon_core.package_identification:_identify(src/unitree_go) by extension 'ros'
[0.683s] DEBUG:colcon.colcon_core.package_identification:Package 'src/unitree_go' with type 'ros.ament_cmake' and name 'unitree_go'
[0.683s] Level 1:colcon.colcon_core.package_discovery:discover_packages(recursive) using defaults
[0.683s] Level 1:colcon.colcon_core.package_discovery:discover_packages(ignore) discover
[0.683s] Level 1:colcon.colcon_core.package_discovery:discover_packages(ignore) using defaults
[0.683s] Level 1:colcon.colcon_core.package_discovery:discover_packages(path) discover
[0.683s] Level 1:colcon.colcon_core.package_discovery:discover_packages(path) using defaults
[0.759s] Level 1:colcon.colcon_core.package_discovery:discover_packages(prefix_path) check parameters
[0.759s] Level 1:colcon.colcon_core.package_discovery:discover_packages(prefix_path) discover
[0.764s] DEBUG:colcon.colcon_installed_package_information.package_discovery:Found 329 installed packages in /opt/ros/humble
[0.767s] Level 1:colcon.colcon_core.package_discovery:discover_packages(prefix_path) using defaults
[0.847s] Level 5:colcon.colcon_core.verb:set package 'coco_detector' build argument 'cmake_args' from command line to 'None'
[0.847s] Level 5:colcon.colcon_core.verb:set package 'coco_detector' build argument 'cmake_target' from command line to 'None'
[0.847s] Level 5:colcon.colcon_core.verb:set package 'coco_detector' build argument 'cmake_target_skip_unavailable' from command line to 'False'
[0.848s] Level 5:colcon.colcon_core.verb:set package 'coco_detector' build argument 'cmake_clean_cache' from command line to 'False'
[0.848s] Level 5:colcon.colcon_core.verb:set package 'coco_detector' build argument 'cmake_clean_first' from command line to 'False'
[0.848s] Level 5:colcon.colcon_core.verb:set package 'coco_detector' build argument 'cmake_force_configure' from command line to 'False'
[0.848s] Level 5:colcon.colcon_core.verb:set package 'coco_detector' build argument 'ament_cmake_args' from command line to 'None'
[0.848s] Level 5:colcon.colcon_core.verb:set package 'coco_detector' build argument 'catkin_cmake_args' from command line to 'None'
[0.849s] Level 5:colcon.colcon_core.verb:set package 'coco_detector' build argument 'catkin_skip_building_tests' from command line to 'False'
[0.849s] DEBUG:colcon.colcon_core.verb:Building package 'coco_detector' with the following arguments: {'ament_cmake_args': None, 'build_base': '/home/orin2/ros2_ws/build/coco_detector', 'catkin_cmake_args': None, 'catkin_skip_building_tests': False, 'cmake_args': None, 'cmake_clean_cache': False, 'cmake_clean_first': False, 'cmake_force_configure': False, 'cmake_target': None, 'cmake_target_skip_unavailable': False, 'install_base': '/home/orin2/ros2_ws/install/coco_detector', 'merge_install': False, 'path': '/home/orin2/ros2_ws/src/coco_detector', 'symlink_install': False, 'test_result_base': None}
[0.850s] Level 5:colcon.colcon_core.verb:set package 'go2_interfaces' build argument 'cmake_args' from command line to 'None'
[0.850s] Level 5:colcon.colcon_core.verb:set package 'go2_interfaces' build argument 'cmake_target' from command line to 'None'
[0.850s] Level 5:colcon.colcon_core.verb:set package 'go2_interfaces' build argument 'cmake_target_skip_unavailable' from command line to 'False'
[0.850s] Level 5:colcon.colcon_core.verb:set package 'go2_interfaces' build argument 'cmake_clean_cache' from command line to 'False'
[0.851s] Level 5:colcon.colcon_core.verb:set package 'go2_interfaces' build argument 'cmake_clean_first' from command line to 'False'
[0.851s] Level 5:colcon.colcon_core.verb:set package 'go2_interfaces' build argument 'cmake_force_configure' from command line to 'False'
[0.851s] Level 5:colcon.colcon_core.verb:set package 'go2_interfaces' build argument 'ament_cmake_args' from command line to 'None'
[0.851s] Level 5:colcon.colcon_core.verb:set package 'go2_interfaces' build argument 'catkin_cmake_args' from command line to 'None'
[0.851s] Level 5:colcon.colcon_core.verb:set package 'go2_interfaces' build argument 'catkin_skip_building_tests' from command line to 'False'
[0.851s] DEBUG:colcon.colcon_core.verb:Building package 'go2_interfaces' with the following arguments: {'ament_cmake_args': None, 'build_base': '/home/orin2/ros2_ws/build/go2_interfaces', 'catkin_cmake_args': None, 'catkin_skip_building_tests': False, 'cmake_args': None, 'cmake_clean_cache': False, 'cmake_clean_first': False, 'cmake_force_configure': False, 'cmake_target': None, 'cmake_target_skip_unavailable': False, 'install_base': '/home/orin2/ros2_ws/install/go2_interfaces', 'merge_install': False, 'path': '/home/orin2/ros2_ws/src/go2_interfaces', 'symlink_install': False, 'test_result_base': None}
[0.852s] Level 5:colcon.colcon_core.verb:set package 'ros2_bag_to_image' build argument 'cmake_args' from command line to 'None'
[0.852s] Level 5:colcon.colcon_core.verb:set package 'ros2_bag_to_image' build argument 'cmake_target' from command line to 'None'
[0.853s] Level 5:colcon.colcon_core.verb:set package 'ros2_bag_to_image' build argument 'cmake_target_skip_unavailable' from command line to 'False'
[0.853s] Level 5:colcon.colcon_core.verb:set package 'ros2_bag_to_image' build argument 'cmake_clean_cache' from command line to 'False'
[0.853s] Level 5:colcon.colcon_core.verb:set package 'ros2_bag_to_image' build argument 'cmake_clean_first' from command line to 'False'
[0.853s] Level 5:colcon.colcon_core.verb:set package 'ros2_bag_to_image' build argument 'cmake_force_configure' from command line to 'False'
[0.853s] Level 5:colcon.colcon_core.verb:set package 'ros2_bag_to_image' build argument 'ament_cmake_args' from command line to 'None'
[0.853s] Level 5:colcon.colcon_core.verb:set package 'ros2_bag_to_image' build argument 'catkin_cmake_args' from command line to 'None'
[0.854s] Level 5:colcon.colcon_core.verb:set package 'ros2_bag_to_image' build argument 'catkin_skip_building_tests' from command line to 'False'
[0.854s] DEBUG:colcon.colcon_core.verb:Building package 'ros2_bag_to_image' with the following arguments: {'ament_cmake_args': None, 'build_base': '/home/orin2/ros2_ws/build/ros2_bag_to_image', 'catkin_cmake_args': None, 'catkin_skip_building_tests': False, 'cmake_args': None, 'cmake_clean_cache': False, 'cmake_clean_first': False, 'cmake_force_configure': False, 'cmake_target': None, 'cmake_target_skip_unavailable': False, 'install_base': '/home/orin2/ros2_ws/install/ros2_bag_to_image', 'merge_install': False, 'path': '/home/orin2/ros2_ws/src/ros2_bag_to_image', 'symlink_install': False, 'test_result_base': None}
[0.855s] Level 5:colcon.colcon_core.verb:set package 'unitree_go' build argument 'cmake_args' from command line to 'None'
[0.855s] Level 5:colcon.colcon_core.verb:set package 'unitree_go' build argument 'cmake_target' from command line to 'None'
[0.855s] Level 5:colcon.colcon_core.verb:set package 'unitree_go' build argument 'cmake_target_skip_unavailable' from command line to 'False'
[0.855s] Level 5:colcon.colcon_core.verb:set package 'unitree_go' build argument 'cmake_clean_cache' from command line to 'False'
[0.855s] Level 5:colcon.colcon_core.verb:set package 'unitree_go' build argument 'cmake_clean_first' from command line to 'False'
[0.856s] Level 5:colcon.colcon_core.verb:set package 'unitree_go' build argument 'cmake_force_configure' from command line to 'False'
[0.856s] Level 5:colcon.colcon_core.verb:set package 'unitree_go' build argument 'ament_cmake_args' from command line to 'None'
[0.856s] Level 5:colcon.colcon_core.verb:set package 'unitree_go' build argument 'catkin_cmake_args' from command line to 'None'
[0.856s] Level 5:colcon.colcon_core.verb:set package 'unitree_go' build argument 'catkin_skip_building_tests' from command line to 'False'
[0.856s] DEBUG:colcon.colcon_core.verb:Building package 'unitree_go' with the following arguments: {'ament_cmake_args': None, 'build_base': '/home/orin2/ros2_ws/build/unitree_go', 'catkin_cmake_args': None, 'catkin_skip_building_tests': False, 'cmake_args': None, 'cmake_clean_cache': False, 'cmake_clean_first': False, 'cmake_force_configure': False, 'cmake_target': None, 'cmake_target_skip_unavailable': False, 'install_base': '/home/orin2/ros2_ws/install/unitree_go', 'merge_install': False, 'path': '/home/orin2/ros2_ws/src/unitree_go', 'symlink_install': False, 'test_result_base': None}
[0.857s] Level 5:colcon.colcon_core.verb:set package 'go2_robot_sdk' build argument 'cmake_args' from command line to 'None'
[0.857s] Level 5:colcon.colcon_core.verb:set package 'go2_robot_sdk' build argument 'cmake_target' from command line to 'None'
[0.857s] Level 5:colcon.colcon_core.verb:set package 'go2_robot_sdk' build argument 'cmake_target_skip_unavailable' from command line to 'False'
[0.858s] Level 5:colcon.colcon_core.verb:set package 'go2_robot_sdk' build argument 'cmake_clean_cache' from command line to 'False'
[0.858s] Level 5:colcon.colcon_core.verb:set package 'go2_robot_sdk' build argument 'cmake_clean_first' from command line to 'False'
[0.858s] Level 5:colcon.colcon_core.verb:set package 'go2_robot_sdk' build argument 'cmake_force_configure' from command line to 'False'
[0.858s] Level 5:colcon.colcon_core.verb:set package 'go2_robot_sdk' build argument 'ament_cmake_args' from command line to 'None'
[0.858s] Level 5:colcon.colcon_core.verb:set package 'go2_robot_sdk' build argument 'catkin_cmake_args' from command line to 'None'
[0.859s] Level 5:colcon.colcon_core.verb:set package 'go2_robot_sdk' build argument 'catkin_skip_building_tests' from command line to 'False'
[0.859s] DEBUG:colcon.colcon_core.verb:Building package 'go2_robot_sdk' with the following arguments: {'ament_cmake_args': None, 'build_base': '/home/orin2/ros2_ws/build/go2_robot_sdk', 'catkin_cmake_args': None, 'catkin_skip_building_tests': False, 'cmake_args': None, 'cmake_clean_cache': False, 'cmake_clean_first': False, 'cmake_force_configure': False, 'cmake_target': None, 'cmake_target_skip_unavailable': False, 'install_base': '/home/orin2/ros2_ws/install/go2_robot_sdk', 'merge_install': False, 'path': '/home/orin2/ros2_ws/src/go2_robot_sdk', 'symlink_install': False, 'test_result_base': None}
[0.859s] INFO:colcon.colcon_core.executor:Executing jobs using 'parallel' executor
[0.862s] DEBUG:colcon.colcon_parallel_executor.executor.parallel:run_until_complete
[0.863s] INFO:colcon.colcon_ros.task.ament_cmake.build:Building ROS package in '/home/orin2/ros2_ws/src/go2_interfaces' with build type 'ament_cmake'
[0.863s] INFO:colcon.colcon_cmake.task.cmake.build:Building CMake package in '/home/orin2/ros2_ws/src/go2_interfaces'
[0.881s] INFO:colcon.colcon_core.plugin_system:Skipping extension 'colcon_core.shell.bat': Not used on non-Windows systems
[0.882s] INFO:colcon.colcon_core.shell:Skip shell extension 'powershell' for command environment: Not usable outside of PowerShell
[0.882s] DEBUG:colcon.colcon_core.shell:Skip shell extension 'dsv' for command environment
[0.903s] INFO:colcon.colcon_ros.task.ament_cmake.build:Building ROS package in '/home/orin2/ros2_ws/src/unitree_go' with build type 'ament_cmake'
[0.903s] INFO:colcon.colcon_cmake.task.cmake.build:Building CMake package in '/home/orin2/ros2_ws/src/unitree_go'
[0.904s] INFO:colcon.colcon_core.shell:Skip shell extension 'powershell' for command environment: Not usable outside of PowerShell
[0.904s] DEBUG:colcon.colcon_core.shell:Skip shell extension 'dsv' for command environment
[0.909s] INFO:colcon.colcon_ros.task.ament_python.build:Building ROS package in '/home/orin2/ros2_ws/src/coco_detector' with build type 'ament_python'
[0.910s] Level 1:colcon.colcon_core.shell:create_environment_hook('coco_detector', 'ament_prefix_path')
[0.911s] INFO:colcon.colcon_core.shell:Creating environment hook '/home/orin2/ros2_ws/install/coco_detector/share/coco_detector/hook/ament_prefix_path.ps1'
[0.913s] INFO:colcon.colcon_core.shell:Creating environment descriptor '/home/orin2/ros2_ws/install/coco_detector/share/coco_detector/hook/ament_prefix_path.dsv'
[0.914s] INFO:colcon.colcon_core.shell:Creating environment hook '/home/orin2/ros2_ws/install/coco_detector/share/coco_detector/hook/ament_prefix_path.sh'
[0.915s] INFO:colcon.colcon_core.shell:Skip shell extension 'powershell' for command environment: Not usable outside of PowerShell
[0.915s] DEBUG:colcon.colcon_core.shell:Skip shell extension 'dsv' for command environment
[0.928s] INFO:colcon.colcon_ros.task.ament_cmake.build:Building ROS package in '/home/orin2/ros2_ws/src/ros2_bag_to_image' with build type 'ament_cmake'
[0.929s] INFO:colcon.colcon_cmake.task.cmake.build:Building CMake package in '/home/orin2/ros2_ws/src/ros2_bag_to_image'
[0.929s] INFO:colcon.colcon_core.shell:Skip shell extension 'powershell' for command environment: Not usable outside of PowerShell
[0.929s] DEBUG:colcon.colcon_core.shell:Skip shell extension 'dsv' for command environment
[0.951s] DEBUG:colcon.colcon_core.event_handler.log_command:Invoking command in '/home/orin2/ros2_ws/build/go2_interfaces': CMAKE_PREFIX_PATH=/opt/ros/humble /usr/bin/cmake --build /home/orin2/ros2_ws/build/go2_interfaces -- -j8 -l8
[0.976s] DEBUG:colcon.colcon_core.event_handler.log_command:Invoking command in '/home/orin2/ros2_ws/build/unitree_go': CMAKE_PREFIX_PATH=/opt/ros/humble /usr/bin/cmake --build /home/orin2/ros2_ws/build/unitree_go -- -j8 -l8
[1.754s] INFO:colcon.colcon_core.task.python.build:Building Python package in '/home/orin2/ros2_ws/src/coco_detector'
[1.755s] INFO:colcon.colcon_core.shell:Skip shell extension 'powershell' for command environment: Not usable outside of PowerShell
[1.755s] DEBUG:colcon.colcon_core.shell:Skip shell extension 'dsv' for command environment
[1.771s] DEBUG:colcon.colcon_core.event_handler.log_command:Invoking command in '/home/orin2/ros2_ws/build/ros2_bag_to_image': CMAKE_PREFIX_PATH=/opt/ros/humble /usr/bin/cmake --build /home/orin2/ros2_ws/build/ros2_bag_to_image -- -j8 -l8
[2.206s] DEBUG:colcon.colcon_core.event_handler.log_command:Invoked command in '/home/orin2/ros2_ws/build/unitree_go' returned '0': CMAKE_PREFIX_PATH=/opt/ros/humble /usr/bin/cmake --build /home/orin2/ros2_ws/build/unitree_go -- -j8 -l8
[2.237s] DEBUG:colcon.colcon_core.event_handler.log_command:Invoking command in '/home/orin2/ros2_ws/build/unitree_go': CMAKE_PREFIX_PATH=/opt/ros/humble /usr/bin/cmake --install /home/orin2/ros2_ws/build/unitree_go
[2.243s] DEBUG:colcon.colcon_core.event_handler.log_command:Invoked command in '/home/orin2/ros2_ws/build/go2_interfaces' returned '0': CMAKE_PREFIX_PATH=/opt/ros/humble /usr/bin/cmake --build /home/orin2/ros2_ws/build/go2_interfaces -- -j8 -l8
[2.244s] DEBUG:colcon.colcon_core.event_handler.log_command:Invoking command in '/home/orin2/ros2_ws/build/go2_interfaces': CMAKE_PREFIX_PATH=/opt/ros/humble /usr/bin/cmake --install /home/orin2/ros2_ws/build/go2_interfaces
[2.365s] Level 1:colcon.colcon_core.environment:create_environment_scripts_only(go2_interfaces)
[2.370s] Level 1:colcon.colcon_core.environment:checking '/home/orin2/ros2_ws/install/go2_interfaces' for CMake module files
[2.371s] Level 1:colcon.colcon_core.environment:checking '/home/orin2/ros2_ws/install/go2_interfaces' for CMake config files
[2.372s] Level 1:colcon.colcon_core.shell:create_environment_hook('go2_interfaces', 'cmake_prefix_path')
[2.373s] INFO:colcon.colcon_core.shell:Creating environment hook '/home/orin2/ros2_ws/install/go2_interfaces/share/go2_interfaces/hook/cmake_prefix_path.ps1'
[2.374s] INFO:colcon.colcon_core.shell:Creating environment descriptor '/home/orin2/ros2_ws/install/go2_interfaces/share/go2_interfaces/hook/cmake_prefix_path.dsv'
[2.376s] INFO:colcon.colcon_core.shell:Creating environment hook '/home/orin2/ros2_ws/install/go2_interfaces/share/go2_interfaces/hook/cmake_prefix_path.sh'
[2.378s] Level 1:colcon.colcon_core.environment:checking '/home/orin2/ros2_ws/install/go2_interfaces/lib'
[2.379s] Level 1:colcon.colcon_core.shell:create_environment_hook('go2_interfaces', 'ld_library_path_lib')
[2.381s] INFO:colcon.colcon_core.shell:Creating environment hook '/home/orin2/ros2_ws/install/go2_interfaces/share/go2_interfaces/hook/ld_library_path_lib.ps1'
[2.390s] INFO:colcon.colcon_core.shell:Creating environment descriptor '/home/orin2/ros2_ws/install/go2_interfaces/share/go2_interfaces/hook/ld_library_path_lib.dsv'
[2.405s] INFO:colcon.colcon_core.shell:Creating environment hook '/home/orin2/ros2_ws/install/go2_interfaces/share/go2_interfaces/hook/ld_library_path_lib.sh'
[2.409s] Level 1:colcon.colcon_core.environment:checking '/home/orin2/ros2_ws/install/go2_interfaces/bin'
[2.410s] Level 1:colcon.colcon_core.environment:checking '/home/orin2/ros2_ws/install/go2_interfaces/lib/pkgconfig/go2_interfaces.pc'
[2.412s] Level 1:colcon.colcon_core.environment:checking '/home/orin2/ros2_ws/install/go2_interfaces/lib/python3.10/site-packages'
[2.413s] Level 1:colcon.colcon_core.environment:checking '/home/orin2/ros2_ws/install/go2_interfaces/bin'
[2.416s] INFO:colcon.colcon_core.shell:Creating package script '/home/orin2/ros2_ws/install/go2_interfaces/share/go2_interfaces/package.ps1'
[2.430s] INFO:colcon.colcon_core.shell:Creating package descriptor '/home/orin2/ros2_ws/install/go2_interfaces/share/go2_interfaces/package.dsv'
[2.434s] INFO:colcon.colcon_core.shell:Creating package script '/home/orin2/ros2_ws/install/go2_interfaces/share/go2_interfaces/package.sh'
[2.438s] INFO:colcon.colcon_core.shell:Creating package script '/home/orin2/ros2_ws/install/go2_interfaces/share/go2_interfaces/package.bash'
[2.451s] INFO:colcon.colcon_core.shell:Creating package script '/home/orin2/ros2_ws/install/go2_interfaces/share/go2_interfaces/package.zsh'
[2.454s] Level 1:colcon.colcon_core.environment:create_file_with_runtime_dependencies(/home/orin2/ros2_ws/install/go2_interfaces/share/colcon-core/packages/go2_interfaces)
[2.456s] Level 1:colcon.colcon_core.environment:create_environment_scripts_only(go2_interfaces)
[2.457s] Level 1:colcon.colcon_core.environment:checking '/home/orin2/ros2_ws/install/go2_interfaces' for CMake module files
[2.460s] Level 1:colcon.colcon_core.environment:checking '/home/orin2/ros2_ws/install/go2_interfaces' for CMake config files
[2.463s] Level 1:colcon.colcon_core.shell:create_environment_hook('go2_interfaces', 'cmake_prefix_path')
[2.464s] INFO:colcon.colcon_core.shell:Creating environment hook '/home/orin2/ros2_ws/install/go2_interfaces/share/go2_interfaces/hook/cmake_prefix_path.ps1'
[2.465s] INFO:colcon.colcon_core.shell:Creating environment descriptor '/home/orin2/ros2_ws/install/go2_interfaces/share/go2_interfaces/hook/cmake_prefix_path.dsv'
[2.466s] INFO:colcon.colcon_core.shell:Creating environment hook '/home/orin2/ros2_ws/install/go2_interfaces/share/go2_interfaces/hook/cmake_prefix_path.sh'
[2.470s] Level 1:colcon.colcon_core.environment:checking '/home/orin2/ros2_ws/install/go2_interfaces/lib'
[2.471s] Level 1:colcon.colcon_core.shell:create_environment_hook('go2_interfaces', 'ld_library_path_lib')
[2.471s] INFO:colcon.colcon_core.shell:Creating environment hook '/home/orin2/ros2_ws/install/go2_interfaces/share/go2_interfaces/hook/ld_library_path_lib.ps1'
[2.473s] INFO:colcon.colcon_core.shell:Creating environment descriptor '/home/orin2/ros2_ws/install/go2_interfaces/share/go2_interfaces/hook/ld_library_path_lib.dsv'
[2.476s] INFO:colcon.colcon_core.shell:Creating environment hook '/home/orin2/ros2_ws/install/go2_interfaces/share/go2_interfaces/hook/ld_library_path_lib.sh'
[2.479s] Level 1:colcon.colcon_core.environment:checking '/home/orin2/ros2_ws/install/go2_interfaces/bin'
[2.479s] Level 1:colcon.colcon_core.environment:checking '/home/orin2/ros2_ws/install/go2_interfaces/lib/pkgconfig/go2_interfaces.pc'
[2.480s] Level 1:colcon.colcon_core.environment:checking '/home/orin2/ros2_ws/install/go2_interfaces/lib/python3.10/site-packages'
[2.480s] Level 1:colcon.colcon_core.environment:checking '/home/orin2/ros2_ws/install/go2_interfaces/bin'
[2.481s] INFO:colcon.colcon_core.shell:Creating package script '/home/orin2/ros2_ws/install/go2_interfaces/share/go2_interfaces/package.ps1'
[2.483s] INFO:colcon.colcon_core.shell:Creating package descriptor '/home/orin2/ros2_ws/install/go2_interfaces/share/go2_interfaces/package.dsv'
[2.484s] INFO:colcon.colcon_core.shell:Creating package script '/home/orin2/ros2_ws/install/go2_interfaces/share/go2_interfaces/package.sh'
[2.485s] INFO:colcon.colcon_core.shell:Creating package script '/home/orin2/ros2_ws/install/go2_interfaces/share/go2_interfaces/package.bash'
[2.485s] INFO:colcon.colcon_core.shell:Creating package script '/home/orin2/ros2_ws/install/go2_interfaces/share/go2_interfaces/package.zsh'
[2.486s] Level 1:colcon.colcon_core.environment:create_file_with_runtime_dependencies(/home/orin2/ros2_ws/install/go2_interfaces/share/colcon-core/packages/go2_interfaces)
[2.491s] Level 1:colcon.colcon_core.environment:create_environment_scripts_only(unitree_go)
[2.492s] Level 1:colcon.colcon_core.environment:checking '/home/orin2/ros2_ws/install/unitree_go' for CMake module files
[2.494s] Level 1:colcon.colcon_core.environment:checking '/home/orin2/ros2_ws/install/unitree_go' for CMake config files
[2.495s] Level 1:colcon.colcon_core.shell:create_environment_hook('unitree_go', 'cmake_prefix_path')
[2.496s] INFO:colcon.colcon_core.shell:Creating environment hook '/home/orin2/ros2_ws/install/unitree_go/share/unitree_go/hook/cmake_prefix_path.ps1'
[2.497s] INFO:colcon.colcon_core.shell:Creating environment descriptor '/home/orin2/ros2_ws/install/unitree_go/share/unitree_go/hook/cmake_prefix_path.dsv'
[2.498s] INFO:colcon.colcon_core.shell:Creating environment hook '/home/orin2/ros2_ws/install/unitree_go/share/unitree_go/hook/cmake_prefix_path.sh'
[2.500s] Level 1:colcon.colcon_core.environment:checking '/home/orin2/ros2_ws/install/unitree_go/lib'
[2.501s] Level 1:colcon.colcon_core.shell:create_environment_hook('unitree_go', 'ld_library_path_lib')
[2.501s] INFO:colcon.colcon_core.shell:Creating environment hook '/home/orin2/ros2_ws/install/unitree_go/share/unitree_go/hook/ld_library_path_lib.ps1'
[2.503s] INFO:colcon.colcon_core.shell:Creating environment descriptor '/home/orin2/ros2_ws/install/unitree_go/share/unitree_go/hook/ld_library_path_lib.dsv'
[2.504s] INFO:colcon.colcon_core.shell:Creating environment hook '/home/orin2/ros2_ws/install/unitree_go/share/unitree_go/hook/ld_library_path_lib.sh'
[2.505s] Level 1:colcon.colcon_core.environment:checking '/home/orin2/ros2_ws/install/unitree_go/bin'
[2.505s] Level 1:colcon.colcon_core.environment:checking '/home/orin2/ros2_ws/install/unitree_go/lib/pkgconfig/unitree_go.pc'
[2.505s] Level 1:colcon.colcon_core.environment:checking '/home/orin2/ros2_ws/install/unitree_go/lib/python3.10/site-packages'
[2.506s] Level 1:colcon.colcon_core.environment:checking '/home/orin2/ros2_ws/install/unitree_go/bin'
[2.507s] INFO:colcon.colcon_core.shell:Creating package script '/home/orin2/ros2_ws/install/unitree_go/share/unitree_go/package.ps1'
[2.511s] INFO:colcon.colcon_core.shell:Creating package descriptor '/home/orin2/ros2_ws/install/unitree_go/share/unitree_go/package.dsv'
[2.513s] INFO:colcon.colcon_core.shell:Creating package script '/home/orin2/ros2_ws/install/unitree_go/share/unitree_go/package.sh'
[2.515s] INFO:colcon.colcon_core.shell:Creating package script '/home/orin2/ros2_ws/install/unitree_go/share/unitree_go/package.bash'
[2.516s] INFO:colcon.colcon_core.shell:Creating package script '/home/orin2/ros2_ws/install/unitree_go/share/unitree_go/package.zsh'
[2.517s] Level 1:colcon.colcon_core.environment:create_file_with_runtime_dependencies(/home/orin2/ros2_ws/install/unitree_go/share/colcon-core/packages/unitree_go)
[2.520s] Level 1:colcon.colcon_core.environment:create_environment_scripts_only(unitree_go)
[2.520s] Level 1:colcon.colcon_core.environment:checking '/home/orin2/ros2_ws/install/unitree_go' for CMake module files
[2.522s] Level 1:colcon.colcon_core.environment:checking '/home/orin2/ros2_ws/install/unitree_go' for CMake config files
[2.522s] Level 1:colcon.colcon_core.shell:create_environment_hook('unitree_go', 'cmake_prefix_path')
[2.523s] INFO:colcon.colcon_core.shell:Creating environment hook '/home/orin2/ros2_ws/install/unitree_go/share/unitree_go/hook/cmake_prefix_path.ps1'
[2.525s] INFO:colcon.colcon_core.shell:Creating environment descriptor '/home/orin2/ros2_ws/install/unitree_go/share/unitree_go/hook/cmake_prefix_path.dsv'
[2.526s] INFO:colcon.colcon_core.shell:Creating environment hook '/home/orin2/ros2_ws/install/unitree_go/share/unitree_go/hook/cmake_prefix_path.sh'
[2.528s] Level 1:colcon.colcon_core.environment:checking '/home/orin2/ros2_ws/install/unitree_go/lib'
[2.528s] Level 1:colcon.colcon_core.shell:create_environment_hook('unitree_go', 'ld_library_path_lib')
[2.529s] INFO:colcon.colcon_core.shell:Creating environment hook '/home/orin2/ros2_ws/install/unitree_go/share/unitree_go/hook/ld_library_path_lib.ps1'
[2.530s] INFO:colcon.colcon_core.shell:Creating environment descriptor '/home/orin2/ros2_ws/install/unitree_go/share/unitree_go/hook/ld_library_path_lib.dsv'
[2.532s] INFO:colcon.colcon_core.shell:Creating environment hook '/home/orin2/ros2_ws/install/unitree_go/share/unitree_go/hook/ld_library_path_lib.sh'
[2.533s] Level 1:colcon.colcon_core.environment:checking '/home/orin2/ros2_ws/install/unitree_go/bin'
[2.533s] Level 1:colcon.colcon_core.environment:checking '/home/orin2/ros2_ws/install/unitree_go/lib/pkgconfig/unitree_go.pc'
[2.534s] Level 1:colcon.colcon_core.environment:checking '/home/orin2/ros2_ws/install/unitree_go/lib/python3.10/site-packages'
[2.546s] Level 1:colcon.colcon_core.environment:checking '/home/orin2/ros2_ws/install/unitree_go/bin'
[2.547s] INFO:colcon.colcon_core.shell:Creating package script '/home/orin2/ros2_ws/install/unitree_go/share/unitree_go/package.ps1'
[2.551s] INFO:colcon.colcon_core.shell:Creating package descriptor '/home/orin2/ros2_ws/install/unitree_go/share/unitree_go/package.dsv'
[2.553s] INFO:colcon.colcon_core.shell:Creating package script '/home/orin2/ros2_ws/install/unitree_go/share/unitree_go/package.sh'
[2.555s] INFO:colcon.colcon_core.shell:Creating package script '/home/orin2/ros2_ws/install/unitree_go/share/unitree_go/package.bash'
[2.556s] INFO:colcon.colcon_core.shell:Creating package script '/home/orin2/ros2_ws/install/unitree_go/share/unitree_go/package.zsh'
[2.558s] Level 1:colcon.colcon_core.environment:create_file_with_runtime_dependencies(/home/orin2/ros2_ws/install/unitree_go/share/colcon-core/packages/unitree_go)
[2.559s] INFO:colcon.colcon_ros.task.ament_python.build:Building ROS package in '/home/orin2/ros2_ws/src/go2_robot_sdk' with build type 'ament_python'
[2.560s] Level 1:colcon.colcon_core.shell:create_environment_hook('go2_robot_sdk', 'ament_prefix_path')
[2.560s] INFO:colcon.colcon_core.shell:Creating environment hook '/home/orin2/ros2_ws/install/go2_robot_sdk/share/go2_robot_sdk/hook/ament_prefix_path.ps1'
[2.562s] INFO:colcon.colcon_core.shell:Creating environment descriptor '/home/orin2/ros2_ws/install/go2_robot_sdk/share/go2_robot_sdk/hook/ament_prefix_path.dsv'
[2.563s] INFO:colcon.colcon_core.shell:Creating environment hook '/home/orin2/ros2_ws/install/go2_robot_sdk/share/go2_robot_sdk/hook/ament_prefix_path.sh'
[2.564s] INFO:colcon.colcon_core.shell:Skip shell extension 'powershell' for command environment: Not usable outside of PowerShell
[2.564s] DEBUG:colcon.colcon_core.shell:Skip shell extension 'dsv' for command environment
[2.604s] DEBUG:colcon.colcon_core.event_handler.log_command:Invoked command in '/home/orin2/ros2_ws/build/go2_interfaces' returned '0': CMAKE_PREFIX_PATH=/opt/ros/humble /usr/bin/cmake --install /home/orin2/ros2_ws/build/go2_interfaces
[2.622s] DEBUG:colcon.colcon_core.event_handler.log_command:Invoked command in '/home/orin2/ros2_ws/build/unitree_go' returned '0': CMAKE_PREFIX_PATH=/opt/ros/humble /usr/bin/cmake --install /home/orin2/ros2_ws/build/unitree_go
[3.276s] INFO:colcon.colcon_core.task.python.build:Building Python package in '/home/orin2/ros2_ws/src/go2_robot_sdk'
[3.277s] INFO:colcon.colcon_core.shell:Skip shell extension 'powershell' for command environment: Not usable outside of PowerShell
[3.277s] DEBUG:colcon.colcon_core.shell:Skip shell extension 'dsv' for command environment
[3.286s] DEBUG:colcon.colcon_core.event_handler.log_command:Invoking command in '/home/orin2/ros2_ws/src/coco_detector': PYTHONPATH=/home/orin2/ros2_ws/build/coco_detector/prefix_override:/usr/lib/python3/dist-packages/colcon_core/task/python/colcon_distutils_commands:/home/orin2/ros2_ws/install/coco_detector/lib/python3.10/site-packages:${PYTHONPATH} /usr/bin/python3 -W ignore:setup.py install is deprecated -W ignore:easy_install command is deprecated setup.py egg_info --egg-base ../../build/coco_detector build --build-base /home/orin2/ros2_ws/build/coco_detector/build install --record /home/orin2/ros2_ws/build/coco_detector/install.log --single-version-externally-managed install_data
[4.043s] Level 1:colcon.colcon_core.environment:checking '/home/orin2/ros2_ws/install/coco_detector' for CMake module files
[4.044s] Level 1:colcon.colcon_core.environment:checking '/home/orin2/ros2_ws/install/coco_detector' for CMake config files
[4.045s] Level 1:colcon.colcon_core.environment:checking '/home/orin2/ros2_ws/install/coco_detector/lib'
[4.045s] Level 1:colcon.colcon_core.environment:checking '/home/orin2/ros2_ws/install/coco_detector/bin'
[4.045s] Level 1:colcon.colcon_core.environment:checking '/home/orin2/ros2_ws/install/coco_detector/lib/pkgconfig/coco_detector.pc'
[4.046s] Level 1:colcon.colcon_core.environment:checking '/home/orin2/ros2_ws/install/coco_detector/lib/python3.10/site-packages'
[4.046s] Level 1:colcon.colcon_core.shell:create_environment_hook('coco_detector', 'pythonpath')
[4.046s] INFO:colcon.colcon_core.shell:Creating environment hook '/home/orin2/ros2_ws/install/coco_detector/share/coco_detector/hook/pythonpath.ps1'
[4.048s] DEBUG:colcon.colcon_core.event_handler.log_command:Invoked command in '/home/orin2/ros2_ws/src/coco_detector' returned '0': PYTHONPATH=/home/orin2/ros2_ws/build/coco_detector/prefix_override:/usr/lib/python3/dist-packages/colcon_core/task/python/colcon_distutils_commands:/home/orin2/ros2_ws/install/coco_detector/lib/python3.10/site-packages:${PYTHONPATH} /usr/bin/python3 -W ignore:setup.py install is deprecated -W ignore:easy_install command is deprecated setup.py egg_info --egg-base ../../build/coco_detector build --build-base /home/orin2/ros2_ws/build/coco_detector/build install --record /home/orin2/ros2_ws/build/coco_detector/install.log --single-version-externally-managed install_data
[4.048s] INFO:colcon.colcon_core.shell:Creating environment descriptor '/home/orin2/ros2_ws/install/coco_detector/share/coco_detector/hook/pythonpath.dsv'
[4.049s] INFO:colcon.colcon_core.shell:Creating environment hook '/home/orin2/ros2_ws/install/coco_detector/share/coco_detector/hook/pythonpath.sh'
[4.050s] Level 1:colcon.colcon_core.environment:checking '/home/orin2/ros2_ws/install/coco_detector/bin'
[4.050s] Level 1:colcon.colcon_core.environment:create_environment_scripts_only(coco_detector)
[4.051s] INFO:colcon.colcon_core.shell:Creating package script '/home/orin2/ros2_ws/install/coco_detector/share/coco_detector/package.ps1'
[4.052s] INFO:colcon.colcon_core.shell:Creating package descriptor '/home/orin2/ros2_ws/install/coco_detector/share/coco_detector/package.dsv'
[4.053s] INFO:colcon.colcon_core.shell:Creating package script '/home/orin2/ros2_ws/install/coco_detector/share/coco_detector/package.sh'
[4.054s] INFO:colcon.colcon_core.shell:Creating package script '/home/orin2/ros2_ws/install/coco_detector/share/coco_detector/package.bash'
[4.054s] INFO:colcon.colcon_core.shell:Creating package script '/home/orin2/ros2_ws/install/coco_detector/share/coco_detector/package.zsh'
[4.055s] Level 1:colcon.colcon_core.environment:create_file_with_runtime_dependencies(/home/orin2/ros2_ws/install/coco_detector/share/colcon-core/packages/coco_detector)
[4.333s] DEBUG:colcon.colcon_core.event_handler.log_command:Invoking command in '/home/orin2/ros2_ws/src/go2_robot_sdk': AMENT_PREFIX_PATH=/home/orin2/ros2_ws/install/unitree_go:/home/orin2/ros2_ws/install/go2_interfaces:${AMENT_PREFIX_PATH} CMAKE_PREFIX_PATH=/home/orin2/ros2_ws/install/unitree_go:/home/orin2/ros2_ws/install/go2_interfaces LD_LIBRARY_PATH=/home/orin2/ros2_ws/install/unitree_go/lib:/home/orin2/ros2_ws/install/go2_interfaces/lib:/usr/local/cuda-12.6/lib64:/opt/ros/humble/opt/rviz_ogre_vendor/lib:/opt/ros/humble/lib/aarch64-linux-gnu:/opt/ros/humble/lib:/usr/local/cuda-12.2/lib64 PYTHONPATH=/home/orin2/ros2_ws/build/go2_robot_sdk/prefix_override:/usr/lib/python3/dist-packages/colcon_core/task/python/colcon_distutils_commands:/home/orin2/ros2_ws/install/go2_robot_sdk/lib/python3.10/site-packages:/home/orin2/ros2_ws/install/unitree_go/local/lib/python3.10/dist-packages:/home/orin2/ros2_ws/install/go2_interfaces/local/lib/python3.10/dist-packages:${PYTHONPATH} /usr/bin/python3 -W ignore:setup.py install is deprecated -W ignore:easy_install command is deprecated setup.py egg_info --egg-base ../../build/go2_robot_sdk build --build-base /home/orin2/ros2_ws/build/go2_robot_sdk/build install --record /home/orin2/ros2_ws/build/go2_robot_sdk/install.log --single-version-externally-managed install_data
[5.054s] Level 1:colcon.colcon_core.environment:checking '/home/orin2/ros2_ws/install/go2_robot_sdk' for CMake module files
[5.056s] Level 1:colcon.colcon_core.environment:checking '/home/orin2/ros2_ws/install/go2_robot_sdk' for CMake config files
[5.059s] Level 1:colcon.colcon_core.environment:checking '/home/orin2/ros2_ws/install/go2_robot_sdk/lib'
[5.059s] Level 1:colcon.colcon_core.environment:checking '/home/orin2/ros2_ws/install/go2_robot_sdk/bin'
[5.059s] Level 1:colcon.colcon_core.environment:checking '/home/orin2/ros2_ws/install/go2_robot_sdk/lib/pkgconfig/go2_robot_sdk.pc'
[5.060s] Level 1:colcon.colcon_core.environment:checking '/home/orin2/ros2_ws/install/go2_robot_sdk/lib/python3.10/site-packages'
[5.060s] Level 1:colcon.colcon_core.shell:create_environment_hook('go2_robot_sdk', 'pythonpath')
[5.060s] INFO:colcon.colcon_core.shell:Creating environment hook '/home/orin2/ros2_ws/install/go2_robot_sdk/share/go2_robot_sdk/hook/pythonpath.ps1'
[5.062s] INFO:colcon.colcon_core.shell:Creating environment descriptor '/home/orin2/ros2_ws/install/go2_robot_sdk/share/go2_robot_sdk/hook/pythonpath.dsv'
[5.063s] INFO:colcon.colcon_core.shell:Creating environment hook '/home/orin2/ros2_ws/install/go2_robot_sdk/share/go2_robot_sdk/hook/pythonpath.sh'
[5.064s] Level 1:colcon.colcon_core.environment:checking '/home/orin2/ros2_ws/install/go2_robot_sdk/bin'
[5.064s] Level 1:colcon.colcon_core.environment:create_environment_scripts_only(go2_robot_sdk)
[5.065s] INFO:colcon.colcon_core.shell:Creating package script '/home/orin2/ros2_ws/install/go2_robot_sdk/share/go2_robot_sdk/package.ps1'
[5.066s] INFO:colcon.colcon_core.shell:Creating package descriptor '/home/orin2/ros2_ws/install/go2_robot_sdk/share/go2_robot_sdk/package.dsv'
[5.055s] DEBUG:colcon.colcon_core.event_handler.log_command:Invoked command in '/home/orin2/ros2_ws/src/go2_robot_sdk' returned '0': AMENT_PREFIX_PATH=/home/orin2/ros2_ws/install/unitree_go:/home/orin2/ros2_ws/install/go2_interfaces:${AMENT_PREFIX_PATH} CMAKE_PREFIX_PATH=/home/orin2/ros2_ws/install/unitree_go:/home/orin2/ros2_ws/install/go2_interfaces LD_LIBRARY_PATH=/home/orin2/ros2_ws/install/unitree_go/lib:/home/orin2/ros2_ws/install/go2_interfaces/lib:/usr/local/cuda-12.6/lib64:/opt/ros/humble/opt/rviz_ogre_vendor/lib:/opt/ros/humble/lib/aarch64-linux-gnu:/opt/ros/humble/lib:/usr/local/cuda-12.2/lib64 PYTHONPATH=/home/orin2/ros2_ws/build/go2_robot_sdk/prefix_override:/usr/lib/python3/dist-packages/colcon_core/task/python/colcon_distutils_commands:/home/orin2/ros2_ws/install/go2_robot_sdk/lib/python3.10/site-packages:/home/orin2/ros2_ws/install/unitree_go/local/lib/python3.10/dist-packages:/home/orin2/ros2_ws/install/go2_interfaces/local/lib/python3.10/dist-packages:${PYTHONPATH} /usr/bin/python3 -W ignore:setup.py install is deprecated -W ignore:easy_install command is deprecated setup.py egg_info --egg-base ../../build/go2_robot_sdk build --build-base /home/orin2/ros2_ws/build/go2_robot_sdk/build install --record /home/orin2/ros2_ws/build/go2_robot_sdk/install.log --single-version-externally-managed install_data
[5.069s] INFO:colcon.colcon_core.shell:Creating package script '/home/orin2/ros2_ws/install/go2_robot_sdk/share/go2_robot_sdk/package.sh'
[5.070s] INFO:colcon.colcon_core.shell:Creating package script '/home/orin2/ros2_ws/install/go2_robot_sdk/share/go2_robot_sdk/package.bash'
[5.071s] INFO:colcon.colcon_core.shell:Creating package script '/home/orin2/ros2_ws/install/go2_robot_sdk/share/go2_robot_sdk/package.zsh'
[5.072s] Level 1:colcon.colcon_core.environment:create_file_with_runtime_dependencies(/home/orin2/ros2_ws/install/go2_robot_sdk/share/colcon-core/packages/go2_robot_sdk)
[21.330s] DEBUG:colcon.colcon_core.event_handler.log_command:Invoked command in '/home/orin2/ros2_ws/build/ros2_bag_to_image' returned '0': CMAKE_PREFIX_PATH=/opt/ros/humble /usr/bin/cmake --build /home/orin2/ros2_ws/build/ros2_bag_to_image -- -j8 -l8
[21.335s] DEBUG:colcon.colcon_core.event_handler.log_command:Invoking command in '/home/orin2/ros2_ws/build/ros2_bag_to_image': CMAKE_PREFIX_PATH=/opt/ros/humble /usr/bin/cmake --install /home/orin2/ros2_ws/build/ros2_bag_to_image
[21.379s] Level 1:colcon.colcon_core.environment:create_environment_scripts_only(ros2_bag_to_image)
[21.380s] Level 1:colcon.colcon_core.environment:checking '/home/orin2/ros2_ws/install/ros2_bag_to_image' for CMake module files
[21.381s] Level 1:colcon.colcon_core.environment:checking '/home/orin2/ros2_ws/install/ros2_bag_to_image' for CMake config files
[21.381s] Level 1:colcon.colcon_core.shell:create_environment_hook('ros2_bag_to_image', 'cmake_prefix_path')
[21.382s] INFO:colcon.colcon_core.shell:Creating environment hook '/home/orin2/ros2_ws/install/ros2_bag_to_image/share/ros2_bag_to_image/hook/cmake_prefix_path.ps1'
[21.384s] DEBUG:colcon.colcon_core.event_handler.log_command:Invoked command in '/home/orin2/ros2_ws/build/ros2_bag_to_image' returned '0': CMAKE_PREFIX_PATH=/opt/ros/humble /usr/bin/cmake --install /home/orin2/ros2_ws/build/ros2_bag_to_image
[21.384s] INFO:colcon.colcon_core.shell:Creating environment descriptor '/home/orin2/ros2_ws/install/ros2_bag_to_image/share/ros2_bag_to_image/hook/cmake_prefix_path.dsv'
[21.386s] INFO:colcon.colcon_core.shell:Creating environment hook '/home/orin2/ros2_ws/install/ros2_bag_to_image/share/ros2_bag_to_image/hook/cmake_prefix_path.sh'
[21.387s] Level 1:colcon.colcon_core.environment:checking '/home/orin2/ros2_ws/install/ros2_bag_to_image/lib'
[21.387s] Level 1:colcon.colcon_core.shell:create_environment_hook('ros2_bag_to_image', 'ld_library_path_lib')
[21.388s] INFO:colcon.colcon_core.shell:Creating environment hook '/home/orin2/ros2_ws/install/ros2_bag_to_image/share/ros2_bag_to_image/hook/ld_library_path_lib.ps1'
[21.389s] INFO:colcon.colcon_core.shell:Creating environment descriptor '/home/orin2/ros2_ws/install/ros2_bag_to_image/share/ros2_bag_to_image/hook/ld_library_path_lib.dsv'
[21.390s] INFO:colcon.colcon_core.shell:Creating environment hook '/home/orin2/ros2_ws/install/ros2_bag_to_image/share/ros2_bag_to_image/hook/ld_library_path_lib.sh'
[21.391s] Level 1:colcon.colcon_core.environment:checking '/home/orin2/ros2_ws/install/ros2_bag_to_image/bin'
[21.391s] Level 1:colcon.colcon_core.environment:checking '/home/orin2/ros2_ws/install/ros2_bag_to_image/lib/pkgconfig/ros2_bag_to_image.pc'
[21.391s] Level 1:colcon.colcon_core.environment:checking '/home/orin2/ros2_ws/install/ros2_bag_to_image/lib/python3.10/site-packages'
[21.392s] Level 1:colcon.colcon_core.environment:checking '/home/orin2/ros2_ws/install/ros2_bag_to_image/bin'
[21.392s] INFO:colcon.colcon_core.shell:Creating package script '/home/orin2/ros2_ws/install/ros2_bag_to_image/share/ros2_bag_to_image/package.ps1'
[21.394s] INFO:colcon.colcon_core.shell:Creating package descriptor '/home/orin2/ros2_ws/install/ros2_bag_to_image/share/ros2_bag_to_image/package.dsv'
[21.395s] INFO:colcon.colcon_core.shell:Creating package script '/home/orin2/ros2_ws/install/ros2_bag_to_image/share/ros2_bag_to_image/package.sh'
[21.396s] INFO:colcon.colcon_core.shell:Creating package script '/home/orin2/ros2_ws/install/ros2_bag_to_image/share/ros2_bag_to_image/package.bash'
[21.397s] INFO:colcon.colcon_core.shell:Creating package script '/home/orin2/ros2_ws/install/ros2_bag_to_image/share/ros2_bag_to_image/package.zsh'
[21.398s] Level 1:colcon.colcon_core.environment:create_file_with_runtime_dependencies(/home/orin2/ros2_ws/install/ros2_bag_to_image/share/colcon-core/packages/ros2_bag_to_image)
[21.400s] Level 1:colcon.colcon_core.environment:create_environment_scripts_only(ros2_bag_to_image)
[21.402s] Level 1:colcon.colcon_core.environment:checking '/home/orin2/ros2_ws/install/ros2_bag_to_image' for CMake module files
[21.403s] Level 1:colcon.colcon_core.environment:checking '/home/orin2/ros2_ws/install/ros2_bag_to_image' for CMake config files
[21.403s] Level 1:colcon.colcon_core.shell:create_environment_hook('ros2_bag_to_image', 'cmake_prefix_path')
[21.404s] INFO:colcon.colcon_core.shell:Creating environment hook '/home/orin2/ros2_ws/install/ros2_bag_to_image/share/ros2_bag_to_image/hook/cmake_prefix_path.ps1'
[21.405s] INFO:colcon.colcon_core.shell:Creating environment descriptor '/home/orin2/ros2_ws/install/ros2_bag_to_image/share/ros2_bag_to_image/hook/cmake_prefix_path.dsv'
[21.406s] INFO:colcon.colcon_core.shell:Creating environment hook '/home/orin2/ros2_ws/install/ros2_bag_to_image/share/ros2_bag_to_image/hook/cmake_prefix_path.sh'
[21.407s] Level 1:colcon.colcon_core.environment:checking '/home/orin2/ros2_ws/install/ros2_bag_to_image/lib'
[21.408s] Level 1:colcon.colcon_core.shell:create_environment_hook('ros2_bag_to_image', 'ld_library_path_lib')
[21.408s] INFO:colcon.colcon_core.shell:Creating environment hook '/home/orin2/ros2_ws/install/ros2_bag_to_image/share/ros2_bag_to_image/hook/ld_library_path_lib.ps1'
[21.409s] INFO:colcon.colcon_core.shell:Creating environment descriptor '/home/orin2/ros2_ws/install/ros2_bag_to_image/share/ros2_bag_to_image/hook/ld_library_path_lib.dsv'
[21.410s] INFO:colcon.colcon_core.shell:Creating environment hook '/home/orin2/ros2_ws/install/ros2_bag_to_image/share/ros2_bag_to_image/hook/ld_library_path_lib.sh'
[21.411s] Level 1:colcon.colcon_core.environment:checking '/home/orin2/ros2_ws/install/ros2_bag_to_image/bin'
[21.411s] Level 1:colcon.colcon_core.environment:checking '/home/orin2/ros2_ws/install/ros2_bag_to_image/lib/pkgconfig/ros2_bag_to_image.pc'
[21.411s] Level 1:colcon.colcon_core.environment:checking '/home/orin2/ros2_ws/install/ros2_bag_to_image/lib/python3.10/site-packages'
[21.412s] Level 1:colcon.colcon_core.environment:checking '/home/orin2/ros2_ws/install/ros2_bag_to_image/bin'
[21.413s] INFO:colcon.colcon_core.shell:Creating package script '/home/orin2/ros2_ws/install/ros2_bag_to_image/share/ros2_bag_to_image/package.ps1'
[21.414s] INFO:colcon.colcon_core.shell:Creating package descriptor '/home/orin2/ros2_ws/install/ros2_bag_to_image/share/ros2_bag_to_image/package.dsv'
[21.415s] INFO:colcon.colcon_core.shell:Creating package script '/home/orin2/ros2_ws/install/ros2_bag_to_image/share/ros2_bag_to_image/package.sh'
[21.416s] INFO:colcon.colcon_core.shell:Creating package script '/home/orin2/ros2_ws/install/ros2_bag_to_image/share/ros2_bag_to_image/package.bash'
[21.417s] INFO:colcon.colcon_core.shell:Creating package script '/home/orin2/ros2_ws/install/ros2_bag_to_image/share/ros2_bag_to_image/package.zsh'
[21.420s] Level 1:colcon.colcon_core.environment:create_file_with_runtime_dependencies(/home/orin2/ros2_ws/install/ros2_bag_to_image/share/colcon-core/packages/ros2_bag_to_image)
[21.421s] DEBUG:colcon.colcon_parallel_executor.executor.parallel:closing loop
[21.422s] DEBUG:colcon.colcon_parallel_executor.executor.parallel:loop closed
[21.422s] DEBUG:colcon.colcon_parallel_executor.executor.parallel:run_until_complete finished with '0'
[21.423s] DEBUG:colcon.colcon_core.event_reactor:joining thread
[21.436s] INFO:colcon.colcon_core.plugin_system:Skipping extension 'colcon_notification.desktop_notification.terminal_notifier': Not used on non-Darwin systems
[21.437s] INFO:colcon.colcon_core.plugin_system:Skipping extension 'colcon_notification.desktop_notification.win32': Not used on non-Windows systems
[21.437s] INFO:colcon.colcon_notification.desktop_notification:Sending desktop notification using 'notify2'
[21.471s] DEBUG:colcon.colcon_core.event_reactor:joined thread
[21.472s] INFO:colcon.colcon_core.shell:Creating prefix script '/home/orin2/ros2_ws/install/local_setup.ps1'
[21.474s] INFO:colcon.colcon_core.shell:Creating prefix util module '/home/orin2/ros2_ws/install/_local_setup_util_ps1.py'
[21.477s] INFO:colcon.colcon_core.shell:Creating prefix chain script '/home/orin2/ros2_ws/install/setup.ps1'
[21.480s] INFO:colcon.colcon_core.shell:Creating prefix script '/home/orin2/ros2_ws/install/local_setup.sh'
[21.481s] INFO:colcon.colcon_core.shell:Creating prefix util module '/home/orin2/ros2_ws/install/_local_setup_util_sh.py'
[21.483s] INFO:colcon.colcon_core.shell:Creating prefix chain script '/home/orin2/ros2_ws/install/setup.sh'
[21.485s] INFO:colcon.colcon_core.shell:Creating prefix script '/home/orin2/ros2_ws/install/local_setup.bash'
[21.486s] INFO:colcon.colcon_core.shell:Creating prefix chain script '/home/orin2/ros2_ws/install/setup.bash'
[21.488s] INFO:colcon.colcon_core.shell:Creating prefix script '/home/orin2/ros2_ws/install/local_setup.zsh'
[21.489s] INFO:colcon.colcon_core.shell:Creating prefix chain script '/home/orin2/ros2_ws/install/setup.zsh'
