/home/orin2/ros2_ws/install/go2_robot_sdk/lib/python3.10/site-packages/scripts/webrtc_driver.py
/home/orin2/ros2_ws/install/go2_robot_sdk/lib/python3.10/site-packages/scripts/go2_constants.py
/home/orin2/ros2_ws/install/go2_robot_sdk/lib/python3.10/site-packages/scripts/go2_math.py
/home/orin2/ros2_ws/install/go2_robot_sdk/lib/python3.10/site-packages/scripts/go2_func.py
/home/orin2/ros2_ws/install/go2_robot_sdk/lib/python3.10/site-packages/scripts/__init__.py
/home/orin2/ros2_ws/install/go2_robot_sdk/lib/python3.10/site-packages/scripts/go2_camerainfo.py
/home/orin2/ros2_ws/install/go2_robot_sdk/lib/python3.10/site-packages/scripts/go2_lidar_decoder.py
/home/orin2/ros2_ws/install/go2_robot_sdk/lib/python3.10/site-packages/go2_robot_sdk/tts.py
/home/orin2/ros2_ws/install/go2_robot_sdk/lib/python3.10/site-packages/go2_robot_sdk/go2_driver_node.py
/home/orin2/ros2_ws/install/go2_robot_sdk/lib/python3.10/site-packages/go2_robot_sdk/__init__.py
/home/orin2/ros2_ws/install/go2_robot_sdk/lib/python3.10/site-packages/go2_robot_sdk/lidar_to_point.py
/home/orin2/ros2_ws/install/go2_robot_sdk/lib/python3.10/site-packages/scripts/__pycache__/webrtc_driver.cpython-310.pyc
/home/orin2/ros2_ws/install/go2_robot_sdk/lib/python3.10/site-packages/scripts/__pycache__/go2_constants.cpython-310.pyc
/home/orin2/ros2_ws/install/go2_robot_sdk/lib/python3.10/site-packages/scripts/__pycache__/go2_math.cpython-310.pyc
/home/orin2/ros2_ws/install/go2_robot_sdk/lib/python3.10/site-packages/scripts/__pycache__/go2_func.cpython-310.pyc
/home/orin2/ros2_ws/install/go2_robot_sdk/lib/python3.10/site-packages/scripts/__pycache__/__init__.cpython-310.pyc
/home/orin2/ros2_ws/install/go2_robot_sdk/lib/python3.10/site-packages/scripts/__pycache__/go2_camerainfo.cpython-310.pyc
/home/orin2/ros2_ws/install/go2_robot_sdk/lib/python3.10/site-packages/scripts/__pycache__/go2_lidar_decoder.cpython-310.pyc
/home/orin2/ros2_ws/install/go2_robot_sdk/lib/python3.10/site-packages/go2_robot_sdk/__pycache__/tts.cpython-310.pyc
/home/orin2/ros2_ws/install/go2_robot_sdk/lib/python3.10/site-packages/go2_robot_sdk/__pycache__/go2_driver_node.cpython-310.pyc
/home/orin2/ros2_ws/install/go2_robot_sdk/lib/python3.10/site-packages/go2_robot_sdk/__pycache__/__init__.cpython-310.pyc
/home/orin2/ros2_ws/install/go2_robot_sdk/lib/python3.10/site-packages/go2_robot_sdk/__pycache__/lidar_to_point.cpython-310.pyc
/home/orin2/ros2_ws/install/go2_robot_sdk/share/ament_index/resource_index/packages/go2_robot_sdk
/home/orin2/ros2_ws/install/go2_robot_sdk/share/go2_robot_sdk/package.xml
/home/orin2/ros2_ws/install/go2_robot_sdk/share/go2_robot_sdk/launch/robot.launch.py
/home/orin2/ros2_ws/install/go2_robot_sdk/share/go2_robot_sdk/launch/webrtc_web.launch.py
/home/orin2/ros2_ws/install/go2_robot_sdk/share/go2_robot_sdk/urdf/go2.urdf
/home/orin2/ros2_ws/install/go2_robot_sdk/share/go2_robot_sdk/urdf/go2_on_steroids.urdf
/home/orin2/ros2_ws/install/go2_robot_sdk/share/go2_robot_sdk/urdf/multi_go2.urdf
/home/orin2/ros2_ws/install/go2_robot_sdk/share/go2_robot_sdk/urdf/go2_with_realsense.urdf
/home/orin2/ros2_ws/install/go2_robot_sdk/share/go2_robot_sdk/dae/foot.dae
/home/orin2/ros2_ws/install/go2_robot_sdk/share/go2_robot_sdk/dae/hip.dae
/home/orin2/ros2_ws/install/go2_robot_sdk/share/go2_robot_sdk/dae/calf_mirror.dae
/home/orin2/ros2_ws/install/go2_robot_sdk/share/go2_robot_sdk/dae/base.dae
/home/orin2/ros2_ws/install/go2_robot_sdk/share/go2_robot_sdk/dae/thigh_mirror.dae
/home/orin2/ros2_ws/install/go2_robot_sdk/share/go2_robot_sdk/dae/thigh.dae
/home/orin2/ros2_ws/install/go2_robot_sdk/share/go2_robot_sdk/dae/calf.dae
/home/orin2/ros2_ws/install/go2_robot_sdk/share/go2_robot_sdk/meshes/front_d_camera.STL
/home/orin2/ros2_ws/install/go2_robot_sdk/share/go2_robot_sdk/meshes/left_d_camera.STL
/home/orin2/ros2_ws/install/go2_robot_sdk/share/go2_robot_sdk/meshes/base.STL
/home/orin2/ros2_ws/install/go2_robot_sdk/share/go2_robot_sdk/meshes/lidar_link.STL
/home/orin2/ros2_ws/install/go2_robot_sdk/share/go2_robot_sdk/meshes/right_d_camera.STL
/home/orin2/ros2_ws/install/go2_robot_sdk/share/go2_robot_sdk/config/mapper_params_online_async.yaml
/home/orin2/ros2_ws/install/go2_robot_sdk/share/go2_robot_sdk/config/nav2_params.yaml
/home/orin2/ros2_ws/install/go2_robot_sdk/share/go2_robot_sdk/config/twist_mux.yaml
/home/orin2/ros2_ws/install/go2_robot_sdk/share/go2_robot_sdk/config/cyclonedds_config.rviz
/home/orin2/ros2_ws/install/go2_robot_sdk/share/go2_robot_sdk/config/multi_robot_conf.rviz
/home/orin2/ros2_ws/install/go2_robot_sdk/share/go2_robot_sdk/config/joystick.yaml
/home/orin2/ros2_ws/install/go2_robot_sdk/share/go2_robot_sdk/config/single_robot_conf.rviz
/home/orin2/ros2_ws/install/go2_robot_sdk/share/go2_robot_sdk/calibration/front_camera.yaml
/home/orin2/ros2_ws/install/go2_robot_sdk/share/go2_robot_sdk/external_lib/libvoxel.wasm
/home/orin2/ros2_ws/install/go2_robot_sdk/share/go2_robot_sdk/external_lib/aioice/stun.py
/home/orin2/ros2_ws/install/go2_robot_sdk/share/go2_robot_sdk/external_lib/aioice/ice.py
/home/orin2/ros2_ws/install/go2_robot_sdk/share/go2_robot_sdk/external_lib/aioice/utils.py
/home/orin2/ros2_ws/install/go2_robot_sdk/share/go2_robot_sdk/external_lib/aioice/mdns.py
/home/orin2/ros2_ws/install/go2_robot_sdk/share/go2_robot_sdk/external_lib/aioice/__init__.py
/home/orin2/ros2_ws/install/go2_robot_sdk/share/go2_robot_sdk/external_lib/aioice/candidate.py
/home/orin2/ros2_ws/install/go2_robot_sdk/share/go2_robot_sdk/external_lib/aioice/py.typed
/home/orin2/ros2_ws/install/go2_robot_sdk/share/go2_robot_sdk/external_lib/aioice/turn.py
/home/orin2/ros2_ws/install/go2_robot_sdk/lib/python3.10/site-packages/go2_robot_sdk-0.0.0-py3.10.egg-info/zip-safe
/home/orin2/ros2_ws/install/go2_robot_sdk/lib/python3.10/site-packages/go2_robot_sdk-0.0.0-py3.10.egg-info/dependency_links.txt
/home/orin2/ros2_ws/install/go2_robot_sdk/lib/python3.10/site-packages/go2_robot_sdk-0.0.0-py3.10.egg-info/SOURCES.txt
/home/orin2/ros2_ws/install/go2_robot_sdk/lib/python3.10/site-packages/go2_robot_sdk-0.0.0-py3.10.egg-info/PKG-INFO
/home/orin2/ros2_ws/install/go2_robot_sdk/lib/python3.10/site-packages/go2_robot_sdk-0.0.0-py3.10.egg-info/top_level.txt
/home/orin2/ros2_ws/install/go2_robot_sdk/lib/python3.10/site-packages/go2_robot_sdk-0.0.0-py3.10.egg-info/requires.txt
/home/orin2/ros2_ws/install/go2_robot_sdk/lib/python3.10/site-packages/go2_robot_sdk-0.0.0-py3.10.egg-info/entry_points.txt
/home/orin2/ros2_ws/install/go2_robot_sdk/lib/go2_robot_sdk/go2_driver_node
/home/orin2/ros2_ws/install/go2_robot_sdk/lib/go2_robot_sdk/lidar_to_pointcloud
/home/orin2/ros2_ws/install/go2_robot_sdk/lib/go2_robot_sdk/tts_node
