[1.571s] Invoking command in '/home/orin2/ros2_ws/src/go2_robot_sdk': LD_LIBRARY_PATH=/home/orin2/ros2_ws/install/unitree_go/lib:/home/orin2/ros2_ws/install/go2_interfaces/lib:/usr/local/cuda-12.2/lib64:/home/orin2/unitree_ros2/cyclonedds_ws/install/unitree_hg/lib:/home/orin2/unitree_ros2/cyclonedds_ws/install/unitree_go/lib:/home/orin2/unitree_ros2/cyclonedds_ws/install/unitree_api/lib:/home/orin2/unitree_ros2/cyclonedds_ws/install/rmw_cyclonedds_cpp/lib:/home/orin2/unitree_ros2/cyclonedds_ws/install/cyclonedds/lib:/usr/local/cuda-12.2/lib64:/home/orin2/go2_ws/install/go2_image_transport/lib:/home/orin2/go2_ws/install/go2_driver/lib:/home/orin2/go2_ws/install/unitree_go/lib:/home/orin2/go2_ws/install/unitree_api/lib:/home/orin2/go2_ws/install/go2_interfaces/lib:/home/orin2/unitree_ros2/install/unitree_hg/lib:/home/orin2/unitree_ros2/install/unitree_go/lib:/home/orin2/unitree_ros2/install/unitree_api/lib:/home/orin2/unitree_ros2/install/rmw_cyclonedds_cpp/lib:/home/orin2/unitree_ros2/install/cyclonedds/lib:/home/orin2/slam_ws/install/visibility_graph_msg/lib:/home/orin2/slam_ws/install/go2_sport_api/lib:/home/orin2/slam_ws/install/unitree_go/lib:/home/orin2/slam_ws/install/unitree_api/lib:/home/orin2/slam_ws/install/livox_sdk2/lib:/home/orin2/slam_ws/install/livox_ros_driver2/lib:/home/orin2/ws_livox/install/livox_ros_driver2/lib:/opt/ros/humble/opt/rviz_ogre_vendor/lib:/opt/ros/humble/lib/aarch64-linux-gnu:/opt/ros/humble/lib:/usr/local/cuda-12.2/lib64 PYTHONPATH=/home/orin2/ros2_ws/build/go2_robot_sdk/prefix_override:/usr/lib/python3/dist-packages/colcon_core/task/python/colcon_distutils_commands:/home/orin2/ros2_ws/install/go2_robot_sdk/lib/python3.10/site-packages:${PYTHONPATH} /usr/bin/python3 -W ignore:setup.py install is deprecated -W ignore:easy_install command is deprecated setup.py egg_info --egg-base ../../build/go2_robot_sdk build --build-base /home/orin2/ros2_ws/build/go2_robot_sdk/build install --record /home/orin2/ros2_ws/build/go2_robot_sdk/install.log --single-version-externally-managed install_data
[2.124s] running egg_info
[2.125s] writing ../../build/go2_robot_sdk/go2_robot_sdk.egg-info/PKG-INFO
[2.125s] writing dependency_links to ../../build/go2_robot_sdk/go2_robot_sdk.egg-info/dependency_links.txt
[2.126s] writing entry points to ../../build/go2_robot_sdk/go2_robot_sdk.egg-info/entry_points.txt
[2.126s] writing requirements to ../../build/go2_robot_sdk/go2_robot_sdk.egg-info/requires.txt
[2.126s] writing top-level names to ../../build/go2_robot_sdk/go2_robot_sdk.egg-info/top_level.txt
[2.133s] reading manifest file '../../build/go2_robot_sdk/go2_robot_sdk.egg-info/SOURCES.txt'
[2.134s] adding license file 'LICENSE'
[2.135s] writing manifest file '../../build/go2_robot_sdk/go2_robot_sdk.egg-info/SOURCES.txt'
[2.136s] running build
[2.136s] running build_py
[2.137s] running install
[2.138s] running install_lib
[2.141s] running install_data
[2.142s] running install_egg_info
[2.146s] removing '/home/orin2/ros2_ws/install/go2_robot_sdk/lib/python3.10/site-packages/go2_robot_sdk-0.0.0-py3.10.egg-info' (and everything under it)
[2.146s] Copying ../../build/go2_robot_sdk/go2_robot_sdk.egg-info to /home/orin2/ros2_ws/install/go2_robot_sdk/lib/python3.10/site-packages/go2_robot_sdk-0.0.0-py3.10.egg-info
[2.148s] running install_scripts
[2.190s] Installing go2_driver_node script to /home/orin2/ros2_ws/install/go2_robot_sdk/lib/go2_robot_sdk
[2.190s] Installing lidar_to_pointcloud script to /home/orin2/ros2_ws/install/go2_robot_sdk/lib/go2_robot_sdk
[2.191s] Installing tts_node script to /home/orin2/ros2_ws/install/go2_robot_sdk/lib/go2_robot_sdk
[2.191s] writing list of installed files to '/home/orin2/ros2_ws/build/go2_robot_sdk/install.log'
[2.255s] Invoked command in '/home/orin2/ros2_ws/src/go2_robot_sdk' returned '0': LD_LIBRARY_PATH=/home/orin2/ros2_ws/install/unitree_go/lib:/home/orin2/ros2_ws/install/go2_interfaces/lib:/usr/local/cuda-12.2/lib64:/home/orin2/unitree_ros2/cyclonedds_ws/install/unitree_hg/lib:/home/orin2/unitree_ros2/cyclonedds_ws/install/unitree_go/lib:/home/orin2/unitree_ros2/cyclonedds_ws/install/unitree_api/lib:/home/orin2/unitree_ros2/cyclonedds_ws/install/rmw_cyclonedds_cpp/lib:/home/orin2/unitree_ros2/cyclonedds_ws/install/cyclonedds/lib:/usr/local/cuda-12.2/lib64:/home/orin2/go2_ws/install/go2_image_transport/lib:/home/orin2/go2_ws/install/go2_driver/lib:/home/orin2/go2_ws/install/unitree_go/lib:/home/orin2/go2_ws/install/unitree_api/lib:/home/orin2/go2_ws/install/go2_interfaces/lib:/home/orin2/unitree_ros2/install/unitree_hg/lib:/home/orin2/unitree_ros2/install/unitree_go/lib:/home/orin2/unitree_ros2/install/unitree_api/lib:/home/orin2/unitree_ros2/install/rmw_cyclonedds_cpp/lib:/home/orin2/unitree_ros2/install/cyclonedds/lib:/home/orin2/slam_ws/install/visibility_graph_msg/lib:/home/orin2/slam_ws/install/go2_sport_api/lib:/home/orin2/slam_ws/install/unitree_go/lib:/home/orin2/slam_ws/install/unitree_api/lib:/home/orin2/slam_ws/install/livox_sdk2/lib:/home/orin2/slam_ws/install/livox_ros_driver2/lib:/home/orin2/ws_livox/install/livox_ros_driver2/lib:/opt/ros/humble/opt/rviz_ogre_vendor/lib:/opt/ros/humble/lib/aarch64-linux-gnu:/opt/ros/humble/lib:/usr/local/cuda-12.2/lib64 PYTHONPATH=/home/orin2/ros2_ws/build/go2_robot_sdk/prefix_override:/usr/lib/python3/dist-packages/colcon_core/task/python/colcon_distutils_commands:/home/orin2/ros2_ws/install/go2_robot_sdk/lib/python3.10/site-packages:${PYTHONPATH} /usr/bin/python3 -W ignore:setup.py install is deprecated -W ignore:easy_install command is deprecated setup.py egg_info --egg-base ../../build/go2_robot_sdk build --build-base /home/orin2/ros2_ws/build/go2_robot_sdk/build install --record /home/orin2/ros2_ws/build/go2_robot_sdk/install.log --single-version-externally-managed install_data
