Traceback (most recent call last):
  File "/home/orin2/ros2_ws/build/go2_interfaces/ament_cmake_python/go2_interfaces/setup.py", line 1, in <module>
Traceback (most recent call last):
  File "/opt/ros/humble/share/rosidl_generator_cpp/cmake/../../../lib/rosidl_generator_cpp/rosidl_generator_cpp", line 8, in <module>
    from setuptools import find_packages
  File "/usr/lib/python3/dist-packages/setuptools/__init__.py", line 10, in <module>
    from rosidl_generator_cpp import generate_cpp
  File "/opt/ros/humble/local/lib/python3.10/dist-packages/rosidl_generator_cpp/__init__.py", line 17, in <module>
    from rosidl_cmake import generate_files
  File "/opt/ros/humble/local/lib/python3.10/dist-packages/rosidl_cmake/__init__.py", line 24, in <module>
    from rosidl_parser.parser import parse_idl_file
  File "/opt/ros/humble/local/lib/python3.10/dist-packages/rosidl_parser/parser.py", line 20, in <module>
Traceback (most recent call last):
  File "/opt/ros/humble/share/rosidl_generator_c/cmake/../../../lib/rosidl_generator_c/rosidl_generator_c", line 8, in <module>
    from lark import Lark
  File "/usr/lib/python3/dist-packages/lark/__init__.py", line 1, in <module>
    from rosidl_generator_c import generate_c
  File "/opt/ros/humble/local/lib/python3.10/dist-packages/rosidl_generator_c/__init__.py", line 15, in <module>
    from rosidl_cmake import convert_camel_case_to_lower_case_underscore
  File "/opt/ros/humble/local/lib/python3.10/dist-packages/rosidl_cmake/__init__.py", line 24, in <module>
    from rosidl_parser.parser import parse_idl_file
  File "/opt/ros/humble/local/lib/python3.10/dist-packages/rosidl_parser/parser.py", line 20, in <module>
    from lark import Lark
  File "/usr/lib/python3/dist-packages/lark/__init__.py", line 7, in <module>
    from .lark import Lark
  File "/usr/lib/python3/dist-packages/lark/lark.py", line 3, in <module>
    from .utils import logger
  File "/usr/lib/python3/dist-packages/lark/utils.py", line 112, in <module>
    import tempfile
    import distutils.core
  File "/usr/lib/python3.10/tempfile.py", line 44, in <module>
  File "/usr/lib/python3.10/distutils/core.py", line 17, in <module>
    from distutils.cmd import Command
  File "/usr/lib/python3.10/distutils/cmd.py", line 9, in <module>
    import regex  # type: ignore
  File "/home/orin2/.local/lib/python3.10/site-packages/regex/__init__.py", line 1, in <module>
    import shutil as _shutil
  File "/usr/lib/python3.10/shutil.py", line 29, in <module>
    from .regex import *
  File "/home/orin2/.local/lib/python3.10/site-packages/regex/regex.py", line 417, in <module>
    import lzma
    from distutils import util, dir_util, file_util, archive_util, dep_util
  File "/usr/lib/python3.10/lzma.py", line 27, in <module>
  File "/usr/lib/python3.10/distutils/archive_util.py", line 11, in <module>
    import regex._regex_core as _regex_core
  File "/home/orin2/.local/lib/python3.10/site-packages/regex/_regex_core.py", line 4444, in <module>
    import zipfile
  File "/usr/lib/python3.10/zipfile.py", line 19, in <module>
    from _lzma import *
KeyboardInterrupt
    import pathlib
  File "/usr/lib/python3.10/pathlib.py", line 4, in <module>
    import ntpath
  File "/usr/lib/python3.10/ntpath.py", line 46, in <module>
    from _winapi import (
  File "<frozen importlib._bootstrap>", line 1027, in _find_and_load
  File "<frozen importlib._bootstrap>", line 1002, in _find_and_load_unlocked
    prop_values[val_id] = max(prop_values.get(val_id, ""), val_name,
KeyboardInterrupt
  File "<frozen importlib._bootstrap>", line 945, in _find_spec
  File "<frozen importlib._bootstrap_external>", line 1439, in find_spec
  File "<frozen importlib._bootstrap_external>", line 1415, in _get_spec
KeyboardInterrupt
gmake[2]: *** [CMakeFiles/ament_cmake_python_build_go2_interfaces_egg.dir/build.make:70: CMakeFiles/ament_cmake_python_build_go2_interfaces_egg] Interrupt
gmake[1]: *** [CMakeFiles/Makefile2:447: CMakeFiles/ament_cmake_python_build_go2_interfaces_egg.dir/all] Interrupt
gmake[2]: *** [CMakeFiles/go2_interfaces__cpp.dir/build.make:177: rosidl_generator_cpp/go2_interfaces/msg/go2_cmd.hpp] Interrupt
gmake[1]: *** [CMakeFiles/Makefile2:265: CMakeFiles/go2_interfaces__cpp.dir/all] Interrupt
gmake[2]: *** [CMakeFiles/go2_interfaces__rosidl_generator_c.dir/build.make:151: rosidl_generator_c/go2_interfaces/msg/go2_cmd.h] Interrupt
gmake[1]: *** [CMakeFiles/Makefile2:212: CMakeFiles/go2_interfaces__rosidl_generator_c.dir/all] Interrupt
gmake: *** [Makefile:146: all] Interrupt
