[0.055s] Invoking command in '/home/orin2/ros2_ws/build/go2_interfaces': CMAKE_PREFIX_PATH=${CMAKE_PREFIX_PATH}:/home/orin2/slam_ws/install/transform_sensors:/home/orin2/slam_ws/install/ros_tcp_endpoint:/opt/ros/humble /usr/bin/cmake /home/orin2/ros2_ws/src/go2_interfaces -DCMAKE_INSTALL_PREFIX=/home/orin2/ros2_ws/install/go2_interfaces
[0.170s] -- The C compiler identification is GNU 11.4.0
[0.273s] -- The CXX compiler identification is GNU 11.4.0
[0.289s] -- Detecting C compiler ABI info
[0.437s] -- Detecting C compiler ABI info - done
[0.461s] -- Check for working C compiler: /usr/bin/cc - skipped
[0.463s] -- Detecting C compile features
[0.464s] -- Detecting C compile features - done
[0.470s] -- Detecting CXX compiler ABI info
[0.621s] -- Detecting CXX compiler ABI info - done
[0.632s] -- Check for working CXX compiler: /usr/bin/c++ - skipped
[0.633s] -- Detecting CXX compile features
[0.633s] -- Detecting CXX compile features - done
[0.645s] -- Found ament_cmake: 1.3.11 (/opt/ros/humble/share/ament_cmake/cmake)
[1.010s] -- Found Python3: /usr/bin/python3 (found version "3.10.12") found components: Interpreter 
[1.286s] -- Found geometry_msgs: 4.2.4 (/opt/ros/humble/share/geometry_msgs/cmake)
[1.413s] -- Found rosidl_generator_c: 3.1.6 (/opt/ros/humble/share/rosidl_generator_c/cmake)
[1.435s] -- Found rosidl_adapter: 3.1.6 (/opt/ros/humble/share/rosidl_adapter/cmake)
[1.461s] -- Found rosidl_generator_cpp: 3.1.6 (/opt/ros/humble/share/rosidl_generator_cpp/cmake)
[1.498s] -- Using all available rosidl_typesupport_c: rosidl_typesupport_fastrtps_c;rosidl_typesupport_introspection_c
[1.548s] -- Using all available rosidl_typesupport_cpp: rosidl_typesupport_fastrtps_cpp;rosidl_typesupport_introspection_cpp
[1.638s] -- Found rosidl_default_generators: 1.2.0 (/opt/ros/humble/share/rosidl_default_generators/cmake)
[2.314s] -- Found ament_cmake_ros: 0.10.0 (/opt/ros/humble/share/ament_cmake_ros/cmake)
[3.303s] -- Using all available rosidl_typesupport_c: rosidl_typesupport_fastrtps_c;rosidl_typesupport_introspection_c
[3.685s] -- Using all available rosidl_typesupport_cpp: rosidl_typesupport_fastrtps_cpp;rosidl_typesupport_introspection_cpp
[3.747s] -- Found PythonInterp: /usr/bin/python3 (found suitable version "3.10.12", minimum required is "3.6") 
[3.767s] -- Found python_cmake_module: 0.10.0 (/opt/ros/humble/share/python_cmake_module/cmake)
[3.846s] -- Found PythonLibs: /usr/lib/aarch64-linux-gnu/libpython3.10.so (found suitable version "3.10.12", minimum required is "3.5") 
[3.846s] -- Using PYTHON_EXECUTABLE: /usr/bin/python3
[3.846s] -- Using PYTHON_INCLUDE_DIRS: /usr/include/python3.10
[3.846s] -- Using PYTHON_LIBRARIES: /usr/lib/aarch64-linux-gnu/libpython3.10.so
[3.896s] -- Found PythonExtra: .so  
[4.117s] -- Configuring done
[4.189s] -- Generating done
[4.211s] -- Build files have been written to: /home/orin2/ros2_ws/build/go2_interfaces
[4.237s] Invoked command in '/home/orin2/ros2_ws/build/go2_interfaces' returned '0': CMAKE_PREFIX_PATH=${CMAKE_PREFIX_PATH}:/home/orin2/slam_ws/install/transform_sensors:/home/orin2/slam_ws/install/ros_tcp_endpoint:/opt/ros/humble /usr/bin/cmake /home/orin2/ros2_ws/src/go2_interfaces -DCMAKE_INSTALL_PREFIX=/home/orin2/ros2_ws/install/go2_interfaces
[4.240s] Invoking command in '/home/orin2/ros2_ws/build/go2_interfaces': CMAKE_PREFIX_PATH=${CMAKE_PREFIX_PATH}:/home/orin2/slam_ws/install/transform_sensors:/home/orin2/slam_ws/install/ros_tcp_endpoint:/opt/ros/humble /usr/bin/cmake --build /home/orin2/ros2_ws/build/go2_interfaces -- -j8 -l8
[4.329s] [  1%] [34m[1mGenerating C code for ROS interfaces[0m
[4.351s] [  3%] [34m[1mGenerating C++ code for ROS interfaces[0m
[4.371s] [  3%] Built target ament_cmake_python_copy_go2_interfaces
[4.482s] Traceback (most recent call last):
[4.482s]   File "/home/orin2/ros2_ws/build/go2_interfaces/ament_cmake_python/go2_interfaces/setup.py", line 1, in <module>
[4.482s] Traceback (most recent call last):
[4.482s]   File "/opt/ros/humble/share/rosidl_generator_cpp/cmake/../../../lib/rosidl_generator_cpp/rosidl_generator_cpp", line 8, in <module>
[4.482s]     from setuptools import find_packages
[4.482s]   File "/usr/lib/python3/dist-packages/setuptools/__init__.py", line 10, in <module>
[4.483s]     from rosidl_generator_cpp import generate_cpp
[4.483s]   File "/opt/ros/humble/local/lib/python3.10/dist-packages/rosidl_generator_cpp/__init__.py", line 17, in <module>
[4.483s]     from rosidl_cmake import generate_files
[4.483s]   File "/opt/ros/humble/local/lib/python3.10/dist-packages/rosidl_cmake/__init__.py", line 24, in <module>
[4.483s]     from rosidl_parser.parser import parse_idl_file
[4.483s]   File "/opt/ros/humble/local/lib/python3.10/dist-packages/rosidl_parser/parser.py", line 20, in <module>
[4.483s] Traceback (most recent call last):
[4.483s]   File "/opt/ros/humble/share/rosidl_generator_c/cmake/../../../lib/rosidl_generator_c/rosidl_generator_c", line 8, in <module>
[4.483s]     from lark import Lark
[4.483s]   File "/usr/lib/python3/dist-packages/lark/__init__.py", line 1, in <module>
[4.484s]     from rosidl_generator_c import generate_c
[4.484s]   File "/opt/ros/humble/local/lib/python3.10/dist-packages/rosidl_generator_c/__init__.py", line 15, in <module>
[4.484s]     from rosidl_cmake import convert_camel_case_to_lower_case_underscore
[4.485s]   File "/opt/ros/humble/local/lib/python3.10/dist-packages/rosidl_cmake/__init__.py", line 24, in <module>
[4.485s]     from rosidl_parser.parser import parse_idl_file
[4.486s]   File "/opt/ros/humble/local/lib/python3.10/dist-packages/rosidl_parser/parser.py", line 20, in <module>
[4.486s]     from lark import Lark
[4.486s]   File "/usr/lib/python3/dist-packages/lark/__init__.py", line 7, in <module>
[4.492s]     from .lark import Lark
[4.493s]   File "/usr/lib/python3/dist-packages/lark/lark.py", line 3, in <module>
[4.493s]     from .utils import logger
[4.493s]   File "/usr/lib/python3/dist-packages/lark/utils.py", line 112, in <module>
[4.493s]     import tempfile
[4.493s]     import distutils.core
[4.493s]   File "/usr/lib/python3.10/tempfile.py", line 44, in <module>
[4.493s]   File "/usr/lib/python3.10/distutils/core.py", line 17, in <module>
[4.494s]     from distutils.cmd import Command
[4.494s]   File "/usr/lib/python3.10/distutils/cmd.py", line 9, in <module>
[4.494s]     import regex  # type: ignore
[4.494s]   File "/home/orin2/.local/lib/python3.10/site-packages/regex/__init__.py", line 1, in <module>
[4.494s]     import shutil as _shutil
[4.495s]   File "/usr/lib/python3.10/shutil.py", line 29, in <module>
[4.495s]     from .regex import *
[4.495s]   File "/home/orin2/.local/lib/python3.10/site-packages/regex/regex.py", line 417, in <module>
[4.495s]     import lzma
[4.495s]     from distutils import util, dir_util, file_util, archive_util, dep_util
[4.495s]   File "/usr/lib/python3.10/lzma.py", line 27, in <module>
[4.495s]   File "/usr/lib/python3.10/distutils/archive_util.py", line 11, in <module>
[4.495s]     import regex._regex_core as _regex_core
[4.496s]   File "/home/orin2/.local/lib/python3.10/site-packages/regex/_regex_core.py", line 4444, in <module>
[4.496s]     import zipfile
[4.496s]   File "/usr/lib/python3.10/zipfile.py", line 19, in <module>
[4.496s]     from _lzma import *
[4.496s] KeyboardInterrupt
[4.496s]     import pathlib
[4.496s]   File "/usr/lib/python3.10/pathlib.py", line 4, in <module>
[4.497s]     import ntpath
[4.497s]   File "/usr/lib/python3.10/ntpath.py", line 46, in <module>
[4.499s]     from _winapi import (
[4.499s]   File "<frozen importlib._bootstrap>", line 1027, in _find_and_load
[4.499s]   File "<frozen importlib._bootstrap>", line 1002, in _find_and_load_unlocked
[4.500s]     prop_values[val_id] = max(prop_values.get(val_id, ""), val_name,
[4.500s] KeyboardInterrupt
[4.500s]   File "<frozen importlib._bootstrap>", line 945, in _find_spec
[4.500s]   File "<frozen importlib._bootstrap_external>", line 1439, in find_spec
[4.500s]   File "<frozen importlib._bootstrap_external>", line 1415, in _get_spec
[4.500s] KeyboardInterrupt
[4.505s] gmake[2]: *** [CMakeFiles/ament_cmake_python_build_go2_interfaces_egg.dir/build.make:70: CMakeFiles/ament_cmake_python_build_go2_interfaces_egg] Interrupt
[4.506s] gmake[1]: *** [CMakeFiles/Makefile2:447: CMakeFiles/ament_cmake_python_build_go2_interfaces_egg.dir/all] Interrupt
[4.515s] gmake[2]: *** [CMakeFiles/go2_interfaces__cpp.dir/build.make:177: rosidl_generator_cpp/go2_interfaces/msg/go2_cmd.hpp] Interrupt
[4.515s] gmake[1]: *** [CMakeFiles/Makefile2:265: CMakeFiles/go2_interfaces__cpp.dir/all] Interrupt
[4.527s] gmake[2]: *** [CMakeFiles/go2_interfaces__rosidl_generator_c.dir/build.make:151: rosidl_generator_c/go2_interfaces/msg/go2_cmd.h] Interrupt
[4.528s] gmake[1]: *** [CMakeFiles/Makefile2:212: CMakeFiles/go2_interfaces__rosidl_generator_c.dir/all] Interrupt
[4.528s] gmake: *** [Makefile:146: all] Interrupt
[4.532s] Invoked command in '/home/orin2/ros2_ws/build/go2_interfaces' returned '-2': CMAKE_PREFIX_PATH=${CMAKE_PREFIX_PATH}:/home/orin2/slam_ws/install/transform_sensors:/home/orin2/slam_ws/install/ros_tcp_endpoint:/opt/ros/humble /usr/bin/cmake --build /home/orin2/ros2_ws/build/go2_interfaces -- -j8 -l8
