[1.568s] Invoking command in '/home/orin2/ros2_ws/src/go2_robot_sdk': AMENT_PREFIX_PATH=/home/orin2/ros2_ws/install/unitree_go:/home/orin2/ros2_ws/install/go2_interfaces:${AMENT_PREFIX_PATH} CMAKE_PREFIX_PATH=/home/orin2/ros2_ws/install/unitree_go:/home/orin2/ros2_ws/install/go2_interfaces:${CMAKE_PREFIX_PATH} LD_LIBRARY_PATH=/home/orin2/ros2_ws/install/unitree_go/lib:/home/orin2/ros2_ws/install/go2_interfaces/lib:/usr/local/cuda-12.2/lib64:/home/orin2/unitree_ros2/cyclonedds_ws/install/unitree_hg/lib:/home/orin2/unitree_ros2/cyclonedds_ws/install/unitree_go/lib:/home/orin2/unitree_ros2/cyclonedds_ws/install/unitree_api/lib:/home/orin2/unitree_ros2/cyclonedds_ws/install/rmw_cyclonedds_cpp/lib:/home/orin2/unitree_ros2/cyclonedds_ws/install/cyclonedds/lib:/usr/local/cuda-12.2/lib64:/home/orin2/go2_ws/install/go2_image_transport/lib:/home/orin2/go2_ws/install/go2_driver/lib:/home/orin2/go2_ws/install/unitree_go/lib:/home/orin2/go2_ws/install/unitree_api/lib:/home/orin2/go2_ws/install/go2_interfaces/lib:/home/orin2/unitree_ros2/install/unitree_hg/lib:/home/orin2/unitree_ros2/install/unitree_go/lib:/home/orin2/unitree_ros2/install/unitree_api/lib:/home/orin2/unitree_ros2/install/rmw_cyclonedds_cpp/lib:/home/orin2/unitree_ros2/install/cyclonedds/lib:/home/orin2/slam_ws/install/visibility_graph_msg/lib:/home/orin2/slam_ws/install/go2_sport_api/lib:/home/orin2/slam_ws/install/unitree_go/lib:/home/orin2/slam_ws/install/unitree_api/lib:/home/orin2/slam_ws/install/livox_sdk2/lib:/home/orin2/slam_ws/install/livox_ros_driver2/lib:/home/orin2/ws_livox/install/livox_ros_driver2/lib:/opt/ros/humble/opt/rviz_ogre_vendor/lib:/opt/ros/humble/lib/aarch64-linux-gnu:/opt/ros/humble/lib:/usr/local/cuda-12.2/lib64 PYTHONPATH=/home/orin2/ros2_ws/build/go2_robot_sdk/prefix_override:/usr/lib/python3/dist-packages/colcon_core/task/python/colcon_distutils_commands:/home/orin2/ros2_ws/install/go2_robot_sdk/lib/python3.10/site-packages:/home/orin2/ros2_ws/install/unitree_go/local/lib/python3.10/dist-packages:/home/orin2/ros2_ws/install/go2_interfaces/local/lib/python3.10/dist-packages:${PYTHONPATH} /usr/bin/python3 -W ignore:setup.py install is deprecated -W ignore:easy_install command is deprecated setup.py egg_info --egg-base ../../build/go2_robot_sdk build --build-base /home/orin2/ros2_ws/build/go2_robot_sdk/build install --record /home/orin2/ros2_ws/build/go2_robot_sdk/install.log --single-version-externally-managed install_data
[2.110s] running egg_info
[2.110s] creating ../../build/go2_robot_sdk/go2_robot_sdk.egg-info
[2.111s] writing ../../build/go2_robot_sdk/go2_robot_sdk.egg-info/PKG-INFO
[2.111s] writing dependency_links to ../../build/go2_robot_sdk/go2_robot_sdk.egg-info/dependency_links.txt
[2.111s] writing entry points to ../../build/go2_robot_sdk/go2_robot_sdk.egg-info/entry_points.txt
[2.112s] writing requirements to ../../build/go2_robot_sdk/go2_robot_sdk.egg-info/requires.txt
[2.112s] writing top-level names to ../../build/go2_robot_sdk/go2_robot_sdk.egg-info/top_level.txt
[2.115s] writing manifest file '../../build/go2_robot_sdk/go2_robot_sdk.egg-info/SOURCES.txt'
[2.119s] reading manifest file '../../build/go2_robot_sdk/go2_robot_sdk.egg-info/SOURCES.txt'
[2.119s] adding license file 'LICENSE'
[2.120s] writing manifest file '../../build/go2_robot_sdk/go2_robot_sdk.egg-info/SOURCES.txt'
[2.121s] running build
[2.121s] running build_py
[2.121s] creating /home/orin2/ros2_ws/build/go2_robot_sdk/build
[2.122s] creating /home/orin2/ros2_ws/build/go2_robot_sdk/build/lib
[2.122s] creating /home/orin2/ros2_ws/build/go2_robot_sdk/build/lib/scripts
[2.122s] copying scripts/webrtc_driver.py -> /home/orin2/ros2_ws/build/go2_robot_sdk/build/lib/scripts
[2.123s] copying scripts/go2_constants.py -> /home/orin2/ros2_ws/build/go2_robot_sdk/build/lib/scripts
[2.123s] copying scripts/go2_math.py -> /home/orin2/ros2_ws/build/go2_robot_sdk/build/lib/scripts
[2.123s] copying scripts/go2_func.py -> /home/orin2/ros2_ws/build/go2_robot_sdk/build/lib/scripts
[2.123s] copying scripts/__init__.py -> /home/orin2/ros2_ws/build/go2_robot_sdk/build/lib/scripts
[2.124s] copying scripts/go2_camerainfo.py -> /home/orin2/ros2_ws/build/go2_robot_sdk/build/lib/scripts
[2.124s] copying scripts/go2_lidar_decoder.py -> /home/orin2/ros2_ws/build/go2_robot_sdk/build/lib/scripts
[2.124s] creating /home/orin2/ros2_ws/build/go2_robot_sdk/build/lib/go2_robot_sdk
[2.124s] copying go2_robot_sdk/tts.py -> /home/orin2/ros2_ws/build/go2_robot_sdk/build/lib/go2_robot_sdk
[2.125s] copying go2_robot_sdk/go2_driver_node.py -> /home/orin2/ros2_ws/build/go2_robot_sdk/build/lib/go2_robot_sdk
[2.125s] copying go2_robot_sdk/__init__.py -> /home/orin2/ros2_ws/build/go2_robot_sdk/build/lib/go2_robot_sdk
[2.125s] copying go2_robot_sdk/lidar_to_point.py -> /home/orin2/ros2_ws/build/go2_robot_sdk/build/lib/go2_robot_sdk
[2.125s] running install
[2.126s] running install_lib
[2.127s] creating /home/orin2/ros2_ws/install/go2_robot_sdk/lib/python3.10/site-packages/scripts
[2.127s] copying /home/orin2/ros2_ws/build/go2_robot_sdk/build/lib/scripts/webrtc_driver.py -> /home/orin2/ros2_ws/install/go2_robot_sdk/lib/python3.10/site-packages/scripts
[2.128s] copying /home/orin2/ros2_ws/build/go2_robot_sdk/build/lib/scripts/go2_constants.py -> /home/orin2/ros2_ws/install/go2_robot_sdk/lib/python3.10/site-packages/scripts
[2.128s] copying /home/orin2/ros2_ws/build/go2_robot_sdk/build/lib/scripts/go2_math.py -> /home/orin2/ros2_ws/install/go2_robot_sdk/lib/python3.10/site-packages/scripts
[2.128s] copying /home/orin2/ros2_ws/build/go2_robot_sdk/build/lib/scripts/go2_func.py -> /home/orin2/ros2_ws/install/go2_robot_sdk/lib/python3.10/site-packages/scripts
[2.129s] copying /home/orin2/ros2_ws/build/go2_robot_sdk/build/lib/scripts/__init__.py -> /home/orin2/ros2_ws/install/go2_robot_sdk/lib/python3.10/site-packages/scripts
[2.129s] copying /home/orin2/ros2_ws/build/go2_robot_sdk/build/lib/scripts/go2_camerainfo.py -> /home/orin2/ros2_ws/install/go2_robot_sdk/lib/python3.10/site-packages/scripts
[2.129s] copying /home/orin2/ros2_ws/build/go2_robot_sdk/build/lib/scripts/go2_lidar_decoder.py -> /home/orin2/ros2_ws/install/go2_robot_sdk/lib/python3.10/site-packages/scripts
[2.130s] creating /home/orin2/ros2_ws/install/go2_robot_sdk/lib/python3.10/site-packages/go2_robot_sdk
[2.130s] copying /home/orin2/ros2_ws/build/go2_robot_sdk/build/lib/go2_robot_sdk/tts.py -> /home/orin2/ros2_ws/install/go2_robot_sdk/lib/python3.10/site-packages/go2_robot_sdk
[2.130s] copying /home/orin2/ros2_ws/build/go2_robot_sdk/build/lib/go2_robot_sdk/go2_driver_node.py -> /home/orin2/ros2_ws/install/go2_robot_sdk/lib/python3.10/site-packages/go2_robot_sdk
[2.130s] copying /home/orin2/ros2_ws/build/go2_robot_sdk/build/lib/go2_robot_sdk/__init__.py -> /home/orin2/ros2_ws/install/go2_robot_sdk/lib/python3.10/site-packages/go2_robot_sdk
[2.131s] copying /home/orin2/ros2_ws/build/go2_robot_sdk/build/lib/go2_robot_sdk/lidar_to_point.py -> /home/orin2/ros2_ws/install/go2_robot_sdk/lib/python3.10/site-packages/go2_robot_sdk
[2.131s] byte-compiling /home/orin2/ros2_ws/install/go2_robot_sdk/lib/python3.10/site-packages/scripts/webrtc_driver.py to webrtc_driver.cpython-310.pyc
[2.135s] byte-compiling /home/orin2/ros2_ws/install/go2_robot_sdk/lib/python3.10/site-packages/scripts/go2_constants.py to go2_constants.cpython-310.pyc
[2.135s] byte-compiling /home/orin2/ros2_ws/install/go2_robot_sdk/lib/python3.10/site-packages/scripts/go2_math.py to go2_math.cpython-310.pyc
[2.137s] byte-compiling /home/orin2/ros2_ws/install/go2_robot_sdk/lib/python3.10/site-packages/scripts/go2_func.py to go2_func.cpython-310.pyc
[2.138s] byte-compiling /home/orin2/ros2_ws/install/go2_robot_sdk/lib/python3.10/site-packages/scripts/__init__.py to __init__.cpython-310.pyc
[2.138s] byte-compiling /home/orin2/ros2_ws/install/go2_robot_sdk/lib/python3.10/site-packages/scripts/go2_camerainfo.py to go2_camerainfo.cpython-310.pyc
[2.138s] byte-compiling /home/orin2/ros2_ws/install/go2_robot_sdk/lib/python3.10/site-packages/scripts/go2_lidar_decoder.py to go2_lidar_decoder.cpython-310.pyc
[2.140s] byte-compiling /home/orin2/ros2_ws/install/go2_robot_sdk/lib/python3.10/site-packages/go2_robot_sdk/tts.py to tts.cpython-310.pyc
[2.143s] byte-compiling /home/orin2/ros2_ws/install/go2_robot_sdk/lib/python3.10/site-packages/go2_robot_sdk/go2_driver_node.py to go2_driver_node.cpython-310.pyc
[2.150s] byte-compiling /home/orin2/ros2_ws/install/go2_robot_sdk/lib/python3.10/site-packages/go2_robot_sdk/__init__.py to __init__.cpython-310.pyc
[2.151s] byte-compiling /home/orin2/ros2_ws/install/go2_robot_sdk/lib/python3.10/site-packages/go2_robot_sdk/lidar_to_point.py to lidar_to_point.cpython-310.pyc
[2.152s] running install_data
[2.152s] creating /home/orin2/ros2_ws/install/go2_robot_sdk/share/ament_index
[2.153s] creating /home/orin2/ros2_ws/install/go2_robot_sdk/share/ament_index/resource_index
[2.153s] creating /home/orin2/ros2_ws/install/go2_robot_sdk/share/ament_index/resource_index/packages
[2.153s] copying resource/go2_robot_sdk -> /home/orin2/ros2_ws/install/go2_robot_sdk/share/ament_index/resource_index/packages
[2.153s] copying package.xml -> /home/orin2/ros2_ws/install/go2_robot_sdk/share/go2_robot_sdk
[2.154s] creating /home/orin2/ros2_ws/install/go2_robot_sdk/share/go2_robot_sdk/launch
[2.154s] copying launch/robot.launch.py -> /home/orin2/ros2_ws/install/go2_robot_sdk/share/go2_robot_sdk/launch
[2.154s] copying launch/webrtc_web.launch.py -> /home/orin2/ros2_ws/install/go2_robot_sdk/share/go2_robot_sdk/launch
[2.154s] creating /home/orin2/ros2_ws/install/go2_robot_sdk/share/go2_robot_sdk/urdf
[2.155s] copying urdf/go2.urdf -> /home/orin2/ros2_ws/install/go2_robot_sdk/share/go2_robot_sdk/urdf
[2.155s] copying urdf/go2_on_steroids.urdf -> /home/orin2/ros2_ws/install/go2_robot_sdk/share/go2_robot_sdk/urdf
[2.155s] copying urdf/multi_go2.urdf -> /home/orin2/ros2_ws/install/go2_robot_sdk/share/go2_robot_sdk/urdf
[2.155s] copying urdf/go2_with_realsense.urdf -> /home/orin2/ros2_ws/install/go2_robot_sdk/share/go2_robot_sdk/urdf
[2.156s] creating /home/orin2/ros2_ws/install/go2_robot_sdk/share/go2_robot_sdk/dae
[2.156s] copying dae/foot.dae -> /home/orin2/ros2_ws/install/go2_robot_sdk/share/go2_robot_sdk/dae
[2.156s] copying dae/hip.dae -> /home/orin2/ros2_ws/install/go2_robot_sdk/share/go2_robot_sdk/dae
[2.163s] copying dae/calf_mirror.dae -> /home/orin2/ros2_ws/install/go2_robot_sdk/share/go2_robot_sdk/dae
[2.166s] copying dae/base.dae -> /home/orin2/ros2_ws/install/go2_robot_sdk/share/go2_robot_sdk/dae
[2.183s] copying dae/thigh_mirror.dae -> /home/orin2/ros2_ws/install/go2_robot_sdk/share/go2_robot_sdk/dae
[2.189s] copying dae/thigh.dae -> /home/orin2/ros2_ws/install/go2_robot_sdk/share/go2_robot_sdk/dae
[2.195s] copying dae/calf.dae -> /home/orin2/ros2_ws/install/go2_robot_sdk/share/go2_robot_sdk/dae
[2.197s] creating /home/orin2/ros2_ws/install/go2_robot_sdk/share/go2_robot_sdk/meshes
[2.197s] copying meshes/front_d_camera.STL -> /home/orin2/ros2_ws/install/go2_robot_sdk/share/go2_robot_sdk/meshes
[2.198s] copying meshes/left_d_camera.STL -> /home/orin2/ros2_ws/install/go2_robot_sdk/share/go2_robot_sdk/meshes
[2.198s] copying meshes/base.STL -> /home/orin2/ros2_ws/install/go2_robot_sdk/share/go2_robot_sdk/meshes
[2.213s] copying meshes/lidar_link.STL -> /home/orin2/ros2_ws/install/go2_robot_sdk/share/go2_robot_sdk/meshes
[2.214s] copying meshes/right_d_camera.STL -> /home/orin2/ros2_ws/install/go2_robot_sdk/share/go2_robot_sdk/meshes
[2.214s] creating /home/orin2/ros2_ws/install/go2_robot_sdk/share/go2_robot_sdk/config
[2.214s] copying config/mapper_params_online_async.yaml -> /home/orin2/ros2_ws/install/go2_robot_sdk/share/go2_robot_sdk/config
[2.215s] copying config/nav2_params.yaml -> /home/orin2/ros2_ws/install/go2_robot_sdk/share/go2_robot_sdk/config
[2.215s] copying config/twist_mux.yaml -> /home/orin2/ros2_ws/install/go2_robot_sdk/share/go2_robot_sdk/config
[2.215s] copying config/cyclonedds_config.rviz -> /home/orin2/ros2_ws/install/go2_robot_sdk/share/go2_robot_sdk/config
[2.216s] copying config/multi_robot_conf.rviz -> /home/orin2/ros2_ws/install/go2_robot_sdk/share/go2_robot_sdk/config
[2.216s] copying config/joystick.yaml -> /home/orin2/ros2_ws/install/go2_robot_sdk/share/go2_robot_sdk/config
[2.216s] copying config/single_robot_conf.rviz -> /home/orin2/ros2_ws/install/go2_robot_sdk/share/go2_robot_sdk/config
[2.217s] creating /home/orin2/ros2_ws/install/go2_robot_sdk/share/go2_robot_sdk/calibration
[2.217s] copying calibration/front_camera.yaml -> /home/orin2/ros2_ws/install/go2_robot_sdk/share/go2_robot_sdk/calibration
[2.217s] creating /home/orin2/ros2_ws/install/go2_robot_sdk/share/go2_robot_sdk/external_lib
[2.217s] copying external_lib/libvoxel.wasm -> /home/orin2/ros2_ws/install/go2_robot_sdk/share/go2_robot_sdk/external_lib
[2.218s] creating /home/orin2/ros2_ws/install/go2_robot_sdk/share/go2_robot_sdk/external_lib/aioice
[2.218s] copying external_lib/aioice/src/aioice/stun.py -> /home/orin2/ros2_ws/install/go2_robot_sdk/share/go2_robot_sdk/external_lib/aioice
[2.218s] copying external_lib/aioice/src/aioice/ice.py -> /home/orin2/ros2_ws/install/go2_robot_sdk/share/go2_robot_sdk/external_lib/aioice
[2.218s] copying external_lib/aioice/src/aioice/utils.py -> /home/orin2/ros2_ws/install/go2_robot_sdk/share/go2_robot_sdk/external_lib/aioice
[2.219s] copying external_lib/aioice/src/aioice/mdns.py -> /home/orin2/ros2_ws/install/go2_robot_sdk/share/go2_robot_sdk/external_lib/aioice
[2.219s] copying external_lib/aioice/src/aioice/__init__.py -> /home/orin2/ros2_ws/install/go2_robot_sdk/share/go2_robot_sdk/external_lib/aioice
[2.219s] copying external_lib/aioice/src/aioice/candidate.py -> /home/orin2/ros2_ws/install/go2_robot_sdk/share/go2_robot_sdk/external_lib/aioice
[2.219s] copying external_lib/aioice/src/aioice/py.typed -> /home/orin2/ros2_ws/install/go2_robot_sdk/share/go2_robot_sdk/external_lib/aioice
[2.219s] copying external_lib/aioice/src/aioice/turn.py -> /home/orin2/ros2_ws/install/go2_robot_sdk/share/go2_robot_sdk/external_lib/aioice
[2.220s] running install_egg_info
[2.222s] Copying ../../build/go2_robot_sdk/go2_robot_sdk.egg-info to /home/orin2/ros2_ws/install/go2_robot_sdk/lib/python3.10/site-packages/go2_robot_sdk-0.0.0-py3.10.egg-info
[2.223s] running install_scripts
[2.264s] Installing go2_driver_node script to /home/orin2/ros2_ws/install/go2_robot_sdk/lib/go2_robot_sdk
[2.265s] Installing lidar_to_pointcloud script to /home/orin2/ros2_ws/install/go2_robot_sdk/lib/go2_robot_sdk
[2.265s] Installing tts_node script to /home/orin2/ros2_ws/install/go2_robot_sdk/lib/go2_robot_sdk
[2.266s] writing list of installed files to '/home/orin2/ros2_ws/build/go2_robot_sdk/install.log'
[2.331s] Invoked command in '/home/orin2/ros2_ws/src/go2_robot_sdk' returned '0': AMENT_PREFIX_PATH=/home/orin2/ros2_ws/install/unitree_go:/home/orin2/ros2_ws/install/go2_interfaces:${AMENT_PREFIX_PATH} CMAKE_PREFIX_PATH=/home/orin2/ros2_ws/install/unitree_go:/home/orin2/ros2_ws/install/go2_interfaces:${CMAKE_PREFIX_PATH} LD_LIBRARY_PATH=/home/orin2/ros2_ws/install/unitree_go/lib:/home/orin2/ros2_ws/install/go2_interfaces/lib:/usr/local/cuda-12.2/lib64:/home/orin2/unitree_ros2/cyclonedds_ws/install/unitree_hg/lib:/home/orin2/unitree_ros2/cyclonedds_ws/install/unitree_go/lib:/home/orin2/unitree_ros2/cyclonedds_ws/install/unitree_api/lib:/home/orin2/unitree_ros2/cyclonedds_ws/install/rmw_cyclonedds_cpp/lib:/home/orin2/unitree_ros2/cyclonedds_ws/install/cyclonedds/lib:/usr/local/cuda-12.2/lib64:/home/orin2/go2_ws/install/go2_image_transport/lib:/home/orin2/go2_ws/install/go2_driver/lib:/home/orin2/go2_ws/install/unitree_go/lib:/home/orin2/go2_ws/install/unitree_api/lib:/home/orin2/go2_ws/install/go2_interfaces/lib:/home/orin2/unitree_ros2/install/unitree_hg/lib:/home/orin2/unitree_ros2/install/unitree_go/lib:/home/orin2/unitree_ros2/install/unitree_api/lib:/home/orin2/unitree_ros2/install/rmw_cyclonedds_cpp/lib:/home/orin2/unitree_ros2/install/cyclonedds/lib:/home/orin2/slam_ws/install/visibility_graph_msg/lib:/home/orin2/slam_ws/install/go2_sport_api/lib:/home/orin2/slam_ws/install/unitree_go/lib:/home/orin2/slam_ws/install/unitree_api/lib:/home/orin2/slam_ws/install/livox_sdk2/lib:/home/orin2/slam_ws/install/livox_ros_driver2/lib:/home/orin2/ws_livox/install/livox_ros_driver2/lib:/opt/ros/humble/opt/rviz_ogre_vendor/lib:/opt/ros/humble/lib/aarch64-linux-gnu:/opt/ros/humble/lib:/usr/local/cuda-12.2/lib64 PYTHONPATH=/home/orin2/ros2_ws/build/go2_robot_sdk/prefix_override:/usr/lib/python3/dist-packages/colcon_core/task/python/colcon_distutils_commands:/home/orin2/ros2_ws/install/go2_robot_sdk/lib/python3.10/site-packages:/home/orin2/ros2_ws/install/unitree_go/local/lib/python3.10/dist-packages:/home/orin2/ros2_ws/install/go2_interfaces/local/lib/python3.10/dist-packages:${PYTHONPATH} /usr/bin/python3 -W ignore:setup.py install is deprecated -W ignore:easy_install command is deprecated setup.py egg_info --egg-base ../../build/go2_robot_sdk build --build-base /home/orin2/ros2_ws/build/go2_robot_sdk/build install --record /home/orin2/ros2_ws/build/go2_robot_sdk/install.log --single-version-externally-managed install_data
