[2.376s] Invoking command in '/home/orin2/ros2_ws/src/coco_detector': PYTHONPATH=/home/orin2/ros2_ws/build/coco_detector/prefix_override:/usr/lib/python3/dist-packages/colcon_core/task/python/colcon_distutils_commands:/home/orin2/ros2_ws/install/coco_detector/lib/python3.10/site-packages:${PYTHONPATH} /usr/bin/python3 -W ignore:setup.py install is deprecated -W ignore:easy_install command is deprecated setup.py egg_info --egg-base ../../build/coco_detector build --build-base /home/orin2/ros2_ws/build/coco_detector/build install --record /home/orin2/ros2_ws/build/coco_detector/install.log --single-version-externally-managed install_data
[2.978s] running egg_info
[2.980s] writing ../../build/coco_detector/coco_detector.egg-info/PKG-INFO
[2.980s] writing dependency_links to ../../build/coco_detector/coco_detector.egg-info/dependency_links.txt
[2.980s] writing entry points to ../../build/coco_detector/coco_detector.egg-info/entry_points.txt
[2.981s] writing requirements to ../../build/coco_detector/coco_detector.egg-info/requires.txt
[2.982s] writing top-level names to ../../build/coco_detector/coco_detector.egg-info/top_level.txt
[2.990s] reading manifest file '../../build/coco_detector/coco_detector.egg-info/SOURCES.txt'
[2.991s] writing manifest file '../../build/coco_detector/coco_detector.egg-info/SOURCES.txt'
[2.991s] running build
[2.991s] running build_py
[2.993s] running install
[2.994s] running install_lib
[2.996s] running install_data
[2.996s] running install_egg_info
[3.000s] removing '/home/orin2/ros2_ws/install/coco_detector/lib/python3.10/site-packages/coco_detector-0.0.0-py3.10.egg-info' (and everything under it)
[3.001s] Copying ../../build/coco_detector/coco_detector.egg-info to /home/orin2/ros2_ws/install/coco_detector/lib/python3.10/site-packages/coco_detector-0.0.0-py3.10.egg-info
[3.003s] running install_scripts
[3.049s] Installing coco_detector_node script to /home/orin2/ros2_ws/install/coco_detector/lib/coco_detector
[3.050s] writing list of installed files to '/home/orin2/ros2_ws/build/coco_detector/install.log'
[3.138s] Invoked command in '/home/orin2/ros2_ws/src/coco_detector' returned '0': PYTHONPATH=/home/orin2/ros2_ws/build/coco_detector/prefix_override:/usr/lib/python3/dist-packages/colcon_core/task/python/colcon_distutils_commands:/home/orin2/ros2_ws/install/coco_detector/lib/python3.10/site-packages:${PYTHONPATH} /usr/bin/python3 -W ignore:setup.py install is deprecated -W ignore:easy_install command is deprecated setup.py egg_info --egg-base ../../build/coco_detector build --build-base /home/orin2/ros2_ws/build/coco_detector/build install --record /home/orin2/ros2_ws/build/coco_detector/install.log --single-version-externally-managed install_data
