[0.223s] DEBUG:colcon:Command line arguments: ['/usr/bin/colcon', 'build', '--allow-overriding', 'go2_interfaces', 'unitree_go']
[0.224s] DEBUG:colcon:Parsed command line arguments: Namespace(log_base=None, log_level=None, verb_name='build', build_base='build', install_base='install', merge_install=False, symlink_install=False, test_result_base=None, continue_on_error=False, executor='parallel', parallel_workers=8, event_handlers=None, ignore_user_meta=False, metas=['./colcon.meta'], base_paths=['.'], packages_ignore=None, packages_ignore_regex=None, paths=None, packages_up_to=None, packages_up_to_regex=None, packages_above=None, packages_above_and_dependencies=None, packages_above_depth=None, packages_select_by_dep=None, packages_skip_by_dep=None, packages_skip_up_to=None, packages_select_build_failed=False, packages_skip_build_finished=False, packages_select_test_failures=False, packages_skip_test_passed=False, packages_select=None, packages_skip=None, packages_select_regex=None, packages_skip_regex=None, packages_start=None, packages_end=None, allow_overriding=['go2_interfaces', 'unitree_go'], cmake_args=None, cmake_target=None, cmake_target_skip_unavailable=False, cmake_clean_cache=False, cmake_clean_first=False, cmake_force_configure=False, ament_cmake_args=None, catkin_cmake_args=None, catkin_skip_building_tests=False, verb_parser=<colcon_defaults.argument_parser.defaults.DefaultArgumentsDecorator object at 0xffffadb1d9c0>, verb_extension=<colcon_core.verb.build.BuildVerb object at 0xffffadcbb7f0>, main=<bound method BuildVerb.main of <colcon_core.verb.build.BuildVerb object at 0xffffadcbb7f0>>)
[0.621s] Level 1:colcon.colcon_core.package_discovery:discover_packages(colcon_meta) check parameters
[0.621s] Level 1:colcon.colcon_core.package_discovery:discover_packages(recursive) check parameters
[0.621s] Level 1:colcon.colcon_core.package_discovery:discover_packages(ignore) check parameters
[0.621s] Level 1:colcon.colcon_core.package_discovery:discover_packages(path) check parameters
[0.621s] Level 1:colcon.colcon_core.package_discovery:discover_packages(colcon_meta) discover
[0.621s] Level 1:colcon.colcon_core.package_discovery:discover_packages(recursive) discover
[0.622s] INFO:colcon.colcon_core.package_discovery:Crawling recursively for packages in '/home/orin2/ros2_ws'
[0.622s] Level 1:colcon.colcon_core.package_identification:_identify(.) by extensions ['ignore', 'ignore_ament_install']
[0.622s] Level 1:colcon.colcon_core.package_identification:_identify(.) by extension 'ignore'
[0.622s] Level 1:colcon.colcon_core.package_identification:_identify(.) by extension 'ignore_ament_install'
[0.622s] Level 1:colcon.colcon_core.package_identification:_identify(.) by extensions ['colcon_pkg']
[0.622s] Level 1:colcon.colcon_core.package_identification:_identify(.) by extension 'colcon_pkg'
[0.622s] Level 1:colcon.colcon_core.package_identification:_identify(.) by extensions ['colcon_meta']
[0.622s] Level 1:colcon.colcon_core.package_identification:_identify(.) by extension 'colcon_meta'
[0.623s] Level 1:colcon.colcon_core.package_identification:_identify(.) by extensions ['ros']
[0.623s] Level 1:colcon.colcon_core.package_identification:_identify(.) by extension 'ros'
[0.643s] Level 1:colcon.colcon_core.package_identification:_identify(.) by extensions ['cmake', 'python']
[0.643s] Level 1:colcon.colcon_core.package_identification:_identify(.) by extension 'cmake'
[0.643s] Level 1:colcon.colcon_core.package_identification:_identify(.) by extension 'python'
[0.643s] Level 1:colcon.colcon_core.package_identification:_identify(.) by extensions ['python_setup_py']
[0.643s] Level 1:colcon.colcon_core.package_identification:_identify(.) by extension 'python_setup_py'
[0.643s] Level 1:colcon.colcon_core.package_identification:_identify(build) by extensions ['ignore', 'ignore_ament_install']
[0.643s] Level 1:colcon.colcon_core.package_identification:_identify(build) by extension 'ignore'
[0.644s] Level 1:colcon.colcon_core.package_identification:_identify(build) ignored
[0.644s] Level 1:colcon.colcon_core.package_identification:_identify(install) by extensions ['ignore', 'ignore_ament_install']
[0.644s] Level 1:colcon.colcon_core.package_identification:_identify(install) by extension 'ignore'
[0.644s] Level 1:colcon.colcon_core.package_identification:_identify(install) ignored
[0.644s] Level 1:colcon.colcon_core.package_identification:_identify(log) by extensions ['ignore', 'ignore_ament_install']
[0.644s] Level 1:colcon.colcon_core.package_identification:_identify(log) by extension 'ignore'
[0.644s] Level 1:colcon.colcon_core.package_identification:_identify(log) ignored
[0.645s] Level 1:colcon.colcon_core.package_identification:_identify(src) by extensions ['ignore', 'ignore_ament_install']
[0.645s] Level 1:colcon.colcon_core.package_identification:_identify(src) by extension 'ignore'
[0.645s] Level 1:colcon.colcon_core.package_identification:_identify(src) by extension 'ignore_ament_install'
[0.645s] Level 1:colcon.colcon_core.package_identification:_identify(src) by extensions ['colcon_pkg']
[0.645s] Level 1:colcon.colcon_core.package_identification:_identify(src) by extension 'colcon_pkg'
[0.645s] Level 1:colcon.colcon_core.package_identification:_identify(src) by extensions ['colcon_meta']
[0.645s] Level 1:colcon.colcon_core.package_identification:_identify(src) by extension 'colcon_meta'
[0.645s] Level 1:colcon.colcon_core.package_identification:_identify(src) by extensions ['ros']
[0.645s] Level 1:colcon.colcon_core.package_identification:_identify(src) by extension 'ros'
[0.645s] Level 1:colcon.colcon_core.package_identification:_identify(src) by extensions ['cmake', 'python']
[0.646s] Level 1:colcon.colcon_core.package_identification:_identify(src) by extension 'cmake'
[0.646s] Level 1:colcon.colcon_core.package_identification:_identify(src) by extension 'python'
[0.646s] Level 1:colcon.colcon_core.package_identification:_identify(src) by extensions ['python_setup_py']
[0.646s] Level 1:colcon.colcon_core.package_identification:_identify(src) by extension 'python_setup_py'
[0.646s] Level 1:colcon.colcon_core.package_identification:_identify(src/coco_detector) by extensions ['ignore', 'ignore_ament_install']
[0.646s] Level 1:colcon.colcon_core.package_identification:_identify(src/coco_detector) by extension 'ignore'
[0.646s] Level 1:colcon.colcon_core.package_identification:_identify(src/coco_detector) by extension 'ignore_ament_install'
[0.646s] Level 1:colcon.colcon_core.package_identification:_identify(src/coco_detector) by extensions ['colcon_pkg']
[0.646s] Level 1:colcon.colcon_core.package_identification:_identify(src/coco_detector) by extension 'colcon_pkg'
[0.646s] Level 1:colcon.colcon_core.package_identification:_identify(src/coco_detector) by extensions ['colcon_meta']
[0.647s] Level 1:colcon.colcon_core.package_identification:_identify(src/coco_detector) by extension 'colcon_meta'
[0.647s] Level 1:colcon.colcon_core.package_identification:_identify(src/coco_detector) by extensions ['ros']
[0.647s] Level 1:colcon.colcon_core.package_identification:_identify(src/coco_detector) by extension 'ros'
[0.653s] DEBUG:colcon.colcon_core.package_identification:Package 'src/coco_detector' with type 'ros.ament_python' and name 'coco_detector'
[0.653s] Level 1:colcon.colcon_core.package_identification:_identify(src/doc_images) by extensions ['ignore', 'ignore_ament_install']
[0.654s] Level 1:colcon.colcon_core.package_identification:_identify(src/doc_images) by extension 'ignore'
[0.654s] Level 1:colcon.colcon_core.package_identification:_identify(src/doc_images) by extension 'ignore_ament_install'
[0.654s] Level 1:colcon.colcon_core.package_identification:_identify(src/doc_images) by extensions ['colcon_pkg']
[0.654s] Level 1:colcon.colcon_core.package_identification:_identify(src/doc_images) by extension 'colcon_pkg'
[0.654s] Level 1:colcon.colcon_core.package_identification:_identify(src/doc_images) by extensions ['colcon_meta']
[0.654s] Level 1:colcon.colcon_core.package_identification:_identify(src/doc_images) by extension 'colcon_meta'
[0.654s] Level 1:colcon.colcon_core.package_identification:_identify(src/doc_images) by extensions ['ros']
[0.654s] Level 1:colcon.colcon_core.package_identification:_identify(src/doc_images) by extension 'ros'
[0.654s] Level 1:colcon.colcon_core.package_identification:_identify(src/doc_images) by extensions ['cmake', 'python']
[0.654s] Level 1:colcon.colcon_core.package_identification:_identify(src/doc_images) by extension 'cmake'
[0.655s] Level 1:colcon.colcon_core.package_identification:_identify(src/doc_images) by extension 'python'
[0.655s] Level 1:colcon.colcon_core.package_identification:_identify(src/doc_images) by extensions ['python_setup_py']
[0.655s] Level 1:colcon.colcon_core.package_identification:_identify(src/doc_images) by extension 'python_setup_py'
[0.655s] Level 1:colcon.colcon_core.package_identification:_identify(src/docker) by extensions ['ignore', 'ignore_ament_install']
[0.655s] Level 1:colcon.colcon_core.package_identification:_identify(src/docker) by extension 'ignore'
[0.655s] Level 1:colcon.colcon_core.package_identification:_identify(src/docker) by extension 'ignore_ament_install'
[0.655s] Level 1:colcon.colcon_core.package_identification:_identify(src/docker) by extensions ['colcon_pkg']
[0.655s] Level 1:colcon.colcon_core.package_identification:_identify(src/docker) by extension 'colcon_pkg'
[0.655s] Level 1:colcon.colcon_core.package_identification:_identify(src/docker) by extensions ['colcon_meta']
[0.655s] Level 1:colcon.colcon_core.package_identification:_identify(src/docker) by extension 'colcon_meta'
[0.656s] Level 1:colcon.colcon_core.package_identification:_identify(src/docker) by extensions ['ros']
[0.656s] Level 1:colcon.colcon_core.package_identification:_identify(src/docker) by extension 'ros'
[0.656s] Level 1:colcon.colcon_core.package_identification:_identify(src/docker) by extensions ['cmake', 'python']
[0.656s] Level 1:colcon.colcon_core.package_identification:_identify(src/docker) by extension 'cmake'
[0.656s] Level 1:colcon.colcon_core.package_identification:_identify(src/docker) by extension 'python'
[0.656s] Level 1:colcon.colcon_core.package_identification:_identify(src/docker) by extensions ['python_setup_py']
[0.656s] Level 1:colcon.colcon_core.package_identification:_identify(src/docker) by extension 'python_setup_py'
[0.656s] Level 1:colcon.colcon_core.package_identification:_identify(src/go2_interfaces) by extensions ['ignore', 'ignore_ament_install']
[0.656s] Level 1:colcon.colcon_core.package_identification:_identify(src/go2_interfaces) by extension 'ignore'
[0.656s] Level 1:colcon.colcon_core.package_identification:_identify(src/go2_interfaces) by extension 'ignore_ament_install'
[0.657s] Level 1:colcon.colcon_core.package_identification:_identify(src/go2_interfaces) by extensions ['colcon_pkg']
[0.657s] Level 1:colcon.colcon_core.package_identification:_identify(src/go2_interfaces) by extension 'colcon_pkg'
[0.657s] Level 1:colcon.colcon_core.package_identification:_identify(src/go2_interfaces) by extensions ['colcon_meta']
[0.657s] Level 1:colcon.colcon_core.package_identification:_identify(src/go2_interfaces) by extension 'colcon_meta'
[0.657s] Level 1:colcon.colcon_core.package_identification:_identify(src/go2_interfaces) by extensions ['ros']
[0.657s] Level 1:colcon.colcon_core.package_identification:_identify(src/go2_interfaces) by extension 'ros'
[0.658s] DEBUG:colcon.colcon_core.package_identification:Package 'src/go2_interfaces' with type 'ros.ament_cmake' and name 'go2_interfaces'
[0.658s] Level 1:colcon.colcon_core.package_identification:_identify(src/go2_robot_sdk) by extensions ['ignore', 'ignore_ament_install']
[0.658s] Level 1:colcon.colcon_core.package_identification:_identify(src/go2_robot_sdk) by extension 'ignore'
[0.658s] Level 1:colcon.colcon_core.package_identification:_identify(src/go2_robot_sdk) by extension 'ignore_ament_install'
[0.659s] Level 1:colcon.colcon_core.package_identification:_identify(src/go2_robot_sdk) by extensions ['colcon_pkg']
[0.659s] Level 1:colcon.colcon_core.package_identification:_identify(src/go2_robot_sdk) by extension 'colcon_pkg'
[0.659s] Level 1:colcon.colcon_core.package_identification:_identify(src/go2_robot_sdk) by extensions ['colcon_meta']
[0.659s] Level 1:colcon.colcon_core.package_identification:_identify(src/go2_robot_sdk) by extension 'colcon_meta'
[0.659s] Level 1:colcon.colcon_core.package_identification:_identify(src/go2_robot_sdk) by extensions ['ros']
[0.659s] Level 1:colcon.colcon_core.package_identification:_identify(src/go2_robot_sdk) by extension 'ros'
[0.661s] DEBUG:colcon.colcon_core.package_identification:Package 'src/go2_robot_sdk' with type 'ros.ament_python' and name 'go2_robot_sdk'
[0.661s] Level 1:colcon.colcon_core.package_identification:_identify(src/unitree_go) by extensions ['ignore', 'ignore_ament_install']
[0.661s] Level 1:colcon.colcon_core.package_identification:_identify(src/unitree_go) by extension 'ignore'
[0.661s] Level 1:colcon.colcon_core.package_identification:_identify(src/unitree_go) by extension 'ignore_ament_install'
[0.661s] Level 1:colcon.colcon_core.package_identification:_identify(src/unitree_go) by extensions ['colcon_pkg']
[0.661s] Level 1:colcon.colcon_core.package_identification:_identify(src/unitree_go) by extension 'colcon_pkg'
[0.661s] Level 1:colcon.colcon_core.package_identification:_identify(src/unitree_go) by extensions ['colcon_meta']
[0.661s] Level 1:colcon.colcon_core.package_identification:_identify(src/unitree_go) by extension 'colcon_meta'
[0.661s] Level 1:colcon.colcon_core.package_identification:_identify(src/unitree_go) by extensions ['ros']
[0.661s] Level 1:colcon.colcon_core.package_identification:_identify(src/unitree_go) by extension 'ros'
[0.686s] DEBUG:colcon.colcon_core.package_identification:Package 'src/unitree_go' with type 'ros.ament_cmake' and name 'unitree_go'
[0.687s] Level 1:colcon.colcon_core.package_discovery:discover_packages(recursive) using defaults
[0.687s] Level 1:colcon.colcon_core.package_discovery:discover_packages(ignore) discover
[0.687s] Level 1:colcon.colcon_core.package_discovery:discover_packages(ignore) using defaults
[0.687s] Level 1:colcon.colcon_core.package_discovery:discover_packages(path) discover
[0.687s] Level 1:colcon.colcon_core.package_discovery:discover_packages(path) using defaults
[0.728s] Level 1:colcon.colcon_core.package_discovery:discover_packages(prefix_path) check parameters
[0.728s] Level 1:colcon.colcon_core.package_discovery:discover_packages(prefix_path) discover
[0.731s] WARNING:colcon.colcon_ros.prefix_path.ament:The path '/home/orin2/unitree_ros2/install/unitree_hg' in the environment variable AMENT_PREFIX_PATH doesn't exist
[0.731s] WARNING:colcon.colcon_ros.prefix_path.ament:The path '/home/orin2/unitree_ros2/install/unitree_go' in the environment variable AMENT_PREFIX_PATH doesn't exist
[0.731s] WARNING:colcon.colcon_ros.prefix_path.ament:The path '/home/orin2/unitree_ros2/install/unitree_api' in the environment variable AMENT_PREFIX_PATH doesn't exist
[0.731s] WARNING:colcon.colcon_ros.prefix_path.ament:The path '/home/orin2/unitree_ros2/install/rmw_cyclonedds_cpp' in the environment variable AMENT_PREFIX_PATH doesn't exist
[0.734s] WARNING:colcon.colcon_ros.prefix_path.catkin:The path '/home/orin2/unitree_ros2/install/unitree_hg' in the environment variable CMAKE_PREFIX_PATH doesn't exist
[0.734s] WARNING:colcon.colcon_ros.prefix_path.catkin:The path '/home/orin2/unitree_ros2/install/unitree_go' in the environment variable CMAKE_PREFIX_PATH doesn't exist
[0.734s] WARNING:colcon.colcon_ros.prefix_path.catkin:The path '/home/orin2/unitree_ros2/install/unitree_api' in the environment variable CMAKE_PREFIX_PATH doesn't exist
[0.734s] WARNING:colcon.colcon_ros.prefix_path.catkin:The path '/home/orin2/unitree_ros2/install/rmw_cyclonedds_cpp' in the environment variable CMAKE_PREFIX_PATH doesn't exist
[0.734s] WARNING:colcon.colcon_ros.prefix_path.catkin:The path '/home/orin2/unitree_ros2/install/cyclonedds' in the environment variable CMAKE_PREFIX_PATH doesn't exist
[0.734s] WARNING:colcon.colcon_ros.prefix_path.catkin:The path '/home/orin2/unitree_ros2/cyclonedds_ws/src/cyclonedds/install' in the environment variable CMAKE_PREFIX_PATH doesn't exist
[0.736s] DEBUG:colcon.colcon_installed_package_information.package_discovery:Found 4 installed packages in /home/orin2/ros2_ws/install
[0.737s] DEBUG:colcon.colcon_installed_package_information.package_discovery:Found 5 installed packages in /home/orin2/unitree_ros2/cyclonedds_ws/install
[0.738s] DEBUG:colcon.colcon_installed_package_information.package_discovery:Found 13 installed packages in /home/orin2/go2_ws/install
[0.741s] DEBUG:colcon.colcon_installed_package_information.package_discovery:Found 29 installed packages in /home/orin2/slam_ws/install
[0.742s] DEBUG:colcon.colcon_installed_package_information.package_discovery:Found 1 installed packages in /home/orin2/ws_livox/install
[0.745s] DEBUG:colcon.colcon_installed_package_information.package_discovery:Found 328 installed packages in /opt/ros/humble
[0.747s] Level 1:colcon.colcon_core.package_discovery:discover_packages(prefix_path) using defaults
[0.831s] Level 5:colcon.colcon_core.verb:set package 'coco_detector' build argument 'cmake_args' from command line to 'None'
[0.831s] Level 5:colcon.colcon_core.verb:set package 'coco_detector' build argument 'cmake_target' from command line to 'None'
[0.832s] Level 5:colcon.colcon_core.verb:set package 'coco_detector' build argument 'cmake_target_skip_unavailable' from command line to 'False'
[0.832s] Level 5:colcon.colcon_core.verb:set package 'coco_detector' build argument 'cmake_clean_cache' from command line to 'False'
[0.832s] Level 5:colcon.colcon_core.verb:set package 'coco_detector' build argument 'cmake_clean_first' from command line to 'False'
[0.832s] Level 5:colcon.colcon_core.verb:set package 'coco_detector' build argument 'cmake_force_configure' from command line to 'False'
[0.832s] Level 5:colcon.colcon_core.verb:set package 'coco_detector' build argument 'ament_cmake_args' from command line to 'None'
[0.832s] Level 5:colcon.colcon_core.verb:set package 'coco_detector' build argument 'catkin_cmake_args' from command line to 'None'
[0.832s] Level 5:colcon.colcon_core.verb:set package 'coco_detector' build argument 'catkin_skip_building_tests' from command line to 'False'
[0.832s] DEBUG:colcon.colcon_core.verb:Building package 'coco_detector' with the following arguments: {'ament_cmake_args': None, 'build_base': '/home/orin2/ros2_ws/build/coco_detector', 'catkin_cmake_args': None, 'catkin_skip_building_tests': False, 'cmake_args': None, 'cmake_clean_cache': False, 'cmake_clean_first': False, 'cmake_force_configure': False, 'cmake_target': None, 'cmake_target_skip_unavailable': False, 'install_base': '/home/orin2/ros2_ws/install/coco_detector', 'merge_install': False, 'path': '/home/orin2/ros2_ws/src/coco_detector', 'symlink_install': False, 'test_result_base': None}
[0.832s] Level 5:colcon.colcon_core.verb:set package 'go2_interfaces' build argument 'cmake_args' from command line to 'None'
[0.833s] Level 5:colcon.colcon_core.verb:set package 'go2_interfaces' build argument 'cmake_target' from command line to 'None'
[0.833s] Level 5:colcon.colcon_core.verb:set package 'go2_interfaces' build argument 'cmake_target_skip_unavailable' from command line to 'False'
[0.833s] Level 5:colcon.colcon_core.verb:set package 'go2_interfaces' build argument 'cmake_clean_cache' from command line to 'False'
[0.833s] Level 5:colcon.colcon_core.verb:set package 'go2_interfaces' build argument 'cmake_clean_first' from command line to 'False'
[0.833s] Level 5:colcon.colcon_core.verb:set package 'go2_interfaces' build argument 'cmake_force_configure' from command line to 'False'
[0.833s] Level 5:colcon.colcon_core.verb:set package 'go2_interfaces' build argument 'ament_cmake_args' from command line to 'None'
[0.833s] Level 5:colcon.colcon_core.verb:set package 'go2_interfaces' build argument 'catkin_cmake_args' from command line to 'None'
[0.833s] Level 5:colcon.colcon_core.verb:set package 'go2_interfaces' build argument 'catkin_skip_building_tests' from command line to 'False'
[0.833s] DEBUG:colcon.colcon_core.verb:Building package 'go2_interfaces' with the following arguments: {'ament_cmake_args': None, 'build_base': '/home/orin2/ros2_ws/build/go2_interfaces', 'catkin_cmake_args': None, 'catkin_skip_building_tests': False, 'cmake_args': None, 'cmake_clean_cache': False, 'cmake_clean_first': False, 'cmake_force_configure': False, 'cmake_target': None, 'cmake_target_skip_unavailable': False, 'install_base': '/home/orin2/ros2_ws/install/go2_interfaces', 'merge_install': False, 'path': '/home/orin2/ros2_ws/src/go2_interfaces', 'symlink_install': False, 'test_result_base': None}
[0.833s] Level 5:colcon.colcon_core.verb:set package 'unitree_go' build argument 'cmake_args' from command line to 'None'
[0.834s] Level 5:colcon.colcon_core.verb:set package 'unitree_go' build argument 'cmake_target' from command line to 'None'
[0.834s] Level 5:colcon.colcon_core.verb:set package 'unitree_go' build argument 'cmake_target_skip_unavailable' from command line to 'False'
[0.834s] Level 5:colcon.colcon_core.verb:set package 'unitree_go' build argument 'cmake_clean_cache' from command line to 'False'
[0.834s] Level 5:colcon.colcon_core.verb:set package 'unitree_go' build argument 'cmake_clean_first' from command line to 'False'
[0.834s] Level 5:colcon.colcon_core.verb:set package 'unitree_go' build argument 'cmake_force_configure' from command line to 'False'
[0.834s] Level 5:colcon.colcon_core.verb:set package 'unitree_go' build argument 'ament_cmake_args' from command line to 'None'
[0.834s] Level 5:colcon.colcon_core.verb:set package 'unitree_go' build argument 'catkin_cmake_args' from command line to 'None'
[0.834s] Level 5:colcon.colcon_core.verb:set package 'unitree_go' build argument 'catkin_skip_building_tests' from command line to 'False'
[0.834s] DEBUG:colcon.colcon_core.verb:Building package 'unitree_go' with the following arguments: {'ament_cmake_args': None, 'build_base': '/home/orin2/ros2_ws/build/unitree_go', 'catkin_cmake_args': None, 'catkin_skip_building_tests': False, 'cmake_args': None, 'cmake_clean_cache': False, 'cmake_clean_first': False, 'cmake_force_configure': False, 'cmake_target': None, 'cmake_target_skip_unavailable': False, 'install_base': '/home/orin2/ros2_ws/install/unitree_go', 'merge_install': False, 'path': '/home/orin2/ros2_ws/src/unitree_go', 'symlink_install': False, 'test_result_base': None}
[0.834s] Level 5:colcon.colcon_core.verb:set package 'go2_robot_sdk' build argument 'cmake_args' from command line to 'None'
[0.834s] Level 5:colcon.colcon_core.verb:set package 'go2_robot_sdk' build argument 'cmake_target' from command line to 'None'
[0.835s] Level 5:colcon.colcon_core.verb:set package 'go2_robot_sdk' build argument 'cmake_target_skip_unavailable' from command line to 'False'
[0.835s] Level 5:colcon.colcon_core.verb:set package 'go2_robot_sdk' build argument 'cmake_clean_cache' from command line to 'False'
[0.835s] Level 5:colcon.colcon_core.verb:set package 'go2_robot_sdk' build argument 'cmake_clean_first' from command line to 'False'
[0.835s] Level 5:colcon.colcon_core.verb:set package 'go2_robot_sdk' build argument 'cmake_force_configure' from command line to 'False'
[0.835s] Level 5:colcon.colcon_core.verb:set package 'go2_robot_sdk' build argument 'ament_cmake_args' from command line to 'None'
[0.835s] Level 5:colcon.colcon_core.verb:set package 'go2_robot_sdk' build argument 'catkin_cmake_args' from command line to 'None'
[0.835s] Level 5:colcon.colcon_core.verb:set package 'go2_robot_sdk' build argument 'catkin_skip_building_tests' from command line to 'False'
[0.835s] DEBUG:colcon.colcon_core.verb:Building package 'go2_robot_sdk' with the following arguments: {'ament_cmake_args': None, 'build_base': '/home/orin2/ros2_ws/build/go2_robot_sdk', 'catkin_cmake_args': None, 'catkin_skip_building_tests': False, 'cmake_args': None, 'cmake_clean_cache': False, 'cmake_clean_first': False, 'cmake_force_configure': False, 'cmake_target': None, 'cmake_target_skip_unavailable': False, 'install_base': '/home/orin2/ros2_ws/install/go2_robot_sdk', 'merge_install': False, 'path': '/home/orin2/ros2_ws/src/go2_robot_sdk', 'symlink_install': False, 'test_result_base': None}
[0.835s] INFO:colcon.colcon_core.executor:Executing jobs using 'parallel' executor
[0.837s] DEBUG:colcon.colcon_parallel_executor.executor.parallel:run_until_complete
[0.838s] INFO:colcon.colcon_ros.task.ament_cmake.build:Building ROS package in '/home/orin2/ros2_ws/src/go2_interfaces' with build type 'ament_cmake'
[0.838s] INFO:colcon.colcon_cmake.task.cmake.build:Building CMake package in '/home/orin2/ros2_ws/src/go2_interfaces'
[0.843s] INFO:colcon.colcon_core.plugin_system:Skipping extension 'colcon_core.shell.bat': Not used on non-Windows systems
[0.843s] INFO:colcon.colcon_core.shell:Skip shell extension 'powershell' for command environment: Not usable outside of PowerShell
[0.843s] DEBUG:colcon.colcon_core.shell:Skip shell extension 'dsv' for command environment
[0.859s] INFO:colcon.colcon_ros.task.ament_cmake.build:Building ROS package in '/home/orin2/ros2_ws/src/unitree_go' with build type 'ament_cmake'
[0.859s] INFO:colcon.colcon_cmake.task.cmake.build:Building CMake package in '/home/orin2/ros2_ws/src/unitree_go'
[0.860s] INFO:colcon.colcon_core.shell:Skip shell extension 'powershell' for command environment: Not usable outside of PowerShell
[0.860s] DEBUG:colcon.colcon_core.shell:Skip shell extension 'dsv' for command environment
[0.874s] INFO:colcon.colcon_ros.task.ament_python.build:Building ROS package in '/home/orin2/ros2_ws/src/coco_detector' with build type 'ament_python'
[0.874s] Level 1:colcon.colcon_core.shell:create_environment_hook('coco_detector', 'ament_prefix_path')
[0.875s] INFO:colcon.colcon_core.shell:Creating environment hook '/home/orin2/ros2_ws/install/coco_detector/share/coco_detector/hook/ament_prefix_path.ps1'
[0.876s] INFO:colcon.colcon_core.shell:Creating environment descriptor '/home/orin2/ros2_ws/install/coco_detector/share/coco_detector/hook/ament_prefix_path.dsv'
[0.877s] INFO:colcon.colcon_core.shell:Creating environment hook '/home/orin2/ros2_ws/install/coco_detector/share/coco_detector/hook/ament_prefix_path.sh'
[0.878s] INFO:colcon.colcon_core.shell:Skip shell extension 'powershell' for command environment: Not usable outside of PowerShell
[0.878s] DEBUG:colcon.colcon_core.shell:Skip shell extension 'dsv' for command environment
[0.900s] DEBUG:colcon.colcon_core.event_handler.log_command:Invoking command in '/home/orin2/ros2_ws/build/go2_interfaces': CMAKE_PREFIX_PATH=${CMAKE_PREFIX_PATH}:/home/orin2/ros2_ws/install/go2_robot_sdk:/home/orin2/ros2_ws/install/coco_detector:/home/orin2/slam_ws/install/transform_sensors:/home/orin2/slam_ws/install/ros_tcp_endpoint:/opt/ros/humble /usr/bin/cmake --build /home/orin2/ros2_ws/build/go2_interfaces -- -j8 -l8
[0.909s] DEBUG:colcon.colcon_core.event_handler.log_command:Invoking command in '/home/orin2/ros2_ws/build/unitree_go': CMAKE_PREFIX_PATH=${CMAKE_PREFIX_PATH}:/home/orin2/ros2_ws/install/go2_robot_sdk:/home/orin2/ros2_ws/install/coco_detector:/home/orin2/slam_ws/install/transform_sensors:/home/orin2/slam_ws/install/ros_tcp_endpoint:/opt/ros/humble /usr/bin/cmake --build /home/orin2/ros2_ws/build/unitree_go -- -j8 -l8
[1.561s] INFO:colcon.colcon_core.task.python.build:Building Python package in '/home/orin2/ros2_ws/src/coco_detector'
[1.561s] INFO:colcon.colcon_core.shell:Skip shell extension 'powershell' for command environment: Not usable outside of PowerShell
[1.561s] DEBUG:colcon.colcon_core.shell:Skip shell extension 'dsv' for command environment
[1.808s] DEBUG:colcon.colcon_core.event_handler.log_command:Invoked command in '/home/orin2/ros2_ws/build/go2_interfaces' returned '0': CMAKE_PREFIX_PATH=${CMAKE_PREFIX_PATH}:/home/orin2/ros2_ws/install/go2_robot_sdk:/home/orin2/ros2_ws/install/coco_detector:/home/orin2/slam_ws/install/transform_sensors:/home/orin2/slam_ws/install/ros_tcp_endpoint:/opt/ros/humble /usr/bin/cmake --build /home/orin2/ros2_ws/build/go2_interfaces -- -j8 -l8
[1.833s] DEBUG:colcon.colcon_core.event_handler.log_command:Invoking command in '/home/orin2/ros2_ws/build/go2_interfaces': CMAKE_PREFIX_PATH=${CMAKE_PREFIX_PATH}:/home/orin2/ros2_ws/install/go2_robot_sdk:/home/orin2/ros2_ws/install/coco_detector:/home/orin2/slam_ws/install/transform_sensors:/home/orin2/slam_ws/install/ros_tcp_endpoint:/opt/ros/humble /usr/bin/cmake --install /home/orin2/ros2_ws/build/go2_interfaces
[1.911s] DEBUG:colcon.colcon_core.event_handler.log_command:Invoked command in '/home/orin2/ros2_ws/build/unitree_go' returned '0': CMAKE_PREFIX_PATH=${CMAKE_PREFIX_PATH}:/home/orin2/ros2_ws/install/go2_robot_sdk:/home/orin2/ros2_ws/install/coco_detector:/home/orin2/slam_ws/install/transform_sensors:/home/orin2/slam_ws/install/ros_tcp_endpoint:/opt/ros/humble /usr/bin/cmake --build /home/orin2/ros2_ws/build/unitree_go -- -j8 -l8
[1.915s] DEBUG:colcon.colcon_core.event_handler.log_command:Invoking command in '/home/orin2/ros2_ws/build/unitree_go': CMAKE_PREFIX_PATH=${CMAKE_PREFIX_PATH}:/home/orin2/ros2_ws/install/go2_robot_sdk:/home/orin2/ros2_ws/install/coco_detector:/home/orin2/slam_ws/install/transform_sensors:/home/orin2/slam_ws/install/ros_tcp_endpoint:/opt/ros/humble /usr/bin/cmake --install /home/orin2/ros2_ws/build/unitree_go
[1.963s] Level 1:colcon.colcon_core.environment:create_environment_scripts_only(go2_interfaces)
[1.968s] Level 1:colcon.colcon_core.environment:checking '/home/orin2/ros2_ws/install/go2_interfaces' for CMake module files
[1.969s] Level 1:colcon.colcon_core.environment:checking '/home/orin2/ros2_ws/install/go2_interfaces' for CMake config files
[1.970s] Level 1:colcon.colcon_core.shell:create_environment_hook('go2_interfaces', 'cmake_prefix_path')
[1.971s] INFO:colcon.colcon_core.shell:Creating environment hook '/home/orin2/ros2_ws/install/go2_interfaces/share/go2_interfaces/hook/cmake_prefix_path.ps1'
[1.972s] INFO:colcon.colcon_core.shell:Creating environment descriptor '/home/orin2/ros2_ws/install/go2_interfaces/share/go2_interfaces/hook/cmake_prefix_path.dsv'
[1.974s] INFO:colcon.colcon_core.shell:Creating environment hook '/home/orin2/ros2_ws/install/go2_interfaces/share/go2_interfaces/hook/cmake_prefix_path.sh'
[1.976s] Level 1:colcon.colcon_core.environment:checking '/home/orin2/ros2_ws/install/go2_interfaces/lib'
[1.977s] Level 1:colcon.colcon_core.shell:create_environment_hook('go2_interfaces', 'ld_library_path_lib')
[1.977s] INFO:colcon.colcon_core.shell:Creating environment hook '/home/orin2/ros2_ws/install/go2_interfaces/share/go2_interfaces/hook/ld_library_path_lib.ps1'
[1.979s] INFO:colcon.colcon_core.shell:Creating environment descriptor '/home/orin2/ros2_ws/install/go2_interfaces/share/go2_interfaces/hook/ld_library_path_lib.dsv'
[1.980s] INFO:colcon.colcon_core.shell:Creating environment hook '/home/orin2/ros2_ws/install/go2_interfaces/share/go2_interfaces/hook/ld_library_path_lib.sh'
[1.982s] Level 1:colcon.colcon_core.environment:checking '/home/orin2/ros2_ws/install/go2_interfaces/bin'
[1.982s] Level 1:colcon.colcon_core.environment:checking '/home/orin2/ros2_ws/install/go2_interfaces/lib/pkgconfig/go2_interfaces.pc'
[1.983s] Level 1:colcon.colcon_core.environment:checking '/home/orin2/ros2_ws/install/go2_interfaces/lib/python3.10/site-packages'
[1.984s] Level 1:colcon.colcon_core.environment:checking '/home/orin2/ros2_ws/install/go2_interfaces/bin'
[1.984s] INFO:colcon.colcon_core.shell:Creating package script '/home/orin2/ros2_ws/install/go2_interfaces/share/go2_interfaces/package.ps1'
[1.987s] INFO:colcon.colcon_core.shell:Creating package descriptor '/home/orin2/ros2_ws/install/go2_interfaces/share/go2_interfaces/package.dsv'
[1.988s] INFO:colcon.colcon_core.shell:Creating package script '/home/orin2/ros2_ws/install/go2_interfaces/share/go2_interfaces/package.sh'
[1.991s] INFO:colcon.colcon_core.shell:Creating package script '/home/orin2/ros2_ws/install/go2_interfaces/share/go2_interfaces/package.bash'
[1.993s] INFO:colcon.colcon_core.shell:Creating package script '/home/orin2/ros2_ws/install/go2_interfaces/share/go2_interfaces/package.zsh'
[1.995s] Level 1:colcon.colcon_core.environment:create_file_with_runtime_dependencies(/home/orin2/ros2_ws/install/go2_interfaces/share/colcon-core/packages/go2_interfaces)
[1.998s] Level 1:colcon.colcon_core.environment:create_environment_scripts_only(go2_interfaces)
[1.999s] Level 1:colcon.colcon_core.environment:checking '/home/orin2/ros2_ws/install/go2_interfaces' for CMake module files
[2.002s] Level 1:colcon.colcon_core.environment:checking '/home/orin2/ros2_ws/install/go2_interfaces' for CMake config files
[2.006s] Level 1:colcon.colcon_core.shell:create_environment_hook('go2_interfaces', 'cmake_prefix_path')
[2.006s] INFO:colcon.colcon_core.shell:Creating environment hook '/home/orin2/ros2_ws/install/go2_interfaces/share/go2_interfaces/hook/cmake_prefix_path.ps1'
[2.008s] INFO:colcon.colcon_core.shell:Creating environment descriptor '/home/orin2/ros2_ws/install/go2_interfaces/share/go2_interfaces/hook/cmake_prefix_path.dsv'
[2.009s] INFO:colcon.colcon_core.shell:Creating environment hook '/home/orin2/ros2_ws/install/go2_interfaces/share/go2_interfaces/hook/cmake_prefix_path.sh'
[2.012s] Level 1:colcon.colcon_core.environment:checking '/home/orin2/ros2_ws/install/go2_interfaces/lib'
[2.012s] Level 1:colcon.colcon_core.shell:create_environment_hook('go2_interfaces', 'ld_library_path_lib')
[2.013s] INFO:colcon.colcon_core.shell:Creating environment hook '/home/orin2/ros2_ws/install/go2_interfaces/share/go2_interfaces/hook/ld_library_path_lib.ps1'
[2.014s] INFO:colcon.colcon_core.shell:Creating environment descriptor '/home/orin2/ros2_ws/install/go2_interfaces/share/go2_interfaces/hook/ld_library_path_lib.dsv'
[2.016s] INFO:colcon.colcon_core.shell:Creating environment hook '/home/orin2/ros2_ws/install/go2_interfaces/share/go2_interfaces/hook/ld_library_path_lib.sh'
[2.017s] Level 1:colcon.colcon_core.environment:checking '/home/orin2/ros2_ws/install/go2_interfaces/bin'
[2.018s] Level 1:colcon.colcon_core.environment:checking '/home/orin2/ros2_ws/install/go2_interfaces/lib/pkgconfig/go2_interfaces.pc'
[2.018s] Level 1:colcon.colcon_core.environment:checking '/home/orin2/ros2_ws/install/go2_interfaces/lib/python3.10/site-packages'
[2.019s] Level 1:colcon.colcon_core.environment:checking '/home/orin2/ros2_ws/install/go2_interfaces/bin'
[2.019s] INFO:colcon.colcon_core.shell:Creating package script '/home/orin2/ros2_ws/install/go2_interfaces/share/go2_interfaces/package.ps1'
[2.021s] INFO:colcon.colcon_core.shell:Creating package descriptor '/home/orin2/ros2_ws/install/go2_interfaces/share/go2_interfaces/package.dsv'
[2.023s] INFO:colcon.colcon_core.shell:Creating package script '/home/orin2/ros2_ws/install/go2_interfaces/share/go2_interfaces/package.sh'
[2.025s] INFO:colcon.colcon_core.shell:Creating package script '/home/orin2/ros2_ws/install/go2_interfaces/share/go2_interfaces/package.bash'
[2.026s] INFO:colcon.colcon_core.shell:Creating package script '/home/orin2/ros2_ws/install/go2_interfaces/share/go2_interfaces/package.zsh'
[2.028s] Level 1:colcon.colcon_core.environment:create_file_with_runtime_dependencies(/home/orin2/ros2_ws/install/go2_interfaces/share/colcon-core/packages/go2_interfaces)
[2.073s] Level 1:colcon.colcon_core.environment:create_environment_scripts_only(unitree_go)
[2.074s] Level 1:colcon.colcon_core.environment:checking '/home/orin2/ros2_ws/install/unitree_go' for CMake module files
[2.076s] Level 1:colcon.colcon_core.environment:checking '/home/orin2/ros2_ws/install/unitree_go' for CMake config files
[2.081s] Level 1:colcon.colcon_core.shell:create_environment_hook('unitree_go', 'cmake_prefix_path')
[2.081s] INFO:colcon.colcon_core.shell:Creating environment hook '/home/orin2/ros2_ws/install/unitree_go/share/unitree_go/hook/cmake_prefix_path.ps1'
[2.083s] INFO:colcon.colcon_core.shell:Creating environment descriptor '/home/orin2/ros2_ws/install/unitree_go/share/unitree_go/hook/cmake_prefix_path.dsv'
[2.085s] INFO:colcon.colcon_core.shell:Creating environment hook '/home/orin2/ros2_ws/install/unitree_go/share/unitree_go/hook/cmake_prefix_path.sh'
[2.087s] Level 1:colcon.colcon_core.environment:checking '/home/orin2/ros2_ws/install/unitree_go/lib'
[2.087s] Level 1:colcon.colcon_core.shell:create_environment_hook('unitree_go', 'ld_library_path_lib')
[2.088s] INFO:colcon.colcon_core.shell:Creating environment hook '/home/orin2/ros2_ws/install/unitree_go/share/unitree_go/hook/ld_library_path_lib.ps1'
[2.089s] INFO:colcon.colcon_core.shell:Creating environment descriptor '/home/orin2/ros2_ws/install/unitree_go/share/unitree_go/hook/ld_library_path_lib.dsv'
[2.090s] INFO:colcon.colcon_core.shell:Creating environment hook '/home/orin2/ros2_ws/install/unitree_go/share/unitree_go/hook/ld_library_path_lib.sh'
[2.092s] Level 1:colcon.colcon_core.environment:checking '/home/orin2/ros2_ws/install/unitree_go/bin'
[2.092s] Level 1:colcon.colcon_core.environment:checking '/home/orin2/ros2_ws/install/unitree_go/lib/pkgconfig/unitree_go.pc'
[2.093s] Level 1:colcon.colcon_core.environment:checking '/home/orin2/ros2_ws/install/unitree_go/lib/python3.10/site-packages'
[2.093s] Level 1:colcon.colcon_core.environment:checking '/home/orin2/ros2_ws/install/unitree_go/bin'
[2.094s] INFO:colcon.colcon_core.shell:Creating package script '/home/orin2/ros2_ws/install/unitree_go/share/unitree_go/package.ps1'
[2.096s] INFO:colcon.colcon_core.shell:Creating package descriptor '/home/orin2/ros2_ws/install/unitree_go/share/unitree_go/package.dsv'
[2.097s] INFO:colcon.colcon_core.shell:Creating package script '/home/orin2/ros2_ws/install/unitree_go/share/unitree_go/package.sh'
[2.099s] INFO:colcon.colcon_core.shell:Creating package script '/home/orin2/ros2_ws/install/unitree_go/share/unitree_go/package.bash'
[2.100s] INFO:colcon.colcon_core.shell:Creating package script '/home/orin2/ros2_ws/install/unitree_go/share/unitree_go/package.zsh'
[2.102s] Level 1:colcon.colcon_core.environment:create_file_with_runtime_dependencies(/home/orin2/ros2_ws/install/unitree_go/share/colcon-core/packages/unitree_go)
[2.104s] Level 1:colcon.colcon_core.environment:create_environment_scripts_only(unitree_go)
[2.105s] Level 1:colcon.colcon_core.environment:checking '/home/orin2/ros2_ws/install/unitree_go' for CMake module files
[2.107s] Level 1:colcon.colcon_core.environment:checking '/home/orin2/ros2_ws/install/unitree_go' for CMake config files
[2.111s] Level 1:colcon.colcon_core.shell:create_environment_hook('unitree_go', 'cmake_prefix_path')
[2.111s] INFO:colcon.colcon_core.shell:Creating environment hook '/home/orin2/ros2_ws/install/unitree_go/share/unitree_go/hook/cmake_prefix_path.ps1'
[2.113s] INFO:colcon.colcon_core.shell:Creating environment descriptor '/home/orin2/ros2_ws/install/unitree_go/share/unitree_go/hook/cmake_prefix_path.dsv'
[2.114s] INFO:colcon.colcon_core.shell:Creating environment hook '/home/orin2/ros2_ws/install/unitree_go/share/unitree_go/hook/cmake_prefix_path.sh'
[2.116s] Level 1:colcon.colcon_core.environment:checking '/home/orin2/ros2_ws/install/unitree_go/lib'
[2.116s] Level 1:colcon.colcon_core.shell:create_environment_hook('unitree_go', 'ld_library_path_lib')
[2.117s] INFO:colcon.colcon_core.shell:Creating environment hook '/home/orin2/ros2_ws/install/unitree_go/share/unitree_go/hook/ld_library_path_lib.ps1'
[2.118s] INFO:colcon.colcon_core.shell:Creating environment descriptor '/home/orin2/ros2_ws/install/unitree_go/share/unitree_go/hook/ld_library_path_lib.dsv'
[2.120s] INFO:colcon.colcon_core.shell:Creating environment hook '/home/orin2/ros2_ws/install/unitree_go/share/unitree_go/hook/ld_library_path_lib.sh'
[2.121s] Level 1:colcon.colcon_core.environment:checking '/home/orin2/ros2_ws/install/unitree_go/bin'
[2.121s] Level 1:colcon.colcon_core.environment:checking '/home/orin2/ros2_ws/install/unitree_go/lib/pkgconfig/unitree_go.pc'
[2.122s] Level 1:colcon.colcon_core.environment:checking '/home/orin2/ros2_ws/install/unitree_go/lib/python3.10/site-packages'
[2.122s] Level 1:colcon.colcon_core.environment:checking '/home/orin2/ros2_ws/install/unitree_go/bin'
[2.123s] INFO:colcon.colcon_core.shell:Creating package script '/home/orin2/ros2_ws/install/unitree_go/share/unitree_go/package.ps1'
[2.124s] INFO:colcon.colcon_core.shell:Creating package descriptor '/home/orin2/ros2_ws/install/unitree_go/share/unitree_go/package.dsv'
[2.126s] INFO:colcon.colcon_core.shell:Creating package script '/home/orin2/ros2_ws/install/unitree_go/share/unitree_go/package.sh'
[2.127s] INFO:colcon.colcon_core.shell:Creating package script '/home/orin2/ros2_ws/install/unitree_go/share/unitree_go/package.bash'
[2.129s] INFO:colcon.colcon_core.shell:Creating package script '/home/orin2/ros2_ws/install/unitree_go/share/unitree_go/package.zsh'
[2.130s] Level 1:colcon.colcon_core.environment:create_file_with_runtime_dependencies(/home/orin2/ros2_ws/install/unitree_go/share/colcon-core/packages/unitree_go)
[2.131s] INFO:colcon.colcon_ros.task.ament_python.build:Building ROS package in '/home/orin2/ros2_ws/src/go2_robot_sdk' with build type 'ament_python'
[2.132s] Level 1:colcon.colcon_core.shell:create_environment_hook('go2_robot_sdk', 'ament_prefix_path')
[2.132s] INFO:colcon.colcon_core.shell:Creating environment hook '/home/orin2/ros2_ws/install/go2_robot_sdk/share/go2_robot_sdk/hook/ament_prefix_path.ps1'
[2.134s] INFO:colcon.colcon_core.shell:Creating environment descriptor '/home/orin2/ros2_ws/install/go2_robot_sdk/share/go2_robot_sdk/hook/ament_prefix_path.dsv'
[2.135s] INFO:colcon.colcon_core.shell:Creating environment hook '/home/orin2/ros2_ws/install/go2_robot_sdk/share/go2_robot_sdk/hook/ament_prefix_path.sh'
[2.137s] INFO:colcon.colcon_core.shell:Skip shell extension 'powershell' for command environment: Not usable outside of PowerShell
[2.137s] DEBUG:colcon.colcon_core.shell:Skip shell extension 'dsv' for command environment
[2.143s] DEBUG:colcon.colcon_core.event_handler.log_command:Invoked command in '/home/orin2/ros2_ws/build/go2_interfaces' returned '0': CMAKE_PREFIX_PATH=${CMAKE_PREFIX_PATH}:/home/orin2/ros2_ws/install/go2_robot_sdk:/home/orin2/ros2_ws/install/coco_detector:/home/orin2/slam_ws/install/transform_sensors:/home/orin2/slam_ws/install/ros_tcp_endpoint:/opt/ros/humble /usr/bin/cmake --install /home/orin2/ros2_ws/build/go2_interfaces
[2.182s] DEBUG:colcon.colcon_core.event_handler.log_command:Invoked command in '/home/orin2/ros2_ws/build/unitree_go' returned '0': CMAKE_PREFIX_PATH=${CMAKE_PREFIX_PATH}:/home/orin2/ros2_ws/install/go2_robot_sdk:/home/orin2/ros2_ws/install/coco_detector:/home/orin2/slam_ws/install/transform_sensors:/home/orin2/slam_ws/install/ros_tcp_endpoint:/opt/ros/humble /usr/bin/cmake --install /home/orin2/ros2_ws/build/unitree_go
[2.812s] INFO:colcon.colcon_core.task.python.build:Building Python package in '/home/orin2/ros2_ws/src/go2_robot_sdk'
[2.813s] INFO:colcon.colcon_core.shell:Skip shell extension 'powershell' for command environment: Not usable outside of PowerShell
[2.813s] DEBUG:colcon.colcon_core.shell:Skip shell extension 'dsv' for command environment
[2.840s] DEBUG:colcon.colcon_core.event_handler.log_command:Invoking command in '/home/orin2/ros2_ws/src/coco_detector': PYTHONPATH=/home/orin2/ros2_ws/build/coco_detector/prefix_override:/usr/lib/python3/dist-packages/colcon_core/task/python/colcon_distutils_commands:/home/orin2/ros2_ws/install/coco_detector/lib/python3.10/site-packages:${PYTHONPATH} /usr/bin/python3 -W ignore:setup.py install is deprecated -W ignore:easy_install command is deprecated setup.py egg_info --egg-base ../../build/coco_detector build --build-base /home/orin2/ros2_ws/build/coco_detector/build install --record /home/orin2/ros2_ws/build/coco_detector/install.log --single-version-externally-managed install_data
[3.524s] Level 1:colcon.colcon_core.environment:checking '/home/orin2/ros2_ws/install/coco_detector' for CMake module files
[3.525s] DEBUG:colcon.colcon_core.event_handler.log_command:Invoked command in '/home/orin2/ros2_ws/src/coco_detector' returned '0': PYTHONPATH=/home/orin2/ros2_ws/build/coco_detector/prefix_override:/usr/lib/python3/dist-packages/colcon_core/task/python/colcon_distutils_commands:/home/orin2/ros2_ws/install/coco_detector/lib/python3.10/site-packages:${PYTHONPATH} /usr/bin/python3 -W ignore:setup.py install is deprecated -W ignore:easy_install command is deprecated setup.py egg_info --egg-base ../../build/coco_detector build --build-base /home/orin2/ros2_ws/build/coco_detector/build install --record /home/orin2/ros2_ws/build/coco_detector/install.log --single-version-externally-managed install_data
[3.526s] Level 1:colcon.colcon_core.environment:checking '/home/orin2/ros2_ws/install/coco_detector' for CMake config files
[3.528s] Level 1:colcon.colcon_core.environment:checking '/home/orin2/ros2_ws/install/coco_detector/lib'
[3.528s] Level 1:colcon.colcon_core.environment:checking '/home/orin2/ros2_ws/install/coco_detector/bin'
[3.528s] Level 1:colcon.colcon_core.environment:checking '/home/orin2/ros2_ws/install/coco_detector/lib/pkgconfig/coco_detector.pc'
[3.529s] Level 1:colcon.colcon_core.environment:checking '/home/orin2/ros2_ws/install/coco_detector/lib/python3.10/site-packages'
[3.529s] Level 1:colcon.colcon_core.shell:create_environment_hook('coco_detector', 'pythonpath')
[3.530s] INFO:colcon.colcon_core.shell:Creating environment hook '/home/orin2/ros2_ws/install/coco_detector/share/coco_detector/hook/pythonpath.ps1'
[3.532s] INFO:colcon.colcon_core.shell:Creating environment descriptor '/home/orin2/ros2_ws/install/coco_detector/share/coco_detector/hook/pythonpath.dsv'
[3.533s] INFO:colcon.colcon_core.shell:Creating environment hook '/home/orin2/ros2_ws/install/coco_detector/share/coco_detector/hook/pythonpath.sh'
[3.535s] Level 1:colcon.colcon_core.environment:checking '/home/orin2/ros2_ws/install/coco_detector/bin'
[3.535s] Level 1:colcon.colcon_core.environment:create_environment_scripts_only(coco_detector)
[3.536s] INFO:colcon.colcon_core.shell:Creating package script '/home/orin2/ros2_ws/install/coco_detector/share/coco_detector/package.ps1'
[3.538s] INFO:colcon.colcon_core.shell:Creating package descriptor '/home/orin2/ros2_ws/install/coco_detector/share/coco_detector/package.dsv'
[3.540s] INFO:colcon.colcon_core.shell:Creating package script '/home/orin2/ros2_ws/install/coco_detector/share/coco_detector/package.sh'
[3.541s] INFO:colcon.colcon_core.shell:Creating package script '/home/orin2/ros2_ws/install/coco_detector/share/coco_detector/package.bash'
[3.543s] INFO:colcon.colcon_core.shell:Creating package script '/home/orin2/ros2_ws/install/coco_detector/share/coco_detector/package.zsh'
[3.544s] Level 1:colcon.colcon_core.environment:create_file_with_runtime_dependencies(/home/orin2/ros2_ws/install/coco_detector/share/colcon-core/packages/coco_detector)
[3.755s] DEBUG:colcon.colcon_core.event_handler.log_command:Invoking command in '/home/orin2/ros2_ws/src/go2_robot_sdk': LD_LIBRARY_PATH=/home/orin2/ros2_ws/install/unitree_go/lib:/home/orin2/ros2_ws/install/go2_interfaces/lib:/usr/local/cuda-12.2/lib64:/home/orin2/unitree_ros2/cyclonedds_ws/install/unitree_hg/lib:/home/orin2/unitree_ros2/cyclonedds_ws/install/unitree_go/lib:/home/orin2/unitree_ros2/cyclonedds_ws/install/unitree_api/lib:/home/orin2/unitree_ros2/cyclonedds_ws/install/rmw_cyclonedds_cpp/lib:/home/orin2/unitree_ros2/cyclonedds_ws/install/cyclonedds/lib:/usr/local/cuda-12.2/lib64:/home/orin2/go2_ws/install/go2_image_transport/lib:/home/orin2/go2_ws/install/go2_driver/lib:/home/orin2/go2_ws/install/unitree_go/lib:/home/orin2/go2_ws/install/unitree_api/lib:/home/orin2/go2_ws/install/go2_interfaces/lib:/home/orin2/unitree_ros2/install/unitree_hg/lib:/home/orin2/unitree_ros2/install/unitree_go/lib:/home/orin2/unitree_ros2/install/unitree_api/lib:/home/orin2/unitree_ros2/install/rmw_cyclonedds_cpp/lib:/home/orin2/unitree_ros2/install/cyclonedds/lib:/home/orin2/slam_ws/install/visibility_graph_msg/lib:/home/orin2/slam_ws/install/go2_sport_api/lib:/home/orin2/slam_ws/install/unitree_go/lib:/home/orin2/slam_ws/install/unitree_api/lib:/home/orin2/slam_ws/install/livox_sdk2/lib:/home/orin2/slam_ws/install/livox_ros_driver2/lib:/home/orin2/ws_livox/install/livox_ros_driver2/lib:/opt/ros/humble/opt/rviz_ogre_vendor/lib:/opt/ros/humble/lib/aarch64-linux-gnu:/opt/ros/humble/lib:/usr/local/cuda-12.2/lib64 PYTHONPATH=/home/orin2/ros2_ws/build/go2_robot_sdk/prefix_override:/usr/lib/python3/dist-packages/colcon_core/task/python/colcon_distutils_commands:/home/orin2/ros2_ws/install/go2_robot_sdk/lib/python3.10/site-packages:${PYTHONPATH} /usr/bin/python3 -W ignore:setup.py install is deprecated -W ignore:easy_install command is deprecated setup.py egg_info --egg-base ../../build/go2_robot_sdk build --build-base /home/orin2/ros2_ws/build/go2_robot_sdk/build install --record /home/orin2/ros2_ws/build/go2_robot_sdk/install.log --single-version-externally-managed install_data
[4.439s] Level 1:colcon.colcon_core.environment:checking '/home/orin2/ros2_ws/install/go2_robot_sdk' for CMake module files
[4.440s] DEBUG:colcon.colcon_core.event_handler.log_command:Invoked command in '/home/orin2/ros2_ws/src/go2_robot_sdk' returned '0': LD_LIBRARY_PATH=/home/orin2/ros2_ws/install/unitree_go/lib:/home/orin2/ros2_ws/install/go2_interfaces/lib:/usr/local/cuda-12.2/lib64:/home/orin2/unitree_ros2/cyclonedds_ws/install/unitree_hg/lib:/home/orin2/unitree_ros2/cyclonedds_ws/install/unitree_go/lib:/home/orin2/unitree_ros2/cyclonedds_ws/install/unitree_api/lib:/home/orin2/unitree_ros2/cyclonedds_ws/install/rmw_cyclonedds_cpp/lib:/home/orin2/unitree_ros2/cyclonedds_ws/install/cyclonedds/lib:/usr/local/cuda-12.2/lib64:/home/orin2/go2_ws/install/go2_image_transport/lib:/home/orin2/go2_ws/install/go2_driver/lib:/home/orin2/go2_ws/install/unitree_go/lib:/home/orin2/go2_ws/install/unitree_api/lib:/home/orin2/go2_ws/install/go2_interfaces/lib:/home/orin2/unitree_ros2/install/unitree_hg/lib:/home/orin2/unitree_ros2/install/unitree_go/lib:/home/orin2/unitree_ros2/install/unitree_api/lib:/home/orin2/unitree_ros2/install/rmw_cyclonedds_cpp/lib:/home/orin2/unitree_ros2/install/cyclonedds/lib:/home/orin2/slam_ws/install/visibility_graph_msg/lib:/home/orin2/slam_ws/install/go2_sport_api/lib:/home/orin2/slam_ws/install/unitree_go/lib:/home/orin2/slam_ws/install/unitree_api/lib:/home/orin2/slam_ws/install/livox_sdk2/lib:/home/orin2/slam_ws/install/livox_ros_driver2/lib:/home/orin2/ws_livox/install/livox_ros_driver2/lib:/opt/ros/humble/opt/rviz_ogre_vendor/lib:/opt/ros/humble/lib/aarch64-linux-gnu:/opt/ros/humble/lib:/usr/local/cuda-12.2/lib64 PYTHONPATH=/home/orin2/ros2_ws/build/go2_robot_sdk/prefix_override:/usr/lib/python3/dist-packages/colcon_core/task/python/colcon_distutils_commands:/home/orin2/ros2_ws/install/go2_robot_sdk/lib/python3.10/site-packages:${PYTHONPATH} /usr/bin/python3 -W ignore:setup.py install is deprecated -W ignore:easy_install command is deprecated setup.py egg_info --egg-base ../../build/go2_robot_sdk build --build-base /home/orin2/ros2_ws/build/go2_robot_sdk/build install --record /home/orin2/ros2_ws/build/go2_robot_sdk/install.log --single-version-externally-managed install_data
[4.441s] Level 1:colcon.colcon_core.environment:checking '/home/orin2/ros2_ws/install/go2_robot_sdk' for CMake config files
[4.444s] Level 1:colcon.colcon_core.environment:checking '/home/orin2/ros2_ws/install/go2_robot_sdk/lib'
[4.445s] Level 1:colcon.colcon_core.environment:checking '/home/orin2/ros2_ws/install/go2_robot_sdk/bin'
[4.445s] Level 1:colcon.colcon_core.environment:checking '/home/orin2/ros2_ws/install/go2_robot_sdk/lib/pkgconfig/go2_robot_sdk.pc'
[4.446s] Level 1:colcon.colcon_core.environment:checking '/home/orin2/ros2_ws/install/go2_robot_sdk/lib/python3.10/site-packages'
[4.446s] Level 1:colcon.colcon_core.shell:create_environment_hook('go2_robot_sdk', 'pythonpath')
[4.447s] INFO:colcon.colcon_core.shell:Creating environment hook '/home/orin2/ros2_ws/install/go2_robot_sdk/share/go2_robot_sdk/hook/pythonpath.ps1'
[4.449s] INFO:colcon.colcon_core.shell:Creating environment descriptor '/home/orin2/ros2_ws/install/go2_robot_sdk/share/go2_robot_sdk/hook/pythonpath.dsv'
[4.450s] INFO:colcon.colcon_core.shell:Creating environment hook '/home/orin2/ros2_ws/install/go2_robot_sdk/share/go2_robot_sdk/hook/pythonpath.sh'
[4.452s] Level 1:colcon.colcon_core.environment:checking '/home/orin2/ros2_ws/install/go2_robot_sdk/bin'
[4.453s] Level 1:colcon.colcon_core.environment:create_environment_scripts_only(go2_robot_sdk)
[4.454s] INFO:colcon.colcon_core.shell:Creating package script '/home/orin2/ros2_ws/install/go2_robot_sdk/share/go2_robot_sdk/package.ps1'
[4.456s] INFO:colcon.colcon_core.shell:Creating package descriptor '/home/orin2/ros2_ws/install/go2_robot_sdk/share/go2_robot_sdk/package.dsv'
[4.457s] INFO:colcon.colcon_core.shell:Creating package script '/home/orin2/ros2_ws/install/go2_robot_sdk/share/go2_robot_sdk/package.sh'
[4.459s] INFO:colcon.colcon_core.shell:Creating package script '/home/orin2/ros2_ws/install/go2_robot_sdk/share/go2_robot_sdk/package.bash'
[4.460s] INFO:colcon.colcon_core.shell:Creating package script '/home/orin2/ros2_ws/install/go2_robot_sdk/share/go2_robot_sdk/package.zsh'
[4.462s] Level 1:colcon.colcon_core.environment:create_file_with_runtime_dependencies(/home/orin2/ros2_ws/install/go2_robot_sdk/share/colcon-core/packages/go2_robot_sdk)
[4.463s] DEBUG:colcon.colcon_parallel_executor.executor.parallel:closing loop
[4.464s] DEBUG:colcon.colcon_parallel_executor.executor.parallel:loop closed
[4.464s] DEBUG:colcon.colcon_parallel_executor.executor.parallel:run_until_complete finished with '0'
[4.465s] DEBUG:colcon.colcon_core.event_reactor:joining thread
[4.489s] INFO:colcon.colcon_core.plugin_system:Skipping extension 'colcon_notification.desktop_notification.terminal_notifier': Not used on non-Darwin systems
[4.489s] INFO:colcon.colcon_core.plugin_system:Skipping extension 'colcon_notification.desktop_notification.win32': Not used on non-Windows systems
[4.489s] INFO:colcon.colcon_notification.desktop_notification:Sending desktop notification using 'notify2'
[4.515s] DEBUG:colcon.colcon_notification.desktop_notification.notify2:Failed to initialize notify2: org.freedesktop.DBus.Error.Spawn.ChildExited: Process org.freedesktop.Notifications exited with status 1
[4.515s] DEBUG:colcon.colcon_core.event_reactor:joined thread
[4.517s] INFO:colcon.colcon_core.shell:Creating prefix script '/home/orin2/ros2_ws/install/local_setup.ps1'
[4.520s] INFO:colcon.colcon_core.shell:Creating prefix util module '/home/orin2/ros2_ws/install/_local_setup_util_ps1.py'
[4.526s] INFO:colcon.colcon_core.shell:Creating prefix chain script '/home/orin2/ros2_ws/install/setup.ps1'
[4.537s] INFO:colcon.colcon_core.shell:Creating prefix script '/home/orin2/ros2_ws/install/local_setup.sh'
[4.540s] INFO:colcon.colcon_core.shell:Creating prefix util module '/home/orin2/ros2_ws/install/_local_setup_util_sh.py'
[4.542s] INFO:colcon.colcon_core.shell:Creating prefix chain script '/home/orin2/ros2_ws/install/setup.sh'
[4.553s] INFO:colcon.colcon_core.shell:Creating prefix script '/home/orin2/ros2_ws/install/local_setup.bash'
[4.555s] INFO:colcon.colcon_core.shell:Creating prefix chain script '/home/orin2/ros2_ws/install/setup.bash'
[4.566s] INFO:colcon.colcon_core.shell:Creating prefix script '/home/orin2/ros2_ws/install/local_setup.zsh'
[4.567s] INFO:colcon.colcon_core.shell:Creating prefix chain script '/home/orin2/ros2_ws/install/setup.zsh'
