[0.047s] Invoking command in '/home/orin2/ros2_ws/build/go2_interfaces': CMAKE_PREFIX_PATH=${CMAKE_PREFIX_PATH}:/opt/ros/humble /usr/bin/cmake --build /home/orin2/ros2_ws/build/go2_interfaces -- -j12 -l12
[0.618s] [  1%] Built target go2_interfaces__cpp
[0.618s] [ 12%] Built target go2_interfaces__rosidl_generator_c
[0.619s] [ 12%] Built target ament_cmake_python_copy_go2_interfaces
[0.619s] [ 23%] Built target go2_interfaces__rosidl_typesupport_cpp
[0.620s] [ 34%] Built target go2_interfaces__rosidl_typesupport_fastrtps_cpp
[0.620s] [ 46%] Built target go2_interfaces__rosidl_typesupport_introspection_cpp
[0.620s] [ 68%] Built target go2_interfaces__rosidl_typesupport_fastrtps_c
[0.620s] [ 68%] Built target go2_interfaces__rosidl_typesupport_introspection_c
[0.620s] [ 79%] Built target go2_interfaces__rosidl_typesupport_c
[0.621s] [ 79%] Built target go2_interfaces
[0.621s] [ 80%] Built target go2_interfaces__py
[0.621s] [ 90%] Built target go2_interfaces__rosidl_generator_py
[0.621s] [100%] Built target go2_interfaces__rosidl_typesupport_c__pyext
[0.621s] [100%] Built target go2_interfaces__rosidl_typesupport_fastrtps_c__pyext
[0.621s] [100%] Built target go2_interfaces__rosidl_typesupport_introspection_c__pyext
[0.687s] running egg_info
[0.689s] writing go2_interfaces.egg-info/PKG-INFO
[0.689s] writing dependency_links to go2_interfaces.egg-info/dependency_links.txt
[0.690s] writing top-level names to go2_interfaces.egg-info/top_level.txt
[0.696s] reading manifest file 'go2_interfaces.egg-info/SOURCES.txt'
[0.698s] writing manifest file 'go2_interfaces.egg-info/SOURCES.txt'
[0.774s] [100%] Built target ament_cmake_python_build_go2_interfaces_egg
[0.809s] Invoked command in '/home/orin2/ros2_ws/build/go2_interfaces' returned '0': CMAKE_PREFIX_PATH=${CMAKE_PREFIX_PATH}:/opt/ros/humble /usr/bin/cmake --build /home/orin2/ros2_ws/build/go2_interfaces -- -j12 -l12
[0.812s] Invoking command in '/home/orin2/ros2_ws/build/go2_interfaces': CMAKE_PREFIX_PATH=${CMAKE_PREFIX_PATH}:/opt/ros/humble /usr/bin/cmake --install /home/orin2/ros2_ws/build/go2_interfaces
[0.832s] -- Install configuration: ""
[0.838s] -- Up-to-date: /home/orin2/ros2_ws/install/go2_interfaces/share/ament_index/resource_index/rosidl_interfaces/go2_interfaces
[0.840s] -- Up-to-date: /home/orin2/ros2_ws/install/go2_interfaces/include/go2_interfaces/go2_interfaces
[0.841s] -- Up-to-date: /home/orin2/ros2_ws/install/go2_interfaces/include/go2_interfaces/go2_interfaces/msg
[0.841s] -- Up-to-date: /home/orin2/ros2_ws/install/go2_interfaces/include/go2_interfaces/go2_interfaces/msg/rosidl_generator_c__visibility_control.h
[0.842s] -- Up-to-date: /home/orin2/ros2_ws/install/go2_interfaces/include/go2_interfaces/go2_interfaces/msg/go2_rpy_cmd.h
[0.842s] -- Up-to-date: /home/orin2/ros2_ws/install/go2_interfaces/include/go2_interfaces/go2_interfaces/msg/go2_move.h
[0.843s] -- Up-to-date: /home/orin2/ros2_ws/install/go2_interfaces/include/go2_interfaces/go2_interfaces/msg/imu.h
[0.843s] -- Up-to-date: /home/orin2/ros2_ws/install/go2_interfaces/include/go2_interfaces/go2_interfaces/msg/go2_cmd.h
[0.844s] -- Up-to-date: /home/orin2/ros2_ws/install/go2_interfaces/include/go2_interfaces/go2_interfaces/msg/detail
[0.845s] -- Up-to-date: /home/orin2/ros2_ws/install/go2_interfaces/include/go2_interfaces/go2_interfaces/msg/detail/go2_move__struct.h
[0.845s] -- Up-to-date: /home/orin2/ros2_ws/install/go2_interfaces/include/go2_interfaces/go2_interfaces/msg/detail/go2_move__functions.c
[0.845s] -- Up-to-date: /home/orin2/ros2_ws/install/go2_interfaces/include/go2_interfaces/go2_interfaces/msg/detail/go2_move__functions.h
[0.845s] -- Up-to-date: /home/orin2/ros2_ws/install/go2_interfaces/include/go2_interfaces/go2_interfaces/msg/detail/go2_state__type_support.h
[0.845s] -- Up-to-date: /home/orin2/ros2_ws/install/go2_interfaces/include/go2_interfaces/go2_interfaces/msg/detail/go2_state__struct.h
[0.846s] -- Up-to-date: /home/orin2/ros2_ws/install/go2_interfaces/include/go2_interfaces/go2_interfaces/msg/detail/go2_cmd__struct.h
[0.846s] -- Up-to-date: /home/orin2/ros2_ws/install/go2_interfaces/include/go2_interfaces/go2_interfaces/msg/detail/go2_rpy_cmd__functions.c
[0.846s] -- Up-to-date: /home/orin2/ros2_ws/install/go2_interfaces/include/go2_interfaces/go2_interfaces/msg/detail/imu__type_support.h
[0.846s] -- Up-to-date: /home/orin2/ros2_ws/install/go2_interfaces/include/go2_interfaces/go2_interfaces/msg/detail/go2_cmd__functions.h
[0.847s] -- Up-to-date: /home/orin2/ros2_ws/install/go2_interfaces/include/go2_interfaces/go2_interfaces/msg/detail/go2_move__type_support.h
[0.847s] -- Up-to-date: /home/orin2/ros2_ws/install/go2_interfaces/include/go2_interfaces/go2_interfaces/msg/detail/go2_cmd__type_support.h
[0.847s] -- Up-to-date: /home/orin2/ros2_ws/install/go2_interfaces/include/go2_interfaces/go2_interfaces/msg/detail/go2_rpy_cmd__functions.h
[0.847s] -- Up-to-date: /home/orin2/ros2_ws/install/go2_interfaces/include/go2_interfaces/go2_interfaces/msg/detail/go2_cmd__functions.c
[0.847s] -- Up-to-date: /home/orin2/ros2_ws/install/go2_interfaces/include/go2_interfaces/go2_interfaces/msg/detail/imu__functions.h
[0.847s] -- Up-to-date: /home/orin2/ros2_ws/install/go2_interfaces/include/go2_interfaces/go2_interfaces/msg/detail/go2_rpy_cmd__struct.h
[0.848s] -- Up-to-date: /home/orin2/ros2_ws/install/go2_interfaces/include/go2_interfaces/go2_interfaces/msg/detail/go2_rpy_cmd__type_support.h
[0.848s] -- Up-to-date: /home/orin2/ros2_ws/install/go2_interfaces/include/go2_interfaces/go2_interfaces/msg/detail/imu__functions.c
[0.848s] -- Up-to-date: /home/orin2/ros2_ws/install/go2_interfaces/include/go2_interfaces/go2_interfaces/msg/detail/imu__struct.h
[0.848s] -- Up-to-date: /home/orin2/ros2_ws/install/go2_interfaces/include/go2_interfaces/go2_interfaces/msg/detail/go2_state__functions.h
[0.849s] -- Up-to-date: /home/orin2/ros2_ws/install/go2_interfaces/include/go2_interfaces/go2_interfaces/msg/detail/go2_state__functions.c
[0.849s] -- Up-to-date: /home/orin2/ros2_ws/install/go2_interfaces/include/go2_interfaces/go2_interfaces/msg/go2_state.h
[0.851s] -- Up-to-date: /home/orin2/ros2_ws/install/go2_interfaces/share/go2_interfaces/environment/library_path.sh
[0.851s] -- Up-to-date: /home/orin2/ros2_ws/install/go2_interfaces/share/go2_interfaces/environment/library_path.dsv
[0.852s] -- Up-to-date: /home/orin2/ros2_ws/install/go2_interfaces/lib/libgo2_interfaces__rosidl_generator_c.so
[0.853s] -- Up-to-date: /home/orin2/ros2_ws/install/go2_interfaces/include/go2_interfaces/go2_interfaces
[0.853s] -- Up-to-date: /home/orin2/ros2_ws/install/go2_interfaces/include/go2_interfaces/go2_interfaces/msg
[0.853s] -- Up-to-date: /home/orin2/ros2_ws/install/go2_interfaces/include/go2_interfaces/go2_interfaces/msg/rosidl_typesupport_fastrtps_c__visibility_control.h
[0.853s] -- Up-to-date: /home/orin2/ros2_ws/install/go2_interfaces/include/go2_interfaces/go2_interfaces/msg/detail
[0.853s] -- Up-to-date: /home/orin2/ros2_ws/install/go2_interfaces/include/go2_interfaces/go2_interfaces/msg/detail/go2_state__rosidl_typesupport_fastrtps_c.h
[0.853s] -- Up-to-date: /home/orin2/ros2_ws/install/go2_interfaces/include/go2_interfaces/go2_interfaces/msg/detail/go2_rpy_cmd__rosidl_typesupport_fastrtps_c.h
[0.853s] -- Up-to-date: /home/orin2/ros2_ws/install/go2_interfaces/include/go2_interfaces/go2_interfaces/msg/detail/imu__rosidl_typesupport_fastrtps_c.h
[0.853s] -- Up-to-date: /home/orin2/ros2_ws/install/go2_interfaces/include/go2_interfaces/go2_interfaces/msg/detail/go2_move__rosidl_typesupport_fastrtps_c.h
[0.853s] -- Up-to-date: /home/orin2/ros2_ws/install/go2_interfaces/include/go2_interfaces/go2_interfaces/msg/detail/go2_cmd__rosidl_typesupport_fastrtps_c.h
[0.854s] -- Up-to-date: /home/orin2/ros2_ws/install/go2_interfaces/lib/libgo2_interfaces__rosidl_typesupport_fastrtps_c.so
[0.855s] -- Up-to-date: /home/orin2/ros2_ws/install/go2_interfaces/include/go2_interfaces/go2_interfaces
[0.855s] -- Up-to-date: /home/orin2/ros2_ws/install/go2_interfaces/include/go2_interfaces/go2_interfaces/msg
[0.855s] -- Up-to-date: /home/orin2/ros2_ws/install/go2_interfaces/include/go2_interfaces/go2_interfaces/msg/go2_move.hpp
[0.856s] -- Up-to-date: /home/orin2/ros2_ws/install/go2_interfaces/include/go2_interfaces/go2_interfaces/msg/go2_state.hpp
[0.856s] -- Up-to-date: /home/orin2/ros2_ws/install/go2_interfaces/include/go2_interfaces/go2_interfaces/msg/go2_cmd.hpp
[0.856s] -- Up-to-date: /home/orin2/ros2_ws/install/go2_interfaces/include/go2_interfaces/go2_interfaces/msg/imu.hpp
[0.856s] -- Up-to-date: /home/orin2/ros2_ws/install/go2_interfaces/include/go2_interfaces/go2_interfaces/msg/detail
[0.857s] -- Up-to-date: /home/orin2/ros2_ws/install/go2_interfaces/include/go2_interfaces/go2_interfaces/msg/detail/go2_move__traits.hpp
[0.857s] -- Up-to-date: /home/orin2/ros2_ws/install/go2_interfaces/include/go2_interfaces/go2_interfaces/msg/detail/imu__builder.hpp
[0.857s] -- Up-to-date: /home/orin2/ros2_ws/install/go2_interfaces/include/go2_interfaces/go2_interfaces/msg/detail/imu__type_support.hpp
[0.857s] -- Up-to-date: /home/orin2/ros2_ws/install/go2_interfaces/include/go2_interfaces/go2_interfaces/msg/detail/go2_cmd__type_support.hpp
[0.858s] -- Up-to-date: /home/orin2/ros2_ws/install/go2_interfaces/include/go2_interfaces/go2_interfaces/msg/detail/go2_move__builder.hpp
[0.858s] -- Up-to-date: /home/orin2/ros2_ws/install/go2_interfaces/include/go2_interfaces/go2_interfaces/msg/detail/go2_state__builder.hpp
[0.858s] -- Up-to-date: /home/orin2/ros2_ws/install/go2_interfaces/include/go2_interfaces/go2_interfaces/msg/detail/go2_rpy_cmd__struct.hpp
[0.858s] -- Up-to-date: /home/orin2/ros2_ws/install/go2_interfaces/include/go2_interfaces/go2_interfaces/msg/detail/go2_rpy_cmd__builder.hpp
[0.858s] -- Up-to-date: /home/orin2/ros2_ws/install/go2_interfaces/include/go2_interfaces/go2_interfaces/msg/detail/go2_move__type_support.hpp
[0.858s] -- Up-to-date: /home/orin2/ros2_ws/install/go2_interfaces/include/go2_interfaces/go2_interfaces/msg/detail/go2_cmd__traits.hpp
[0.858s] -- Up-to-date: /home/orin2/ros2_ws/install/go2_interfaces/include/go2_interfaces/go2_interfaces/msg/detail/go2_move__struct.hpp
[0.858s] -- Up-to-date: /home/orin2/ros2_ws/install/go2_interfaces/include/go2_interfaces/go2_interfaces/msg/detail/imu__struct.hpp
[0.859s] -- Up-to-date: /home/orin2/ros2_ws/install/go2_interfaces/include/go2_interfaces/go2_interfaces/msg/detail/imu__traits.hpp
[0.859s] -- Up-to-date: /home/orin2/ros2_ws/install/go2_interfaces/include/go2_interfaces/go2_interfaces/msg/detail/go2_cmd__builder.hpp
[0.859s] -- Up-to-date: /home/orin2/ros2_ws/install/go2_interfaces/include/go2_interfaces/go2_interfaces/msg/detail/go2_rpy_cmd__type_support.hpp
[0.859s] -- Up-to-date: /home/orin2/ros2_ws/install/go2_interfaces/include/go2_interfaces/go2_interfaces/msg/detail/go2_state__struct.hpp
[0.859s] -- Up-to-date: /home/orin2/ros2_ws/install/go2_interfaces/include/go2_interfaces/go2_interfaces/msg/detail/go2_cmd__struct.hpp
[0.859s] -- Up-to-date: /home/orin2/ros2_ws/install/go2_interfaces/include/go2_interfaces/go2_interfaces/msg/detail/go2_state__traits.hpp
[0.859s] -- Up-to-date: /home/orin2/ros2_ws/install/go2_interfaces/include/go2_interfaces/go2_interfaces/msg/detail/go2_rpy_cmd__traits.hpp
[0.859s] -- Up-to-date: /home/orin2/ros2_ws/install/go2_interfaces/include/go2_interfaces/go2_interfaces/msg/detail/go2_state__type_support.hpp
[0.859s] -- Up-to-date: /home/orin2/ros2_ws/install/go2_interfaces/include/go2_interfaces/go2_interfaces/msg/rosidl_generator_cpp__visibility_control.hpp
[0.859s] -- Up-to-date: /home/orin2/ros2_ws/install/go2_interfaces/include/go2_interfaces/go2_interfaces/msg/go2_rpy_cmd.hpp
[0.860s] -- Up-to-date: /home/orin2/ros2_ws/install/go2_interfaces/include/go2_interfaces/go2_interfaces
[0.860s] -- Up-to-date: /home/orin2/ros2_ws/install/go2_interfaces/include/go2_interfaces/go2_interfaces/msg
[0.860s] -- Up-to-date: /home/orin2/ros2_ws/install/go2_interfaces/include/go2_interfaces/go2_interfaces/msg/rosidl_typesupport_fastrtps_cpp__visibility_control.h
[0.860s] -- Up-to-date: /home/orin2/ros2_ws/install/go2_interfaces/include/go2_interfaces/go2_interfaces/msg/detail
[0.860s] -- Up-to-date: /home/orin2/ros2_ws/install/go2_interfaces/include/go2_interfaces/go2_interfaces/msg/detail/go2_state__rosidl_typesupport_fastrtps_cpp.hpp
[0.860s] -- Up-to-date: /home/orin2/ros2_ws/install/go2_interfaces/include/go2_interfaces/go2_interfaces/msg/detail/imu__rosidl_typesupport_fastrtps_cpp.hpp
[0.860s] -- Up-to-date: /home/orin2/ros2_ws/install/go2_interfaces/include/go2_interfaces/go2_interfaces/msg/detail/go2_rpy_cmd__rosidl_typesupport_fastrtps_cpp.hpp
[0.860s] -- Up-to-date: /home/orin2/ros2_ws/install/go2_interfaces/include/go2_interfaces/go2_interfaces/msg/detail/dds_fastrtps
[0.860s] -- Up-to-date: /home/orin2/ros2_ws/install/go2_interfaces/include/go2_interfaces/go2_interfaces/msg/detail/go2_cmd__rosidl_typesupport_fastrtps_cpp.hpp
[0.860s] -- Up-to-date: /home/orin2/ros2_ws/install/go2_interfaces/include/go2_interfaces/go2_interfaces/msg/detail/go2_move__rosidl_typesupport_fastrtps_cpp.hpp
[0.861s] -- Up-to-date: /home/orin2/ros2_ws/install/go2_interfaces/lib/libgo2_interfaces__rosidl_typesupport_fastrtps_cpp.so
[0.861s] -- Up-to-date: /home/orin2/ros2_ws/install/go2_interfaces/include/go2_interfaces/go2_interfaces
[0.862s] -- Up-to-date: /home/orin2/ros2_ws/install/go2_interfaces/include/go2_interfaces/go2_interfaces/msg
[0.862s] -- Up-to-date: /home/orin2/ros2_ws/install/go2_interfaces/include/go2_interfaces/go2_interfaces/msg/detail
[0.862s] -- Up-to-date: /home/orin2/ros2_ws/install/go2_interfaces/include/go2_interfaces/go2_interfaces/msg/detail/go2_move__rosidl_typesupport_introspection_c.h
[0.862s] -- Up-to-date: /home/orin2/ros2_ws/install/go2_interfaces/include/go2_interfaces/go2_interfaces/msg/detail/go2_move__type_support.c
[0.863s] -- Up-to-date: /home/orin2/ros2_ws/install/go2_interfaces/include/go2_interfaces/go2_interfaces/msg/detail/go2_rpy_cmd__rosidl_typesupport_introspection_c.h
[0.863s] -- Up-to-date: /home/orin2/ros2_ws/install/go2_interfaces/include/go2_interfaces/go2_interfaces/msg/detail/go2_cmd__type_support.c
[0.863s] -- Up-to-date: /home/orin2/ros2_ws/install/go2_interfaces/include/go2_interfaces/go2_interfaces/msg/detail/imu__type_support.c
[0.863s] -- Up-to-date: /home/orin2/ros2_ws/install/go2_interfaces/include/go2_interfaces/go2_interfaces/msg/detail/go2_rpy_cmd__type_support.c
[0.863s] -- Up-to-date: /home/orin2/ros2_ws/install/go2_interfaces/include/go2_interfaces/go2_interfaces/msg/detail/go2_state__type_support.c
[0.863s] -- Up-to-date: /home/orin2/ros2_ws/install/go2_interfaces/include/go2_interfaces/go2_interfaces/msg/detail/go2_cmd__rosidl_typesupport_introspection_c.h
[0.863s] -- Up-to-date: /home/orin2/ros2_ws/install/go2_interfaces/include/go2_interfaces/go2_interfaces/msg/detail/go2_state__rosidl_typesupport_introspection_c.h
[0.864s] -- Up-to-date: /home/orin2/ros2_ws/install/go2_interfaces/include/go2_interfaces/go2_interfaces/msg/detail/imu__rosidl_typesupport_introspection_c.h
[0.864s] -- Up-to-date: /home/orin2/ros2_ws/install/go2_interfaces/include/go2_interfaces/go2_interfaces/msg/rosidl_typesupport_introspection_c__visibility_control.h
[0.865s] -- Up-to-date: /home/orin2/ros2_ws/install/go2_interfaces/lib/libgo2_interfaces__rosidl_typesupport_introspection_c.so
[0.867s] -- Up-to-date: /home/orin2/ros2_ws/install/go2_interfaces/lib/libgo2_interfaces__rosidl_typesupport_c.so
[0.867s] -- Up-to-date: /home/orin2/ros2_ws/install/go2_interfaces/include/go2_interfaces/go2_interfaces
[0.867s] -- Up-to-date: /home/orin2/ros2_ws/install/go2_interfaces/include/go2_interfaces/go2_interfaces/msg
[0.867s] -- Up-to-date: /home/orin2/ros2_ws/install/go2_interfaces/include/go2_interfaces/go2_interfaces/msg/detail
[0.867s] -- Up-to-date: /home/orin2/ros2_ws/install/go2_interfaces/include/go2_interfaces/go2_interfaces/msg/detail/go2_rpy_cmd__rosidl_typesupport_introspection_cpp.hpp
[0.867s] -- Up-to-date: /home/orin2/ros2_ws/install/go2_interfaces/include/go2_interfaces/go2_interfaces/msg/detail/go2_move__rosidl_typesupport_introspection_cpp.hpp
[0.867s] -- Up-to-date: /home/orin2/ros2_ws/install/go2_interfaces/include/go2_interfaces/go2_interfaces/msg/detail/go2_cmd__type_support.cpp
[0.867s] -- Up-to-date: /home/orin2/ros2_ws/install/go2_interfaces/include/go2_interfaces/go2_interfaces/msg/detail/go2_state__type_support.cpp
[0.867s] -- Up-to-date: /home/orin2/ros2_ws/install/go2_interfaces/include/go2_interfaces/go2_interfaces/msg/detail/go2_rpy_cmd__type_support.cpp
[0.867s] -- Up-to-date: /home/orin2/ros2_ws/install/go2_interfaces/include/go2_interfaces/go2_interfaces/msg/detail/go2_cmd__rosidl_typesupport_introspection_cpp.hpp
[0.867s] -- Up-to-date: /home/orin2/ros2_ws/install/go2_interfaces/include/go2_interfaces/go2_interfaces/msg/detail/imu__rosidl_typesupport_introspection_cpp.hpp
[0.868s] -- Up-to-date: /home/orin2/ros2_ws/install/go2_interfaces/include/go2_interfaces/go2_interfaces/msg/detail/go2_state__rosidl_typesupport_introspection_cpp.hpp
[0.868s] -- Up-to-date: /home/orin2/ros2_ws/install/go2_interfaces/include/go2_interfaces/go2_interfaces/msg/detail/go2_move__type_support.cpp
[0.868s] -- Up-to-date: /home/orin2/ros2_ws/install/go2_interfaces/include/go2_interfaces/go2_interfaces/msg/detail/imu__type_support.cpp
[0.868s] -- Up-to-date: /home/orin2/ros2_ws/install/go2_interfaces/lib/libgo2_interfaces__rosidl_typesupport_introspection_cpp.so
[0.869s] -- Up-to-date: /home/orin2/ros2_ws/install/go2_interfaces/lib/libgo2_interfaces__rosidl_typesupport_cpp.so
[0.869s] -- Up-to-date: /home/orin2/ros2_ws/install/go2_interfaces/share/go2_interfaces/environment/pythonpath.sh
[0.869s] -- Up-to-date: /home/orin2/ros2_ws/install/go2_interfaces/share/go2_interfaces/environment/pythonpath.dsv
[0.871s] -- Up-to-date: /home/orin2/ros2_ws/install/go2_interfaces/local/lib/python3.10/dist-packages/go2_interfaces-0.0.0-py3.10.egg-info
[0.871s] -- Installing: /home/orin2/ros2_ws/install/go2_interfaces/local/lib/python3.10/dist-packages/go2_interfaces-0.0.0-py3.10.egg-info/dependency_links.txt
[0.872s] -- Installing: /home/orin2/ros2_ws/install/go2_interfaces/local/lib/python3.10/dist-packages/go2_interfaces-0.0.0-py3.10.egg-info/SOURCES.txt
[0.872s] -- Installing: /home/orin2/ros2_ws/install/go2_interfaces/local/lib/python3.10/dist-packages/go2_interfaces-0.0.0-py3.10.egg-info/PKG-INFO
[0.873s] -- Installing: /home/orin2/ros2_ws/install/go2_interfaces/local/lib/python3.10/dist-packages/go2_interfaces-0.0.0-py3.10.egg-info/top_level.txt
[0.873s] -- Up-to-date: /home/orin2/ros2_ws/install/go2_interfaces/local/lib/python3.10/dist-packages/go2_interfaces
[0.874s] -- Up-to-date: /home/orin2/ros2_ws/install/go2_interfaces/local/lib/python3.10/dist-packages/go2_interfaces/libgo2_interfaces__rosidl_generator_py.so
[0.874s] -- Up-to-date: /home/orin2/ros2_ws/install/go2_interfaces/local/lib/python3.10/dist-packages/go2_interfaces/_go2_interfaces_s.ep.rosidl_typesupport_fastrtps_c.c
[0.874s] -- Up-to-date: /home/orin2/ros2_ws/install/go2_interfaces/local/lib/python3.10/dist-packages/go2_interfaces/_go2_interfaces_s.ep.rosidl_typesupport_c.c
[0.874s] -- Up-to-date: /home/orin2/ros2_ws/install/go2_interfaces/local/lib/python3.10/dist-packages/go2_interfaces/go2_interfaces_s__rosidl_typesupport_c.cpython-310-aarch64-linux-gnu.so
[0.875s] -- Up-to-date: /home/orin2/ros2_ws/install/go2_interfaces/local/lib/python3.10/dist-packages/go2_interfaces/_go2_interfaces_s.ep.rosidl_typesupport_introspection_c.c
[0.875s] -- Up-to-date: /home/orin2/ros2_ws/install/go2_interfaces/local/lib/python3.10/dist-packages/go2_interfaces/go2_interfaces_s__rosidl_typesupport_fastrtps_c.cpython-310-aarch64-linux-gnu.so
[0.875s] -- Up-to-date: /home/orin2/ros2_ws/install/go2_interfaces/local/lib/python3.10/dist-packages/go2_interfaces/go2_interfaces_s__rosidl_typesupport_introspection_c.cpython-310-aarch64-linux-gnu.so
[0.875s] -- Up-to-date: /home/orin2/ros2_ws/install/go2_interfaces/local/lib/python3.10/dist-packages/go2_interfaces/msg
[0.875s] -- Up-to-date: /home/orin2/ros2_ws/install/go2_interfaces/local/lib/python3.10/dist-packages/go2_interfaces/msg/_go2_move.py
[0.875s] -- Up-to-date: /home/orin2/ros2_ws/install/go2_interfaces/local/lib/python3.10/dist-packages/go2_interfaces/msg/_go2_rpy_cmd_s.c
[0.876s] -- Up-to-date: /home/orin2/ros2_ws/install/go2_interfaces/local/lib/python3.10/dist-packages/go2_interfaces/msg/_go2_cmd.py
[0.876s] -- Up-to-date: /home/orin2/ros2_ws/install/go2_interfaces/local/lib/python3.10/dist-packages/go2_interfaces/msg/_go2_state_s.c
[0.876s] -- Up-to-date: /home/orin2/ros2_ws/install/go2_interfaces/local/lib/python3.10/dist-packages/go2_interfaces/msg/_go2_cmd_s.c
[0.876s] -- Up-to-date: /home/orin2/ros2_ws/install/go2_interfaces/local/lib/python3.10/dist-packages/go2_interfaces/msg/_imu.py
[0.876s] -- Up-to-date: /home/orin2/ros2_ws/install/go2_interfaces/local/lib/python3.10/dist-packages/go2_interfaces/msg/_go2_state.py
[0.876s] -- Up-to-date: /home/orin2/ros2_ws/install/go2_interfaces/local/lib/python3.10/dist-packages/go2_interfaces/msg/_go2_rpy_cmd.py
[0.876s] -- Up-to-date: /home/orin2/ros2_ws/install/go2_interfaces/local/lib/python3.10/dist-packages/go2_interfaces/msg/__init__.py
[0.876s] -- Up-to-date: /home/orin2/ros2_ws/install/go2_interfaces/local/lib/python3.10/dist-packages/go2_interfaces/msg/_imu_s.c
[0.876s] -- Up-to-date: /home/orin2/ros2_ws/install/go2_interfaces/local/lib/python3.10/dist-packages/go2_interfaces/msg/_go2_move_s.c
[0.877s] -- Up-to-date: /home/orin2/ros2_ws/install/go2_interfaces/local/lib/python3.10/dist-packages/go2_interfaces/__init__.py
[0.898s] Listing '/home/orin2/ros2_ws/install/go2_interfaces/local/lib/python3.10/dist-packages/go2_interfaces'...
[0.898s] Listing '/home/orin2/ros2_ws/install/go2_interfaces/local/lib/python3.10/dist-packages/go2_interfaces/msg'...
[0.908s] -- Up-to-date: /home/orin2/ros2_ws/install/go2_interfaces/local/lib/python3.10/dist-packages/go2_interfaces/go2_interfaces_s__rosidl_typesupport_fastrtps_c.cpython-310-aarch64-linux-gnu.so
[0.909s] -- Up-to-date: /home/orin2/ros2_ws/install/go2_interfaces/local/lib/python3.10/dist-packages/go2_interfaces/go2_interfaces_s__rosidl_typesupport_introspection_c.cpython-310-aarch64-linux-gnu.so
[0.910s] -- Up-to-date: /home/orin2/ros2_ws/install/go2_interfaces/local/lib/python3.10/dist-packages/go2_interfaces/go2_interfaces_s__rosidl_typesupport_c.cpython-310-aarch64-linux-gnu.so
[0.911s] -- Up-to-date: /home/orin2/ros2_ws/install/go2_interfaces/lib/libgo2_interfaces__rosidl_generator_py.so
[0.913s] -- Up-to-date: /home/orin2/ros2_ws/install/go2_interfaces/share/go2_interfaces/msg/Go2Cmd.idl
[0.913s] -- Up-to-date: /home/orin2/ros2_ws/install/go2_interfaces/share/go2_interfaces/msg/Go2State.idl
[0.913s] -- Up-to-date: /home/orin2/ros2_ws/install/go2_interfaces/share/go2_interfaces/msg/Go2Move.idl
[0.913s] -- Up-to-date: /home/orin2/ros2_ws/install/go2_interfaces/share/go2_interfaces/msg/Go2RpyCmd.idl
[0.914s] -- Up-to-date: /home/orin2/ros2_ws/install/go2_interfaces/share/go2_interfaces/msg/IMU.idl
[0.914s] -- Up-to-date: /home/orin2/ros2_ws/install/go2_interfaces/share/go2_interfaces/msg/Go2Cmd.msg
[0.914s] -- Up-to-date: /home/orin2/ros2_ws/install/go2_interfaces/share/go2_interfaces/msg/Go2State.msg
[0.914s] -- Up-to-date: /home/orin2/ros2_ws/install/go2_interfaces/share/go2_interfaces/msg/Go2Move.msg
[0.914s] -- Up-to-date: /home/orin2/ros2_ws/install/go2_interfaces/share/go2_interfaces/msg/Go2RpyCmd.msg
[0.914s] -- Up-to-date: /home/orin2/ros2_ws/install/go2_interfaces/share/go2_interfaces/msg/IMU.msg
[0.915s] -- Up-to-date: /home/orin2/ros2_ws/install/go2_interfaces/share/ament_index/resource_index/package_run_dependencies/go2_interfaces
[0.915s] -- Up-to-date: /home/orin2/ros2_ws/install/go2_interfaces/share/ament_index/resource_index/parent_prefix_path/go2_interfaces
[0.915s] -- Up-to-date: /home/orin2/ros2_ws/install/go2_interfaces/share/go2_interfaces/environment/ament_prefix_path.sh
[0.915s] -- Up-to-date: /home/orin2/ros2_ws/install/go2_interfaces/share/go2_interfaces/environment/ament_prefix_path.dsv
[0.916s] -- Up-to-date: /home/orin2/ros2_ws/install/go2_interfaces/share/go2_interfaces/environment/path.sh
[0.916s] -- Up-to-date: /home/orin2/ros2_ws/install/go2_interfaces/share/go2_interfaces/environment/path.dsv
[0.916s] -- Up-to-date: /home/orin2/ros2_ws/install/go2_interfaces/share/go2_interfaces/local_setup.bash
[0.916s] -- Up-to-date: /home/orin2/ros2_ws/install/go2_interfaces/share/go2_interfaces/local_setup.sh
[0.916s] -- Up-to-date: /home/orin2/ros2_ws/install/go2_interfaces/share/go2_interfaces/local_setup.zsh
[0.916s] -- Up-to-date: /home/orin2/ros2_ws/install/go2_interfaces/share/go2_interfaces/local_setup.dsv
[0.916s] -- Installing: /home/orin2/ros2_ws/install/go2_interfaces/share/go2_interfaces/package.dsv
[0.917s] -- Up-to-date: /home/orin2/ros2_ws/install/go2_interfaces/share/ament_index/resource_index/packages/go2_interfaces
[0.918s] -- Up-to-date: /home/orin2/ros2_ws/install/go2_interfaces/share/go2_interfaces/cmake/export_go2_interfaces__rosidl_generator_cExport.cmake
[0.918s] -- Up-to-date: /home/orin2/ros2_ws/install/go2_interfaces/share/go2_interfaces/cmake/export_go2_interfaces__rosidl_generator_cExport-noconfig.cmake
[0.919s] -- Up-to-date: /home/orin2/ros2_ws/install/go2_interfaces/share/go2_interfaces/cmake/export_go2_interfaces__rosidl_typesupport_fastrtps_cExport.cmake
[0.919s] -- Up-to-date: /home/orin2/ros2_ws/install/go2_interfaces/share/go2_interfaces/cmake/export_go2_interfaces__rosidl_typesupport_fastrtps_cExport-noconfig.cmake
[0.919s] -- Up-to-date: /home/orin2/ros2_ws/install/go2_interfaces/share/go2_interfaces/cmake/export_go2_interfaces__rosidl_generator_cppExport.cmake
[0.920s] -- Up-to-date: /home/orin2/ros2_ws/install/go2_interfaces/share/go2_interfaces/cmake/export_go2_interfaces__rosidl_typesupport_fastrtps_cppExport.cmake
[0.920s] -- Up-to-date: /home/orin2/ros2_ws/install/go2_interfaces/share/go2_interfaces/cmake/export_go2_interfaces__rosidl_typesupport_fastrtps_cppExport-noconfig.cmake
[0.921s] -- Up-to-date: /home/orin2/ros2_ws/install/go2_interfaces/share/go2_interfaces/cmake/go2_interfaces__rosidl_typesupport_introspection_cExport.cmake
[0.921s] -- Up-to-date: /home/orin2/ros2_ws/install/go2_interfaces/share/go2_interfaces/cmake/go2_interfaces__rosidl_typesupport_introspection_cExport-noconfig.cmake
[0.921s] -- Up-to-date: /home/orin2/ros2_ws/install/go2_interfaces/share/go2_interfaces/cmake/go2_interfaces__rosidl_typesupport_cExport.cmake
[0.922s] -- Up-to-date: /home/orin2/ros2_ws/install/go2_interfaces/share/go2_interfaces/cmake/go2_interfaces__rosidl_typesupport_cExport-noconfig.cmake
[0.922s] -- Up-to-date: /home/orin2/ros2_ws/install/go2_interfaces/share/go2_interfaces/cmake/go2_interfaces__rosidl_typesupport_introspection_cppExport.cmake
[0.922s] -- Up-to-date: /home/orin2/ros2_ws/install/go2_interfaces/share/go2_interfaces/cmake/go2_interfaces__rosidl_typesupport_introspection_cppExport-noconfig.cmake
[0.923s] -- Up-to-date: /home/orin2/ros2_ws/install/go2_interfaces/share/go2_interfaces/cmake/go2_interfaces__rosidl_typesupport_cppExport.cmake
[0.923s] -- Up-to-date: /home/orin2/ros2_ws/install/go2_interfaces/share/go2_interfaces/cmake/go2_interfaces__rosidl_typesupport_cppExport-noconfig.cmake
[0.924s] -- Up-to-date: /home/orin2/ros2_ws/install/go2_interfaces/share/go2_interfaces/cmake/export_go2_interfaces__rosidl_generator_pyExport.cmake
[0.924s] -- Up-to-date: /home/orin2/ros2_ws/install/go2_interfaces/share/go2_interfaces/cmake/export_go2_interfaces__rosidl_generator_pyExport-noconfig.cmake
[0.924s] -- Up-to-date: /home/orin2/ros2_ws/install/go2_interfaces/share/go2_interfaces/cmake/rosidl_cmake-extras.cmake
[0.924s] -- Up-to-date: /home/orin2/ros2_ws/install/go2_interfaces/share/go2_interfaces/cmake/ament_cmake_export_dependencies-extras.cmake
[0.925s] -- Up-to-date: /home/orin2/ros2_ws/install/go2_interfaces/share/go2_interfaces/cmake/ament_cmake_export_include_directories-extras.cmake
[0.925s] -- Up-to-date: /home/orin2/ros2_ws/install/go2_interfaces/share/go2_interfaces/cmake/ament_cmake_export_libraries-extras.cmake
[0.925s] -- Up-to-date: /home/orin2/ros2_ws/install/go2_interfaces/share/go2_interfaces/cmake/ament_cmake_export_targets-extras.cmake
[0.925s] -- Up-to-date: /home/orin2/ros2_ws/install/go2_interfaces/share/go2_interfaces/cmake/rosidl_cmake_export_typesupport_targets-extras.cmake
[0.925s] -- Up-to-date: /home/orin2/ros2_ws/install/go2_interfaces/share/go2_interfaces/cmake/rosidl_cmake_export_typesupport_libraries-extras.cmake
[0.925s] -- Up-to-date: /home/orin2/ros2_ws/install/go2_interfaces/share/go2_interfaces/cmake/go2_interfacesConfig.cmake
[0.925s] -- Up-to-date: /home/orin2/ros2_ws/install/go2_interfaces/share/go2_interfaces/cmake/go2_interfacesConfig-version.cmake
[0.925s] -- Up-to-date: /home/orin2/ros2_ws/install/go2_interfaces/share/go2_interfaces/package.xml
[0.936s] Invoked command in '/home/orin2/ros2_ws/build/go2_interfaces' returned '0': CMAKE_PREFIX_PATH=${CMAKE_PREFIX_PATH}:/opt/ros/humble /usr/bin/cmake --install /home/orin2/ros2_ws/build/go2_interfaces
