[1.710s] Invoking command in '/home/orin2/ros2_ws/src/go2_robot_sdk': AMENT_PREFIX_PATH=/home/orin2/ros2_ws/install/unitree_go:/home/orin2/ros2_ws/install/go2_interfaces:${AMENT_PREFIX_PATH} CMAKE_PREFIX_PATH=/home/orin2/ros2_ws/install/unitree_go:/home/orin2/ros2_ws/install/go2_interfaces LD_LIBRARY_PATH=/home/orin2/ros2_ws/install/unitree_go/lib:/home/orin2/ros2_ws/install/go2_interfaces/lib:/usr/local/cuda-12.6/lib64:/opt/ros/humble/opt/rviz_ogre_vendor/lib:/opt/ros/humble/lib/aarch64-linux-gnu:/opt/ros/humble/lib:/usr/local/cuda-12.2/lib64 PYTHONPATH=/home/orin2/ros2_ws/build/go2_robot_sdk/prefix_override:/usr/lib/python3/dist-packages/colcon_core/task/python/colcon_distutils_commands:/home/orin2/ros2_ws/install/go2_robot_sdk/lib/python3.10/site-packages:/home/orin2/ros2_ws/install/unitree_go/local/lib/python3.10/dist-packages:/home/orin2/ros2_ws/install/go2_interfaces/local/lib/python3.10/dist-packages:${PYTHONPATH} /usr/bin/python3 -W ignore:setup.py install is deprecated -W ignore:easy_install command is deprecated setup.py egg_info --egg-base ../../build/go2_robot_sdk build --build-base /home/orin2/ros2_ws/build/go2_robot_sdk/build install --record /home/orin2/ros2_ws/build/go2_robot_sdk/install.log --single-version-externally-managed install_data
[2.274s] running egg_info
[2.276s] writing ../../build/go2_robot_sdk/go2_robot_sdk.egg-info/PKG-INFO
[2.276s] writing dependency_links to ../../build/go2_robot_sdk/go2_robot_sdk.egg-info/dependency_links.txt
[2.277s] writing entry points to ../../build/go2_robot_sdk/go2_robot_sdk.egg-info/entry_points.txt
[2.277s] writing requirements to ../../build/go2_robot_sdk/go2_robot_sdk.egg-info/requires.txt
[2.277s] writing top-level names to ../../build/go2_robot_sdk/go2_robot_sdk.egg-info/top_level.txt
[2.285s] reading manifest file '../../build/go2_robot_sdk/go2_robot_sdk.egg-info/SOURCES.txt'
[2.286s] adding license file 'LICENSE'
[2.288s] writing manifest file '../../build/go2_robot_sdk/go2_robot_sdk.egg-info/SOURCES.txt'
[2.288s] running build
[2.288s] running build_py
[2.290s] running install
[2.290s] running install_lib
[2.294s] running install_data
[2.296s] running install_egg_info
[2.300s] removing '/home/orin2/ros2_ws/install/go2_robot_sdk/lib/python3.10/site-packages/go2_robot_sdk-0.0.0-py3.10.egg-info' (and everything under it)
[2.300s] Copying ../../build/go2_robot_sdk/go2_robot_sdk.egg-info to /home/orin2/ros2_ws/install/go2_robot_sdk/lib/python3.10/site-packages/go2_robot_sdk-0.0.0-py3.10.egg-info
[2.302s] running install_scripts
[2.347s] Installing go2_driver_node script to /home/orin2/ros2_ws/install/go2_robot_sdk/lib/go2_robot_sdk
[2.347s] Installing lidar_to_pointcloud script to /home/orin2/ros2_ws/install/go2_robot_sdk/lib/go2_robot_sdk
[2.347s] Installing tts_node script to /home/orin2/ros2_ws/install/go2_robot_sdk/lib/go2_robot_sdk
[2.348s] writing list of installed files to '/home/orin2/ros2_ws/build/go2_robot_sdk/install.log'
[2.432s] Invoked command in '/home/orin2/ros2_ws/src/go2_robot_sdk' returned '0': AMENT_PREFIX_PATH=/home/orin2/ros2_ws/install/unitree_go:/home/orin2/ros2_ws/install/go2_interfaces:${AMENT_PREFIX_PATH} CMAKE_PREFIX_PATH=/home/orin2/ros2_ws/install/unitree_go:/home/orin2/ros2_ws/install/go2_interfaces LD_LIBRARY_PATH=/home/orin2/ros2_ws/install/unitree_go/lib:/home/orin2/ros2_ws/install/go2_interfaces/lib:/usr/local/cuda-12.6/lib64:/opt/ros/humble/opt/rviz_ogre_vendor/lib:/opt/ros/humble/lib/aarch64-linux-gnu:/opt/ros/humble/lib:/usr/local/cuda-12.2/lib64 PYTHONPATH=/home/orin2/ros2_ws/build/go2_robot_sdk/prefix_override:/usr/lib/python3/dist-packages/colcon_core/task/python/colcon_distutils_commands:/home/orin2/ros2_ws/install/go2_robot_sdk/lib/python3.10/site-packages:/home/orin2/ros2_ws/install/unitree_go/local/lib/python3.10/dist-packages:/home/orin2/ros2_ws/install/go2_interfaces/local/lib/python3.10/dist-packages:${PYTHONPATH} /usr/bin/python3 -W ignore:setup.py install is deprecated -W ignore:easy_install command is deprecated setup.py egg_info --egg-base ../../build/go2_robot_sdk build --build-base /home/orin2/ros2_ws/build/go2_robot_sdk/build install --record /home/orin2/ros2_ws/build/go2_robot_sdk/install.log --single-version-externally-managed install_data
