[0.049s] Invoking command in '/home/orin2/ros2_ws/build/unitree_go': CMAKE_PREFIX_PATH=${CMAKE_PREFIX_PATH}:/home/orin2/ros2_ws/install/go2_robot_sdk:/home/orin2/ros2_ws/install/coco_detector:/home/orin2/slam_ws/install/transform_sensors:/home/orin2/slam_ws/install/ros_tcp_endpoint:/opt/ros/humble /usr/bin/cmake --build /home/orin2/ros2_ws/build/unitree_go -- -j8 -l8
[0.157s] [35m[1mConsolidate compiler generated dependencies of target unitree_go__rosidl_generator_c[0m
[0.178s] [  0%] Built target unitree_go__cpp
[0.207s] [ 12%] Built target unitree_go__rosidl_generator_c
[0.221s] [ 12%] Built target ament_cmake_python_copy_unitree_go
[0.231s] [35m[1mConsolidate compiler generated dependencies of target unitree_go__rosidl_typesupport_cpp[0m
[0.234s] [35m[1mConsolidate compiler generated dependencies of target unitree_go__rosidl_typesupport_fastrtps_cpp[0m
[0.249s] [35m[1mConsolidate compiler generated dependencies of target unitree_go__rosidl_typesupport_introspection_c[0m
[0.253s] [35m[1mConsolidate compiler generated dependencies of target unitree_go__rosidl_typesupport_c[0m
[0.254s] [35m[1mConsolidate compiler generated dependencies of target unitree_go__rosidl_typesupport_fastrtps_c[0m
[0.254s] [35m[1mConsolidate compiler generated dependencies of target unitree_go__rosidl_typesupport_introspection_cpp[0m
[0.313s] [ 26%] Built target unitree_go__rosidl_typesupport_c
[0.321s] [ 36%] Built target unitree_go__rosidl_typesupport_cpp
[0.330s] [ 61%] Built target unitree_go__rosidl_typesupport_introspection_c
[0.331s] [ 61%] Built target unitree_go__rosidl_typesupport_fastrtps_cpp
[0.334s] [ 74%] Built target unitree_go__rosidl_typesupport_introspection_cpp
[0.334s] [ 86%] Built target unitree_go__rosidl_typesupport_fastrtps_c
[0.379s] [ 86%] Built target unitree_go
[0.430s] [ 86%] Built target unitree_go__py
[0.465s] [35m[1mConsolidate compiler generated dependencies of target unitree_go__rosidl_generator_py[0m
[0.523s] [ 98%] Built target unitree_go__rosidl_generator_py
[0.548s] [35m[1mConsolidate compiler generated dependencies of target unitree_go__rosidl_typesupport_c__pyext[0m
[0.549s] [35m[1mConsolidate compiler generated dependencies of target unitree_go__rosidl_typesupport_fastrtps_c__pyext[0m
[0.549s] [35m[1mConsolidate compiler generated dependencies of target unitree_go__rosidl_typesupport_introspection_c__pyext[0m
[0.581s] [ 99%] Built target unitree_go__rosidl_typesupport_introspection_c__pyext
[0.581s] [ 99%] Built target unitree_go__rosidl_typesupport_c__pyext
[0.581s] [100%] Built target unitree_go__rosidl_typesupport_fastrtps_c__pyext
[0.933s] running egg_info
[0.934s] writing unitree_go.egg-info/PKG-INFO
[0.935s] writing dependency_links to unitree_go.egg-info/dependency_links.txt
[0.936s] writing top-level names to unitree_go.egg-info/top_level.txt
[0.945s] reading manifest file 'unitree_go.egg-info/SOURCES.txt'
[0.946s] writing manifest file 'unitree_go.egg-info/SOURCES.txt'
[1.024s] [100%] Built target ament_cmake_python_build_unitree_go_egg
[1.052s] Invoked command in '/home/orin2/ros2_ws/build/unitree_go' returned '0': CMAKE_PREFIX_PATH=${CMAKE_PREFIX_PATH}:/home/orin2/ros2_ws/install/go2_robot_sdk:/home/orin2/ros2_ws/install/coco_detector:/home/orin2/slam_ws/install/transform_sensors:/home/orin2/slam_ws/install/ros_tcp_endpoint:/opt/ros/humble /usr/bin/cmake --build /home/orin2/ros2_ws/build/unitree_go -- -j8 -l8
[1.056s] Invoking command in '/home/orin2/ros2_ws/build/unitree_go': CMAKE_PREFIX_PATH=${CMAKE_PREFIX_PATH}:/home/orin2/ros2_ws/install/go2_robot_sdk:/home/orin2/ros2_ws/install/coco_detector:/home/orin2/slam_ws/install/transform_sensors:/home/orin2/slam_ws/install/ros_tcp_endpoint:/opt/ros/humble /usr/bin/cmake --install /home/orin2/ros2_ws/build/unitree_go
[1.073s] -- Install configuration: ""
[1.073s] -- Up-to-date: /home/orin2/ros2_ws/install/unitree_go/share/ament_index/resource_index/rosidl_interfaces/unitree_go
[1.073s] -- Up-to-date: /home/orin2/ros2_ws/install/unitree_go/include/unitree_go/unitree_go
[1.073s] -- Up-to-date: /home/orin2/ros2_ws/install/unitree_go/include/unitree_go/unitree_go/msg
[1.073s] -- Up-to-date: /home/orin2/ros2_ws/install/unitree_go/include/unitree_go/unitree_go/msg/rosidl_generator_c__visibility_control.h
[1.074s] -- Up-to-date: /home/orin2/ros2_ws/install/unitree_go/include/unitree_go/unitree_go/msg/time_spec.h
[1.074s] -- Up-to-date: /home/orin2/ros2_ws/install/unitree_go/include/unitree_go/unitree_go/msg/lidar_state.h
[1.074s] -- Up-to-date: /home/orin2/ros2_ws/install/unitree_go/include/unitree_go/unitree_go/msg/web_rtc_req.h
[1.074s] -- Up-to-date: /home/orin2/ros2_ws/install/unitree_go/include/unitree_go/unitree_go/msg/interface_config.h
[1.074s] -- Up-to-date: /home/orin2/ros2_ws/install/unitree_go/include/unitree_go/unitree_go/msg/bms_state.h
[1.074s] -- Up-to-date: /home/orin2/ros2_ws/install/unitree_go/include/unitree_go/unitree_go/msg/sport_mode_state.h
[1.074s] -- Up-to-date: /home/orin2/ros2_ws/install/unitree_go/include/unitree_go/unitree_go/msg/go2_front_video_data.h
[1.074s] -- Up-to-date: /home/orin2/ros2_ws/install/unitree_go/include/unitree_go/unitree_go/msg/motor_cmds.h
[1.074s] -- Up-to-date: /home/orin2/ros2_ws/install/unitree_go/include/unitree_go/unitree_go/msg/sport_mode_cmd.h
[1.075s] -- Up-to-date: /home/orin2/ros2_ws/install/unitree_go/include/unitree_go/unitree_go/msg/voxel_height_map_state.h
[1.075s] -- Up-to-date: /home/orin2/ros2_ws/install/unitree_go/include/unitree_go/unitree_go/msg/low_cmd.h
[1.075s] -- Up-to-date: /home/orin2/ros2_ws/install/unitree_go/include/unitree_go/unitree_go/msg/low_state.h
[1.075s] -- Up-to-date: /home/orin2/ros2_ws/install/unitree_go/include/unitree_go/unitree_go/msg/height_map.h
[1.075s] -- Up-to-date: /home/orin2/ros2_ws/install/unitree_go/include/unitree_go/unitree_go/msg/voxel_map_compressed.h
[1.076s] -- Up-to-date: /home/orin2/ros2_ws/install/unitree_go/include/unitree_go/unitree_go/msg/uwb_state.h
[1.076s] -- Up-to-date: /home/orin2/ros2_ws/install/unitree_go/include/unitree_go/unitree_go/msg/motor_cmd.h
[1.076s] -- Up-to-date: /home/orin2/ros2_ws/install/unitree_go/include/unitree_go/unitree_go/msg/path_point.h
[1.076s] -- Up-to-date: /home/orin2/ros2_ws/install/unitree_go/include/unitree_go/unitree_go/msg/motor_state.h
[1.077s] -- Up-to-date: /home/orin2/ros2_ws/install/unitree_go/include/unitree_go/unitree_go/msg/imu_state.h
[1.077s] -- Up-to-date: /home/orin2/ros2_ws/install/unitree_go/include/unitree_go/unitree_go/msg/detail
[1.077s] -- Up-to-date: /home/orin2/ros2_ws/install/unitree_go/include/unitree_go/unitree_go/msg/detail/bms_cmd__type_support.h
[1.077s] -- Up-to-date: /home/orin2/ros2_ws/install/unitree_go/include/unitree_go/unitree_go/msg/detail/interface_config__functions.c
[1.077s] -- Up-to-date: /home/orin2/ros2_ws/install/unitree_go/include/unitree_go/unitree_go/msg/detail/motor_cmd__struct.h
[1.078s] -- Up-to-date: /home/orin2/ros2_ws/install/unitree_go/include/unitree_go/unitree_go/msg/detail/voxel_height_map_state__type_support.h
[1.078s] -- Up-to-date: /home/orin2/ros2_ws/install/unitree_go/include/unitree_go/unitree_go/msg/detail/go2_front_video_data__functions.h
[1.078s] -- Up-to-date: /home/orin2/ros2_ws/install/unitree_go/include/unitree_go/unitree_go/msg/detail/uwb_switch__functions.h
[1.078s] -- Up-to-date: /home/orin2/ros2_ws/install/unitree_go/include/unitree_go/unitree_go/msg/detail/path_point__type_support.h
[1.078s] -- Up-to-date: /home/orin2/ros2_ws/install/unitree_go/include/unitree_go/unitree_go/msg/detail/interface_config__type_support.h
[1.078s] -- Up-to-date: /home/orin2/ros2_ws/install/unitree_go/include/unitree_go/unitree_go/msg/detail/imu_state__functions.c
[1.078s] -- Up-to-date: /home/orin2/ros2_ws/install/unitree_go/include/unitree_go/unitree_go/msg/detail/go2_front_video_data__struct.h
[1.078s] -- Up-to-date: /home/orin2/ros2_ws/install/unitree_go/include/unitree_go/unitree_go/msg/detail/height_map__functions.c
[1.079s] -- Up-to-date: /home/orin2/ros2_ws/install/unitree_go/include/unitree_go/unitree_go/msg/detail/audio_data__functions.c
[1.079s] -- Up-to-date: /home/orin2/ros2_ws/install/unitree_go/include/unitree_go/unitree_go/msg/detail/motor_cmds__type_support.h
[1.079s] -- Up-to-date: /home/orin2/ros2_ws/install/unitree_go/include/unitree_go/unitree_go/msg/detail/motor_cmds__functions.c
[1.079s] -- Up-to-date: /home/orin2/ros2_ws/install/unitree_go/include/unitree_go/unitree_go/msg/detail/motor_states__type_support.h
[1.079s] -- Up-to-date: /home/orin2/ros2_ws/install/unitree_go/include/unitree_go/unitree_go/msg/detail/uwb_state__type_support.h
[1.080s] -- Up-to-date: /home/orin2/ros2_ws/install/unitree_go/include/unitree_go/unitree_go/msg/detail/time_spec__functions.h
[1.080s] -- Up-to-date: /home/orin2/ros2_ws/install/unitree_go/include/unitree_go/unitree_go/msg/detail/web_rtc_req__functions.c
[1.080s] -- Up-to-date: /home/orin2/ros2_ws/install/unitree_go/include/unitree_go/unitree_go/msg/detail/path_point__functions.c
[1.080s] -- Up-to-date: /home/orin2/ros2_ws/install/unitree_go/include/unitree_go/unitree_go/msg/detail/req__functions.h
[1.081s] -- Up-to-date: /home/orin2/ros2_ws/install/unitree_go/include/unitree_go/unitree_go/msg/detail/bms_cmd__functions.h
[1.081s] -- Up-to-date: /home/orin2/ros2_ws/install/unitree_go/include/unitree_go/unitree_go/msg/detail/uwb_switch__type_support.h
[1.081s] -- Up-to-date: /home/orin2/ros2_ws/install/unitree_go/include/unitree_go/unitree_go/msg/detail/motor_cmd__type_support.h
[1.081s] -- Up-to-date: /home/orin2/ros2_ws/install/unitree_go/include/unitree_go/unitree_go/msg/detail/error__functions.h
[1.081s] -- Up-to-date: /home/orin2/ros2_ws/install/unitree_go/include/unitree_go/unitree_go/msg/detail/bms_state__functions.h
[1.082s] -- Up-to-date: /home/orin2/ros2_ws/install/unitree_go/include/unitree_go/unitree_go/msg/detail/uwb_state__functions.c
[1.082s] -- Up-to-date: /home/orin2/ros2_ws/install/unitree_go/include/unitree_go/unitree_go/msg/detail/go2_front_video_data__functions.c
[1.082s] -- Up-to-date: /home/orin2/ros2_ws/install/unitree_go/include/unitree_go/unitree_go/msg/detail/error__type_support.h
[1.082s] -- Up-to-date: /home/orin2/ros2_ws/install/unitree_go/include/unitree_go/unitree_go/msg/detail/wireless_controller__type_support.h
[1.083s] -- Up-to-date: /home/orin2/ros2_ws/install/unitree_go/include/unitree_go/unitree_go/msg/detail/error__struct.h
[1.083s] -- Up-to-date: /home/orin2/ros2_ws/install/unitree_go/include/unitree_go/unitree_go/msg/detail/audio_data__struct.h
[1.083s] -- Up-to-date: /home/orin2/ros2_ws/install/unitree_go/include/unitree_go/unitree_go/msg/detail/web_rtc_req__type_support.h
[1.083s] -- Up-to-date: /home/orin2/ros2_ws/install/unitree_go/include/unitree_go/unitree_go/msg/detail/sport_mode_state__functions.h
[1.083s] -- Up-to-date: /home/orin2/ros2_ws/install/unitree_go/include/unitree_go/unitree_go/msg/detail/sport_mode_state__functions.c
[1.083s] -- Up-to-date: /home/orin2/ros2_ws/install/unitree_go/include/unitree_go/unitree_go/msg/detail/req__struct.h
[1.083s] -- Up-to-date: /home/orin2/ros2_ws/install/unitree_go/include/unitree_go/unitree_go/msg/detail/low_state__functions.c
[1.084s] -- Up-to-date: /home/orin2/ros2_ws/install/unitree_go/include/unitree_go/unitree_go/msg/detail/motor_states__functions.h
[1.084s] -- Up-to-date: /home/orin2/ros2_ws/install/unitree_go/include/unitree_go/unitree_go/msg/detail/web_rtc_req__struct.h
[1.084s] -- Up-to-date: /home/orin2/ros2_ws/install/unitree_go/include/unitree_go/unitree_go/msg/detail/audio_data__type_support.h
[1.084s] -- Up-to-date: /home/orin2/ros2_ws/install/unitree_go/include/unitree_go/unitree_go/msg/detail/time_spec__type_support.h
[1.084s] -- Up-to-date: /home/orin2/ros2_ws/install/unitree_go/include/unitree_go/unitree_go/msg/detail/height_map__functions.h
[1.085s] -- Up-to-date: /home/orin2/ros2_ws/install/unitree_go/include/unitree_go/unitree_go/msg/detail/voxel_height_map_state__functions.c
[1.085s] -- Up-to-date: /home/orin2/ros2_ws/install/unitree_go/include/unitree_go/unitree_go/msg/detail/sport_mode_cmd__functions.c
[1.085s] -- Up-to-date: /home/orin2/ros2_ws/install/unitree_go/include/unitree_go/unitree_go/msg/detail/sport_mode_cmd__type_support.h
[1.085s] -- Up-to-date: /home/orin2/ros2_ws/install/unitree_go/include/unitree_go/unitree_go/msg/detail/req__type_support.h
[1.086s] -- Up-to-date: /home/orin2/ros2_ws/install/unitree_go/include/unitree_go/unitree_go/msg/detail/motor_state__type_support.h
[1.086s] -- Up-to-date: /home/orin2/ros2_ws/install/unitree_go/include/unitree_go/unitree_go/msg/detail/low_cmd__functions.c
[1.087s] -- Up-to-date: /home/orin2/ros2_ws/install/unitree_go/include/unitree_go/unitree_go/msg/detail/audio_data__functions.h
[1.087s] -- Up-to-date: /home/orin2/ros2_ws/install/unitree_go/include/unitree_go/unitree_go/msg/detail/motor_states__functions.c
[1.087s] -- Up-to-date: /home/orin2/ros2_ws/install/unitree_go/include/unitree_go/unitree_go/msg/detail/sport_mode_cmd__functions.h
[1.087s] -- Up-to-date: /home/orin2/ros2_ws/install/unitree_go/include/unitree_go/unitree_go/msg/detail/low_cmd__functions.h
[1.087s] -- Up-to-date: /home/orin2/ros2_ws/install/unitree_go/include/unitree_go/unitree_go/msg/detail/error__functions.c
[1.087s] -- Up-to-date: /home/orin2/ros2_ws/install/unitree_go/include/unitree_go/unitree_go/msg/detail/low_state__type_support.h
[1.088s] -- Up-to-date: /home/orin2/ros2_ws/install/unitree_go/include/unitree_go/unitree_go/msg/detail/wireless_controller__functions.c
[1.089s] -- Up-to-date: /home/orin2/ros2_ws/install/unitree_go/include/unitree_go/unitree_go/msg/detail/res__functions.c
[1.089s] -- Up-to-date: /home/orin2/ros2_ws/install/unitree_go/include/unitree_go/unitree_go/msg/detail/voxel_map_compressed__functions.h
[1.089s] -- Up-to-date: /home/orin2/ros2_ws/install/unitree_go/include/unitree_go/unitree_go/msg/detail/low_cmd__type_support.h
[1.089s] -- Up-to-date: /home/orin2/ros2_ws/install/unitree_go/include/unitree_go/unitree_go/msg/detail/bms_state__struct.h
[1.090s] -- Up-to-date: /home/orin2/ros2_ws/install/unitree_go/include/unitree_go/unitree_go/msg/detail/req__functions.c
[1.090s] -- Up-to-date: /home/orin2/ros2_ws/install/unitree_go/include/unitree_go/unitree_go/msg/detail/lidar_state__type_support.h
[1.090s] -- Up-to-date: /home/orin2/ros2_ws/install/unitree_go/include/unitree_go/unitree_go/msg/detail/motor_state__functions.c
[1.090s] -- Up-to-date: /home/orin2/ros2_ws/install/unitree_go/include/unitree_go/unitree_go/msg/detail/voxel_map_compressed__functions.c
[1.091s] -- Up-to-date: /home/orin2/ros2_ws/install/unitree_go/include/unitree_go/unitree_go/msg/detail/time_spec__functions.c
[1.091s] -- Up-to-date: /home/orin2/ros2_ws/install/unitree_go/include/unitree_go/unitree_go/msg/detail/voxel_height_map_state__struct.h
[1.091s] -- Up-to-date: /home/orin2/ros2_ws/install/unitree_go/include/unitree_go/unitree_go/msg/detail/voxel_map_compressed__struct.h
[1.091s] -- Up-to-date: /home/orin2/ros2_ws/install/unitree_go/include/unitree_go/unitree_go/msg/detail/bms_cmd__functions.c
[1.091s] -- Up-to-date: /home/orin2/ros2_ws/install/unitree_go/include/unitree_go/unitree_go/msg/detail/voxel_height_map_state__functions.h
[1.091s] -- Up-to-date: /home/orin2/ros2_ws/install/unitree_go/include/unitree_go/unitree_go/msg/detail/imu_state__functions.h
[1.092s] -- Up-to-date: /home/orin2/ros2_ws/install/unitree_go/include/unitree_go/unitree_go/msg/detail/low_state__struct.h
[1.092s] -- Up-to-date: /home/orin2/ros2_ws/install/unitree_go/include/unitree_go/unitree_go/msg/detail/motor_cmd__functions.c
[1.092s] -- Up-to-date: /home/orin2/ros2_ws/install/unitree_go/include/unitree_go/unitree_go/msg/detail/motor_state__functions.h
[1.092s] -- Up-to-date: /home/orin2/ros2_ws/install/unitree_go/include/unitree_go/unitree_go/msg/detail/height_map__type_support.h
[1.093s] -- Up-to-date: /home/orin2/ros2_ws/install/unitree_go/include/unitree_go/unitree_go/msg/detail/imu_state__struct.h
[1.093s] -- Up-to-date: /home/orin2/ros2_ws/install/unitree_go/include/unitree_go/unitree_go/msg/detail/motor_state__struct.h
[1.093s] -- Up-to-date: /home/orin2/ros2_ws/install/unitree_go/include/unitree_go/unitree_go/msg/detail/wireless_controller__struct.h
[1.093s] -- Up-to-date: /home/orin2/ros2_ws/install/unitree_go/include/unitree_go/unitree_go/msg/detail/lidar_state__struct.h
[1.094s] -- Up-to-date: /home/orin2/ros2_ws/install/unitree_go/include/unitree_go/unitree_go/msg/detail/motor_cmd__functions.h
[1.094s] -- Up-to-date: /home/orin2/ros2_ws/install/unitree_go/include/unitree_go/unitree_go/msg/detail/wireless_controller__functions.h
[1.094s] -- Up-to-date: /home/orin2/ros2_ws/install/unitree_go/include/unitree_go/unitree_go/msg/detail/imu_state__type_support.h
[1.094s] -- Up-to-date: /home/orin2/ros2_ws/install/unitree_go/include/unitree_go/unitree_go/msg/detail/bms_state__functions.c
[1.094s] -- Up-to-date: /home/orin2/ros2_ws/install/unitree_go/include/unitree_go/unitree_go/msg/detail/low_state__functions.h
[1.095s] -- Up-to-date: /home/orin2/ros2_ws/install/unitree_go/include/unitree_go/unitree_go/msg/detail/low_cmd__struct.h
[1.095s] -- Up-to-date: /home/orin2/ros2_ws/install/unitree_go/include/unitree_go/unitree_go/msg/detail/sport_mode_state__type_support.h
[1.095s] -- Up-to-date: /home/orin2/ros2_ws/install/unitree_go/include/unitree_go/unitree_go/msg/detail/bms_state__type_support.h
[1.095s] -- Up-to-date: /home/orin2/ros2_ws/install/unitree_go/include/unitree_go/unitree_go/msg/detail/path_point__struct.h
[1.095s] -- Up-to-date: /home/orin2/ros2_ws/install/unitree_go/include/unitree_go/unitree_go/msg/detail/sport_mode_cmd__struct.h
[1.096s] -- Up-to-date: /home/orin2/ros2_ws/install/unitree_go/include/unitree_go/unitree_go/msg/detail/interface_config__functions.h
[1.096s] -- Up-to-date: /home/orin2/ros2_ws/install/unitree_go/include/unitree_go/unitree_go/msg/detail/motor_cmds__struct.h
[1.096s] -- Up-to-date: /home/orin2/ros2_ws/install/unitree_go/include/unitree_go/unitree_go/msg/detail/res__functions.h
[1.096s] -- Up-to-date: /home/orin2/ros2_ws/install/unitree_go/include/unitree_go/unitree_go/msg/detail/voxel_map_compressed__type_support.h
[1.097s] -- Up-to-date: /home/orin2/ros2_ws/install/unitree_go/include/unitree_go/unitree_go/msg/detail/uwb_state__functions.h
[1.097s] -- Up-to-date: /home/orin2/ros2_ws/install/unitree_go/include/unitree_go/unitree_go/msg/detail/web_rtc_req__functions.h
[1.097s] -- Up-to-date: /home/orin2/ros2_ws/install/unitree_go/include/unitree_go/unitree_go/msg/detail/res__struct.h
[1.098s] -- Up-to-date: /home/orin2/ros2_ws/install/unitree_go/include/unitree_go/unitree_go/msg/detail/motor_cmds__functions.h
[1.098s] -- Up-to-date: /home/orin2/ros2_ws/install/unitree_go/include/unitree_go/unitree_go/msg/detail/height_map__struct.h
[1.098s] -- Up-to-date: /home/orin2/ros2_ws/install/unitree_go/include/unitree_go/unitree_go/msg/detail/motor_states__struct.h
[1.098s] -- Up-to-date: /home/orin2/ros2_ws/install/unitree_go/include/unitree_go/unitree_go/msg/detail/go2_front_video_data__type_support.h
[1.099s] -- Up-to-date: /home/orin2/ros2_ws/install/unitree_go/include/unitree_go/unitree_go/msg/detail/sport_mode_state__struct.h
[1.099s] -- Up-to-date: /home/orin2/ros2_ws/install/unitree_go/include/unitree_go/unitree_go/msg/detail/time_spec__struct.h
[1.099s] -- Up-to-date: /home/orin2/ros2_ws/install/unitree_go/include/unitree_go/unitree_go/msg/detail/uwb_switch__struct.h
[1.099s] -- Up-to-date: /home/orin2/ros2_ws/install/unitree_go/include/unitree_go/unitree_go/msg/detail/interface_config__struct.h
[1.099s] -- Up-to-date: /home/orin2/ros2_ws/install/unitree_go/include/unitree_go/unitree_go/msg/detail/lidar_state__functions.h
[1.099s] -- Up-to-date: /home/orin2/ros2_ws/install/unitree_go/include/unitree_go/unitree_go/msg/detail/uwb_switch__functions.c
[1.099s] -- Up-to-date: /home/orin2/ros2_ws/install/unitree_go/include/unitree_go/unitree_go/msg/detail/bms_cmd__struct.h
[1.099s] -- Up-to-date: /home/orin2/ros2_ws/install/unitree_go/include/unitree_go/unitree_go/msg/detail/res__type_support.h
[1.100s] -- Up-to-date: /home/orin2/ros2_ws/install/unitree_go/include/unitree_go/unitree_go/msg/detail/path_point__functions.h
[1.100s] -- Up-to-date: /home/orin2/ros2_ws/install/unitree_go/include/unitree_go/unitree_go/msg/detail/lidar_state__functions.c
[1.100s] -- Up-to-date: /home/orin2/ros2_ws/install/unitree_go/include/unitree_go/unitree_go/msg/detail/uwb_state__struct.h
[1.100s] -- Up-to-date: /home/orin2/ros2_ws/install/unitree_go/include/unitree_go/unitree_go/msg/motor_states.h
[1.100s] -- Up-to-date: /home/orin2/ros2_ws/install/unitree_go/include/unitree_go/unitree_go/msg/audio_data.h
[1.100s] -- Up-to-date: /home/orin2/ros2_ws/install/unitree_go/include/unitree_go/unitree_go/msg/wireless_controller.h
[1.100s] -- Up-to-date: /home/orin2/ros2_ws/install/unitree_go/include/unitree_go/unitree_go/msg/req.h
[1.100s] -- Up-to-date: /home/orin2/ros2_ws/install/unitree_go/include/unitree_go/unitree_go/msg/bms_cmd.h
[1.100s] -- Up-to-date: /home/orin2/ros2_ws/install/unitree_go/include/unitree_go/unitree_go/msg/error.h
[1.101s] -- Up-to-date: /home/orin2/ros2_ws/install/unitree_go/include/unitree_go/unitree_go/msg/uwb_switch.h
[1.101s] -- Up-to-date: /home/orin2/ros2_ws/install/unitree_go/include/unitree_go/unitree_go/msg/res.h
[1.101s] -- Up-to-date: /home/orin2/ros2_ws/install/unitree_go/share/unitree_go/environment/library_path.sh
[1.101s] -- Up-to-date: /home/orin2/ros2_ws/install/unitree_go/share/unitree_go/environment/library_path.dsv
[1.101s] -- Up-to-date: /home/orin2/ros2_ws/install/unitree_go/lib/libunitree_go__rosidl_generator_c.so
[1.101s] -- Up-to-date: /home/orin2/ros2_ws/install/unitree_go/include/unitree_go/unitree_go
[1.101s] -- Up-to-date: /home/orin2/ros2_ws/install/unitree_go/include/unitree_go/unitree_go/msg
[1.101s] -- Up-to-date: /home/orin2/ros2_ws/install/unitree_go/include/unitree_go/unitree_go/msg/rosidl_typesupport_fastrtps_c__visibility_control.h
[1.101s] -- Up-to-date: /home/orin2/ros2_ws/install/unitree_go/include/unitree_go/unitree_go/msg/detail
[1.101s] -- Up-to-date: /home/orin2/ros2_ws/install/unitree_go/include/unitree_go/unitree_go/msg/detail/bms_cmd__rosidl_typesupport_fastrtps_c.h
[1.101s] -- Up-to-date: /home/orin2/ros2_ws/install/unitree_go/include/unitree_go/unitree_go/msg/detail/voxel_map_compressed__rosidl_typesupport_fastrtps_c.h
[1.102s] -- Up-to-date: /home/orin2/ros2_ws/install/unitree_go/include/unitree_go/unitree_go/msg/detail/motor_cmds__rosidl_typesupport_fastrtps_c.h
[1.102s] -- Up-to-date: /home/orin2/ros2_ws/install/unitree_go/include/unitree_go/unitree_go/msg/detail/motor_cmd__rosidl_typesupport_fastrtps_c.h
[1.102s] -- Up-to-date: /home/orin2/ros2_ws/install/unitree_go/include/unitree_go/unitree_go/msg/detail/uwb_switch__rosidl_typesupport_fastrtps_c.h
[1.102s] -- Up-to-date: /home/orin2/ros2_ws/install/unitree_go/include/unitree_go/unitree_go/msg/detail/low_state__rosidl_typesupport_fastrtps_c.h
[1.102s] -- Up-to-date: /home/orin2/ros2_ws/install/unitree_go/include/unitree_go/unitree_go/msg/detail/sport_mode_state__rosidl_typesupport_fastrtps_c.h
[1.102s] -- Up-to-date: /home/orin2/ros2_ws/install/unitree_go/include/unitree_go/unitree_go/msg/detail/height_map__rosidl_typesupport_fastrtps_c.h
[1.102s] -- Up-to-date: /home/orin2/ros2_ws/install/unitree_go/include/unitree_go/unitree_go/msg/detail/time_spec__rosidl_typesupport_fastrtps_c.h
[1.103s] -- Up-to-date: /home/orin2/ros2_ws/install/unitree_go/include/unitree_go/unitree_go/msg/detail/interface_config__rosidl_typesupport_fastrtps_c.h
[1.114s] -- Up-to-date: /home/orin2/ros2_ws/install/unitree_go/include/unitree_go/unitree_go/msg/detail/req__rosidl_typesupport_fastrtps_c.h
[1.114s] -- Up-to-date: /home/orin2/ros2_ws/install/unitree_go/include/unitree_go/unitree_go/msg/detail/go2_front_video_data__rosidl_typesupport_fastrtps_c.h
[1.114s] -- Up-to-date: /home/orin2/ros2_ws/install/unitree_go/include/unitree_go/unitree_go/msg/detail/web_rtc_req__rosidl_typesupport_fastrtps_c.h
[1.115s] -- Up-to-date: /home/orin2/ros2_ws/install/unitree_go/include/unitree_go/unitree_go/msg/detail/bms_state__rosidl_typesupport_fastrtps_c.h
[1.116s] -- Up-to-date: /home/orin2/ros2_ws/install/unitree_go/include/unitree_go/unitree_go/msg/detail/lidar_state__rosidl_typesupport_fastrtps_c.h
[1.117s] -- Up-to-date: /home/orin2/ros2_ws/install/unitree_go/include/unitree_go/unitree_go/msg/detail/error__rosidl_typesupport_fastrtps_c.h
[1.117s] -- Up-to-date: /home/orin2/ros2_ws/install/unitree_go/include/unitree_go/unitree_go/msg/detail/sport_mode_cmd__rosidl_typesupport_fastrtps_c.h
[1.118s] -- Up-to-date: /home/orin2/ros2_ws/install/unitree_go/include/unitree_go/unitree_go/msg/detail/audio_data__rosidl_typesupport_fastrtps_c.h
[1.119s] -- Up-to-date: /home/orin2/ros2_ws/install/unitree_go/include/unitree_go/unitree_go/msg/detail/path_point__rosidl_typesupport_fastrtps_c.h
[1.119s] -- Up-to-date: /home/orin2/ros2_ws/install/unitree_go/include/unitree_go/unitree_go/msg/detail/uwb_state__rosidl_typesupport_fastrtps_c.h
[1.120s] -- Up-to-date: /home/orin2/ros2_ws/install/unitree_go/include/unitree_go/unitree_go/msg/detail/imu_state__rosidl_typesupport_fastrtps_c.h
[1.120s] -- Up-to-date: /home/orin2/ros2_ws/install/unitree_go/include/unitree_go/unitree_go/msg/detail/motor_states__rosidl_typesupport_fastrtps_c.h
[1.120s] -- Up-to-date: /home/orin2/ros2_ws/install/unitree_go/include/unitree_go/unitree_go/msg/detail/motor_state__rosidl_typesupport_fastrtps_c.h
[1.121s] -- Up-to-date: /home/orin2/ros2_ws/install/unitree_go/include/unitree_go/unitree_go/msg/detail/voxel_height_map_state__rosidl_typesupport_fastrtps_c.h
[1.121s] -- Up-to-date: /home/orin2/ros2_ws/install/unitree_go/include/unitree_go/unitree_go/msg/detail/res__rosidl_typesupport_fastrtps_c.h
[1.122s] -- Up-to-date: /home/orin2/ros2_ws/install/unitree_go/include/unitree_go/unitree_go/msg/detail/low_cmd__rosidl_typesupport_fastrtps_c.h
[1.122s] -- Up-to-date: /home/orin2/ros2_ws/install/unitree_go/include/unitree_go/unitree_go/msg/detail/wireless_controller__rosidl_typesupport_fastrtps_c.h
[1.123s] -- Up-to-date: /home/orin2/ros2_ws/install/unitree_go/lib/libunitree_go__rosidl_typesupport_fastrtps_c.so
[1.123s] -- Up-to-date: /home/orin2/ros2_ws/install/unitree_go/include/unitree_go/unitree_go
[1.124s] -- Up-to-date: /home/orin2/ros2_ws/install/unitree_go/include/unitree_go/unitree_go/msg
[1.125s] -- Up-to-date: /home/orin2/ros2_ws/install/unitree_go/include/unitree_go/unitree_go/msg/detail
[1.126s] -- Up-to-date: /home/orin2/ros2_ws/install/unitree_go/include/unitree_go/unitree_go/msg/detail/voxel_height_map_state__rosidl_typesupport_introspection_c.h
[1.127s] -- Up-to-date: /home/orin2/ros2_ws/install/unitree_go/include/unitree_go/unitree_go/msg/detail/time_spec__type_support.c
[1.127s] -- Up-to-date: /home/orin2/ros2_ws/install/unitree_go/include/unitree_go/unitree_go/msg/detail/uwb_switch__rosidl_typesupport_introspection_c.h
[1.128s] -- Up-to-date: /home/orin2/ros2_ws/install/unitree_go/include/unitree_go/unitree_go/msg/detail/low_state__rosidl_typesupport_introspection_c.h
[1.129s] -- Up-to-date: /home/orin2/ros2_ws/install/unitree_go/include/unitree_go/unitree_go/msg/detail/imu_state__type_support.c
[1.129s] -- Up-to-date: /home/orin2/ros2_ws/install/unitree_go/include/unitree_go/unitree_go/msg/detail/bms_cmd__type_support.c
[1.130s] -- Up-to-date: /home/orin2/ros2_ws/install/unitree_go/include/unitree_go/unitree_go/msg/detail/bms_state__type_support.c
[1.131s] -- Up-to-date: /home/orin2/ros2_ws/install/unitree_go/include/unitree_go/unitree_go/msg/detail/sport_mode_state__rosidl_typesupport_introspection_c.h
[1.132s] -- Up-to-date: /home/orin2/ros2_ws/install/unitree_go/include/unitree_go/unitree_go/msg/detail/time_spec__rosidl_typesupport_introspection_c.h
[1.132s] -- Up-to-date: /home/orin2/ros2_ws/install/unitree_go/include/unitree_go/unitree_go/msg/detail/path_point__type_support.c
[1.134s] -- Up-to-date: /home/orin2/ros2_ws/install/unitree_go/include/unitree_go/unitree_go/msg/detail/motor_cmds__rosidl_typesupport_introspection_c.h
[1.134s] -- Up-to-date: /home/orin2/ros2_ws/install/unitree_go/include/unitree_go/unitree_go/msg/detail/audio_data__rosidl_typesupport_introspection_c.h
[1.134s] -- Up-to-date: /home/orin2/ros2_ws/install/unitree_go/include/unitree_go/unitree_go/msg/detail/go2_front_video_data__type_support.c
[1.135s] -- Up-to-date: /home/orin2/ros2_ws/install/unitree_go/include/unitree_go/unitree_go/msg/detail/wireless_controller__type_support.c
[1.136s] -- Up-to-date: /home/orin2/ros2_ws/install/unitree_go/include/unitree_go/unitree_go/msg/detail/uwb_switch__type_support.c
[1.136s] -- Up-to-date: /home/orin2/ros2_ws/install/unitree_go/include/unitree_go/unitree_go/msg/detail/sport_mode_cmd__type_support.c
[1.137s] -- Up-to-date: /home/orin2/ros2_ws/install/unitree_go/include/unitree_go/unitree_go/msg/detail/voxel_map_compressed__rosidl_typesupport_introspection_c.h
[1.137s] -- Up-to-date: /home/orin2/ros2_ws/install/unitree_go/include/unitree_go/unitree_go/msg/detail/audio_data__type_support.c
[1.137s] -- Up-to-date: /home/orin2/ros2_ws/install/unitree_go/include/unitree_go/unitree_go/msg/detail/req__rosidl_typesupport_introspection_c.h
[1.138s] -- Up-to-date: /home/orin2/ros2_ws/install/unitree_go/include/unitree_go/unitree_go/msg/detail/voxel_map_compressed__type_support.c
[1.138s] -- Up-to-date: /home/orin2/ros2_ws/install/unitree_go/include/unitree_go/unitree_go/msg/detail/error__type_support.c
[1.140s] -- Up-to-date: /home/orin2/ros2_ws/install/unitree_go/include/unitree_go/unitree_go/msg/detail/go2_front_video_data__rosidl_typesupport_introspection_c.h
[1.140s] -- Up-to-date: /home/orin2/ros2_ws/install/unitree_go/include/unitree_go/unitree_go/msg/detail/height_map__rosidl_typesupport_introspection_c.h
[1.141s] -- Up-to-date: /home/orin2/ros2_ws/install/unitree_go/include/unitree_go/unitree_go/msg/detail/voxel_height_map_state__type_support.c
[1.141s] -- Up-to-date: /home/orin2/ros2_ws/install/unitree_go/include/unitree_go/unitree_go/msg/detail/sport_mode_cmd__rosidl_typesupport_introspection_c.h
[1.142s] -- Up-to-date: /home/orin2/ros2_ws/install/unitree_go/include/unitree_go/unitree_go/msg/detail/lidar_state__rosidl_typesupport_introspection_c.h
[1.142s] -- Up-to-date: /home/orin2/ros2_ws/install/unitree_go/include/unitree_go/unitree_go/msg/detail/req__type_support.c
[1.142s] -- Up-to-date: /home/orin2/ros2_ws/install/unitree_go/include/unitree_go/unitree_go/msg/detail/bms_state__rosidl_typesupport_introspection_c.h
[1.143s] -- Up-to-date: /home/orin2/ros2_ws/install/unitree_go/include/unitree_go/unitree_go/msg/detail/motor_states__rosidl_typesupport_introspection_c.h
[1.143s] -- Up-to-date: /home/orin2/ros2_ws/install/unitree_go/include/unitree_go/unitree_go/msg/detail/motor_states__type_support.c
[1.144s] -- Up-to-date: /home/orin2/ros2_ws/install/unitree_go/include/unitree_go/unitree_go/msg/detail/uwb_state__rosidl_typesupport_introspection_c.h
[1.144s] -- Up-to-date: /home/orin2/ros2_ws/install/unitree_go/include/unitree_go/unitree_go/msg/detail/lidar_state__type_support.c
[1.144s] -- Up-to-date: /home/orin2/ros2_ws/install/unitree_go/include/unitree_go/unitree_go/msg/detail/motor_cmds__type_support.c
[1.145s] -- Up-to-date: /home/orin2/ros2_ws/install/unitree_go/include/unitree_go/unitree_go/msg/detail/motor_state__rosidl_typesupport_introspection_c.h
[1.145s] -- Up-to-date: /home/orin2/ros2_ws/install/unitree_go/include/unitree_go/unitree_go/msg/detail/res__rosidl_typesupport_introspection_c.h
[1.146s] -- Up-to-date: /home/orin2/ros2_ws/install/unitree_go/include/unitree_go/unitree_go/msg/detail/low_cmd__type_support.c
[1.146s] -- Up-to-date: /home/orin2/ros2_ws/install/unitree_go/include/unitree_go/unitree_go/msg/detail/wireless_controller__rosidl_typesupport_introspection_c.h
[1.146s] -- Up-to-date: /home/orin2/ros2_ws/install/unitree_go/include/unitree_go/unitree_go/msg/detail/sport_mode_state__type_support.c
[1.146s] -- Up-to-date: /home/orin2/ros2_ws/install/unitree_go/include/unitree_go/unitree_go/msg/detail/interface_config__type_support.c
[1.147s] -- Up-to-date: /home/orin2/ros2_ws/install/unitree_go/include/unitree_go/unitree_go/msg/detail/bms_cmd__rosidl_typesupport_introspection_c.h
[1.148s] -- Up-to-date: /home/orin2/ros2_ws/install/unitree_go/include/unitree_go/unitree_go/msg/detail/height_map__type_support.c
[1.148s] -- Up-to-date: /home/orin2/ros2_ws/install/unitree_go/include/unitree_go/unitree_go/msg/detail/imu_state__rosidl_typesupport_introspection_c.h
[1.149s] -- Up-to-date: /home/orin2/ros2_ws/install/unitree_go/include/unitree_go/unitree_go/msg/detail/path_point__rosidl_typesupport_introspection_c.h
[1.149s] -- Up-to-date: /home/orin2/ros2_ws/install/unitree_go/include/unitree_go/unitree_go/msg/detail/interface_config__rosidl_typesupport_introspection_c.h
[1.150s] -- Up-to-date: /home/orin2/ros2_ws/install/unitree_go/include/unitree_go/unitree_go/msg/detail/web_rtc_req__rosidl_typesupport_introspection_c.h
[1.150s] -- Up-to-date: /home/orin2/ros2_ws/install/unitree_go/include/unitree_go/unitree_go/msg/detail/low_cmd__rosidl_typesupport_introspection_c.h
[1.151s] -- Up-to-date: /home/orin2/ros2_ws/install/unitree_go/include/unitree_go/unitree_go/msg/detail/uwb_state__type_support.c
[1.151s] -- Up-to-date: /home/orin2/ros2_ws/install/unitree_go/include/unitree_go/unitree_go/msg/detail/motor_cmd__type_support.c
[1.152s] -- Up-to-date: /home/orin2/ros2_ws/install/unitree_go/include/unitree_go/unitree_go/msg/detail/web_rtc_req__type_support.c
[1.152s] -- Up-to-date: /home/orin2/ros2_ws/install/unitree_go/include/unitree_go/unitree_go/msg/detail/error__rosidl_typesupport_introspection_c.h
[1.153s] -- Up-to-date: /home/orin2/ros2_ws/install/unitree_go/include/unitree_go/unitree_go/msg/detail/motor_state__type_support.c
[1.153s] -- Up-to-date: /home/orin2/ros2_ws/install/unitree_go/include/unitree_go/unitree_go/msg/detail/res__type_support.c
[1.154s] -- Up-to-date: /home/orin2/ros2_ws/install/unitree_go/include/unitree_go/unitree_go/msg/detail/motor_cmd__rosidl_typesupport_introspection_c.h
[1.155s] -- Up-to-date: /home/orin2/ros2_ws/install/unitree_go/include/unitree_go/unitree_go/msg/detail/low_state__type_support.c
[1.155s] -- Up-to-date: /home/orin2/ros2_ws/install/unitree_go/include/unitree_go/unitree_go/msg/rosidl_typesupport_introspection_c__visibility_control.h
[1.155s] -- Up-to-date: /home/orin2/ros2_ws/install/unitree_go/lib/libunitree_go__rosidl_typesupport_introspection_c.so
[1.156s] -- Up-to-date: /home/orin2/ros2_ws/install/unitree_go/lib/libunitree_go__rosidl_typesupport_c.so
[1.156s] -- Up-to-date: /home/orin2/ros2_ws/install/unitree_go/include/unitree_go/unitree_go
[1.157s] -- Up-to-date: /home/orin2/ros2_ws/install/unitree_go/include/unitree_go/unitree_go/msg
[1.157s] -- Up-to-date: /home/orin2/ros2_ws/install/unitree_go/include/unitree_go/unitree_go/msg/low_state.hpp
[1.158s] -- Up-to-date: /home/orin2/ros2_ws/install/unitree_go/include/unitree_go/unitree_go/msg/bms_cmd.hpp
[1.158s] -- Up-to-date: /home/orin2/ros2_ws/install/unitree_go/include/unitree_go/unitree_go/msg/low_cmd.hpp
[1.159s] -- Up-to-date: /home/orin2/ros2_ws/install/unitree_go/include/unitree_go/unitree_go/msg/motor_cmds.hpp
[1.161s] -- Up-to-date: /home/orin2/ros2_ws/install/unitree_go/include/unitree_go/unitree_go/msg/height_map.hpp
[1.162s] -- Up-to-date: /home/orin2/ros2_ws/install/unitree_go/include/unitree_go/unitree_go/msg/uwb_state.hpp
[1.162s] -- Up-to-date: /home/orin2/ros2_ws/install/unitree_go/include/unitree_go/unitree_go/msg/motor_cmd.hpp
[1.163s] -- Up-to-date: /home/orin2/ros2_ws/install/unitree_go/include/unitree_go/unitree_go/msg/go2_front_video_data.hpp
[1.163s] -- Up-to-date: /home/orin2/ros2_ws/install/unitree_go/include/unitree_go/unitree_go/msg/interface_config.hpp
[1.164s] -- Up-to-date: /home/orin2/ros2_ws/install/unitree_go/include/unitree_go/unitree_go/msg/sport_mode_state.hpp
[1.165s] -- Up-to-date: /home/orin2/ros2_ws/install/unitree_go/include/unitree_go/unitree_go/msg/voxel_height_map_state.hpp
[1.165s] -- Up-to-date: /home/orin2/ros2_ws/install/unitree_go/include/unitree_go/unitree_go/msg/lidar_state.hpp
[1.166s] -- Up-to-date: /home/orin2/ros2_ws/install/unitree_go/include/unitree_go/unitree_go/msg/wireless_controller.hpp
[1.167s] -- Up-to-date: /home/orin2/ros2_ws/install/unitree_go/include/unitree_go/unitree_go/msg/bms_state.hpp
[1.167s] -- Up-to-date: /home/orin2/ros2_ws/install/unitree_go/include/unitree_go/unitree_go/msg/imu_state.hpp
[1.167s] -- Up-to-date: /home/orin2/ros2_ws/install/unitree_go/include/unitree_go/unitree_go/msg/detail
[1.168s] -- Up-to-date: /home/orin2/ros2_ws/install/unitree_go/include/unitree_go/unitree_go/msg/detail/path_point__struct.hpp
[1.169s] -- Up-to-date: /home/orin2/ros2_ws/install/unitree_go/include/unitree_go/unitree_go/msg/detail/motor_cmd__type_support.hpp
[1.169s] -- Up-to-date: /home/orin2/ros2_ws/install/unitree_go/include/unitree_go/unitree_go/msg/detail/req__builder.hpp
[1.169s] -- Up-to-date: /home/orin2/ros2_ws/install/unitree_go/include/unitree_go/unitree_go/msg/detail/lidar_state__traits.hpp
[1.170s] -- Up-to-date: /home/orin2/ros2_ws/install/unitree_go/include/unitree_go/unitree_go/msg/detail/sport_mode_cmd__type_support.hpp
[1.170s] -- Up-to-date: /home/orin2/ros2_ws/install/unitree_go/include/unitree_go/unitree_go/msg/detail/voxel_height_map_state__type_support.hpp
[1.171s] -- Up-to-date: /home/orin2/ros2_ws/install/unitree_go/include/unitree_go/unitree_go/msg/detail/res__builder.hpp
[1.171s] -- Up-to-date: /home/orin2/ros2_ws/install/unitree_go/include/unitree_go/unitree_go/msg/detail/low_state__type_support.hpp
[1.171s] -- Up-to-date: /home/orin2/ros2_ws/install/unitree_go/include/unitree_go/unitree_go/msg/detail/motor_cmd__struct.hpp
[1.171s] -- Up-to-date: /home/orin2/ros2_ws/install/unitree_go/include/unitree_go/unitree_go/msg/detail/imu_state__builder.hpp
[1.171s] -- Up-to-date: /home/orin2/ros2_ws/install/unitree_go/include/unitree_go/unitree_go/msg/detail/height_map__struct.hpp
[1.172s] -- Up-to-date: /home/orin2/ros2_ws/install/unitree_go/include/unitree_go/unitree_go/msg/detail/voxel_map_compressed__type_support.hpp
[1.172s] -- Up-to-date: /home/orin2/ros2_ws/install/unitree_go/include/unitree_go/unitree_go/msg/detail/sport_mode_state__traits.hpp
[1.172s] -- Up-to-date: /home/orin2/ros2_ws/install/unitree_go/include/unitree_go/unitree_go/msg/detail/motor_state__type_support.hpp
[1.172s] -- Up-to-date: /home/orin2/ros2_ws/install/unitree_go/include/unitree_go/unitree_go/msg/detail/imu_state__traits.hpp
[1.173s] -- Up-to-date: /home/orin2/ros2_ws/install/unitree_go/include/unitree_go/unitree_go/msg/detail/low_state__traits.hpp
[1.173s] -- Up-to-date: /home/orin2/ros2_ws/install/unitree_go/include/unitree_go/unitree_go/msg/detail/imu_state__type_support.hpp
[1.173s] -- Up-to-date: /home/orin2/ros2_ws/install/unitree_go/include/unitree_go/unitree_go/msg/detail/error__struct.hpp
[1.173s] -- Up-to-date: /home/orin2/ros2_ws/install/unitree_go/include/unitree_go/unitree_go/msg/detail/web_rtc_req__struct.hpp
[1.173s] -- Up-to-date: /home/orin2/ros2_ws/install/unitree_go/include/unitree_go/unitree_go/msg/detail/low_cmd__type_support.hpp
[1.174s] -- Up-to-date: /home/orin2/ros2_ws/install/unitree_go/include/unitree_go/unitree_go/msg/detail/bms_cmd__type_support.hpp
[1.174s] -- Up-to-date: /home/orin2/ros2_ws/install/unitree_go/include/unitree_go/unitree_go/msg/detail/height_map__builder.hpp
[1.174s] -- Up-to-date: /home/orin2/ros2_ws/install/unitree_go/include/unitree_go/unitree_go/msg/detail/motor_cmds__struct.hpp
[1.174s] -- Up-to-date: /home/orin2/ros2_ws/install/unitree_go/include/unitree_go/unitree_go/msg/detail/low_cmd__builder.hpp
[1.174s] -- Up-to-date: /home/orin2/ros2_ws/install/unitree_go/include/unitree_go/unitree_go/msg/detail/voxel_map_compressed__traits.hpp
[1.175s] -- Up-to-date: /home/orin2/ros2_ws/install/unitree_go/include/unitree_go/unitree_go/msg/detail/motor_state__builder.hpp
[1.175s] -- Up-to-date: /home/orin2/ros2_ws/install/unitree_go/include/unitree_go/unitree_go/msg/detail/error__builder.hpp
[1.175s] -- Up-to-date: /home/orin2/ros2_ws/install/unitree_go/include/unitree_go/unitree_go/msg/detail/path_point__traits.hpp
[1.175s] -- Up-to-date: /home/orin2/ros2_ws/install/unitree_go/include/unitree_go/unitree_go/msg/detail/res__type_support.hpp
[1.175s] -- Up-to-date: /home/orin2/ros2_ws/install/unitree_go/include/unitree_go/unitree_go/msg/detail/wireless_controller__traits.hpp
[1.176s] -- Up-to-date: /home/orin2/ros2_ws/install/unitree_go/include/unitree_go/unitree_go/msg/detail/audio_data__struct.hpp
[1.176s] -- Up-to-date: /home/orin2/ros2_ws/install/unitree_go/include/unitree_go/unitree_go/msg/detail/res__struct.hpp
[1.176s] -- Up-to-date: /home/orin2/ros2_ws/install/unitree_go/include/unitree_go/unitree_go/msg/detail/audio_data__type_support.hpp
[1.176s] -- Up-to-date: /home/orin2/ros2_ws/install/unitree_go/include/unitree_go/unitree_go/msg/detail/motor_state__struct.hpp
[1.177s] -- Up-to-date: /home/orin2/ros2_ws/install/unitree_go/include/unitree_go/unitree_go/msg/detail/voxel_height_map_state__traits.hpp
[1.177s] -- Up-to-date: /home/orin2/ros2_ws/install/unitree_go/include/unitree_go/unitree_go/msg/detail/voxel_height_map_state__struct.hpp
[1.177s] -- Up-to-date: /home/orin2/ros2_ws/install/unitree_go/include/unitree_go/unitree_go/msg/detail/sport_mode_state__struct.hpp
[1.177s] -- Up-to-date: /home/orin2/ros2_ws/install/unitree_go/include/unitree_go/unitree_go/msg/detail/uwb_state__type_support.hpp
[1.177s] -- Up-to-date: /home/orin2/ros2_ws/install/unitree_go/include/unitree_go/unitree_go/msg/detail/lidar_state__builder.hpp
[1.177s] -- Up-to-date: /home/orin2/ros2_ws/install/unitree_go/include/unitree_go/unitree_go/msg/detail/voxel_height_map_state__builder.hpp
[1.178s] -- Up-to-date: /home/orin2/ros2_ws/install/unitree_go/include/unitree_go/unitree_go/msg/detail/go2_front_video_data__traits.hpp
[1.178s] -- Up-to-date: /home/orin2/ros2_ws/install/unitree_go/include/unitree_go/unitree_go/msg/detail/motor_cmds__type_support.hpp
[1.178s] -- Up-to-date: /home/orin2/ros2_ws/install/unitree_go/include/unitree_go/unitree_go/msg/detail/bms_state__struct.hpp
[1.178s] -- Up-to-date: /home/orin2/ros2_ws/install/unitree_go/include/unitree_go/unitree_go/msg/detail/sport_mode_cmd__builder.hpp
[1.178s] -- Up-to-date: /home/orin2/ros2_ws/install/unitree_go/include/unitree_go/unitree_go/msg/detail/height_map__type_support.hpp
[1.179s] -- Up-to-date: /home/orin2/ros2_ws/install/unitree_go/include/unitree_go/unitree_go/msg/detail/motor_cmds__builder.hpp
[1.179s] -- Up-to-date: /home/orin2/ros2_ws/install/unitree_go/include/unitree_go/unitree_go/msg/detail/low_state__struct.hpp
[1.179s] -- Up-to-date: /home/orin2/ros2_ws/install/unitree_go/include/unitree_go/unitree_go/msg/detail/go2_front_video_data__type_support.hpp
[1.179s] -- Up-to-date: /home/orin2/ros2_ws/install/unitree_go/include/unitree_go/unitree_go/msg/detail/error__type_support.hpp
[1.179s] -- Up-to-date: /home/orin2/ros2_ws/install/unitree_go/include/unitree_go/unitree_go/msg/detail/req__type_support.hpp
[1.180s] -- Up-to-date: /home/orin2/ros2_ws/install/unitree_go/include/unitree_go/unitree_go/msg/detail/motor_state__traits.hpp
[1.180s] -- Up-to-date: /home/orin2/ros2_ws/install/unitree_go/include/unitree_go/unitree_go/msg/detail/low_state__builder.hpp
[1.180s] -- Up-to-date: /home/orin2/ros2_ws/install/unitree_go/include/unitree_go/unitree_go/msg/detail/uwb_state__builder.hpp
[1.181s] -- Up-to-date: /home/orin2/ros2_ws/install/unitree_go/include/unitree_go/unitree_go/msg/detail/lidar_state__struct.hpp
[1.181s] -- Up-to-date: /home/orin2/ros2_ws/install/unitree_go/include/unitree_go/unitree_go/msg/detail/wireless_controller__type_support.hpp
[1.181s] -- Up-to-date: /home/orin2/ros2_ws/install/unitree_go/include/unitree_go/unitree_go/msg/detail/interface_config__traits.hpp
[1.181s] -- Up-to-date: /home/orin2/ros2_ws/install/unitree_go/include/unitree_go/unitree_go/msg/detail/low_cmd__traits.hpp
[1.181s] -- Up-to-date: /home/orin2/ros2_ws/install/unitree_go/include/unitree_go/unitree_go/msg/detail/interface_config__type_support.hpp
[1.181s] -- Up-to-date: /home/orin2/ros2_ws/install/unitree_go/include/unitree_go/unitree_go/msg/detail/motor_states__struct.hpp
[1.182s] -- Up-to-date: /home/orin2/ros2_ws/install/unitree_go/include/unitree_go/unitree_go/msg/detail/time_spec__traits.hpp
[1.182s] -- Up-to-date: /home/orin2/ros2_ws/install/unitree_go/include/unitree_go/unitree_go/msg/detail/web_rtc_req__builder.hpp
[1.182s] -- Up-to-date: /home/orin2/ros2_ws/install/unitree_go/include/unitree_go/unitree_go/msg/detail/audio_data__traits.hpp
[1.182s] -- Up-to-date: /home/orin2/ros2_ws/install/unitree_go/include/unitree_go/unitree_go/msg/detail/interface_config__builder.hpp
[1.182s] -- Up-to-date: /home/orin2/ros2_ws/install/unitree_go/include/unitree_go/unitree_go/msg/detail/voxel_map_compressed__builder.hpp
[1.182s] -- Up-to-date: /home/orin2/ros2_ws/install/unitree_go/include/unitree_go/unitree_go/msg/detail/interface_config__struct.hpp
[1.183s] -- Up-to-date: /home/orin2/ros2_ws/install/unitree_go/include/unitree_go/unitree_go/msg/detail/uwb_state__struct.hpp
[1.183s] -- Up-to-date: /home/orin2/ros2_ws/install/unitree_go/include/unitree_go/unitree_go/msg/detail/req__struct.hpp
[1.183s] -- Up-to-date: /home/orin2/ros2_ws/install/unitree_go/include/unitree_go/unitree_go/msg/detail/uwb_switch__traits.hpp
[1.183s] -- Up-to-date: /home/orin2/ros2_ws/install/unitree_go/include/unitree_go/unitree_go/msg/detail/audio_data__builder.hpp
[1.183s] -- Up-to-date: /home/orin2/ros2_ws/install/unitree_go/include/unitree_go/unitree_go/msg/detail/go2_front_video_data__builder.hpp
[1.184s] -- Up-to-date: /home/orin2/ros2_ws/install/unitree_go/include/unitree_go/unitree_go/msg/detail/uwb_state__traits.hpp
[1.184s] -- Up-to-date: /home/orin2/ros2_ws/install/unitree_go/include/unitree_go/unitree_go/msg/detail/uwb_switch__struct.hpp
[1.184s] -- Up-to-date: /home/orin2/ros2_ws/install/unitree_go/include/unitree_go/unitree_go/msg/detail/bms_cmd__builder.hpp
[1.184s] -- Up-to-date: /home/orin2/ros2_ws/install/unitree_go/include/unitree_go/unitree_go/msg/detail/req__traits.hpp
[1.184s] -- Up-to-date: /home/orin2/ros2_ws/install/unitree_go/include/unitree_go/unitree_go/msg/detail/sport_mode_cmd__struct.hpp
[1.185s] -- Up-to-date: /home/orin2/ros2_ws/install/unitree_go/include/unitree_go/unitree_go/msg/detail/bms_state__traits.hpp
[1.185s] -- Up-to-date: /home/orin2/ros2_ws/install/unitree_go/include/unitree_go/unitree_go/msg/detail/motor_states__traits.hpp
[1.185s] -- Up-to-date: /home/orin2/ros2_ws/install/unitree_go/include/unitree_go/unitree_go/msg/detail/uwb_switch__builder.hpp
[1.185s] -- Up-to-date: /home/orin2/ros2_ws/install/unitree_go/include/unitree_go/unitree_go/msg/detail/lidar_state__type_support.hpp
[1.185s] -- Up-to-date: /home/orin2/ros2_ws/install/unitree_go/include/unitree_go/unitree_go/msg/detail/low_cmd__struct.hpp
[1.185s] -- Up-to-date: /home/orin2/ros2_ws/install/unitree_go/include/unitree_go/unitree_go/msg/detail/error__traits.hpp
[1.186s] -- Up-to-date: /home/orin2/ros2_ws/install/unitree_go/include/unitree_go/unitree_go/msg/detail/imu_state__struct.hpp
[1.186s] -- Up-to-date: /home/orin2/ros2_ws/install/unitree_go/include/unitree_go/unitree_go/msg/detail/motor_cmd__builder.hpp
[1.186s] -- Up-to-date: /home/orin2/ros2_ws/install/unitree_go/include/unitree_go/unitree_go/msg/detail/motor_cmds__traits.hpp
[1.186s] -- Up-to-date: /home/orin2/ros2_ws/install/unitree_go/include/unitree_go/unitree_go/msg/detail/wireless_controller__builder.hpp
[1.186s] -- Up-to-date: /home/orin2/ros2_ws/install/unitree_go/include/unitree_go/unitree_go/msg/detail/res__traits.hpp
[1.186s] -- Up-to-date: /home/orin2/ros2_ws/install/unitree_go/include/unitree_go/unitree_go/msg/detail/sport_mode_state__type_support.hpp
[1.187s] -- Up-to-date: /home/orin2/ros2_ws/install/unitree_go/include/unitree_go/unitree_go/msg/detail/bms_state__builder.hpp
[1.187s] -- Up-to-date: /home/orin2/ros2_ws/install/unitree_go/include/unitree_go/unitree_go/msg/detail/time_spec__type_support.hpp
[1.187s] -- Up-to-date: /home/orin2/ros2_ws/install/unitree_go/include/unitree_go/unitree_go/msg/detail/path_point__builder.hpp
[1.187s] -- Up-to-date: /home/orin2/ros2_ws/install/unitree_go/include/unitree_go/unitree_go/msg/detail/web_rtc_req__type_support.hpp
[1.187s] -- Up-to-date: /home/orin2/ros2_ws/install/unitree_go/include/unitree_go/unitree_go/msg/detail/motor_states__type_support.hpp
[1.188s] -- Up-to-date: /home/orin2/ros2_ws/install/unitree_go/include/unitree_go/unitree_go/msg/detail/sport_mode_state__builder.hpp
[1.188s] -- Up-to-date: /home/orin2/ros2_ws/install/unitree_go/include/unitree_go/unitree_go/msg/detail/wireless_controller__struct.hpp
[1.188s] -- Up-to-date: /home/orin2/ros2_ws/install/unitree_go/include/unitree_go/unitree_go/msg/detail/uwb_switch__type_support.hpp
[1.188s] -- Up-to-date: /home/orin2/ros2_ws/install/unitree_go/include/unitree_go/unitree_go/msg/detail/go2_front_video_data__struct.hpp
[1.188s] -- Up-to-date: /home/orin2/ros2_ws/install/unitree_go/include/unitree_go/unitree_go/msg/detail/motor_cmd__traits.hpp
[1.189s] -- Up-to-date: /home/orin2/ros2_ws/install/unitree_go/include/unitree_go/unitree_go/msg/detail/web_rtc_req__traits.hpp
[1.189s] -- Up-to-date: /home/orin2/ros2_ws/install/unitree_go/include/unitree_go/unitree_go/msg/detail/voxel_map_compressed__struct.hpp
[1.189s] -- Up-to-date: /home/orin2/ros2_ws/install/unitree_go/include/unitree_go/unitree_go/msg/detail/bms_cmd__traits.hpp
[1.189s] -- Up-to-date: /home/orin2/ros2_ws/install/unitree_go/include/unitree_go/unitree_go/msg/detail/time_spec__struct.hpp
[1.189s] -- Up-to-date: /home/orin2/ros2_ws/install/unitree_go/include/unitree_go/unitree_go/msg/detail/path_point__type_support.hpp
[1.189s] -- Up-to-date: /home/orin2/ros2_ws/install/unitree_go/include/unitree_go/unitree_go/msg/detail/bms_cmd__struct.hpp
[1.190s] -- Up-to-date: /home/orin2/ros2_ws/install/unitree_go/include/unitree_go/unitree_go/msg/detail/height_map__traits.hpp
[1.190s] -- Up-to-date: /home/orin2/ros2_ws/install/unitree_go/include/unitree_go/unitree_go/msg/detail/time_spec__builder.hpp
[1.190s] -- Up-to-date: /home/orin2/ros2_ws/install/unitree_go/include/unitree_go/unitree_go/msg/detail/sport_mode_cmd__traits.hpp
[1.190s] -- Up-to-date: /home/orin2/ros2_ws/install/unitree_go/include/unitree_go/unitree_go/msg/detail/bms_state__type_support.hpp
[1.190s] -- Up-to-date: /home/orin2/ros2_ws/install/unitree_go/include/unitree_go/unitree_go/msg/detail/motor_states__builder.hpp
[1.191s] -- Up-to-date: /home/orin2/ros2_ws/install/unitree_go/include/unitree_go/unitree_go/msg/motor_state.hpp
[1.191s] -- Up-to-date: /home/orin2/ros2_ws/install/unitree_go/include/unitree_go/unitree_go/msg/rosidl_generator_cpp__visibility_control.hpp
[1.191s] -- Up-to-date: /home/orin2/ros2_ws/install/unitree_go/include/unitree_go/unitree_go/msg/res.hpp
[1.191s] -- Up-to-date: /home/orin2/ros2_ws/install/unitree_go/include/unitree_go/unitree_go/msg/uwb_switch.hpp
[1.191s] -- Up-to-date: /home/orin2/ros2_ws/install/unitree_go/include/unitree_go/unitree_go/msg/web_rtc_req.hpp
[1.191s] -- Up-to-date: /home/orin2/ros2_ws/install/unitree_go/include/unitree_go/unitree_go/msg/path_point.hpp
[1.192s] -- Up-to-date: /home/orin2/ros2_ws/install/unitree_go/include/unitree_go/unitree_go/msg/req.hpp
[1.192s] -- Up-to-date: /home/orin2/ros2_ws/install/unitree_go/include/unitree_go/unitree_go/msg/error.hpp
[1.192s] -- Up-to-date: /home/orin2/ros2_ws/install/unitree_go/include/unitree_go/unitree_go/msg/motor_states.hpp
[1.192s] -- Up-to-date: /home/orin2/ros2_ws/install/unitree_go/include/unitree_go/unitree_go/msg/audio_data.hpp
[1.192s] -- Up-to-date: /home/orin2/ros2_ws/install/unitree_go/include/unitree_go/unitree_go/msg/time_spec.hpp
[1.193s] -- Up-to-date: /home/orin2/ros2_ws/install/unitree_go/include/unitree_go/unitree_go/msg/voxel_map_compressed.hpp
[1.193s] -- Up-to-date: /home/orin2/ros2_ws/install/unitree_go/include/unitree_go/unitree_go/msg/sport_mode_cmd.hpp
[1.193s] -- Up-to-date: /home/orin2/ros2_ws/install/unitree_go/include/unitree_go/unitree_go
[1.193s] -- Up-to-date: /home/orin2/ros2_ws/install/unitree_go/include/unitree_go/unitree_go/msg
[1.193s] -- Up-to-date: /home/orin2/ros2_ws/install/unitree_go/include/unitree_go/unitree_go/msg/rosidl_typesupport_fastrtps_cpp__visibility_control.h
[1.193s] -- Up-to-date: /home/orin2/ros2_ws/install/unitree_go/include/unitree_go/unitree_go/msg/detail
[1.194s] -- Up-to-date: /home/orin2/ros2_ws/install/unitree_go/include/unitree_go/unitree_go/msg/detail/uwb_state__rosidl_typesupport_fastrtps_cpp.hpp
[1.194s] -- Up-to-date: /home/orin2/ros2_ws/install/unitree_go/include/unitree_go/unitree_go/msg/detail/low_state__rosidl_typesupport_fastrtps_cpp.hpp
[1.194s] -- Up-to-date: /home/orin2/ros2_ws/install/unitree_go/include/unitree_go/unitree_go/msg/detail/low_cmd__rosidl_typesupport_fastrtps_cpp.hpp
[1.194s] -- Up-to-date: /home/orin2/ros2_ws/install/unitree_go/include/unitree_go/unitree_go/msg/detail/imu_state__rosidl_typesupport_fastrtps_cpp.hpp
[1.194s] -- Up-to-date: /home/orin2/ros2_ws/install/unitree_go/include/unitree_go/unitree_go/msg/detail/height_map__rosidl_typesupport_fastrtps_cpp.hpp
[1.194s] -- Up-to-date: /home/orin2/ros2_ws/install/unitree_go/include/unitree_go/unitree_go/msg/detail/web_rtc_req__rosidl_typesupport_fastrtps_cpp.hpp
[1.195s] -- Up-to-date: /home/orin2/ros2_ws/install/unitree_go/include/unitree_go/unitree_go/msg/detail/audio_data__rosidl_typesupport_fastrtps_cpp.hpp
[1.195s] -- Up-to-date: /home/orin2/ros2_ws/install/unitree_go/include/unitree_go/unitree_go/msg/detail/lidar_state__rosidl_typesupport_fastrtps_cpp.hpp
[1.195s] -- Up-to-date: /home/orin2/ros2_ws/install/unitree_go/include/unitree_go/unitree_go/msg/detail/req__rosidl_typesupport_fastrtps_cpp.hpp
[1.195s] -- Up-to-date: /home/orin2/ros2_ws/install/unitree_go/include/unitree_go/unitree_go/msg/detail/res__rosidl_typesupport_fastrtps_cpp.hpp
[1.195s] -- Up-to-date: /home/orin2/ros2_ws/install/unitree_go/include/unitree_go/unitree_go/msg/detail/go2_front_video_data__rosidl_typesupport_fastrtps_cpp.hpp
[1.196s] -- Up-to-date: /home/orin2/ros2_ws/install/unitree_go/include/unitree_go/unitree_go/msg/detail/wireless_controller__rosidl_typesupport_fastrtps_cpp.hpp
[1.196s] -- Up-to-date: /home/orin2/ros2_ws/install/unitree_go/include/unitree_go/unitree_go/msg/detail/bms_cmd__rosidl_typesupport_fastrtps_cpp.hpp
[1.196s] -- Up-to-date: /home/orin2/ros2_ws/install/unitree_go/include/unitree_go/unitree_go/msg/detail/voxel_height_map_state__rosidl_typesupport_fastrtps_cpp.hpp
[1.196s] -- Up-to-date: /home/orin2/ros2_ws/install/unitree_go/include/unitree_go/unitree_go/msg/detail/motor_cmd__rosidl_typesupport_fastrtps_cpp.hpp
[1.196s] -- Up-to-date: /home/orin2/ros2_ws/install/unitree_go/include/unitree_go/unitree_go/msg/detail/motor_states__rosidl_typesupport_fastrtps_cpp.hpp
[1.197s] -- Up-to-date: /home/orin2/ros2_ws/install/unitree_go/include/unitree_go/unitree_go/msg/detail/bms_state__rosidl_typesupport_fastrtps_cpp.hpp
[1.197s] -- Up-to-date: /home/orin2/ros2_ws/install/unitree_go/include/unitree_go/unitree_go/msg/detail/dds_fastrtps
[1.197s] -- Up-to-date: /home/orin2/ros2_ws/install/unitree_go/include/unitree_go/unitree_go/msg/detail/error__rosidl_typesupport_fastrtps_cpp.hpp
[1.197s] -- Up-to-date: /home/orin2/ros2_ws/install/unitree_go/include/unitree_go/unitree_go/msg/detail/path_point__rosidl_typesupport_fastrtps_cpp.hpp
[1.197s] -- Up-to-date: /home/orin2/ros2_ws/install/unitree_go/include/unitree_go/unitree_go/msg/detail/motor_cmds__rosidl_typesupport_fastrtps_cpp.hpp
[1.198s] -- Up-to-date: /home/orin2/ros2_ws/install/unitree_go/include/unitree_go/unitree_go/msg/detail/sport_mode_cmd__rosidl_typesupport_fastrtps_cpp.hpp
[1.198s] -- Up-to-date: /home/orin2/ros2_ws/install/unitree_go/include/unitree_go/unitree_go/msg/detail/voxel_map_compressed__rosidl_typesupport_fastrtps_cpp.hpp
[1.198s] -- Up-to-date: /home/orin2/ros2_ws/install/unitree_go/include/unitree_go/unitree_go/msg/detail/interface_config__rosidl_typesupport_fastrtps_cpp.hpp
[1.199s] -- Up-to-date: /home/orin2/ros2_ws/install/unitree_go/include/unitree_go/unitree_go/msg/detail/sport_mode_state__rosidl_typesupport_fastrtps_cpp.hpp
[1.199s] -- Up-to-date: /home/orin2/ros2_ws/install/unitree_go/include/unitree_go/unitree_go/msg/detail/motor_state__rosidl_typesupport_fastrtps_cpp.hpp
[1.199s] -- Up-to-date: /home/orin2/ros2_ws/install/unitree_go/include/unitree_go/unitree_go/msg/detail/uwb_switch__rosidl_typesupport_fastrtps_cpp.hpp
[1.200s] -- Up-to-date: /home/orin2/ros2_ws/install/unitree_go/include/unitree_go/unitree_go/msg/detail/time_spec__rosidl_typesupport_fastrtps_cpp.hpp
[1.200s] -- Up-to-date: /home/orin2/ros2_ws/install/unitree_go/lib/libunitree_go__rosidl_typesupport_fastrtps_cpp.so
[1.200s] -- Up-to-date: /home/orin2/ros2_ws/install/unitree_go/include/unitree_go/unitree_go
[1.201s] -- Up-to-date: /home/orin2/ros2_ws/install/unitree_go/include/unitree_go/unitree_go/msg
[1.201s] -- Up-to-date: /home/orin2/ros2_ws/install/unitree_go/include/unitree_go/unitree_go/msg/detail
[1.201s] -- Up-to-date: /home/orin2/ros2_ws/install/unitree_go/include/unitree_go/unitree_go/msg/detail/uwb_state__type_support.cpp
[1.202s] -- Up-to-date: /home/orin2/ros2_ws/install/unitree_go/include/unitree_go/unitree_go/msg/detail/motor_cmds__rosidl_typesupport_introspection_cpp.hpp
[1.202s] -- Up-to-date: /home/orin2/ros2_ws/install/unitree_go/include/unitree_go/unitree_go/msg/detail/imu_state__type_support.cpp
[1.202s] -- Up-to-date: /home/orin2/ros2_ws/install/unitree_go/include/unitree_go/unitree_go/msg/detail/low_cmd__rosidl_typesupport_introspection_cpp.hpp
[1.203s] -- Up-to-date: /home/orin2/ros2_ws/install/unitree_go/include/unitree_go/unitree_go/msg/detail/go2_front_video_data__rosidl_typesupport_introspection_cpp.hpp
[1.203s] -- Up-to-date: /home/orin2/ros2_ws/install/unitree_go/include/unitree_go/unitree_go/msg/detail/error__type_support.cpp
[1.203s] -- Up-to-date: /home/orin2/ros2_ws/install/unitree_go/include/unitree_go/unitree_go/msg/detail/uwb_state__rosidl_typesupport_introspection_cpp.hpp
[1.204s] -- Up-to-date: /home/orin2/ros2_ws/install/unitree_go/include/unitree_go/unitree_go/msg/detail/wireless_controller__rosidl_typesupport_introspection_cpp.hpp
[1.204s] -- Up-to-date: /home/orin2/ros2_ws/install/unitree_go/include/unitree_go/unitree_go/msg/detail/audio_data__rosidl_typesupport_introspection_cpp.hpp
[1.204s] -- Up-to-date: /home/orin2/ros2_ws/install/unitree_go/include/unitree_go/unitree_go/msg/detail/lidar_state__type_support.cpp
[1.204s] -- Up-to-date: /home/orin2/ros2_ws/install/unitree_go/include/unitree_go/unitree_go/msg/detail/motor_cmd__type_support.cpp
[1.205s] -- Up-to-date: /home/orin2/ros2_ws/install/unitree_go/include/unitree_go/unitree_go/msg/detail/voxel_height_map_state__rosidl_typesupport_introspection_cpp.hpp
[1.205s] -- Up-to-date: /home/orin2/ros2_ws/install/unitree_go/include/unitree_go/unitree_go/msg/detail/go2_front_video_data__type_support.cpp
[1.205s] -- Up-to-date: /home/orin2/ros2_ws/install/unitree_go/include/unitree_go/unitree_go/msg/detail/wireless_controller__type_support.cpp
[1.206s] -- Up-to-date: /home/orin2/ros2_ws/install/unitree_go/include/unitree_go/unitree_go/msg/detail/motor_cmd__rosidl_typesupport_introspection_cpp.hpp
[1.206s] -- Up-to-date: /home/orin2/ros2_ws/install/unitree_go/include/unitree_go/unitree_go/msg/detail/height_map__rosidl_typesupport_introspection_cpp.hpp
[1.206s] -- Up-to-date: /home/orin2/ros2_ws/install/unitree_go/include/unitree_go/unitree_go/msg/detail/low_cmd__type_support.cpp
[1.206s] -- Up-to-date: /home/orin2/ros2_ws/install/unitree_go/include/unitree_go/unitree_go/msg/detail/sport_mode_state__rosidl_typesupport_introspection_cpp.hpp
[1.207s] -- Up-to-date: /home/orin2/ros2_ws/install/unitree_go/include/unitree_go/unitree_go/msg/detail/voxel_height_map_state__type_support.cpp
[1.207s] -- Up-to-date: /home/orin2/ros2_ws/install/unitree_go/include/unitree_go/unitree_go/msg/detail/uwb_switch__rosidl_typesupport_introspection_cpp.hpp
[1.207s] -- Up-to-date: /home/orin2/ros2_ws/install/unitree_go/include/unitree_go/unitree_go/msg/detail/voxel_map_compressed__type_support.cpp
[1.207s] -- Up-to-date: /home/orin2/ros2_ws/install/unitree_go/include/unitree_go/unitree_go/msg/detail/req__rosidl_typesupport_introspection_cpp.hpp
[1.208s] -- Up-to-date: /home/orin2/ros2_ws/install/unitree_go/include/unitree_go/unitree_go/msg/detail/low_state__type_support.cpp
[1.208s] -- Up-to-date: /home/orin2/ros2_ws/install/unitree_go/include/unitree_go/unitree_go/msg/detail/time_spec__rosidl_typesupport_introspection_cpp.hpp
[1.208s] -- Up-to-date: /home/orin2/ros2_ws/install/unitree_go/include/unitree_go/unitree_go/msg/detail/interface_config__type_support.cpp
[1.208s] -- Up-to-date: /home/orin2/ros2_ws/install/unitree_go/include/unitree_go/unitree_go/msg/detail/height_map__type_support.cpp
[1.209s] -- Up-to-date: /home/orin2/ros2_ws/install/unitree_go/include/unitree_go/unitree_go/msg/detail/path_point__type_support.cpp
[1.209s] -- Up-to-date: /home/orin2/ros2_ws/install/unitree_go/include/unitree_go/unitree_go/msg/detail/req__type_support.cpp
[1.209s] -- Up-to-date: /home/orin2/ros2_ws/install/unitree_go/include/unitree_go/unitree_go/msg/detail/low_state__rosidl_typesupport_introspection_cpp.hpp
[1.210s] -- Up-to-date: /home/orin2/ros2_ws/install/unitree_go/include/unitree_go/unitree_go/msg/detail/imu_state__rosidl_typesupport_introspection_cpp.hpp
[1.210s] -- Up-to-date: /home/orin2/ros2_ws/install/unitree_go/include/unitree_go/unitree_go/msg/detail/sport_mode_cmd__rosidl_typesupport_introspection_cpp.hpp
[1.210s] -- Up-to-date: /home/orin2/ros2_ws/install/unitree_go/include/unitree_go/unitree_go/msg/detail/bms_cmd__type_support.cpp
[1.210s] -- Up-to-date: /home/orin2/ros2_ws/install/unitree_go/include/unitree_go/unitree_go/msg/detail/path_point__rosidl_typesupport_introspection_cpp.hpp
[1.210s] -- Up-to-date: /home/orin2/ros2_ws/install/unitree_go/include/unitree_go/unitree_go/msg/detail/motor_state__rosidl_typesupport_introspection_cpp.hpp
[1.211s] -- Up-to-date: /home/orin2/ros2_ws/install/unitree_go/include/unitree_go/unitree_go/msg/detail/bms_state__type_support.cpp
[1.211s] -- Up-to-date: /home/orin2/ros2_ws/install/unitree_go/include/unitree_go/unitree_go/msg/detail/sport_mode_cmd__type_support.cpp
[1.211s] -- Up-to-date: /home/orin2/ros2_ws/install/unitree_go/include/unitree_go/unitree_go/msg/detail/motor_cmds__type_support.cpp
[1.211s] -- Up-to-date: /home/orin2/ros2_ws/install/unitree_go/include/unitree_go/unitree_go/msg/detail/time_spec__type_support.cpp
[1.211s] -- Up-to-date: /home/orin2/ros2_ws/install/unitree_go/include/unitree_go/unitree_go/msg/detail/uwb_switch__type_support.cpp
[1.212s] -- Up-to-date: /home/orin2/ros2_ws/install/unitree_go/include/unitree_go/unitree_go/msg/detail/audio_data__type_support.cpp
[1.212s] -- Up-to-date: /home/orin2/ros2_ws/install/unitree_go/include/unitree_go/unitree_go/msg/detail/motor_states__type_support.cpp
[1.212s] -- Up-to-date: /home/orin2/ros2_ws/install/unitree_go/include/unitree_go/unitree_go/msg/detail/sport_mode_state__type_support.cpp
[1.212s] -- Up-to-date: /home/orin2/ros2_ws/install/unitree_go/include/unitree_go/unitree_go/msg/detail/web_rtc_req__rosidl_typesupport_introspection_cpp.hpp
[1.212s] -- Up-to-date: /home/orin2/ros2_ws/install/unitree_go/include/unitree_go/unitree_go/msg/detail/motor_states__rosidl_typesupport_introspection_cpp.hpp
[1.213s] -- Up-to-date: /home/orin2/ros2_ws/install/unitree_go/include/unitree_go/unitree_go/msg/detail/motor_state__type_support.cpp
[1.213s] -- Up-to-date: /home/orin2/ros2_ws/install/unitree_go/include/unitree_go/unitree_go/msg/detail/bms_cmd__rosidl_typesupport_introspection_cpp.hpp
[1.213s] -- Up-to-date: /home/orin2/ros2_ws/install/unitree_go/include/unitree_go/unitree_go/msg/detail/web_rtc_req__type_support.cpp
[1.214s] -- Up-to-date: /home/orin2/ros2_ws/install/unitree_go/include/unitree_go/unitree_go/msg/detail/res__type_support.cpp
[1.216s] -- Up-to-date: /home/orin2/ros2_ws/install/unitree_go/include/unitree_go/unitree_go/msg/detail/lidar_state__rosidl_typesupport_introspection_cpp.hpp
[1.216s] -- Up-to-date: /home/orin2/ros2_ws/install/unitree_go/include/unitree_go/unitree_go/msg/detail/interface_config__rosidl_typesupport_introspection_cpp.hpp
[1.217s] -- Up-to-date: /home/orin2/ros2_ws/install/unitree_go/include/unitree_go/unitree_go/msg/detail/error__rosidl_typesupport_introspection_cpp.hpp
[1.217s] -- Up-to-date: /home/orin2/ros2_ws/install/unitree_go/include/unitree_go/unitree_go/msg/detail/res__rosidl_typesupport_introspection_cpp.hpp
[1.218s] -- Up-to-date: /home/orin2/ros2_ws/install/unitree_go/include/unitree_go/unitree_go/msg/detail/voxel_map_compressed__rosidl_typesupport_introspection_cpp.hpp
[1.218s] -- Up-to-date: /home/orin2/ros2_ws/install/unitree_go/include/unitree_go/unitree_go/msg/detail/bms_state__rosidl_typesupport_introspection_cpp.hpp
[1.219s] -- Up-to-date: /home/orin2/ros2_ws/install/unitree_go/lib/libunitree_go__rosidl_typesupport_introspection_cpp.so
[1.220s] -- Up-to-date: /home/orin2/ros2_ws/install/unitree_go/lib/libunitree_go__rosidl_typesupport_cpp.so
[1.222s] -- Up-to-date: /home/orin2/ros2_ws/install/unitree_go/share/unitree_go/environment/pythonpath.sh
[1.223s] -- Up-to-date: /home/orin2/ros2_ws/install/unitree_go/share/unitree_go/environment/pythonpath.dsv
[1.224s] -- Up-to-date: /home/orin2/ros2_ws/install/unitree_go/local/lib/python3.10/dist-packages/unitree_go-0.0.0-py3.10.egg-info
[1.225s] -- Installing: /home/orin2/ros2_ws/install/unitree_go/local/lib/python3.10/dist-packages/unitree_go-0.0.0-py3.10.egg-info/dependency_links.txt
[1.228s] -- Installing: /home/orin2/ros2_ws/install/unitree_go/local/lib/python3.10/dist-packages/unitree_go-0.0.0-py3.10.egg-info/SOURCES.txt
[1.230s] -- Installing: /home/orin2/ros2_ws/install/unitree_go/local/lib/python3.10/dist-packages/unitree_go-0.0.0-py3.10.egg-info/PKG-INFO
[1.231s] -- Installing: /home/orin2/ros2_ws/install/unitree_go/local/lib/python3.10/dist-packages/unitree_go-0.0.0-py3.10.egg-info/top_level.txt
[1.232s] -- Up-to-date: /home/orin2/ros2_ws/install/unitree_go/local/lib/python3.10/dist-packages/unitree_go
[1.233s] -- Up-to-date: /home/orin2/ros2_ws/install/unitree_go/local/lib/python3.10/dist-packages/unitree_go/_unitree_go_s.ep.rosidl_typesupport_c.c
[1.234s] -- Up-to-date: /home/orin2/ros2_ws/install/unitree_go/local/lib/python3.10/dist-packages/unitree_go/unitree_go_s__rosidl_typesupport_fastrtps_c.cpython-310-aarch64-linux-gnu.so
[1.236s] -- Up-to-date: /home/orin2/ros2_ws/install/unitree_go/local/lib/python3.10/dist-packages/unitree_go/_unitree_go_s.ep.rosidl_typesupport_introspection_c.c
[1.237s] -- Up-to-date: /home/orin2/ros2_ws/install/unitree_go/local/lib/python3.10/dist-packages/unitree_go/_unitree_go_s.ep.rosidl_typesupport_fastrtps_c.c
[1.238s] -- Up-to-date: /home/orin2/ros2_ws/install/unitree_go/local/lib/python3.10/dist-packages/unitree_go/libunitree_go__rosidl_generator_py.so
[1.238s] -- Up-to-date: /home/orin2/ros2_ws/install/unitree_go/local/lib/python3.10/dist-packages/unitree_go/unitree_go_s__rosidl_typesupport_c.cpython-310-aarch64-linux-gnu.so
[1.239s] -- Up-to-date: /home/orin2/ros2_ws/install/unitree_go/local/lib/python3.10/dist-packages/unitree_go/unitree_go_s__rosidl_typesupport_introspection_c.cpython-310-aarch64-linux-gnu.so
[1.239s] -- Up-to-date: /home/orin2/ros2_ws/install/unitree_go/local/lib/python3.10/dist-packages/unitree_go/msg
[1.241s] -- Up-to-date: /home/orin2/ros2_ws/install/unitree_go/local/lib/python3.10/dist-packages/unitree_go/msg/_go2_front_video_data_s.c
[1.241s] -- Up-to-date: /home/orin2/ros2_ws/install/unitree_go/local/lib/python3.10/dist-packages/unitree_go/msg/_req_s.c
[1.242s] -- Up-to-date: /home/orin2/ros2_ws/install/unitree_go/local/lib/python3.10/dist-packages/unitree_go/msg/_low_cmd.py
[1.242s] -- Up-to-date: /home/orin2/ros2_ws/install/unitree_go/local/lib/python3.10/dist-packages/unitree_go/msg/_uwb_switch_s.c
[1.243s] -- Up-to-date: /home/orin2/ros2_ws/install/unitree_go/local/lib/python3.10/dist-packages/unitree_go/msg/_motor_cmd.py
[1.243s] -- Up-to-date: /home/orin2/ros2_ws/install/unitree_go/local/lib/python3.10/dist-packages/unitree_go/msg/_sport_mode_cmd.py
[1.244s] -- Up-to-date: /home/orin2/ros2_ws/install/unitree_go/local/lib/python3.10/dist-packages/unitree_go/msg/_lidar_state.py
[1.244s] -- Up-to-date: /home/orin2/ros2_ws/install/unitree_go/local/lib/python3.10/dist-packages/unitree_go/msg/_motor_state.py
[1.246s] -- Up-to-date: /home/orin2/ros2_ws/install/unitree_go/local/lib/python3.10/dist-packages/unitree_go/msg/_uwb_state_s.c
[1.247s] -- Up-to-date: /home/orin2/ros2_ws/install/unitree_go/local/lib/python3.10/dist-packages/unitree_go/msg/_imu_state.py
[1.248s] -- Up-to-date: /home/orin2/ros2_ws/install/unitree_go/local/lib/python3.10/dist-packages/unitree_go/msg/_wireless_controller.py
[1.248s] -- Up-to-date: /home/orin2/ros2_ws/install/unitree_go/local/lib/python3.10/dist-packages/unitree_go/msg/_bms_cmd_s.c
[1.249s] -- Up-to-date: /home/orin2/ros2_ws/install/unitree_go/local/lib/python3.10/dist-packages/unitree_go/msg/_motor_cmds_s.c
[1.249s] -- Up-to-date: /home/orin2/ros2_ws/install/unitree_go/local/lib/python3.10/dist-packages/unitree_go/msg/_bms_state_s.c
[1.250s] -- Up-to-date: /home/orin2/ros2_ws/install/unitree_go/local/lib/python3.10/dist-packages/unitree_go/msg/_low_state.py
[1.250s] -- Up-to-date: /home/orin2/ros2_ws/install/unitree_go/local/lib/python3.10/dist-packages/unitree_go/msg/_low_state_s.c
[1.250s] -- Up-to-date: /home/orin2/ros2_ws/install/unitree_go/local/lib/python3.10/dist-packages/unitree_go/msg/_lidar_state_s.c
[1.250s] -- Up-to-date: /home/orin2/ros2_ws/install/unitree_go/local/lib/python3.10/dist-packages/unitree_go/msg/_go2_front_video_data.py
[1.251s] -- Up-to-date: /home/orin2/ros2_ws/install/unitree_go/local/lib/python3.10/dist-packages/unitree_go/msg/_audio_data_s.c
[1.251s] -- Up-to-date: /home/orin2/ros2_ws/install/unitree_go/local/lib/python3.10/dist-packages/unitree_go/msg/_interface_config.py
[1.253s] -- Up-to-date: /home/orin2/ros2_ws/install/unitree_go/local/lib/python3.10/dist-packages/unitree_go/msg/_uwb_state.py
[1.253s] -- Up-to-date: /home/orin2/ros2_ws/install/unitree_go/local/lib/python3.10/dist-packages/unitree_go/msg/_res.py
[1.254s] -- Up-to-date: /home/orin2/ros2_ws/install/unitree_go/local/lib/python3.10/dist-packages/unitree_go/msg/_voxel_map_compressed.py
[1.255s] -- Up-to-date: /home/orin2/ros2_ws/install/unitree_go/local/lib/python3.10/dist-packages/unitree_go/msg/_sport_mode_state.py
[1.255s] -- Up-to-date: /home/orin2/ros2_ws/install/unitree_go/local/lib/python3.10/dist-packages/unitree_go/msg/_sport_mode_state_s.c
[1.256s] -- Up-to-date: /home/orin2/ros2_ws/install/unitree_go/local/lib/python3.10/dist-packages/unitree_go/msg/_voxel_height_map_state.py
[1.257s] -- Up-to-date: /home/orin2/ros2_ws/install/unitree_go/local/lib/python3.10/dist-packages/unitree_go/msg/_bms_state.py
[1.257s] -- Up-to-date: /home/orin2/ros2_ws/install/unitree_go/local/lib/python3.10/dist-packages/unitree_go/msg/_error.py
[1.258s] -- Up-to-date: /home/orin2/ros2_ws/install/unitree_go/local/lib/python3.10/dist-packages/unitree_go/msg/_motor_cmd_s.c
[1.259s] -- Up-to-date: /home/orin2/ros2_ws/install/unitree_go/local/lib/python3.10/dist-packages/unitree_go/msg/_audio_data.py
[1.260s] -- Up-to-date: /home/orin2/ros2_ws/install/unitree_go/local/lib/python3.10/dist-packages/unitree_go/msg/_sport_mode_cmd_s.c
[1.260s] -- Up-to-date: /home/orin2/ros2_ws/install/unitree_go/local/lib/python3.10/dist-packages/unitree_go/msg/_voxel_map_compressed_s.c
[1.260s] -- Up-to-date: /home/orin2/ros2_ws/install/unitree_go/local/lib/python3.10/dist-packages/unitree_go/msg/_imu_state_s.c
[1.261s] -- Up-to-date: /home/orin2/ros2_ws/install/unitree_go/local/lib/python3.10/dist-packages/unitree_go/msg/_motor_states_s.c
[1.264s] -- Up-to-date: /home/orin2/ros2_ws/install/unitree_go/local/lib/python3.10/dist-packages/unitree_go/msg/_web_rtc_req.py
[1.264s] -- Up-to-date: /home/orin2/ros2_ws/install/unitree_go/local/lib/python3.10/dist-packages/unitree_go/msg/_motor_state_s.c
[1.265s] -- Up-to-date: /home/orin2/ros2_ws/install/unitree_go/local/lib/python3.10/dist-packages/unitree_go/msg/_web_rtc_req_s.c
[1.267s] -- Up-to-date: /home/orin2/ros2_ws/install/unitree_go/local/lib/python3.10/dist-packages/unitree_go/msg/_low_cmd_s.c
[1.267s] -- Up-to-date: /home/orin2/ros2_ws/install/unitree_go/local/lib/python3.10/dist-packages/unitree_go/msg/_req.py
[1.268s] -- Up-to-date: /home/orin2/ros2_ws/install/unitree_go/local/lib/python3.10/dist-packages/unitree_go/msg/__init__.py
[1.268s] -- Up-to-date: /home/orin2/ros2_ws/install/unitree_go/local/lib/python3.10/dist-packages/unitree_go/msg/_height_map_s.c
[1.269s] -- Up-to-date: /home/orin2/ros2_ws/install/unitree_go/local/lib/python3.10/dist-packages/unitree_go/msg/_wireless_controller_s.c
[1.270s] -- Up-to-date: /home/orin2/ros2_ws/install/unitree_go/local/lib/python3.10/dist-packages/unitree_go/msg/_motor_states.py
[1.271s] -- Up-to-date: /home/orin2/ros2_ws/install/unitree_go/local/lib/python3.10/dist-packages/unitree_go/msg/_uwb_switch.py
[1.272s] -- Up-to-date: /home/orin2/ros2_ws/install/unitree_go/local/lib/python3.10/dist-packages/unitree_go/msg/_interface_config_s.c
[1.273s] -- Up-to-date: /home/orin2/ros2_ws/install/unitree_go/local/lib/python3.10/dist-packages/unitree_go/msg/_path_point_s.c
[1.274s] -- Up-to-date: /home/orin2/ros2_ws/install/unitree_go/local/lib/python3.10/dist-packages/unitree_go/msg/_path_point.py
[1.274s] -- Up-to-date: /home/orin2/ros2_ws/install/unitree_go/local/lib/python3.10/dist-packages/unitree_go/msg/_motor_cmds.py
[1.275s] -- Up-to-date: /home/orin2/ros2_ws/install/unitree_go/local/lib/python3.10/dist-packages/unitree_go/msg/_time_spec.py
[1.275s] -- Up-to-date: /home/orin2/ros2_ws/install/unitree_go/local/lib/python3.10/dist-packages/unitree_go/msg/_bms_cmd.py
[1.276s] -- Up-to-date: /home/orin2/ros2_ws/install/unitree_go/local/lib/python3.10/dist-packages/unitree_go/msg/_res_s.c
[1.277s] -- Up-to-date: /home/orin2/ros2_ws/install/unitree_go/local/lib/python3.10/dist-packages/unitree_go/msg/_height_map.py
[1.277s] -- Up-to-date: /home/orin2/ros2_ws/install/unitree_go/local/lib/python3.10/dist-packages/unitree_go/msg/_error_s.c
[1.279s] -- Up-to-date: /home/orin2/ros2_ws/install/unitree_go/local/lib/python3.10/dist-packages/unitree_go/msg/_voxel_height_map_state_s.c
[1.279s] -- Up-to-date: /home/orin2/ros2_ws/install/unitree_go/local/lib/python3.10/dist-packages/unitree_go/msg/_time_spec_s.c
[1.280s] -- Up-to-date: /home/orin2/ros2_ws/install/unitree_go/local/lib/python3.10/dist-packages/unitree_go/__init__.py
[1.286s] Listing '/home/orin2/ros2_ws/install/unitree_go/local/lib/python3.10/dist-packages/unitree_go'...
[1.286s] Listing '/home/orin2/ros2_ws/install/unitree_go/local/lib/python3.10/dist-packages/unitree_go/msg'...
[1.287s] -- Up-to-date: /home/orin2/ros2_ws/install/unitree_go/local/lib/python3.10/dist-packages/unitree_go/unitree_go_s__rosidl_typesupport_fastrtps_c.cpython-310-aarch64-linux-gnu.so
[1.287s] -- Up-to-date: /home/orin2/ros2_ws/install/unitree_go/local/lib/python3.10/dist-packages/unitree_go/unitree_go_s__rosidl_typesupport_introspection_c.cpython-310-aarch64-linux-gnu.so
[1.288s] -- Up-to-date: /home/orin2/ros2_ws/install/unitree_go/local/lib/python3.10/dist-packages/unitree_go/unitree_go_s__rosidl_typesupport_c.cpython-310-aarch64-linux-gnu.so
[1.288s] -- Up-to-date: /home/orin2/ros2_ws/install/unitree_go/lib/libunitree_go__rosidl_generator_py.so
[1.288s] -- Up-to-date: /home/orin2/ros2_ws/install/unitree_go/share/unitree_go/msg/AudioData.idl
[1.289s] -- Up-to-date: /home/orin2/ros2_ws/install/unitree_go/share/unitree_go/msg/BmsCmd.idl
[1.289s] -- Up-to-date: /home/orin2/ros2_ws/install/unitree_go/share/unitree_go/msg/BmsState.idl
[1.289s] -- Up-to-date: /home/orin2/ros2_ws/install/unitree_go/share/unitree_go/msg/Error.idl
[1.290s] -- Up-to-date: /home/orin2/ros2_ws/install/unitree_go/share/unitree_go/msg/Go2FrontVideoData.idl
[1.290s] -- Up-to-date: /home/orin2/ros2_ws/install/unitree_go/share/unitree_go/msg/HeightMap.idl
[1.290s] -- Up-to-date: /home/orin2/ros2_ws/install/unitree_go/share/unitree_go/msg/IMUState.idl
[1.291s] -- Up-to-date: /home/orin2/ros2_ws/install/unitree_go/share/unitree_go/msg/InterfaceConfig.idl
[1.291s] -- Up-to-date: /home/orin2/ros2_ws/install/unitree_go/share/unitree_go/msg/LidarState.idl
[1.291s] -- Up-to-date: /home/orin2/ros2_ws/install/unitree_go/share/unitree_go/msg/LowCmd.idl
[1.292s] -- Up-to-date: /home/orin2/ros2_ws/install/unitree_go/share/unitree_go/msg/LowState.idl
[1.292s] -- Up-to-date: /home/orin2/ros2_ws/install/unitree_go/share/unitree_go/msg/MotorCmd.idl
[1.292s] -- Up-to-date: /home/orin2/ros2_ws/install/unitree_go/share/unitree_go/msg/MotorCmds.idl
[1.293s] -- Up-to-date: /home/orin2/ros2_ws/install/unitree_go/share/unitree_go/msg/MotorState.idl
[1.293s] -- Up-to-date: /home/orin2/ros2_ws/install/unitree_go/share/unitree_go/msg/MotorStates.idl
[1.293s] -- Up-to-date: /home/orin2/ros2_ws/install/unitree_go/share/unitree_go/msg/PathPoint.idl
[1.294s] -- Up-to-date: /home/orin2/ros2_ws/install/unitree_go/share/unitree_go/msg/Req.idl
[1.294s] -- Up-to-date: /home/orin2/ros2_ws/install/unitree_go/share/unitree_go/msg/Res.idl
[1.294s] -- Up-to-date: /home/orin2/ros2_ws/install/unitree_go/share/unitree_go/msg/SportModeCmd.idl
[1.295s] -- Up-to-date: /home/orin2/ros2_ws/install/unitree_go/share/unitree_go/msg/SportModeState.idl
[1.295s] -- Up-to-date: /home/orin2/ros2_ws/install/unitree_go/share/unitree_go/msg/TimeSpec.idl
[1.295s] -- Up-to-date: /home/orin2/ros2_ws/install/unitree_go/share/unitree_go/msg/UwbState.idl
[1.296s] -- Up-to-date: /home/orin2/ros2_ws/install/unitree_go/share/unitree_go/msg/UwbSwitch.idl
[1.296s] -- Up-to-date: /home/orin2/ros2_ws/install/unitree_go/share/unitree_go/msg/VoxelMapCompressed.idl
[1.296s] -- Up-to-date: /home/orin2/ros2_ws/install/unitree_go/share/unitree_go/msg/VoxelHeightMapState.idl
[1.297s] -- Up-to-date: /home/orin2/ros2_ws/install/unitree_go/share/unitree_go/msg/WebRtcReq.idl
[1.297s] -- Up-to-date: /home/orin2/ros2_ws/install/unitree_go/share/unitree_go/msg/WirelessController.idl
[1.297s] -- Up-to-date: /home/orin2/ros2_ws/install/unitree_go/share/unitree_go/msg/AudioData.msg
[1.298s] -- Up-to-date: /home/orin2/ros2_ws/install/unitree_go/share/unitree_go/msg/BmsCmd.msg
[1.298s] -- Up-to-date: /home/orin2/ros2_ws/install/unitree_go/share/unitree_go/msg/BmsState.msg
[1.298s] -- Up-to-date: /home/orin2/ros2_ws/install/unitree_go/share/unitree_go/msg/Error.msg
[1.299s] -- Up-to-date: /home/orin2/ros2_ws/install/unitree_go/share/unitree_go/msg/Go2FrontVideoData.msg
[1.299s] -- Up-to-date: /home/orin2/ros2_ws/install/unitree_go/share/unitree_go/msg/HeightMap.msg
[1.299s] -- Up-to-date: /home/orin2/ros2_ws/install/unitree_go/share/unitree_go/msg/IMUState.msg
[1.300s] -- Up-to-date: /home/orin2/ros2_ws/install/unitree_go/share/unitree_go/msg/InterfaceConfig.msg
[1.300s] -- Up-to-date: /home/orin2/ros2_ws/install/unitree_go/share/unitree_go/msg/LidarState.msg
[1.300s] -- Up-to-date: /home/orin2/ros2_ws/install/unitree_go/share/unitree_go/msg/LowCmd.msg
[1.301s] -- Up-to-date: /home/orin2/ros2_ws/install/unitree_go/share/unitree_go/msg/LowState.msg
[1.301s] -- Up-to-date: /home/orin2/ros2_ws/install/unitree_go/share/unitree_go/msg/MotorCmd.msg
[1.301s] -- Up-to-date: /home/orin2/ros2_ws/install/unitree_go/share/unitree_go/msg/MotorCmds.msg
[1.302s] -- Up-to-date: /home/orin2/ros2_ws/install/unitree_go/share/unitree_go/msg/MotorState.msg
[1.302s] -- Up-to-date: /home/orin2/ros2_ws/install/unitree_go/share/unitree_go/msg/MotorStates.msg
[1.302s] -- Up-to-date: /home/orin2/ros2_ws/install/unitree_go/share/unitree_go/msg/PathPoint.msg
[1.303s] -- Up-to-date: /home/orin2/ros2_ws/install/unitree_go/share/unitree_go/msg/Req.msg
[1.303s] -- Up-to-date: /home/orin2/ros2_ws/install/unitree_go/share/unitree_go/msg/Res.msg
[1.303s] -- Up-to-date: /home/orin2/ros2_ws/install/unitree_go/share/unitree_go/msg/SportModeCmd.msg
[1.304s] -- Up-to-date: /home/orin2/ros2_ws/install/unitree_go/share/unitree_go/msg/SportModeState.msg
[1.304s] -- Up-to-date: /home/orin2/ros2_ws/install/unitree_go/share/unitree_go/msg/TimeSpec.msg
[1.304s] -- Up-to-date: /home/orin2/ros2_ws/install/unitree_go/share/unitree_go/msg/UwbState.msg
[1.304s] -- Up-to-date: /home/orin2/ros2_ws/install/unitree_go/share/unitree_go/msg/UwbSwitch.msg
[1.305s] -- Up-to-date: /home/orin2/ros2_ws/install/unitree_go/share/unitree_go/msg/VoxelMapCompressed.msg
[1.305s] -- Up-to-date: /home/orin2/ros2_ws/install/unitree_go/share/unitree_go/msg/VoxelHeightMapState.msg
[1.305s] -- Up-to-date: /home/orin2/ros2_ws/install/unitree_go/share/unitree_go/msg/WebRtcReq.msg
[1.306s] -- Up-to-date: /home/orin2/ros2_ws/install/unitree_go/share/unitree_go/msg/WirelessController.msg
[1.306s] -- Up-to-date: /home/orin2/ros2_ws/install/unitree_go/share/ament_index/resource_index/package_run_dependencies/unitree_go
[1.306s] -- Up-to-date: /home/orin2/ros2_ws/install/unitree_go/share/ament_index/resource_index/parent_prefix_path/unitree_go
[1.306s] -- Up-to-date: /home/orin2/ros2_ws/install/unitree_go/share/unitree_go/environment/ament_prefix_path.sh
[1.307s] -- Up-to-date: /home/orin2/ros2_ws/install/unitree_go/share/unitree_go/environment/ament_prefix_path.dsv
[1.307s] -- Up-to-date: /home/orin2/ros2_ws/install/unitree_go/share/unitree_go/environment/path.sh
[1.307s] -- Up-to-date: /home/orin2/ros2_ws/install/unitree_go/share/unitree_go/environment/path.dsv
[1.308s] -- Up-to-date: /home/orin2/ros2_ws/install/unitree_go/share/unitree_go/local_setup.bash
[1.308s] -- Up-to-date: /home/orin2/ros2_ws/install/unitree_go/share/unitree_go/local_setup.sh
[1.309s] -- Up-to-date: /home/orin2/ros2_ws/install/unitree_go/share/unitree_go/local_setup.zsh
[1.309s] -- Up-to-date: /home/orin2/ros2_ws/install/unitree_go/share/unitree_go/local_setup.dsv
[1.310s] -- Installing: /home/orin2/ros2_ws/install/unitree_go/share/unitree_go/package.dsv
[1.310s] -- Up-to-date: /home/orin2/ros2_ws/install/unitree_go/share/ament_index/resource_index/packages/unitree_go
[1.311s] -- Up-to-date: /home/orin2/ros2_ws/install/unitree_go/share/unitree_go/cmake/export_unitree_go__rosidl_generator_cExport.cmake
[1.311s] -- Up-to-date: /home/orin2/ros2_ws/install/unitree_go/share/unitree_go/cmake/export_unitree_go__rosidl_generator_cExport-noconfig.cmake
[1.312s] -- Up-to-date: /home/orin2/ros2_ws/install/unitree_go/share/unitree_go/cmake/export_unitree_go__rosidl_typesupport_fastrtps_cExport.cmake
[1.312s] -- Up-to-date: /home/orin2/ros2_ws/install/unitree_go/share/unitree_go/cmake/export_unitree_go__rosidl_typesupport_fastrtps_cExport-noconfig.cmake
[1.312s] -- Up-to-date: /home/orin2/ros2_ws/install/unitree_go/share/unitree_go/cmake/unitree_go__rosidl_typesupport_introspection_cExport.cmake
[1.313s] -- Up-to-date: /home/orin2/ros2_ws/install/unitree_go/share/unitree_go/cmake/unitree_go__rosidl_typesupport_introspection_cExport-noconfig.cmake
[1.313s] -- Up-to-date: /home/orin2/ros2_ws/install/unitree_go/share/unitree_go/cmake/unitree_go__rosidl_typesupport_cExport.cmake
[1.314s] -- Up-to-date: /home/orin2/ros2_ws/install/unitree_go/share/unitree_go/cmake/unitree_go__rosidl_typesupport_cExport-noconfig.cmake
[1.314s] -- Up-to-date: /home/orin2/ros2_ws/install/unitree_go/share/unitree_go/cmake/export_unitree_go__rosidl_generator_cppExport.cmake
[1.315s] -- Up-to-date: /home/orin2/ros2_ws/install/unitree_go/share/unitree_go/cmake/export_unitree_go__rosidl_typesupport_fastrtps_cppExport.cmake
[1.315s] -- Up-to-date: /home/orin2/ros2_ws/install/unitree_go/share/unitree_go/cmake/export_unitree_go__rosidl_typesupport_fastrtps_cppExport-noconfig.cmake
[1.316s] -- Up-to-date: /home/orin2/ros2_ws/install/unitree_go/share/unitree_go/cmake/unitree_go__rosidl_typesupport_introspection_cppExport.cmake
[1.316s] -- Up-to-date: /home/orin2/ros2_ws/install/unitree_go/share/unitree_go/cmake/unitree_go__rosidl_typesupport_introspection_cppExport-noconfig.cmake
[1.316s] -- Up-to-date: /home/orin2/ros2_ws/install/unitree_go/share/unitree_go/cmake/unitree_go__rosidl_typesupport_cppExport.cmake
[1.317s] -- Up-to-date: /home/orin2/ros2_ws/install/unitree_go/share/unitree_go/cmake/unitree_go__rosidl_typesupport_cppExport-noconfig.cmake
[1.317s] -- Up-to-date: /home/orin2/ros2_ws/install/unitree_go/share/unitree_go/cmake/export_unitree_go__rosidl_generator_pyExport.cmake
[1.318s] -- Up-to-date: /home/orin2/ros2_ws/install/unitree_go/share/unitree_go/cmake/export_unitree_go__rosidl_generator_pyExport-noconfig.cmake
[1.318s] -- Up-to-date: /home/orin2/ros2_ws/install/unitree_go/share/unitree_go/cmake/rosidl_cmake-extras.cmake
[1.319s] -- Up-to-date: /home/orin2/ros2_ws/install/unitree_go/share/unitree_go/cmake/ament_cmake_export_include_directories-extras.cmake
[1.319s] -- Up-to-date: /home/orin2/ros2_ws/install/unitree_go/share/unitree_go/cmake/ament_cmake_export_libraries-extras.cmake
[1.320s] -- Up-to-date: /home/orin2/ros2_ws/install/unitree_go/share/unitree_go/cmake/ament_cmake_export_targets-extras.cmake
[1.320s] -- Up-to-date: /home/orin2/ros2_ws/install/unitree_go/share/unitree_go/cmake/rosidl_cmake_export_typesupport_targets-extras.cmake
[1.321s] -- Up-to-date: /home/orin2/ros2_ws/install/unitree_go/share/unitree_go/cmake/ament_cmake_export_dependencies-extras.cmake
[1.321s] -- Up-to-date: /home/orin2/ros2_ws/install/unitree_go/share/unitree_go/cmake/rosidl_cmake_export_typesupport_libraries-extras.cmake
[1.322s] -- Up-to-date: /home/orin2/ros2_ws/install/unitree_go/share/unitree_go/cmake/unitree_goConfig.cmake
[1.322s] -- Up-to-date: /home/orin2/ros2_ws/install/unitree_go/share/unitree_go/cmake/unitree_goConfig-version.cmake
[1.322s] -- Up-to-date: /home/orin2/ros2_ws/install/unitree_go/share/unitree_go/package.xml
[1.323s] Invoked command in '/home/orin2/ros2_ws/build/unitree_go' returned '0': CMAKE_PREFIX_PATH=${CMAKE_PREFIX_PATH}:/home/orin2/ros2_ws/install/go2_robot_sdk:/home/orin2/ros2_ws/install/coco_detector:/home/orin2/slam_ws/install/transform_sensors:/home/orin2/slam_ws/install/ros_tcp_endpoint:/opt/ros/humble /usr/bin/cmake --install /home/orin2/ros2_ws/build/unitree_go
