[0.083s] Invoking command in '/home/orin2/ros2_ws/build/go2_interfaces': CMAKE_PREFIX_PATH=/opt/ros/humble /usr/bin/cmake --build /home/orin2/ros2_ws/build/go2_interfaces -- -j8 -l8
[0.268s] [  1%] Built target go2_interfaces__cpp
[0.283s] [  1%] Built target ament_cmake_python_copy_go2_interfaces
[0.307s] [ 12%] Built target go2_interfaces__rosidl_generator_c
[0.364s] [ 23%] Built target go2_interfaces__rosidl_typesupport_fastrtps_cpp
[0.366s] [ 34%] Built target go2_interfaces__rosidl_typesupport_cpp
[0.392s] [ 46%] Built target go2_interfaces__rosidl_typesupport_introspection_cpp
[0.463s] [ 60%] Built target go2_interfaces__rosidl_typesupport_fastrtps_c
[0.464s] [ 68%] Built target go2_interfaces__rosidl_typesupport_introspection_c
[0.469s] [ 79%] Built target go2_interfaces__rosidl_typesupport_c
[0.532s] [ 79%] Built target go2_interfaces
[0.573s] [ 80%] Built target go2_interfaces__py
[0.639s] [ 90%] Built target go2_interfaces__rosidl_generator_py
[0.712s] [ 96%] Built target go2_interfaces__rosidl_typesupport_introspection_c__pyext
[0.712s] [ 96%] Built target go2_interfaces__rosidl_typesupport_fastrtps_c__pyext
[0.778s] [100%] Built target go2_interfaces__rosidl_typesupport_c__pyext
[1.174s] running egg_info
[1.179s] writing go2_interfaces.egg-info/PKG-INFO
[1.180s] writing dependency_links to go2_interfaces.egg-info/dependency_links.txt
[1.180s] writing top-level names to go2_interfaces.egg-info/top_level.txt
[1.204s] reading manifest file 'go2_interfaces.egg-info/SOURCES.txt'
[1.205s] writing manifest file 'go2_interfaces.egg-info/SOURCES.txt'
[1.335s] [100%] Built target ament_cmake_python_build_go2_interfaces_egg
[1.376s] Invoked command in '/home/orin2/ros2_ws/build/go2_interfaces' returned '0': CMAKE_PREFIX_PATH=/opt/ros/humble /usr/bin/cmake --build /home/orin2/ros2_ws/build/go2_interfaces -- -j8 -l8
[1.376s] Invoking command in '/home/orin2/ros2_ws/build/go2_interfaces': CMAKE_PREFIX_PATH=/opt/ros/humble /usr/bin/cmake --install /home/orin2/ros2_ws/build/go2_interfaces
[1.414s] -- Install configuration: ""
[1.416s] -- Up-to-date: /home/orin2/ros2_ws/install/go2_interfaces/share/ament_index/resource_index/rosidl_interfaces/go2_interfaces
[1.417s] -- Up-to-date: /home/orin2/ros2_ws/install/go2_interfaces/include/go2_interfaces/go2_interfaces
[1.417s] -- Up-to-date: /home/orin2/ros2_ws/install/go2_interfaces/include/go2_interfaces/go2_interfaces/msg
[1.417s] -- Up-to-date: /home/orin2/ros2_ws/install/go2_interfaces/include/go2_interfaces/go2_interfaces/msg/rosidl_generator_c__visibility_control.h
[1.417s] -- Up-to-date: /home/orin2/ros2_ws/install/go2_interfaces/include/go2_interfaces/go2_interfaces/msg/go2_rpy_cmd.h
[1.418s] -- Up-to-date: /home/orin2/ros2_ws/install/go2_interfaces/include/go2_interfaces/go2_interfaces/msg/go2_move.h
[1.418s] -- Up-to-date: /home/orin2/ros2_ws/install/go2_interfaces/include/go2_interfaces/go2_interfaces/msg/imu.h
[1.418s] -- Up-to-date: /home/orin2/ros2_ws/install/go2_interfaces/include/go2_interfaces/go2_interfaces/msg/go2_cmd.h
[1.420s] -- Up-to-date: /home/orin2/ros2_ws/install/go2_interfaces/include/go2_interfaces/go2_interfaces/msg/detail
[1.421s] -- Up-to-date: /home/orin2/ros2_ws/install/go2_interfaces/include/go2_interfaces/go2_interfaces/msg/detail/go2_move__struct.h
[1.421s] -- Up-to-date: /home/orin2/ros2_ws/install/go2_interfaces/include/go2_interfaces/go2_interfaces/msg/detail/go2_move__functions.c
[1.421s] -- Up-to-date: /home/orin2/ros2_ws/install/go2_interfaces/include/go2_interfaces/go2_interfaces/msg/detail/go2_move__functions.h
[1.422s] -- Up-to-date: /home/orin2/ros2_ws/install/go2_interfaces/include/go2_interfaces/go2_interfaces/msg/detail/go2_state__type_support.h
[1.422s] -- Up-to-date: /home/orin2/ros2_ws/install/go2_interfaces/include/go2_interfaces/go2_interfaces/msg/detail/go2_state__struct.h
[1.422s] -- Up-to-date: /home/orin2/ros2_ws/install/go2_interfaces/include/go2_interfaces/go2_interfaces/msg/detail/go2_cmd__struct.h
[1.422s] -- Up-to-date: /home/orin2/ros2_ws/install/go2_interfaces/include/go2_interfaces/go2_interfaces/msg/detail/go2_rpy_cmd__functions.c
[1.423s] -- Up-to-date: /home/orin2/ros2_ws/install/go2_interfaces/include/go2_interfaces/go2_interfaces/msg/detail/imu__type_support.h
[1.423s] -- Up-to-date: /home/orin2/ros2_ws/install/go2_interfaces/include/go2_interfaces/go2_interfaces/msg/detail/go2_cmd__functions.h
[1.423s] -- Up-to-date: /home/orin2/ros2_ws/install/go2_interfaces/include/go2_interfaces/go2_interfaces/msg/detail/go2_move__type_support.h
[1.424s] -- Up-to-date: /home/orin2/ros2_ws/install/go2_interfaces/include/go2_interfaces/go2_interfaces/msg/detail/go2_cmd__type_support.h
[1.424s] -- Up-to-date: /home/orin2/ros2_ws/install/go2_interfaces/include/go2_interfaces/go2_interfaces/msg/detail/go2_rpy_cmd__functions.h
[1.424s] -- Up-to-date: /home/orin2/ros2_ws/install/go2_interfaces/include/go2_interfaces/go2_interfaces/msg/detail/go2_cmd__functions.c
[1.425s] -- Up-to-date: /home/orin2/ros2_ws/install/go2_interfaces/include/go2_interfaces/go2_interfaces/msg/detail/imu__functions.h
[1.426s] -- Up-to-date: /home/orin2/ros2_ws/install/go2_interfaces/include/go2_interfaces/go2_interfaces/msg/detail/go2_rpy_cmd__struct.h
[1.426s] -- Up-to-date: /home/orin2/ros2_ws/install/go2_interfaces/include/go2_interfaces/go2_interfaces/msg/detail/go2_rpy_cmd__type_support.h
[1.427s] -- Up-to-date: /home/orin2/ros2_ws/install/go2_interfaces/include/go2_interfaces/go2_interfaces/msg/detail/imu__functions.c
[1.428s] -- Up-to-date: /home/orin2/ros2_ws/install/go2_interfaces/include/go2_interfaces/go2_interfaces/msg/detail/imu__struct.h
[1.436s] -- Up-to-date: /home/orin2/ros2_ws/install/go2_interfaces/include/go2_interfaces/go2_interfaces/msg/detail/go2_state__functions.h
[1.436s] -- Up-to-date: /home/orin2/ros2_ws/install/go2_interfaces/include/go2_interfaces/go2_interfaces/msg/detail/go2_state__functions.c
[1.437s] -- Up-to-date: /home/orin2/ros2_ws/install/go2_interfaces/include/go2_interfaces/go2_interfaces/msg/go2_state.h
[1.438s] -- Up-to-date: /home/orin2/ros2_ws/install/go2_interfaces/share/go2_interfaces/environment/library_path.sh
[1.438s] -- Up-to-date: /home/orin2/ros2_ws/install/go2_interfaces/share/go2_interfaces/environment/library_path.dsv
[1.439s] -- Up-to-date: /home/orin2/ros2_ws/install/go2_interfaces/lib/libgo2_interfaces__rosidl_generator_c.so
[1.441s] -- Up-to-date: /home/orin2/ros2_ws/install/go2_interfaces/include/go2_interfaces/go2_interfaces
[1.443s] -- Up-to-date: /home/orin2/ros2_ws/install/go2_interfaces/include/go2_interfaces/go2_interfaces/msg
[1.443s] -- Up-to-date: /home/orin2/ros2_ws/install/go2_interfaces/include/go2_interfaces/go2_interfaces/msg/rosidl_typesupport_fastrtps_c__visibility_control.h
[1.443s] -- Up-to-date: /home/orin2/ros2_ws/install/go2_interfaces/include/go2_interfaces/go2_interfaces/msg/detail
[1.444s] -- Up-to-date: /home/orin2/ros2_ws/install/go2_interfaces/include/go2_interfaces/go2_interfaces/msg/detail/go2_state__rosidl_typesupport_fastrtps_c.h
[1.444s] -- Up-to-date: /home/orin2/ros2_ws/install/go2_interfaces/include/go2_interfaces/go2_interfaces/msg/detail/go2_rpy_cmd__rosidl_typesupport_fastrtps_c.h
[1.444s] -- Up-to-date: /home/orin2/ros2_ws/install/go2_interfaces/include/go2_interfaces/go2_interfaces/msg/detail/imu__rosidl_typesupport_fastrtps_c.h
[1.446s] -- Up-to-date: /home/orin2/ros2_ws/install/go2_interfaces/include/go2_interfaces/go2_interfaces/msg/detail/go2_move__rosidl_typesupport_fastrtps_c.h
[1.446s] -- Up-to-date: /home/orin2/ros2_ws/install/go2_interfaces/include/go2_interfaces/go2_interfaces/msg/detail/go2_cmd__rosidl_typesupport_fastrtps_c.h
[1.448s] -- Up-to-date: /home/orin2/ros2_ws/install/go2_interfaces/lib/libgo2_interfaces__rosidl_typesupport_fastrtps_c.so
[1.449s] -- Up-to-date: /home/orin2/ros2_ws/install/go2_interfaces/include/go2_interfaces/go2_interfaces
[1.450s] -- Up-to-date: /home/orin2/ros2_ws/install/go2_interfaces/include/go2_interfaces/go2_interfaces/msg
[1.450s] -- Up-to-date: /home/orin2/ros2_ws/install/go2_interfaces/include/go2_interfaces/go2_interfaces/msg/go2_move.hpp
[1.451s] -- Up-to-date: /home/orin2/ros2_ws/install/go2_interfaces/include/go2_interfaces/go2_interfaces/msg/go2_state.hpp
[1.451s] -- Up-to-date: /home/orin2/ros2_ws/install/go2_interfaces/include/go2_interfaces/go2_interfaces/msg/go2_cmd.hpp
[1.452s] -- Up-to-date: /home/orin2/ros2_ws/install/go2_interfaces/include/go2_interfaces/go2_interfaces/msg/imu.hpp
[1.452s] -- Up-to-date: /home/orin2/ros2_ws/install/go2_interfaces/include/go2_interfaces/go2_interfaces/msg/detail
[1.453s] -- Up-to-date: /home/orin2/ros2_ws/install/go2_interfaces/include/go2_interfaces/go2_interfaces/msg/detail/go2_move__traits.hpp
[1.453s] -- Up-to-date: /home/orin2/ros2_ws/install/go2_interfaces/include/go2_interfaces/go2_interfaces/msg/detail/imu__builder.hpp
[1.453s] -- Up-to-date: /home/orin2/ros2_ws/install/go2_interfaces/include/go2_interfaces/go2_interfaces/msg/detail/imu__type_support.hpp
[1.453s] -- Up-to-date: /home/orin2/ros2_ws/install/go2_interfaces/include/go2_interfaces/go2_interfaces/msg/detail/go2_cmd__type_support.hpp
[1.453s] -- Up-to-date: /home/orin2/ros2_ws/install/go2_interfaces/include/go2_interfaces/go2_interfaces/msg/detail/go2_move__builder.hpp
[1.453s] -- Up-to-date: /home/orin2/ros2_ws/install/go2_interfaces/include/go2_interfaces/go2_interfaces/msg/detail/go2_state__builder.hpp
[1.454s] -- Up-to-date: /home/orin2/ros2_ws/install/go2_interfaces/include/go2_interfaces/go2_interfaces/msg/detail/go2_rpy_cmd__struct.hpp
[1.464s] -- Up-to-date: /home/orin2/ros2_ws/install/go2_interfaces/include/go2_interfaces/go2_interfaces/msg/detail/go2_rpy_cmd__builder.hpp
[1.465s] -- Up-to-date: /home/orin2/ros2_ws/install/go2_interfaces/include/go2_interfaces/go2_interfaces/msg/detail/go2_move__type_support.hpp
[1.465s] -- Up-to-date: /home/orin2/ros2_ws/install/go2_interfaces/include/go2_interfaces/go2_interfaces/msg/detail/go2_cmd__traits.hpp
[1.466s] -- Up-to-date: /home/orin2/ros2_ws/install/go2_interfaces/include/go2_interfaces/go2_interfaces/msg/detail/go2_move__struct.hpp
[1.466s] -- Up-to-date: /home/orin2/ros2_ws/install/go2_interfaces/include/go2_interfaces/go2_interfaces/msg/detail/imu__struct.hpp
[1.466s] -- Up-to-date: /home/orin2/ros2_ws/install/go2_interfaces/include/go2_interfaces/go2_interfaces/msg/detail/imu__traits.hpp
[1.466s] -- Up-to-date: /home/orin2/ros2_ws/install/go2_interfaces/include/go2_interfaces/go2_interfaces/msg/detail/go2_cmd__builder.hpp
[1.467s] -- Up-to-date: /home/orin2/ros2_ws/install/go2_interfaces/include/go2_interfaces/go2_interfaces/msg/detail/go2_rpy_cmd__type_support.hpp
[1.467s] -- Up-to-date: /home/orin2/ros2_ws/install/go2_interfaces/include/go2_interfaces/go2_interfaces/msg/detail/go2_state__struct.hpp
[1.467s] -- Up-to-date: /home/orin2/ros2_ws/install/go2_interfaces/include/go2_interfaces/go2_interfaces/msg/detail/go2_cmd__struct.hpp
[1.468s] -- Up-to-date: /home/orin2/ros2_ws/install/go2_interfaces/include/go2_interfaces/go2_interfaces/msg/detail/go2_state__traits.hpp
[1.468s] -- Up-to-date: /home/orin2/ros2_ws/install/go2_interfaces/include/go2_interfaces/go2_interfaces/msg/detail/go2_rpy_cmd__traits.hpp
[1.469s] -- Up-to-date: /home/orin2/ros2_ws/install/go2_interfaces/include/go2_interfaces/go2_interfaces/msg/detail/go2_state__type_support.hpp
[1.469s] -- Up-to-date: /home/orin2/ros2_ws/install/go2_interfaces/include/go2_interfaces/go2_interfaces/msg/rosidl_generator_cpp__visibility_control.hpp
[1.469s] -- Up-to-date: /home/orin2/ros2_ws/install/go2_interfaces/include/go2_interfaces/go2_interfaces/msg/go2_rpy_cmd.hpp
[1.469s] -- Up-to-date: /home/orin2/ros2_ws/install/go2_interfaces/include/go2_interfaces/go2_interfaces
[1.469s] -- Up-to-date: /home/orin2/ros2_ws/install/go2_interfaces/include/go2_interfaces/go2_interfaces/msg
[1.470s] -- Up-to-date: /home/orin2/ros2_ws/install/go2_interfaces/include/go2_interfaces/go2_interfaces/msg/rosidl_typesupport_fastrtps_cpp__visibility_control.h
[1.470s] -- Up-to-date: /home/orin2/ros2_ws/install/go2_interfaces/include/go2_interfaces/go2_interfaces/msg/detail
[1.478s] -- Up-to-date: /home/orin2/ros2_ws/install/go2_interfaces/include/go2_interfaces/go2_interfaces/msg/detail/go2_state__rosidl_typesupport_fastrtps_cpp.hpp
[1.478s] -- Up-to-date: /home/orin2/ros2_ws/install/go2_interfaces/include/go2_interfaces/go2_interfaces/msg/detail/imu__rosidl_typesupport_fastrtps_cpp.hpp
[1.483s] -- Up-to-date: /home/orin2/ros2_ws/install/go2_interfaces/include/go2_interfaces/go2_interfaces/msg/detail/go2_rpy_cmd__rosidl_typesupport_fastrtps_cpp.hpp
[1.485s] -- Up-to-date: /home/orin2/ros2_ws/install/go2_interfaces/include/go2_interfaces/go2_interfaces/msg/detail/dds_fastrtps
[1.485s] -- Up-to-date: /home/orin2/ros2_ws/install/go2_interfaces/include/go2_interfaces/go2_interfaces/msg/detail/go2_cmd__rosidl_typesupport_fastrtps_cpp.hpp
[1.485s] -- Up-to-date: /home/orin2/ros2_ws/install/go2_interfaces/include/go2_interfaces/go2_interfaces/msg/detail/go2_move__rosidl_typesupport_fastrtps_cpp.hpp
[1.486s] -- Up-to-date: /home/orin2/ros2_ws/install/go2_interfaces/lib/libgo2_interfaces__rosidl_typesupport_fastrtps_cpp.so
[1.516s] -- Up-to-date: /home/orin2/ros2_ws/install/go2_interfaces/include/go2_interfaces/go2_interfaces
[1.518s] -- Up-to-date: /home/orin2/ros2_ws/install/go2_interfaces/include/go2_interfaces/go2_interfaces/msg
[1.518s] -- Up-to-date: /home/orin2/ros2_ws/install/go2_interfaces/include/go2_interfaces/go2_interfaces/msg/detail
[1.519s] -- Up-to-date: /home/orin2/ros2_ws/install/go2_interfaces/include/go2_interfaces/go2_interfaces/msg/detail/go2_move__rosidl_typesupport_introspection_c.h
[1.519s] -- Up-to-date: /home/orin2/ros2_ws/install/go2_interfaces/include/go2_interfaces/go2_interfaces/msg/detail/go2_move__type_support.c
[1.519s] -- Up-to-date: /home/orin2/ros2_ws/install/go2_interfaces/include/go2_interfaces/go2_interfaces/msg/detail/go2_rpy_cmd__rosidl_typesupport_introspection_c.h
[1.520s] -- Up-to-date: /home/orin2/ros2_ws/install/go2_interfaces/include/go2_interfaces/go2_interfaces/msg/detail/go2_cmd__type_support.c
[1.520s] -- Up-to-date: /home/orin2/ros2_ws/install/go2_interfaces/include/go2_interfaces/go2_interfaces/msg/detail/imu__type_support.c
[1.520s] -- Up-to-date: /home/orin2/ros2_ws/install/go2_interfaces/include/go2_interfaces/go2_interfaces/msg/detail/go2_rpy_cmd__type_support.c
[1.520s] -- Up-to-date: /home/orin2/ros2_ws/install/go2_interfaces/include/go2_interfaces/go2_interfaces/msg/detail/go2_state__type_support.c
[1.521s] -- Up-to-date: /home/orin2/ros2_ws/install/go2_interfaces/include/go2_interfaces/go2_interfaces/msg/detail/go2_cmd__rosidl_typesupport_introspection_c.h
[1.521s] -- Up-to-date: /home/orin2/ros2_ws/install/go2_interfaces/include/go2_interfaces/go2_interfaces/msg/detail/go2_state__rosidl_typesupport_introspection_c.h
[1.521s] -- Up-to-date: /home/orin2/ros2_ws/install/go2_interfaces/include/go2_interfaces/go2_interfaces/msg/detail/imu__rosidl_typesupport_introspection_c.h
[1.521s] -- Up-to-date: /home/orin2/ros2_ws/install/go2_interfaces/include/go2_interfaces/go2_interfaces/msg/rosidl_typesupport_introspection_c__visibility_control.h
[1.540s] -- Up-to-date: /home/orin2/ros2_ws/install/go2_interfaces/lib/libgo2_interfaces__rosidl_typesupport_introspection_c.so
[1.552s] -- Up-to-date: /home/orin2/ros2_ws/install/go2_interfaces/lib/libgo2_interfaces__rosidl_typesupport_c.so
[1.557s] -- Up-to-date: /home/orin2/ros2_ws/install/go2_interfaces/include/go2_interfaces/go2_interfaces
[1.558s] -- Up-to-date: /home/orin2/ros2_ws/install/go2_interfaces/include/go2_interfaces/go2_interfaces/msg
[1.558s] -- Up-to-date: /home/orin2/ros2_ws/install/go2_interfaces/include/go2_interfaces/go2_interfaces/msg/detail
[1.559s] -- Up-to-date: /home/orin2/ros2_ws/install/go2_interfaces/include/go2_interfaces/go2_interfaces/msg/detail/go2_rpy_cmd__rosidl_typesupport_introspection_cpp.hpp
[1.560s] -- Up-to-date: /home/orin2/ros2_ws/install/go2_interfaces/include/go2_interfaces/go2_interfaces/msg/detail/go2_move__rosidl_typesupport_introspection_cpp.hpp
[1.560s] -- Up-to-date: /home/orin2/ros2_ws/install/go2_interfaces/include/go2_interfaces/go2_interfaces/msg/detail/go2_cmd__type_support.cpp
[1.561s] -- Up-to-date: /home/orin2/ros2_ws/install/go2_interfaces/include/go2_interfaces/go2_interfaces/msg/detail/go2_state__type_support.cpp
[1.561s] -- Up-to-date: /home/orin2/ros2_ws/install/go2_interfaces/include/go2_interfaces/go2_interfaces/msg/detail/go2_rpy_cmd__type_support.cpp
[1.562s] -- Up-to-date: /home/orin2/ros2_ws/install/go2_interfaces/include/go2_interfaces/go2_interfaces/msg/detail/go2_cmd__rosidl_typesupport_introspection_cpp.hpp
[1.575s] -- Up-to-date: /home/orin2/ros2_ws/install/go2_interfaces/include/go2_interfaces/go2_interfaces/msg/detail/imu__rosidl_typesupport_introspection_cpp.hpp
[1.575s] -- Up-to-date: /home/orin2/ros2_ws/install/go2_interfaces/include/go2_interfaces/go2_interfaces/msg/detail/go2_state__rosidl_typesupport_introspection_cpp.hpp
[1.575s] -- Up-to-date: /home/orin2/ros2_ws/install/go2_interfaces/include/go2_interfaces/go2_interfaces/msg/detail/go2_move__type_support.cpp
[1.575s] -- Up-to-date: /home/orin2/ros2_ws/install/go2_interfaces/include/go2_interfaces/go2_interfaces/msg/detail/imu__type_support.cpp
[1.576s] -- Up-to-date: /home/orin2/ros2_ws/install/go2_interfaces/lib/libgo2_interfaces__rosidl_typesupport_introspection_cpp.so
[1.576s] -- Up-to-date: /home/orin2/ros2_ws/install/go2_interfaces/lib/libgo2_interfaces__rosidl_typesupport_cpp.so
[1.576s] -- Up-to-date: /home/orin2/ros2_ws/install/go2_interfaces/share/go2_interfaces/environment/pythonpath.sh
[1.577s] -- Up-to-date: /home/orin2/ros2_ws/install/go2_interfaces/share/go2_interfaces/environment/pythonpath.dsv
[1.577s] -- Up-to-date: /home/orin2/ros2_ws/install/go2_interfaces/local/lib/python3.10/dist-packages/go2_interfaces-0.0.0-py3.10.egg-info
[1.577s] -- Installing: /home/orin2/ros2_ws/install/go2_interfaces/local/lib/python3.10/dist-packages/go2_interfaces-0.0.0-py3.10.egg-info/dependency_links.txt
[1.578s] -- Installing: /home/orin2/ros2_ws/install/go2_interfaces/local/lib/python3.10/dist-packages/go2_interfaces-0.0.0-py3.10.egg-info/SOURCES.txt
[1.579s] -- Installing: /home/orin2/ros2_ws/install/go2_interfaces/local/lib/python3.10/dist-packages/go2_interfaces-0.0.0-py3.10.egg-info/PKG-INFO
[1.579s] -- Installing: /home/orin2/ros2_ws/install/go2_interfaces/local/lib/python3.10/dist-packages/go2_interfaces-0.0.0-py3.10.egg-info/top_level.txt
[1.579s] -- Up-to-date: /home/orin2/ros2_ws/install/go2_interfaces/local/lib/python3.10/dist-packages/go2_interfaces
[1.579s] -- Up-to-date: /home/orin2/ros2_ws/install/go2_interfaces/local/lib/python3.10/dist-packages/go2_interfaces/libgo2_interfaces__rosidl_generator_py.so
[1.580s] -- Up-to-date: /home/orin2/ros2_ws/install/go2_interfaces/local/lib/python3.10/dist-packages/go2_interfaces/_go2_interfaces_s.ep.rosidl_typesupport_fastrtps_c.c
[1.580s] -- Up-to-date: /home/orin2/ros2_ws/install/go2_interfaces/local/lib/python3.10/dist-packages/go2_interfaces/_go2_interfaces_s.ep.rosidl_typesupport_c.c
[1.580s] -- Up-to-date: /home/orin2/ros2_ws/install/go2_interfaces/local/lib/python3.10/dist-packages/go2_interfaces/go2_interfaces_s__rosidl_typesupport_c.cpython-310-aarch64-linux-gnu.so
[1.580s] -- Up-to-date: /home/orin2/ros2_ws/install/go2_interfaces/local/lib/python3.10/dist-packages/go2_interfaces/_go2_interfaces_s.ep.rosidl_typesupport_introspection_c.c
[1.581s] -- Up-to-date: /home/orin2/ros2_ws/install/go2_interfaces/local/lib/python3.10/dist-packages/go2_interfaces/go2_interfaces_s__rosidl_typesupport_fastrtps_c.cpython-310-aarch64-linux-gnu.so
[1.581s] -- Up-to-date: /home/orin2/ros2_ws/install/go2_interfaces/local/lib/python3.10/dist-packages/go2_interfaces/go2_interfaces_s__rosidl_typesupport_introspection_c.cpython-310-aarch64-linux-gnu.so
[1.581s] -- Up-to-date: /home/orin2/ros2_ws/install/go2_interfaces/local/lib/python3.10/dist-packages/go2_interfaces/msg
[1.581s] -- Up-to-date: /home/orin2/ros2_ws/install/go2_interfaces/local/lib/python3.10/dist-packages/go2_interfaces/msg/_go2_move.py
[1.582s] -- Up-to-date: /home/orin2/ros2_ws/install/go2_interfaces/local/lib/python3.10/dist-packages/go2_interfaces/msg/_go2_rpy_cmd_s.c
[1.582s] -- Up-to-date: /home/orin2/ros2_ws/install/go2_interfaces/local/lib/python3.10/dist-packages/go2_interfaces/msg/_go2_cmd.py
[1.582s] -- Up-to-date: /home/orin2/ros2_ws/install/go2_interfaces/local/lib/python3.10/dist-packages/go2_interfaces/msg/_go2_state_s.c
[1.582s] -- Up-to-date: /home/orin2/ros2_ws/install/go2_interfaces/local/lib/python3.10/dist-packages/go2_interfaces/msg/_go2_cmd_s.c
[1.582s] -- Up-to-date: /home/orin2/ros2_ws/install/go2_interfaces/local/lib/python3.10/dist-packages/go2_interfaces/msg/_imu.py
[1.583s] -- Up-to-date: /home/orin2/ros2_ws/install/go2_interfaces/local/lib/python3.10/dist-packages/go2_interfaces/msg/_go2_state.py
[1.583s] -- Up-to-date: /home/orin2/ros2_ws/install/go2_interfaces/local/lib/python3.10/dist-packages/go2_interfaces/msg/_go2_rpy_cmd.py
[1.583s] -- Up-to-date: /home/orin2/ros2_ws/install/go2_interfaces/local/lib/python3.10/dist-packages/go2_interfaces/msg/__init__.py
[1.583s] -- Up-to-date: /home/orin2/ros2_ws/install/go2_interfaces/local/lib/python3.10/dist-packages/go2_interfaces/msg/_imu_s.c
[1.583s] -- Up-to-date: /home/orin2/ros2_ws/install/go2_interfaces/local/lib/python3.10/dist-packages/go2_interfaces/msg/_go2_move_s.c
[1.583s] -- Up-to-date: /home/orin2/ros2_ws/install/go2_interfaces/local/lib/python3.10/dist-packages/go2_interfaces/__init__.py
[1.713s] Listing '/home/orin2/ros2_ws/install/go2_interfaces/local/lib/python3.10/dist-packages/go2_interfaces'...
[1.713s] Listing '/home/orin2/ros2_ws/install/go2_interfaces/local/lib/python3.10/dist-packages/go2_interfaces/msg'...
[1.713s] -- Up-to-date: /home/orin2/ros2_ws/install/go2_interfaces/local/lib/python3.10/dist-packages/go2_interfaces/go2_interfaces_s__rosidl_typesupport_fastrtps_c.cpython-310-aarch64-linux-gnu.so
[1.714s] -- Up-to-date: /home/orin2/ros2_ws/install/go2_interfaces/local/lib/python3.10/dist-packages/go2_interfaces/go2_interfaces_s__rosidl_typesupport_introspection_c.cpython-310-aarch64-linux-gnu.so
[1.714s] -- Up-to-date: /home/orin2/ros2_ws/install/go2_interfaces/local/lib/python3.10/dist-packages/go2_interfaces/go2_interfaces_s__rosidl_typesupport_c.cpython-310-aarch64-linux-gnu.so
[1.714s] -- Up-to-date: /home/orin2/ros2_ws/install/go2_interfaces/lib/libgo2_interfaces__rosidl_generator_py.so
[1.714s] -- Up-to-date: /home/orin2/ros2_ws/install/go2_interfaces/share/go2_interfaces/msg/Go2Cmd.idl
[1.714s] -- Up-to-date: /home/orin2/ros2_ws/install/go2_interfaces/share/go2_interfaces/msg/Go2State.idl
[1.714s] -- Up-to-date: /home/orin2/ros2_ws/install/go2_interfaces/share/go2_interfaces/msg/Go2Move.idl
[1.714s] -- Up-to-date: /home/orin2/ros2_ws/install/go2_interfaces/share/go2_interfaces/msg/Go2RpyCmd.idl
[1.714s] -- Up-to-date: /home/orin2/ros2_ws/install/go2_interfaces/share/go2_interfaces/msg/IMU.idl
[1.715s] -- Up-to-date: /home/orin2/ros2_ws/install/go2_interfaces/share/go2_interfaces/msg/Go2Cmd.msg
[1.715s] -- Up-to-date: /home/orin2/ros2_ws/install/go2_interfaces/share/go2_interfaces/msg/Go2State.msg
[1.715s] -- Up-to-date: /home/orin2/ros2_ws/install/go2_interfaces/share/go2_interfaces/msg/Go2Move.msg
[1.715s] -- Up-to-date: /home/orin2/ros2_ws/install/go2_interfaces/share/go2_interfaces/msg/Go2RpyCmd.msg
[1.715s] -- Up-to-date: /home/orin2/ros2_ws/install/go2_interfaces/share/go2_interfaces/msg/IMU.msg
[1.715s] -- Up-to-date: /home/orin2/ros2_ws/install/go2_interfaces/share/ament_index/resource_index/package_run_dependencies/go2_interfaces
[1.720s] -- Up-to-date: /home/orin2/ros2_ws/install/go2_interfaces/share/ament_index/resource_index/parent_prefix_path/go2_interfaces
[1.724s] -- Up-to-date: /home/orin2/ros2_ws/install/go2_interfaces/share/go2_interfaces/environment/ament_prefix_path.sh
[1.724s] -- Up-to-date: /home/orin2/ros2_ws/install/go2_interfaces/share/go2_interfaces/environment/ament_prefix_path.dsv
[1.724s] -- Up-to-date: /home/orin2/ros2_ws/install/go2_interfaces/share/go2_interfaces/environment/path.sh
[1.724s] -- Up-to-date: /home/orin2/ros2_ws/install/go2_interfaces/share/go2_interfaces/environment/path.dsv
[1.725s] -- Up-to-date: /home/orin2/ros2_ws/install/go2_interfaces/share/go2_interfaces/local_setup.bash
[1.725s] -- Up-to-date: /home/orin2/ros2_ws/install/go2_interfaces/share/go2_interfaces/local_setup.sh
[1.725s] -- Up-to-date: /home/orin2/ros2_ws/install/go2_interfaces/share/go2_interfaces/local_setup.zsh
[1.725s] -- Up-to-date: /home/orin2/ros2_ws/install/go2_interfaces/share/go2_interfaces/local_setup.dsv
[1.725s] -- Installing: /home/orin2/ros2_ws/install/go2_interfaces/share/go2_interfaces/package.dsv
[1.726s] -- Up-to-date: /home/orin2/ros2_ws/install/go2_interfaces/share/ament_index/resource_index/packages/go2_interfaces
[1.726s] -- Up-to-date: /home/orin2/ros2_ws/install/go2_interfaces/share/go2_interfaces/cmake/export_go2_interfaces__rosidl_generator_cExport.cmake
[1.726s] -- Up-to-date: /home/orin2/ros2_ws/install/go2_interfaces/share/go2_interfaces/cmake/export_go2_interfaces__rosidl_generator_cExport-noconfig.cmake
[1.726s] -- Up-to-date: /home/orin2/ros2_ws/install/go2_interfaces/share/go2_interfaces/cmake/export_go2_interfaces__rosidl_typesupport_fastrtps_cExport.cmake
[1.726s] -- Up-to-date: /home/orin2/ros2_ws/install/go2_interfaces/share/go2_interfaces/cmake/export_go2_interfaces__rosidl_typesupport_fastrtps_cExport-noconfig.cmake
[1.726s] -- Up-to-date: /home/orin2/ros2_ws/install/go2_interfaces/share/go2_interfaces/cmake/export_go2_interfaces__rosidl_generator_cppExport.cmake
[1.726s] -- Up-to-date: /home/orin2/ros2_ws/install/go2_interfaces/share/go2_interfaces/cmake/export_go2_interfaces__rosidl_typesupport_fastrtps_cppExport.cmake
[1.726s] -- Up-to-date: /home/orin2/ros2_ws/install/go2_interfaces/share/go2_interfaces/cmake/export_go2_interfaces__rosidl_typesupport_fastrtps_cppExport-noconfig.cmake
[1.727s] -- Up-to-date: /home/orin2/ros2_ws/install/go2_interfaces/share/go2_interfaces/cmake/go2_interfaces__rosidl_typesupport_introspection_cExport.cmake
[1.727s] -- Up-to-date: /home/orin2/ros2_ws/install/go2_interfaces/share/go2_interfaces/cmake/go2_interfaces__rosidl_typesupport_introspection_cExport-noconfig.cmake
[1.727s] -- Up-to-date: /home/orin2/ros2_ws/install/go2_interfaces/share/go2_interfaces/cmake/go2_interfaces__rosidl_typesupport_cExport.cmake
[1.727s] -- Up-to-date: /home/orin2/ros2_ws/install/go2_interfaces/share/go2_interfaces/cmake/go2_interfaces__rosidl_typesupport_cExport-noconfig.cmake
[1.727s] -- Up-to-date: /home/orin2/ros2_ws/install/go2_interfaces/share/go2_interfaces/cmake/go2_interfaces__rosidl_typesupport_introspection_cppExport.cmake
[1.728s] -- Up-to-date: /home/orin2/ros2_ws/install/go2_interfaces/share/go2_interfaces/cmake/go2_interfaces__rosidl_typesupport_introspection_cppExport-noconfig.cmake
[1.732s] -- Up-to-date: /home/orin2/ros2_ws/install/go2_interfaces/share/go2_interfaces/cmake/go2_interfaces__rosidl_typesupport_cppExport.cmake
[1.733s] -- Up-to-date: /home/orin2/ros2_ws/install/go2_interfaces/share/go2_interfaces/cmake/go2_interfaces__rosidl_typesupport_cppExport-noconfig.cmake
[1.733s] -- Up-to-date: /home/orin2/ros2_ws/install/go2_interfaces/share/go2_interfaces/cmake/export_go2_interfaces__rosidl_generator_pyExport.cmake
[1.735s] -- Up-to-date: /home/orin2/ros2_ws/install/go2_interfaces/share/go2_interfaces/cmake/export_go2_interfaces__rosidl_generator_pyExport-noconfig.cmake
[1.735s] -- Up-to-date: /home/orin2/ros2_ws/install/go2_interfaces/share/go2_interfaces/cmake/rosidl_cmake-extras.cmake
[1.735s] -- Up-to-date: /home/orin2/ros2_ws/install/go2_interfaces/share/go2_interfaces/cmake/ament_cmake_export_dependencies-extras.cmake
[1.735s] -- Up-to-date: /home/orin2/ros2_ws/install/go2_interfaces/share/go2_interfaces/cmake/ament_cmake_export_include_directories-extras.cmake
[1.736s] -- Up-to-date: /home/orin2/ros2_ws/install/go2_interfaces/share/go2_interfaces/cmake/ament_cmake_export_libraries-extras.cmake
[1.736s] -- Up-to-date: /home/orin2/ros2_ws/install/go2_interfaces/share/go2_interfaces/cmake/ament_cmake_export_targets-extras.cmake
[1.736s] -- Up-to-date: /home/orin2/ros2_ws/install/go2_interfaces/share/go2_interfaces/cmake/rosidl_cmake_export_typesupport_targets-extras.cmake
[1.736s] -- Up-to-date: /home/orin2/ros2_ws/install/go2_interfaces/share/go2_interfaces/cmake/rosidl_cmake_export_typesupport_libraries-extras.cmake
[1.736s] -- Up-to-date: /home/orin2/ros2_ws/install/go2_interfaces/share/go2_interfaces/cmake/go2_interfacesConfig.cmake
[1.736s] -- Up-to-date: /home/orin2/ros2_ws/install/go2_interfaces/share/go2_interfaces/cmake/go2_interfacesConfig-version.cmake
[1.736s] -- Up-to-date: /home/orin2/ros2_ws/install/go2_interfaces/share/go2_interfaces/package.xml
[1.737s] Invoked command in '/home/orin2/ros2_ws/build/go2_interfaces' returned '0': CMAKE_PREFIX_PATH=/opt/ros/humble /usr/bin/cmake --install /home/orin2/ros2_ws/build/go2_interfaces
