-- The C compiler identification is GNU 11.4.0
-- The CXX compiler identification is GNU 11.4.0
-- Detecting C compiler ABI info
-- Detecting C compiler ABI info - done
-- Check for working C compiler: /usr/bin/cc - skipped
-- Detecting C compile features
-- Detecting C compile features - done
-- Detecting CXX compiler ABI info
-- Detecting CXX compiler ABI info - done
-- Check for working CXX compiler: /usr/bin/c++ - skipped
-- Detecting CXX compile features
-- Detecting CXX compile features - done
-- Found ament_cmake_auto: 1.3.11 (/opt/ros/humble/share/ament_cmake_auto/cmake)
-- Found Python3: /usr/bin/python3 (found version "3.10.13") found components: Interpreter 
-- Found rosidl_generator_c: 3.1.6 (/opt/ros/humble/share/rosidl_generator_c/cmake)
-- Found rosidl_adapter: 3.1.6 (/opt/ros/humble/share/rosidl_adapter/cmake)
-- Found rosidl_generator_cpp: 3.1.6 (/opt/ros/humble/share/rosidl_generator_cpp/cmake)
-- Using all available rosidl_typesupport_c: rosidl_typesupport_fastrtps_c;rosidl_typesupport_introspection_c
-- Using all available rosidl_typesupport_cpp: rosidl_typesupport_fastrtps_cpp;rosidl_typesupport_introspection_cpp
-- Found rmw_implementation_cmake: 6.1.2 (/opt/ros/humble/share/rmw_implementation_cmake/cmake)
-- Found rmw_fastrtps_cpp: 6.2.7 (/opt/ros/humble/share/rmw_fastrtps_cpp/cmake)
-- Found OpenSSL: /usr/lib/aarch64-linux-gnu/libcrypto.so (found version "3.0.2")  
-- Found FastRTPS: /opt/ros/humble/include  
-- Using RMW implementation 'rmw_fastrtps_cpp' as default
-- Looking for pthread.h
-- Looking for pthread.h - found
-- Performing Test CMAKE_HAVE_LIBC_PTHREAD
-- Performing Test CMAKE_HAVE_LIBC_PTHREAD - Success
-- Found Threads: TRUE  
-- Found OpenCV: /usr (found version "4.8.0") 
-- Found Boost: /usr/local/lib/cmake/Boost-1.71.0/BoostConfig.cmake (found version "1.71.0")  
-- Configuring done
-- Generating done
-- Build files have been written to: /home/orin2/ros2_ws/build/ros2_bag_to_image
[ 12%] [32mBuilding CXX object CMakeFiles/topic_to_image.dir/src/topic_to_image.cpp.o[0m
[ 25%] [32mBuilding CXX object CMakeFiles/bag_to_image_node.dir/rclcpp_components/node_main_bag_to_image_node.cpp.o[0m
[ 37%] [32mBuilding CXX object CMakeFiles/topic_to_image_node.dir/rclcpp_components/node_main_topic_to_image_node.cpp.o[0m
[ 50%] [32m[1mLinking CXX executable bag_to_image_node[0m
[ 62%] [32m[1mLinking CXX executable topic_to_image_node[0m
[ 62%] Built target bag_to_image_node
[ 62%] Built target topic_to_image_node
[ 75%] [32m[1mLinking CXX shared library libtopic_to_image.so[0m
[ 75%] Built target topic_to_image
[ 87%] [32mBuilding CXX object CMakeFiles/bag_to_image.dir/src/bag_to_image.cpp.o[0m
In file included from [01m[K/opt/ros/humble/include/rclcpp/rclcpp/client.hpp:40[m[K,
                 from [01m[K/opt/ros/humble/include/rclcpp/rclcpp/callback_group.hpp:24[m[K,
                 from [01m[K/opt/ros/humble/include/rclcpp/rclcpp/any_executable.hpp:20[m[K,
                 from [01m[K/opt/ros/humble/include/rclcpp/rclcpp/memory_strategy.hpp:25[m[K,
                 from [01m[K/opt/ros/humble/include/rclcpp/rclcpp/memory_strategies.hpp:18[m[K,
                 from [01m[K/opt/ros/humble/include/rclcpp/rclcpp/executor_options.hpp:20[m[K,
                 from [01m[K/opt/ros/humble/include/rclcpp/rclcpp/executor.hpp:37[m[K,
                 from [01m[K/opt/ros/humble/include/rclcpp/rclcpp/executors/multi_threaded_executor.hpp:25[m[K,
                 from [01m[K/opt/ros/humble/include/rclcpp/rclcpp/executors.hpp:21[m[K,
                 from [01m[K/opt/ros/humble/include/rclcpp/rclcpp/rclcpp.hpp:155[m[K,
                 from [01m[K/home/orin2/ros2_ws/src/ros2_bag_to_image/include/bag_to_image/bag_to_image.hpp:37[m[K,
                 from [01m[K/home/orin2/ros2_ws/src/ros2_bag_to_image/src/bag_to_image.cpp:29[m[K:
[01m[K/home/orin2/ros2_ws/src/ros2_bag_to_image/src/bag_to_image.cpp:[m[K In member function ‘[01m[Kvoid BagToImage::ReadBag()[m[K’:
[01m[K/home/orin2/ros2_ws/src/ros2_bag_to_image/src/bag_to_image.cpp:98:37:[m[K [01;31m[Kerror: [m[K‘[01m[Kusing element_type = struct rosbag2_storage::SerializedBagMessage[m[K’ {aka ‘[01m[Kstruct rosbag2_storage::SerializedBagMessage[m[K’} has no member named ‘[01m[Ktimestamp[m[K’; did you mean ‘[01m[Ktime_stamp[m[K’?
   98 |           << " at " << bag_message->[01;31m[Ktimestamp[m[K);
      |                                     [01;31m[K^~~~~~~~~[m[K
gmake[2]: *** [CMakeFiles/bag_to_image.dir/build.make:76: CMakeFiles/bag_to_image.dir/src/bag_to_image.cpp.o] Error 1
gmake[1]: *** [CMakeFiles/Makefile2:195: CMakeFiles/bag_to_image.dir/all] Error 2
gmake: *** [Makefile:146: all] Error 2
