[0.710s] Invoking command in '/home/orin2/ros2_ws/build/ros2_bag_to_image': CMAKE_PREFIX_PATH=/opt/ros/humble /usr/bin/cmake /home/orin2/ros2_ws/src/ros2_bag_to_image -DCMAKE_INSTALL_PREFIX=/home/orin2/ros2_ws/install/ros2_bag_to_image
[0.842s] -- The C compiler identification is GNU 11.4.0
[0.956s] -- The CXX compiler identification is GNU 11.4.0
[0.969s] -- Detecting C compiler ABI info
[1.206s] -- Detecting C compiler ABI info - done
[1.207s] -- Check for working C compiler: /usr/bin/cc - skipped
[1.209s] -- Detecting C compile features
[1.213s] -- Detecting C compile features - done
[1.237s] -- Detecting CXX compiler ABI info
[1.311s] -- Detecting CXX compiler ABI info - done
[1.330s] -- Check for working CXX compiler: /usr/bin/c++ - skipped
[1.331s] -- Detecting CXX compile features
[1.331s] -- Detecting CXX compile features - done
[1.335s] -- Found ament_cmake_auto: 1.3.11 (/opt/ros/humble/share/ament_cmake_auto/cmake)
[1.717s] -- Found Python3: /usr/bin/python3 (found version "3.10.13") found components: Interpreter 
[2.122s] -- Found rosidl_generator_c: 3.1.6 (/opt/ros/humble/share/rosidl_generator_c/cmake)
[2.130s] -- Found rosidl_adapter: 3.1.6 (/opt/ros/humble/share/rosidl_adapter/cmake)
[2.144s] -- Found rosidl_generator_cpp: 3.1.6 (/opt/ros/humble/share/rosidl_generator_cpp/cmake)
[2.164s] -- Using all available rosidl_typesupport_c: rosidl_typesupport_fastrtps_c;rosidl_typesupport_introspection_c
[2.192s] -- Using all available rosidl_typesupport_cpp: rosidl_typesupport_fastrtps_cpp;rosidl_typesupport_introspection_cpp
[2.267s] -- Found rmw_implementation_cmake: 6.1.2 (/opt/ros/humble/share/rmw_implementation_cmake/cmake)
[2.271s] -- Found rmw_fastrtps_cpp: 6.2.7 (/opt/ros/humble/share/rmw_fastrtps_cpp/cmake)
[2.441s] -- Found OpenSSL: /usr/lib/aarch64-linux-gnu/libcrypto.so (found version "3.0.2")  
[2.497s] -- Found FastRTPS: /opt/ros/humble/include  
[2.586s] -- Using RMW implementation 'rmw_fastrtps_cpp' as default
[2.609s] -- Looking for pthread.h
[2.761s] -- Looking for pthread.h - found
[2.761s] -- Performing Test CMAKE_HAVE_LIBC_PTHREAD
[2.914s] -- Performing Test CMAKE_HAVE_LIBC_PTHREAD - Success
[2.916s] -- Found Threads: TRUE  
[3.256s] -- Found OpenCV: /usr (found version "4.8.0") 
[3.268s] -- Found Boost: /usr/local/lib/cmake/Boost-1.71.0/BoostConfig.cmake (found version "1.71.0")  
[3.290s] -- Configuring done
[3.331s] -- Generating done
[3.347s] -- Build files have been written to: /home/orin2/ros2_ws/build/ros2_bag_to_image
[3.377s] Invoked command in '/home/orin2/ros2_ws/build/ros2_bag_to_image' returned '0': CMAKE_PREFIX_PATH=/opt/ros/humble /usr/bin/cmake /home/orin2/ros2_ws/src/ros2_bag_to_image -DCMAKE_INSTALL_PREFIX=/home/orin2/ros2_ws/install/ros2_bag_to_image
[3.380s] Invoking command in '/home/orin2/ros2_ws/build/ros2_bag_to_image': CMAKE_PREFIX_PATH=/opt/ros/humble /usr/bin/cmake --build /home/orin2/ros2_ws/build/ros2_bag_to_image -- -j8 -l8
[3.485s] [ 12%] [32mBuilding CXX object CMakeFiles/topic_to_image.dir/src/topic_to_image.cpp.o[0m
[3.486s] [ 25%] [32mBuilding CXX object CMakeFiles/bag_to_image_node.dir/rclcpp_components/node_main_bag_to_image_node.cpp.o[0m
[3.486s] [ 37%] [32mBuilding CXX object CMakeFiles/topic_to_image_node.dir/rclcpp_components/node_main_topic_to_image_node.cpp.o[0m
[10.322s] [ 50%] [32m[1mLinking CXX executable bag_to_image_node[0m
[10.384s] [ 62%] [32m[1mLinking CXX executable topic_to_image_node[0m
[10.581s] [ 62%] Built target bag_to_image_node
[10.640s] [ 62%] Built target topic_to_image_node
[15.634s] [ 75%] [32m[1mLinking CXX shared library libtopic_to_image.so[0m
[15.905s] [ 75%] Built target topic_to_image
[15.950s] [ 87%] [32mBuilding CXX object CMakeFiles/bag_to_image.dir/src/bag_to_image.cpp.o[0m
[25.769s] In file included from [01m[K/opt/ros/humble/include/rclcpp/rclcpp/client.hpp:40[m[K,
[25.770s]                  from [01m[K/opt/ros/humble/include/rclcpp/rclcpp/callback_group.hpp:24[m[K,
[25.770s]                  from [01m[K/opt/ros/humble/include/rclcpp/rclcpp/any_executable.hpp:20[m[K,
[25.770s]                  from [01m[K/opt/ros/humble/include/rclcpp/rclcpp/memory_strategy.hpp:25[m[K,
[25.771s]                  from [01m[K/opt/ros/humble/include/rclcpp/rclcpp/memory_strategies.hpp:18[m[K,
[25.771s]                  from [01m[K/opt/ros/humble/include/rclcpp/rclcpp/executor_options.hpp:20[m[K,
[25.771s]                  from [01m[K/opt/ros/humble/include/rclcpp/rclcpp/executor.hpp:37[m[K,
[25.772s]                  from [01m[K/opt/ros/humble/include/rclcpp/rclcpp/executors/multi_threaded_executor.hpp:25[m[K,
[25.772s]                  from [01m[K/opt/ros/humble/include/rclcpp/rclcpp/executors.hpp:21[m[K,
[25.772s]                  from [01m[K/opt/ros/humble/include/rclcpp/rclcpp/rclcpp.hpp:155[m[K,
[25.772s]                  from [01m[K/home/orin2/ros2_ws/src/ros2_bag_to_image/include/bag_to_image/bag_to_image.hpp:37[m[K,
[25.772s]                  from [01m[K/home/orin2/ros2_ws/src/ros2_bag_to_image/src/bag_to_image.cpp:29[m[K:
[25.772s] [01m[K/home/orin2/ros2_ws/src/ros2_bag_to_image/src/bag_to_image.cpp:[m[K In member function ‘[01m[Kvoid BagToImage::ReadBag()[m[K’:
[25.772s] [01m[K/home/orin2/ros2_ws/src/ros2_bag_to_image/src/bag_to_image.cpp:98:37:[m[K [01;31m[Kerror: [m[K‘[01m[Kusing element_type = struct rosbag2_storage::SerializedBagMessage[m[K’ {aka ‘[01m[Kstruct rosbag2_storage::SerializedBagMessage[m[K’} has no member named ‘[01m[Ktimestamp[m[K’; did you mean ‘[01m[Ktime_stamp[m[K’?
[25.772s]    98 |           << " at " << bag_message->[01;31m[Ktimestamp[m[K);
[25.773s]       |                                     [01;31m[K^~~~~~~~~[m[K
[29.127s] gmake[2]: *** [CMakeFiles/bag_to_image.dir/build.make:76: CMakeFiles/bag_to_image.dir/src/bag_to_image.cpp.o] Error 1
[29.127s] gmake[1]: *** [CMakeFiles/Makefile2:195: CMakeFiles/bag_to_image.dir/all] Error 2
[29.128s] gmake: *** [Makefile:146: all] Error 2
[29.133s] Invoked command in '/home/orin2/ros2_ws/build/ros2_bag_to_image' returned '2': CMAKE_PREFIX_PATH=/opt/ros/humble /usr/bin/cmake --build /home/orin2/ros2_ws/build/ros2_bag_to_image -- -j8 -l8
