[0.216s] DEBUG:colcon:Command line arguments: ['/usr/bin/colcon', 'build']
[0.217s] DEBUG:colcon:Parsed command line arguments: Namespace(log_base=None, log_level=None, verb_name='build', build_base='build', install_base='install', merge_install=False, symlink_install=False, test_result_base=None, continue_on_error=False, executor='parallel', parallel_workers=8, event_handlers=None, ignore_user_meta=False, metas=['./colcon.meta'], base_paths=['.'], packages_ignore=None, packages_ignore_regex=None, paths=None, packages_up_to=None, packages_up_to_regex=None, packages_above=None, packages_above_and_dependencies=None, packages_above_depth=None, packages_select_by_dep=None, packages_skip_by_dep=None, packages_skip_up_to=None, packages_select_build_failed=False, packages_skip_build_finished=False, packages_select_test_failures=False, packages_skip_test_passed=False, packages_select=None, packages_skip=None, packages_select_regex=None, packages_skip_regex=None, packages_start=None, packages_end=None, allow_overriding=[], cmake_args=None, cmake_target=None, cmake_target_skip_unavailable=False, cmake_clean_cache=False, cmake_clean_first=False, cmake_force_configure=False, ament_cmake_args=None, catkin_cmake_args=None, catkin_skip_building_tests=False, verb_parser=<colcon_defaults.argument_parser.defaults.DefaultArgumentsDecorator object at 0xffffb43bb580>, verb_extension=<colcon_core.verb.build.BuildVerb object at 0xffffb45a5a80>, main=<bound method BuildVerb.main of <colcon_core.verb.build.BuildVerb object at 0xffffb45a5a80>>)
[0.605s] Level 1:colcon.colcon_core.package_discovery:discover_packages(colcon_meta) check parameters
[0.606s] Level 1:colcon.colcon_core.package_discovery:discover_packages(recursive) check parameters
[0.606s] Level 1:colcon.colcon_core.package_discovery:discover_packages(ignore) check parameters
[0.606s] Level 1:colcon.colcon_core.package_discovery:discover_packages(path) check parameters
[0.606s] Level 1:colcon.colcon_core.package_discovery:discover_packages(colcon_meta) discover
[0.606s] Level 1:colcon.colcon_core.package_discovery:discover_packages(recursive) discover
[0.606s] INFO:colcon.colcon_core.package_discovery:Crawling recursively for packages in '/home/orin2/ros2_ws'
[0.606s] Level 1:colcon.colcon_core.package_identification:_identify(.) by extensions ['ignore', 'ignore_ament_install']
[0.607s] Level 1:colcon.colcon_core.package_identification:_identify(.) by extension 'ignore'
[0.607s] Level 1:colcon.colcon_core.package_identification:_identify(.) by extension 'ignore_ament_install'
[0.607s] Level 1:colcon.colcon_core.package_identification:_identify(.) by extensions ['colcon_pkg']
[0.607s] Level 1:colcon.colcon_core.package_identification:_identify(.) by extension 'colcon_pkg'
[0.607s] Level 1:colcon.colcon_core.package_identification:_identify(.) by extensions ['colcon_meta']
[0.607s] Level 1:colcon.colcon_core.package_identification:_identify(.) by extension 'colcon_meta'
[0.607s] Level 1:colcon.colcon_core.package_identification:_identify(.) by extensions ['ros']
[0.607s] Level 1:colcon.colcon_core.package_identification:_identify(.) by extension 'ros'
[0.629s] Level 1:colcon.colcon_core.package_identification:_identify(.) by extensions ['cmake', 'python']
[0.629s] Level 1:colcon.colcon_core.package_identification:_identify(.) by extension 'cmake'
[0.629s] Level 1:colcon.colcon_core.package_identification:_identify(.) by extension 'python'
[0.629s] Level 1:colcon.colcon_core.package_identification:_identify(.) by extensions ['python_setup_py']
[0.629s] Level 1:colcon.colcon_core.package_identification:_identify(.) by extension 'python_setup_py'
[0.630s] Level 1:colcon.colcon_core.package_identification:_identify(build) by extensions ['ignore', 'ignore_ament_install']
[0.630s] Level 1:colcon.colcon_core.package_identification:_identify(build) by extension 'ignore'
[0.630s] Level 1:colcon.colcon_core.package_identification:_identify(build) ignored
[0.630s] Level 1:colcon.colcon_core.package_identification:_identify(install) by extensions ['ignore', 'ignore_ament_install']
[0.630s] Level 1:colcon.colcon_core.package_identification:_identify(install) by extension 'ignore'
[0.630s] Level 1:colcon.colcon_core.package_identification:_identify(install) ignored
[0.631s] Level 1:colcon.colcon_core.package_identification:_identify(log) by extensions ['ignore', 'ignore_ament_install']
[0.631s] Level 1:colcon.colcon_core.package_identification:_identify(log) by extension 'ignore'
[0.631s] Level 1:colcon.colcon_core.package_identification:_identify(log) ignored
[0.631s] Level 1:colcon.colcon_core.package_identification:_identify(src) by extensions ['ignore', 'ignore_ament_install']
[0.631s] Level 1:colcon.colcon_core.package_identification:_identify(src) by extension 'ignore'
[0.631s] Level 1:colcon.colcon_core.package_identification:_identify(src) by extension 'ignore_ament_install'
[0.632s] Level 1:colcon.colcon_core.package_identification:_identify(src) by extensions ['colcon_pkg']
[0.632s] Level 1:colcon.colcon_core.package_identification:_identify(src) by extension 'colcon_pkg'
[0.632s] Level 1:colcon.colcon_core.package_identification:_identify(src) by extensions ['colcon_meta']
[0.632s] Level 1:colcon.colcon_core.package_identification:_identify(src) by extension 'colcon_meta'
[0.632s] Level 1:colcon.colcon_core.package_identification:_identify(src) by extensions ['ros']
[0.632s] Level 1:colcon.colcon_core.package_identification:_identify(src) by extension 'ros'
[0.632s] Level 1:colcon.colcon_core.package_identification:_identify(src) by extensions ['cmake', 'python']
[0.632s] Level 1:colcon.colcon_core.package_identification:_identify(src) by extension 'cmake'
[0.632s] Level 1:colcon.colcon_core.package_identification:_identify(src) by extension 'python'
[0.632s] Level 1:colcon.colcon_core.package_identification:_identify(src) by extensions ['python_setup_py']
[0.632s] Level 1:colcon.colcon_core.package_identification:_identify(src) by extension 'python_setup_py'
[0.633s] Level 1:colcon.colcon_core.package_identification:_identify(src/coco_detector) by extensions ['ignore', 'ignore_ament_install']
[0.633s] Level 1:colcon.colcon_core.package_identification:_identify(src/coco_detector) by extension 'ignore'
[0.633s] Level 1:colcon.colcon_core.package_identification:_identify(src/coco_detector) by extension 'ignore_ament_install'
[0.633s] Level 1:colcon.colcon_core.package_identification:_identify(src/coco_detector) by extensions ['colcon_pkg']
[0.633s] Level 1:colcon.colcon_core.package_identification:_identify(src/coco_detector) by extension 'colcon_pkg'
[0.633s] Level 1:colcon.colcon_core.package_identification:_identify(src/coco_detector) by extensions ['colcon_meta']
[0.633s] Level 1:colcon.colcon_core.package_identification:_identify(src/coco_detector) by extension 'colcon_meta'
[0.633s] Level 1:colcon.colcon_core.package_identification:_identify(src/coco_detector) by extensions ['ros']
[0.634s] Level 1:colcon.colcon_core.package_identification:_identify(src/coco_detector) by extension 'ros'
[0.638s] DEBUG:colcon.colcon_core.package_identification:Package 'src/coco_detector' with type 'ros.ament_python' and name 'coco_detector'
[0.639s] Level 1:colcon.colcon_core.package_identification:_identify(src/doc_images) by extensions ['ignore', 'ignore_ament_install']
[0.639s] Level 1:colcon.colcon_core.package_identification:_identify(src/doc_images) by extension 'ignore'
[0.639s] Level 1:colcon.colcon_core.package_identification:_identify(src/doc_images) by extension 'ignore_ament_install'
[0.640s] Level 1:colcon.colcon_core.package_identification:_identify(src/doc_images) by extensions ['colcon_pkg']
[0.640s] Level 1:colcon.colcon_core.package_identification:_identify(src/doc_images) by extension 'colcon_pkg'
[0.640s] Level 1:colcon.colcon_core.package_identification:_identify(src/doc_images) by extensions ['colcon_meta']
[0.640s] Level 1:colcon.colcon_core.package_identification:_identify(src/doc_images) by extension 'colcon_meta'
[0.640s] Level 1:colcon.colcon_core.package_identification:_identify(src/doc_images) by extensions ['ros']
[0.640s] Level 1:colcon.colcon_core.package_identification:_identify(src/doc_images) by extension 'ros'
[0.640s] Level 1:colcon.colcon_core.package_identification:_identify(src/doc_images) by extensions ['cmake', 'python']
[0.640s] Level 1:colcon.colcon_core.package_identification:_identify(src/doc_images) by extension 'cmake'
[0.640s] Level 1:colcon.colcon_core.package_identification:_identify(src/doc_images) by extension 'python'
[0.640s] Level 1:colcon.colcon_core.package_identification:_identify(src/doc_images) by extensions ['python_setup_py']
[0.640s] Level 1:colcon.colcon_core.package_identification:_identify(src/doc_images) by extension 'python_setup_py'
[0.641s] Level 1:colcon.colcon_core.package_identification:_identify(src/docker) by extensions ['ignore', 'ignore_ament_install']
[0.641s] Level 1:colcon.colcon_core.package_identification:_identify(src/docker) by extension 'ignore'
[0.641s] Level 1:colcon.colcon_core.package_identification:_identify(src/docker) by extension 'ignore_ament_install'
[0.641s] Level 1:colcon.colcon_core.package_identification:_identify(src/docker) by extensions ['colcon_pkg']
[0.641s] Level 1:colcon.colcon_core.package_identification:_identify(src/docker) by extension 'colcon_pkg'
[0.641s] Level 1:colcon.colcon_core.package_identification:_identify(src/docker) by extensions ['colcon_meta']
[0.641s] Level 1:colcon.colcon_core.package_identification:_identify(src/docker) by extension 'colcon_meta'
[0.641s] Level 1:colcon.colcon_core.package_identification:_identify(src/docker) by extensions ['ros']
[0.642s] Level 1:colcon.colcon_core.package_identification:_identify(src/docker) by extension 'ros'
[0.642s] Level 1:colcon.colcon_core.package_identification:_identify(src/docker) by extensions ['cmake', 'python']
[0.642s] Level 1:colcon.colcon_core.package_identification:_identify(src/docker) by extension 'cmake'
[0.642s] Level 1:colcon.colcon_core.package_identification:_identify(src/docker) by extension 'python'
[0.642s] Level 1:colcon.colcon_core.package_identification:_identify(src/docker) by extensions ['python_setup_py']
[0.642s] Level 1:colcon.colcon_core.package_identification:_identify(src/docker) by extension 'python_setup_py'
[0.642s] Level 1:colcon.colcon_core.package_identification:_identify(src/go2_interfaces) by extensions ['ignore', 'ignore_ament_install']
[0.642s] Level 1:colcon.colcon_core.package_identification:_identify(src/go2_interfaces) by extension 'ignore'
[0.642s] Level 1:colcon.colcon_core.package_identification:_identify(src/go2_interfaces) by extension 'ignore_ament_install'
[0.643s] Level 1:colcon.colcon_core.package_identification:_identify(src/go2_interfaces) by extensions ['colcon_pkg']
[0.643s] Level 1:colcon.colcon_core.package_identification:_identify(src/go2_interfaces) by extension 'colcon_pkg'
[0.643s] Level 1:colcon.colcon_core.package_identification:_identify(src/go2_interfaces) by extensions ['colcon_meta']
[0.643s] Level 1:colcon.colcon_core.package_identification:_identify(src/go2_interfaces) by extension 'colcon_meta'
[0.643s] Level 1:colcon.colcon_core.package_identification:_identify(src/go2_interfaces) by extensions ['ros']
[0.643s] Level 1:colcon.colcon_core.package_identification:_identify(src/go2_interfaces) by extension 'ros'
[0.644s] DEBUG:colcon.colcon_core.package_identification:Package 'src/go2_interfaces' with type 'ros.ament_cmake' and name 'go2_interfaces'
[0.645s] Level 1:colcon.colcon_core.package_identification:_identify(src/go2_robot_sdk) by extensions ['ignore', 'ignore_ament_install']
[0.645s] Level 1:colcon.colcon_core.package_identification:_identify(src/go2_robot_sdk) by extension 'ignore'
[0.645s] Level 1:colcon.colcon_core.package_identification:_identify(src/go2_robot_sdk) by extension 'ignore_ament_install'
[0.645s] Level 1:colcon.colcon_core.package_identification:_identify(src/go2_robot_sdk) by extensions ['colcon_pkg']
[0.645s] Level 1:colcon.colcon_core.package_identification:_identify(src/go2_robot_sdk) by extension 'colcon_pkg'
[0.645s] Level 1:colcon.colcon_core.package_identification:_identify(src/go2_robot_sdk) by extensions ['colcon_meta']
[0.645s] Level 1:colcon.colcon_core.package_identification:_identify(src/go2_robot_sdk) by extension 'colcon_meta'
[0.645s] Level 1:colcon.colcon_core.package_identification:_identify(src/go2_robot_sdk) by extensions ['ros']
[0.646s] Level 1:colcon.colcon_core.package_identification:_identify(src/go2_robot_sdk) by extension 'ros'
[0.647s] DEBUG:colcon.colcon_core.package_identification:Package 'src/go2_robot_sdk' with type 'ros.ament_python' and name 'go2_robot_sdk'
[0.648s] Level 1:colcon.colcon_core.package_identification:_identify(src/navigate) by extensions ['ignore', 'ignore_ament_install']
[0.648s] Level 1:colcon.colcon_core.package_identification:_identify(src/navigate) by extension 'ignore'
[0.648s] Level 1:colcon.colcon_core.package_identification:_identify(src/navigate) by extension 'ignore_ament_install'
[0.648s] Level 1:colcon.colcon_core.package_identification:_identify(src/navigate) by extensions ['colcon_pkg']
[0.648s] Level 1:colcon.colcon_core.package_identification:_identify(src/navigate) by extension 'colcon_pkg'
[0.648s] Level 1:colcon.colcon_core.package_identification:_identify(src/navigate) by extensions ['colcon_meta']
[0.648s] Level 1:colcon.colcon_core.package_identification:_identify(src/navigate) by extension 'colcon_meta'
[0.648s] Level 1:colcon.colcon_core.package_identification:_identify(src/navigate) by extensions ['ros']
[0.648s] Level 1:colcon.colcon_core.package_identification:_identify(src/navigate) by extension 'ros'
[0.649s] Level 1:colcon.colcon_core.package_identification:_identify(src/navigate) by extensions ['cmake', 'python']
[0.649s] Level 1:colcon.colcon_core.package_identification:_identify(src/navigate) by extension 'cmake'
[0.649s] Level 1:colcon.colcon_core.package_identification:_identify(src/navigate) by extension 'python'
[0.649s] Level 1:colcon.colcon_core.package_identification:_identify(src/navigate) by extensions ['python_setup_py']
[0.649s] Level 1:colcon.colcon_core.package_identification:_identify(src/navigate) by extension 'python_setup_py'
[0.649s] Level 1:colcon.colcon_core.package_identification:_identify(src/navigate/navigation_data) by extensions ['ignore', 'ignore_ament_install']
[0.649s] Level 1:colcon.colcon_core.package_identification:_identify(src/navigate/navigation_data) by extension 'ignore'
[0.649s] Level 1:colcon.colcon_core.package_identification:_identify(src/navigate/navigation_data) by extension 'ignore_ament_install'
[0.650s] Level 1:colcon.colcon_core.package_identification:_identify(src/navigate/navigation_data) by extensions ['colcon_pkg']
[0.650s] Level 1:colcon.colcon_core.package_identification:_identify(src/navigate/navigation_data) by extension 'colcon_pkg'
[0.650s] Level 1:colcon.colcon_core.package_identification:_identify(src/navigate/navigation_data) by extensions ['colcon_meta']
[0.650s] Level 1:colcon.colcon_core.package_identification:_identify(src/navigate/navigation_data) by extension 'colcon_meta'
[0.650s] Level 1:colcon.colcon_core.package_identification:_identify(src/navigate/navigation_data) by extensions ['ros']
[0.650s] Level 1:colcon.colcon_core.package_identification:_identify(src/navigate/navigation_data) by extension 'ros'
[0.650s] Level 1:colcon.colcon_core.package_identification:_identify(src/navigate/navigation_data) by extensions ['cmake', 'python']
[0.650s] Level 1:colcon.colcon_core.package_identification:_identify(src/navigate/navigation_data) by extension 'cmake'
[0.650s] Level 1:colcon.colcon_core.package_identification:_identify(src/navigate/navigation_data) by extension 'python'
[0.650s] Level 1:colcon.colcon_core.package_identification:_identify(src/navigate/navigation_data) by extensions ['python_setup_py']
[0.650s] Level 1:colcon.colcon_core.package_identification:_identify(src/navigate/navigation_data) by extension 'python_setup_py'
[0.651s] Level 1:colcon.colcon_core.package_identification:_identify(src/navigate/navigation_data/navigation_data_20250402_000121) by extensions ['ignore', 'ignore_ament_install']
[0.651s] Level 1:colcon.colcon_core.package_identification:_identify(src/navigate/navigation_data/navigation_data_20250402_000121) by extension 'ignore'
[0.651s] Level 1:colcon.colcon_core.package_identification:_identify(src/navigate/navigation_data/navigation_data_20250402_000121) by extension 'ignore_ament_install'
[0.651s] Level 1:colcon.colcon_core.package_identification:_identify(src/navigate/navigation_data/navigation_data_20250402_000121) by extensions ['colcon_pkg']
[0.651s] Level 1:colcon.colcon_core.package_identification:_identify(src/navigate/navigation_data/navigation_data_20250402_000121) by extension 'colcon_pkg'
[0.651s] Level 1:colcon.colcon_core.package_identification:_identify(src/navigate/navigation_data/navigation_data_20250402_000121) by extensions ['colcon_meta']
[0.651s] Level 1:colcon.colcon_core.package_identification:_identify(src/navigate/navigation_data/navigation_data_20250402_000121) by extension 'colcon_meta'
[0.651s] Level 1:colcon.colcon_core.package_identification:_identify(src/navigate/navigation_data/navigation_data_20250402_000121) by extensions ['ros']
[0.651s] Level 1:colcon.colcon_core.package_identification:_identify(src/navigate/navigation_data/navigation_data_20250402_000121) by extension 'ros'
[0.652s] Level 1:colcon.colcon_core.package_identification:_identify(src/navigate/navigation_data/navigation_data_20250402_000121) by extensions ['cmake', 'python']
[0.652s] Level 1:colcon.colcon_core.package_identification:_identify(src/navigate/navigation_data/navigation_data_20250402_000121) by extension 'cmake'
[0.652s] Level 1:colcon.colcon_core.package_identification:_identify(src/navigate/navigation_data/navigation_data_20250402_000121) by extension 'python'
[0.652s] Level 1:colcon.colcon_core.package_identification:_identify(src/navigate/navigation_data/navigation_data_20250402_000121) by extensions ['python_setup_py']
[0.652s] Level 1:colcon.colcon_core.package_identification:_identify(src/navigate/navigation_data/navigation_data_20250402_000121) by extension 'python_setup_py'
[0.652s] Level 1:colcon.colcon_core.package_identification:_identify(src/navigate/synchronized_data) by extensions ['ignore', 'ignore_ament_install']
[0.652s] Level 1:colcon.colcon_core.package_identification:_identify(src/navigate/synchronized_data) by extension 'ignore'
[0.652s] Level 1:colcon.colcon_core.package_identification:_identify(src/navigate/synchronized_data) by extension 'ignore_ament_install'
[0.652s] Level 1:colcon.colcon_core.package_identification:_identify(src/navigate/synchronized_data) by extensions ['colcon_pkg']
[0.652s] Level 1:colcon.colcon_core.package_identification:_identify(src/navigate/synchronized_data) by extension 'colcon_pkg'
[0.653s] Level 1:colcon.colcon_core.package_identification:_identify(src/navigate/synchronized_data) by extensions ['colcon_meta']
[0.653s] Level 1:colcon.colcon_core.package_identification:_identify(src/navigate/synchronized_data) by extension 'colcon_meta'
[0.653s] Level 1:colcon.colcon_core.package_identification:_identify(src/navigate/synchronized_data) by extensions ['ros']
[0.653s] Level 1:colcon.colcon_core.package_identification:_identify(src/navigate/synchronized_data) by extension 'ros'
[0.653s] Level 1:colcon.colcon_core.package_identification:_identify(src/navigate/synchronized_data) by extensions ['cmake', 'python']
[0.653s] Level 1:colcon.colcon_core.package_identification:_identify(src/navigate/synchronized_data) by extension 'cmake'
[0.653s] Level 1:colcon.colcon_core.package_identification:_identify(src/navigate/synchronized_data) by extension 'python'
[0.653s] Level 1:colcon.colcon_core.package_identification:_identify(src/navigate/synchronized_data) by extensions ['python_setup_py']
[0.653s] Level 1:colcon.colcon_core.package_identification:_identify(src/navigate/synchronized_data) by extension 'python_setup_py'
[0.653s] Level 1:colcon.colcon_core.package_identification:_identify(src/navigate/synchronized_data/images) by extensions ['ignore', 'ignore_ament_install']
[0.654s] Level 1:colcon.colcon_core.package_identification:_identify(src/navigate/synchronized_data/images) by extension 'ignore'
[0.654s] Level 1:colcon.colcon_core.package_identification:_identify(src/navigate/synchronized_data/images) by extension 'ignore_ament_install'
[0.654s] Level 1:colcon.colcon_core.package_identification:_identify(src/navigate/synchronized_data/images) by extensions ['colcon_pkg']
[0.654s] Level 1:colcon.colcon_core.package_identification:_identify(src/navigate/synchronized_data/images) by extension 'colcon_pkg'
[0.654s] Level 1:colcon.colcon_core.package_identification:_identify(src/navigate/synchronized_data/images) by extensions ['colcon_meta']
[0.654s] Level 1:colcon.colcon_core.package_identification:_identify(src/navigate/synchronized_data/images) by extension 'colcon_meta'
[0.654s] Level 1:colcon.colcon_core.package_identification:_identify(src/navigate/synchronized_data/images) by extensions ['ros']
[0.654s] Level 1:colcon.colcon_core.package_identification:_identify(src/navigate/synchronized_data/images) by extension 'ros'
[0.654s] Level 1:colcon.colcon_core.package_identification:_identify(src/navigate/synchronized_data/images) by extensions ['cmake', 'python']
[0.654s] Level 1:colcon.colcon_core.package_identification:_identify(src/navigate/synchronized_data/images) by extension 'cmake'
[0.654s] Level 1:colcon.colcon_core.package_identification:_identify(src/navigate/synchronized_data/images) by extension 'python'
[0.655s] Level 1:colcon.colcon_core.package_identification:_identify(src/navigate/synchronized_data/images) by extensions ['python_setup_py']
[0.655s] Level 1:colcon.colcon_core.package_identification:_identify(src/navigate/synchronized_data/images) by extension 'python_setup_py'
[0.655s] Level 1:colcon.colcon_core.package_identification:_identify(src/navigate/visualizations) by extensions ['ignore', 'ignore_ament_install']
[0.655s] Level 1:colcon.colcon_core.package_identification:_identify(src/navigate/visualizations) by extension 'ignore'
[0.655s] Level 1:colcon.colcon_core.package_identification:_identify(src/navigate/visualizations) by extension 'ignore_ament_install'
[0.655s] Level 1:colcon.colcon_core.package_identification:_identify(src/navigate/visualizations) by extensions ['colcon_pkg']
[0.655s] Level 1:colcon.colcon_core.package_identification:_identify(src/navigate/visualizations) by extension 'colcon_pkg'
[0.655s] Level 1:colcon.colcon_core.package_identification:_identify(src/navigate/visualizations) by extensions ['colcon_meta']
[0.655s] Level 1:colcon.colcon_core.package_identification:_identify(src/navigate/visualizations) by extension 'colcon_meta'
[0.655s] Level 1:colcon.colcon_core.package_identification:_identify(src/navigate/visualizations) by extensions ['ros']
[0.656s] Level 1:colcon.colcon_core.package_identification:_identify(src/navigate/visualizations) by extension 'ros'
[0.656s] Level 1:colcon.colcon_core.package_identification:_identify(src/navigate/visualizations) by extensions ['cmake', 'python']
[0.656s] Level 1:colcon.colcon_core.package_identification:_identify(src/navigate/visualizations) by extension 'cmake'
[0.656s] Level 1:colcon.colcon_core.package_identification:_identify(src/navigate/visualizations) by extension 'python'
[0.656s] Level 1:colcon.colcon_core.package_identification:_identify(src/navigate/visualizations) by extensions ['python_setup_py']
[0.656s] Level 1:colcon.colcon_core.package_identification:_identify(src/navigate/visualizations) by extension 'python_setup_py'
[0.656s] Level 1:colcon.colcon_core.package_identification:_identify(src/ros2_bag_to_image) by extensions ['ignore', 'ignore_ament_install']
[0.656s] Level 1:colcon.colcon_core.package_identification:_identify(src/ros2_bag_to_image) by extension 'ignore'
[0.656s] Level 1:colcon.colcon_core.package_identification:_identify(src/ros2_bag_to_image) by extension 'ignore_ament_install'
[0.657s] Level 1:colcon.colcon_core.package_identification:_identify(src/ros2_bag_to_image) by extensions ['colcon_pkg']
[0.657s] Level 1:colcon.colcon_core.package_identification:_identify(src/ros2_bag_to_image) by extension 'colcon_pkg'
[0.657s] Level 1:colcon.colcon_core.package_identification:_identify(src/ros2_bag_to_image) by extensions ['colcon_meta']
[0.657s] Level 1:colcon.colcon_core.package_identification:_identify(src/ros2_bag_to_image) by extension 'colcon_meta'
[0.657s] Level 1:colcon.colcon_core.package_identification:_identify(src/ros2_bag_to_image) by extensions ['ros']
[0.657s] Level 1:colcon.colcon_core.package_identification:_identify(src/ros2_bag_to_image) by extension 'ros'
[0.662s] DEBUG:colcon.colcon_core.package_identification:Package 'src/ros2_bag_to_image' with type 'ros.ament_cmake' and name 'ros2_bag_to_image'
[0.662s] Level 1:colcon.colcon_core.package_identification:_identify(src/unitree_go) by extensions ['ignore', 'ignore_ament_install']
[0.662s] Level 1:colcon.colcon_core.package_identification:_identify(src/unitree_go) by extension 'ignore'
[0.662s] Level 1:colcon.colcon_core.package_identification:_identify(src/unitree_go) by extension 'ignore_ament_install'
[0.662s] Level 1:colcon.colcon_core.package_identification:_identify(src/unitree_go) by extensions ['colcon_pkg']
[0.662s] Level 1:colcon.colcon_core.package_identification:_identify(src/unitree_go) by extension 'colcon_pkg'
[0.663s] Level 1:colcon.colcon_core.package_identification:_identify(src/unitree_go) by extensions ['colcon_meta']
[0.663s] Level 1:colcon.colcon_core.package_identification:_identify(src/unitree_go) by extension 'colcon_meta'
[0.663s] Level 1:colcon.colcon_core.package_identification:_identify(src/unitree_go) by extensions ['ros']
[0.663s] Level 1:colcon.colcon_core.package_identification:_identify(src/unitree_go) by extension 'ros'
[0.664s] DEBUG:colcon.colcon_core.package_identification:Package 'src/unitree_go' with type 'ros.ament_cmake' and name 'unitree_go'
[0.664s] Level 1:colcon.colcon_core.package_discovery:discover_packages(recursive) using defaults
[0.664s] Level 1:colcon.colcon_core.package_discovery:discover_packages(ignore) discover
[0.664s] Level 1:colcon.colcon_core.package_discovery:discover_packages(ignore) using defaults
[0.664s] Level 1:colcon.colcon_core.package_discovery:discover_packages(path) discover
[0.664s] Level 1:colcon.colcon_core.package_discovery:discover_packages(path) using defaults
[0.732s] Level 1:colcon.colcon_core.package_discovery:discover_packages(prefix_path) check parameters
[0.732s] Level 1:colcon.colcon_core.package_discovery:discover_packages(prefix_path) discover
[0.737s] DEBUG:colcon.colcon_installed_package_information.package_discovery:Found 329 installed packages in /opt/ros/humble
[0.739s] Level 1:colcon.colcon_core.package_discovery:discover_packages(prefix_path) using defaults
[0.817s] Level 5:colcon.colcon_core.verb:set package 'coco_detector' build argument 'cmake_args' from command line to 'None'
[0.817s] Level 5:colcon.colcon_core.verb:set package 'coco_detector' build argument 'cmake_target' from command line to 'None'
[0.817s] Level 5:colcon.colcon_core.verb:set package 'coco_detector' build argument 'cmake_target_skip_unavailable' from command line to 'False'
[0.817s] Level 5:colcon.colcon_core.verb:set package 'coco_detector' build argument 'cmake_clean_cache' from command line to 'False'
[0.817s] Level 5:colcon.colcon_core.verb:set package 'coco_detector' build argument 'cmake_clean_first' from command line to 'False'
[0.817s] Level 5:colcon.colcon_core.verb:set package 'coco_detector' build argument 'cmake_force_configure' from command line to 'False'
[0.817s] Level 5:colcon.colcon_core.verb:set package 'coco_detector' build argument 'ament_cmake_args' from command line to 'None'
[0.817s] Level 5:colcon.colcon_core.verb:set package 'coco_detector' build argument 'catkin_cmake_args' from command line to 'None'
[0.817s] Level 5:colcon.colcon_core.verb:set package 'coco_detector' build argument 'catkin_skip_building_tests' from command line to 'False'
[0.818s] DEBUG:colcon.colcon_core.verb:Building package 'coco_detector' with the following arguments: {'ament_cmake_args': None, 'build_base': '/home/orin2/ros2_ws/build/coco_detector', 'catkin_cmake_args': None, 'catkin_skip_building_tests': False, 'cmake_args': None, 'cmake_clean_cache': False, 'cmake_clean_first': False, 'cmake_force_configure': False, 'cmake_target': None, 'cmake_target_skip_unavailable': False, 'install_base': '/home/orin2/ros2_ws/install/coco_detector', 'merge_install': False, 'path': '/home/orin2/ros2_ws/src/coco_detector', 'symlink_install': False, 'test_result_base': None}
[0.818s] Level 5:colcon.colcon_core.verb:set package 'go2_interfaces' build argument 'cmake_args' from command line to 'None'
[0.818s] Level 5:colcon.colcon_core.verb:set package 'go2_interfaces' build argument 'cmake_target' from command line to 'None'
[0.818s] Level 5:colcon.colcon_core.verb:set package 'go2_interfaces' build argument 'cmake_target_skip_unavailable' from command line to 'False'
[0.818s] Level 5:colcon.colcon_core.verb:set package 'go2_interfaces' build argument 'cmake_clean_cache' from command line to 'False'
[0.818s] Level 5:colcon.colcon_core.verb:set package 'go2_interfaces' build argument 'cmake_clean_first' from command line to 'False'
[0.818s] Level 5:colcon.colcon_core.verb:set package 'go2_interfaces' build argument 'cmake_force_configure' from command line to 'False'
[0.819s] Level 5:colcon.colcon_core.verb:set package 'go2_interfaces' build argument 'ament_cmake_args' from command line to 'None'
[0.819s] Level 5:colcon.colcon_core.verb:set package 'go2_interfaces' build argument 'catkin_cmake_args' from command line to 'None'
[0.819s] Level 5:colcon.colcon_core.verb:set package 'go2_interfaces' build argument 'catkin_skip_building_tests' from command line to 'False'
[0.819s] DEBUG:colcon.colcon_core.verb:Building package 'go2_interfaces' with the following arguments: {'ament_cmake_args': None, 'build_base': '/home/orin2/ros2_ws/build/go2_interfaces', 'catkin_cmake_args': None, 'catkin_skip_building_tests': False, 'cmake_args': None, 'cmake_clean_cache': False, 'cmake_clean_first': False, 'cmake_force_configure': False, 'cmake_target': None, 'cmake_target_skip_unavailable': False, 'install_base': '/home/orin2/ros2_ws/install/go2_interfaces', 'merge_install': False, 'path': '/home/orin2/ros2_ws/src/go2_interfaces', 'symlink_install': False, 'test_result_base': None}
[0.819s] Level 5:colcon.colcon_core.verb:set package 'ros2_bag_to_image' build argument 'cmake_args' from command line to 'None'
[0.819s] Level 5:colcon.colcon_core.verb:set package 'ros2_bag_to_image' build argument 'cmake_target' from command line to 'None'
[0.819s] Level 5:colcon.colcon_core.verb:set package 'ros2_bag_to_image' build argument 'cmake_target_skip_unavailable' from command line to 'False'
[0.820s] Level 5:colcon.colcon_core.verb:set package 'ros2_bag_to_image' build argument 'cmake_clean_cache' from command line to 'False'
[0.820s] Level 5:colcon.colcon_core.verb:set package 'ros2_bag_to_image' build argument 'cmake_clean_first' from command line to 'False'
[0.820s] Level 5:colcon.colcon_core.verb:set package 'ros2_bag_to_image' build argument 'cmake_force_configure' from command line to 'False'
[0.820s] Level 5:colcon.colcon_core.verb:set package 'ros2_bag_to_image' build argument 'ament_cmake_args' from command line to 'None'
[0.820s] Level 5:colcon.colcon_core.verb:set package 'ros2_bag_to_image' build argument 'catkin_cmake_args' from command line to 'None'
[0.820s] Level 5:colcon.colcon_core.verb:set package 'ros2_bag_to_image' build argument 'catkin_skip_building_tests' from command line to 'False'
[0.820s] DEBUG:colcon.colcon_core.verb:Building package 'ros2_bag_to_image' with the following arguments: {'ament_cmake_args': None, 'build_base': '/home/orin2/ros2_ws/build/ros2_bag_to_image', 'catkin_cmake_args': None, 'catkin_skip_building_tests': False, 'cmake_args': None, 'cmake_clean_cache': False, 'cmake_clean_first': False, 'cmake_force_configure': False, 'cmake_target': None, 'cmake_target_skip_unavailable': False, 'install_base': '/home/orin2/ros2_ws/install/ros2_bag_to_image', 'merge_install': False, 'path': '/home/orin2/ros2_ws/src/ros2_bag_to_image', 'symlink_install': False, 'test_result_base': None}
[0.820s] Level 5:colcon.colcon_core.verb:set package 'unitree_go' build argument 'cmake_args' from command line to 'None'
[0.820s] Level 5:colcon.colcon_core.verb:set package 'unitree_go' build argument 'cmake_target' from command line to 'None'
[0.821s] Level 5:colcon.colcon_core.verb:set package 'unitree_go' build argument 'cmake_target_skip_unavailable' from command line to 'False'
[0.821s] Level 5:colcon.colcon_core.verb:set package 'unitree_go' build argument 'cmake_clean_cache' from command line to 'False'
[0.821s] Level 5:colcon.colcon_core.verb:set package 'unitree_go' build argument 'cmake_clean_first' from command line to 'False'
[0.821s] Level 5:colcon.colcon_core.verb:set package 'unitree_go' build argument 'cmake_force_configure' from command line to 'False'
[0.821s] Level 5:colcon.colcon_core.verb:set package 'unitree_go' build argument 'ament_cmake_args' from command line to 'None'
[0.821s] Level 5:colcon.colcon_core.verb:set package 'unitree_go' build argument 'catkin_cmake_args' from command line to 'None'
[0.821s] Level 5:colcon.colcon_core.verb:set package 'unitree_go' build argument 'catkin_skip_building_tests' from command line to 'False'
[0.821s] DEBUG:colcon.colcon_core.verb:Building package 'unitree_go' with the following arguments: {'ament_cmake_args': None, 'build_base': '/home/orin2/ros2_ws/build/unitree_go', 'catkin_cmake_args': None, 'catkin_skip_building_tests': False, 'cmake_args': None, 'cmake_clean_cache': False, 'cmake_clean_first': False, 'cmake_force_configure': False, 'cmake_target': None, 'cmake_target_skip_unavailable': False, 'install_base': '/home/orin2/ros2_ws/install/unitree_go', 'merge_install': False, 'path': '/home/orin2/ros2_ws/src/unitree_go', 'symlink_install': False, 'test_result_base': None}
[0.821s] Level 5:colcon.colcon_core.verb:set package 'go2_robot_sdk' build argument 'cmake_args' from command line to 'None'
[0.821s] Level 5:colcon.colcon_core.verb:set package 'go2_robot_sdk' build argument 'cmake_target' from command line to 'None'
[0.822s] Level 5:colcon.colcon_core.verb:set package 'go2_robot_sdk' build argument 'cmake_target_skip_unavailable' from command line to 'False'
[0.822s] Level 5:colcon.colcon_core.verb:set package 'go2_robot_sdk' build argument 'cmake_clean_cache' from command line to 'False'
[0.822s] Level 5:colcon.colcon_core.verb:set package 'go2_robot_sdk' build argument 'cmake_clean_first' from command line to 'False'
[0.822s] Level 5:colcon.colcon_core.verb:set package 'go2_robot_sdk' build argument 'cmake_force_configure' from command line to 'False'
[0.822s] Level 5:colcon.colcon_core.verb:set package 'go2_robot_sdk' build argument 'ament_cmake_args' from command line to 'None'
[0.822s] Level 5:colcon.colcon_core.verb:set package 'go2_robot_sdk' build argument 'catkin_cmake_args' from command line to 'None'
[0.822s] Level 5:colcon.colcon_core.verb:set package 'go2_robot_sdk' build argument 'catkin_skip_building_tests' from command line to 'False'
[0.822s] DEBUG:colcon.colcon_core.verb:Building package 'go2_robot_sdk' with the following arguments: {'ament_cmake_args': None, 'build_base': '/home/orin2/ros2_ws/build/go2_robot_sdk', 'catkin_cmake_args': None, 'catkin_skip_building_tests': False, 'cmake_args': None, 'cmake_clean_cache': False, 'cmake_clean_first': False, 'cmake_force_configure': False, 'cmake_target': None, 'cmake_target_skip_unavailable': False, 'install_base': '/home/orin2/ros2_ws/install/go2_robot_sdk', 'merge_install': False, 'path': '/home/orin2/ros2_ws/src/go2_robot_sdk', 'symlink_install': False, 'test_result_base': None}
[0.822s] INFO:colcon.colcon_core.executor:Executing jobs using 'parallel' executor
[0.824s] DEBUG:colcon.colcon_parallel_executor.executor.parallel:run_until_complete
[0.825s] INFO:colcon.colcon_ros.task.ament_cmake.build:Building ROS package in '/home/orin2/ros2_ws/src/go2_interfaces' with build type 'ament_cmake'
[0.825s] INFO:colcon.colcon_cmake.task.cmake.build:Building CMake package in '/home/orin2/ros2_ws/src/go2_interfaces'
[0.830s] INFO:colcon.colcon_core.plugin_system:Skipping extension 'colcon_core.shell.bat': Not used on non-Windows systems
[0.830s] INFO:colcon.colcon_core.shell:Skip shell extension 'powershell' for command environment: Not usable outside of PowerShell
[0.830s] DEBUG:colcon.colcon_core.shell:Skip shell extension 'dsv' for command environment
[0.836s] INFO:colcon.colcon_ros.task.ament_cmake.build:Building ROS package in '/home/orin2/ros2_ws/src/unitree_go' with build type 'ament_cmake'
[0.837s] INFO:colcon.colcon_cmake.task.cmake.build:Building CMake package in '/home/orin2/ros2_ws/src/unitree_go'
[0.837s] INFO:colcon.colcon_core.shell:Skip shell extension 'powershell' for command environment: Not usable outside of PowerShell
[0.838s] DEBUG:colcon.colcon_core.shell:Skip shell extension 'dsv' for command environment
[0.843s] INFO:colcon.colcon_ros.task.ament_python.build:Building ROS package in '/home/orin2/ros2_ws/src/coco_detector' with build type 'ament_python'
[0.844s] Level 1:colcon.colcon_core.shell:create_environment_hook('coco_detector', 'ament_prefix_path')
[0.845s] INFO:colcon.colcon_core.shell:Creating environment hook '/home/orin2/ros2_ws/install/coco_detector/share/coco_detector/hook/ament_prefix_path.ps1'
[0.846s] INFO:colcon.colcon_core.shell:Creating environment descriptor '/home/orin2/ros2_ws/install/coco_detector/share/coco_detector/hook/ament_prefix_path.dsv'
[0.847s] INFO:colcon.colcon_core.shell:Creating environment hook '/home/orin2/ros2_ws/install/coco_detector/share/coco_detector/hook/ament_prefix_path.sh'
[0.849s] INFO:colcon.colcon_core.shell:Skip shell extension 'powershell' for command environment: Not usable outside of PowerShell
[0.849s] DEBUG:colcon.colcon_core.shell:Skip shell extension 'dsv' for command environment
[0.854s] INFO:colcon.colcon_ros.task.ament_cmake.build:Building ROS package in '/home/orin2/ros2_ws/src/ros2_bag_to_image' with build type 'ament_cmake'
[0.854s] INFO:colcon.colcon_cmake.task.cmake.build:Building CMake package in '/home/orin2/ros2_ws/src/ros2_bag_to_image'
[0.855s] INFO:colcon.colcon_core.shell:Skip shell extension 'powershell' for command environment: Not usable outside of PowerShell
[0.855s] DEBUG:colcon.colcon_core.shell:Skip shell extension 'dsv' for command environment
[0.868s] DEBUG:colcon.colcon_core.event_handler.log_command:Invoking command in '/home/orin2/ros2_ws/build/go2_interfaces': CMAKE_PREFIX_PATH=/opt/ros/humble /usr/bin/cmake --build /home/orin2/ros2_ws/build/go2_interfaces -- -j8 -l8
[0.877s] DEBUG:colcon.colcon_core.event_handler.log_command:Invoking command in '/home/orin2/ros2_ws/build/unitree_go': CMAKE_PREFIX_PATH=/opt/ros/humble /usr/bin/cmake --build /home/orin2/ros2_ws/build/unitree_go -- -j8 -l8
[1.541s] INFO:colcon.colcon_core.task.python.build:Building Python package in '/home/orin2/ros2_ws/src/coco_detector'
[1.542s] INFO:colcon.colcon_core.shell:Skip shell extension 'powershell' for command environment: Not usable outside of PowerShell
[1.542s] DEBUG:colcon.colcon_core.shell:Skip shell extension 'dsv' for command environment
[1.564s] DEBUG:colcon.colcon_core.event_handler.log_command:Invoking command in '/home/orin2/ros2_ws/build/ros2_bag_to_image': CMAKE_PREFIX_PATH=/opt/ros/humble /usr/bin/cmake /home/orin2/ros2_ws/src/ros2_bag_to_image -DCMAKE_INSTALL_PREFIX=/home/orin2/ros2_ws/install/ros2_bag_to_image
[1.747s] DEBUG:colcon.colcon_core.event_handler.log_command:Invoked command in '/home/orin2/ros2_ws/build/go2_interfaces' returned '0': CMAKE_PREFIX_PATH=/opt/ros/humble /usr/bin/cmake --build /home/orin2/ros2_ws/build/go2_interfaces -- -j8 -l8
[1.770s] DEBUG:colcon.colcon_core.event_handler.log_command:Invoking command in '/home/orin2/ros2_ws/build/go2_interfaces': CMAKE_PREFIX_PATH=/opt/ros/humble /usr/bin/cmake --install /home/orin2/ros2_ws/build/go2_interfaces
[1.815s] DEBUG:colcon.colcon_core.event_handler.log_command:Invoked command in '/home/orin2/ros2_ws/build/unitree_go' returned '0': CMAKE_PREFIX_PATH=/opt/ros/humble /usr/bin/cmake --build /home/orin2/ros2_ws/build/unitree_go -- -j8 -l8
[1.820s] DEBUG:colcon.colcon_core.event_handler.log_command:Invoking command in '/home/orin2/ros2_ws/build/unitree_go': CMAKE_PREFIX_PATH=/opt/ros/humble /usr/bin/cmake --install /home/orin2/ros2_ws/build/unitree_go
[1.902s] Level 1:colcon.colcon_core.environment:create_environment_scripts_only(go2_interfaces)
[1.913s] Level 1:colcon.colcon_core.environment:checking '/home/orin2/ros2_ws/install/go2_interfaces' for CMake module files
[1.915s] Level 1:colcon.colcon_core.environment:checking '/home/orin2/ros2_ws/install/go2_interfaces' for CMake config files
[1.916s] Level 1:colcon.colcon_core.shell:create_environment_hook('go2_interfaces', 'cmake_prefix_path')
[1.916s] INFO:colcon.colcon_core.shell:Creating environment hook '/home/orin2/ros2_ws/install/go2_interfaces/share/go2_interfaces/hook/cmake_prefix_path.ps1'
[1.917s] INFO:colcon.colcon_core.shell:Creating environment descriptor '/home/orin2/ros2_ws/install/go2_interfaces/share/go2_interfaces/hook/cmake_prefix_path.dsv'
[1.918s] INFO:colcon.colcon_core.shell:Creating environment hook '/home/orin2/ros2_ws/install/go2_interfaces/share/go2_interfaces/hook/cmake_prefix_path.sh'
[1.920s] Level 1:colcon.colcon_core.environment:checking '/home/orin2/ros2_ws/install/go2_interfaces/lib'
[1.920s] Level 1:colcon.colcon_core.shell:create_environment_hook('go2_interfaces', 'ld_library_path_lib')
[1.921s] INFO:colcon.colcon_core.shell:Creating environment hook '/home/orin2/ros2_ws/install/go2_interfaces/share/go2_interfaces/hook/ld_library_path_lib.ps1'
[1.923s] INFO:colcon.colcon_core.shell:Creating environment descriptor '/home/orin2/ros2_ws/install/go2_interfaces/share/go2_interfaces/hook/ld_library_path_lib.dsv'
[1.925s] INFO:colcon.colcon_core.shell:Creating environment hook '/home/orin2/ros2_ws/install/go2_interfaces/share/go2_interfaces/hook/ld_library_path_lib.sh'
[1.928s] Level 1:colcon.colcon_core.environment:checking '/home/orin2/ros2_ws/install/go2_interfaces/bin'
[1.928s] Level 1:colcon.colcon_core.environment:checking '/home/orin2/ros2_ws/install/go2_interfaces/lib/pkgconfig/go2_interfaces.pc'
[1.929s] Level 1:colcon.colcon_core.environment:checking '/home/orin2/ros2_ws/install/go2_interfaces/lib/python3.10/site-packages'
[1.930s] Level 1:colcon.colcon_core.environment:checking '/home/orin2/ros2_ws/install/go2_interfaces/bin'
[1.931s] INFO:colcon.colcon_core.shell:Creating package script '/home/orin2/ros2_ws/install/go2_interfaces/share/go2_interfaces/package.ps1'
[1.936s] INFO:colcon.colcon_core.shell:Creating package descriptor '/home/orin2/ros2_ws/install/go2_interfaces/share/go2_interfaces/package.dsv'
[1.942s] INFO:colcon.colcon_core.shell:Creating package script '/home/orin2/ros2_ws/install/go2_interfaces/share/go2_interfaces/package.sh'
[1.946s] INFO:colcon.colcon_core.shell:Creating package script '/home/orin2/ros2_ws/install/go2_interfaces/share/go2_interfaces/package.bash'
[1.948s] INFO:colcon.colcon_core.shell:Creating package script '/home/orin2/ros2_ws/install/go2_interfaces/share/go2_interfaces/package.zsh'
[1.952s] Level 1:colcon.colcon_core.environment:create_file_with_runtime_dependencies(/home/orin2/ros2_ws/install/go2_interfaces/share/colcon-core/packages/go2_interfaces)
[1.954s] Level 1:colcon.colcon_core.environment:create_environment_scripts_only(go2_interfaces)
[1.954s] Level 1:colcon.colcon_core.environment:checking '/home/orin2/ros2_ws/install/go2_interfaces' for CMake module files
[1.958s] Level 1:colcon.colcon_core.environment:checking '/home/orin2/ros2_ws/install/go2_interfaces' for CMake config files
[1.961s] Level 1:colcon.colcon_core.shell:create_environment_hook('go2_interfaces', 'cmake_prefix_path')
[1.962s] INFO:colcon.colcon_core.shell:Creating environment hook '/home/orin2/ros2_ws/install/go2_interfaces/share/go2_interfaces/hook/cmake_prefix_path.ps1'
[1.968s] INFO:colcon.colcon_core.shell:Creating environment descriptor '/home/orin2/ros2_ws/install/go2_interfaces/share/go2_interfaces/hook/cmake_prefix_path.dsv'
[1.975s] INFO:colcon.colcon_core.shell:Creating environment hook '/home/orin2/ros2_ws/install/go2_interfaces/share/go2_interfaces/hook/cmake_prefix_path.sh'
[1.977s] Level 1:colcon.colcon_core.environment:checking '/home/orin2/ros2_ws/install/go2_interfaces/lib'
[1.977s] Level 1:colcon.colcon_core.shell:create_environment_hook('go2_interfaces', 'ld_library_path_lib')
[1.978s] INFO:colcon.colcon_core.shell:Creating environment hook '/home/orin2/ros2_ws/install/go2_interfaces/share/go2_interfaces/hook/ld_library_path_lib.ps1'
[1.980s] INFO:colcon.colcon_core.shell:Creating environment descriptor '/home/orin2/ros2_ws/install/go2_interfaces/share/go2_interfaces/hook/ld_library_path_lib.dsv'
[1.983s] INFO:colcon.colcon_core.shell:Creating environment hook '/home/orin2/ros2_ws/install/go2_interfaces/share/go2_interfaces/hook/ld_library_path_lib.sh'
[1.985s] Level 1:colcon.colcon_core.environment:checking '/home/orin2/ros2_ws/install/go2_interfaces/bin'
[1.986s] Level 1:colcon.colcon_core.environment:checking '/home/orin2/ros2_ws/install/go2_interfaces/lib/pkgconfig/go2_interfaces.pc'
[1.987s] Level 1:colcon.colcon_core.environment:checking '/home/orin2/ros2_ws/install/go2_interfaces/lib/python3.10/site-packages'
[1.988s] Level 1:colcon.colcon_core.environment:checking '/home/orin2/ros2_ws/install/go2_interfaces/bin'
[1.989s] INFO:colcon.colcon_core.shell:Creating package script '/home/orin2/ros2_ws/install/go2_interfaces/share/go2_interfaces/package.ps1'
[1.992s] INFO:colcon.colcon_core.shell:Creating package descriptor '/home/orin2/ros2_ws/install/go2_interfaces/share/go2_interfaces/package.dsv'
[1.994s] INFO:colcon.colcon_core.shell:Creating package script '/home/orin2/ros2_ws/install/go2_interfaces/share/go2_interfaces/package.sh'
[1.997s] INFO:colcon.colcon_core.shell:Creating package script '/home/orin2/ros2_ws/install/go2_interfaces/share/go2_interfaces/package.bash'
[1.999s] INFO:colcon.colcon_core.shell:Creating package script '/home/orin2/ros2_ws/install/go2_interfaces/share/go2_interfaces/package.zsh'
[2.001s] Level 1:colcon.colcon_core.environment:create_file_with_runtime_dependencies(/home/orin2/ros2_ws/install/go2_interfaces/share/colcon-core/packages/go2_interfaces)
[2.017s] Level 1:colcon.colcon_core.environment:create_environment_scripts_only(unitree_go)
[2.018s] Level 1:colcon.colcon_core.environment:checking '/home/orin2/ros2_ws/install/unitree_go' for CMake module files
[2.022s] Level 1:colcon.colcon_core.environment:checking '/home/orin2/ros2_ws/install/unitree_go' for CMake config files
[2.024s] Level 1:colcon.colcon_core.shell:create_environment_hook('unitree_go', 'cmake_prefix_path')
[2.025s] INFO:colcon.colcon_core.shell:Creating environment hook '/home/orin2/ros2_ws/install/unitree_go/share/unitree_go/hook/cmake_prefix_path.ps1'
[2.027s] INFO:colcon.colcon_core.shell:Creating environment descriptor '/home/orin2/ros2_ws/install/unitree_go/share/unitree_go/hook/cmake_prefix_path.dsv'
[2.028s] INFO:colcon.colcon_core.shell:Creating environment hook '/home/orin2/ros2_ws/install/unitree_go/share/unitree_go/hook/cmake_prefix_path.sh'
[2.030s] Level 1:colcon.colcon_core.environment:checking '/home/orin2/ros2_ws/install/unitree_go/lib'
[2.030s] Level 1:colcon.colcon_core.shell:create_environment_hook('unitree_go', 'ld_library_path_lib')
[2.031s] INFO:colcon.colcon_core.shell:Creating environment hook '/home/orin2/ros2_ws/install/unitree_go/share/unitree_go/hook/ld_library_path_lib.ps1'
[2.035s] INFO:colcon.colcon_core.shell:Creating environment descriptor '/home/orin2/ros2_ws/install/unitree_go/share/unitree_go/hook/ld_library_path_lib.dsv'
[2.037s] INFO:colcon.colcon_core.shell:Creating environment hook '/home/orin2/ros2_ws/install/unitree_go/share/unitree_go/hook/ld_library_path_lib.sh'
[2.038s] Level 1:colcon.colcon_core.environment:checking '/home/orin2/ros2_ws/install/unitree_go/bin'
[2.038s] Level 1:colcon.colcon_core.environment:checking '/home/orin2/ros2_ws/install/unitree_go/lib/pkgconfig/unitree_go.pc'
[2.039s] Level 1:colcon.colcon_core.environment:checking '/home/orin2/ros2_ws/install/unitree_go/lib/python3.10/site-packages'
[2.039s] Level 1:colcon.colcon_core.environment:checking '/home/orin2/ros2_ws/install/unitree_go/bin'
[2.040s] INFO:colcon.colcon_core.shell:Creating package script '/home/orin2/ros2_ws/install/unitree_go/share/unitree_go/package.ps1'
[2.041s] INFO:colcon.colcon_core.shell:Creating package descriptor '/home/orin2/ros2_ws/install/unitree_go/share/unitree_go/package.dsv'
[2.042s] INFO:colcon.colcon_core.shell:Creating package script '/home/orin2/ros2_ws/install/unitree_go/share/unitree_go/package.sh'
[2.044s] INFO:colcon.colcon_core.shell:Creating package script '/home/orin2/ros2_ws/install/unitree_go/share/unitree_go/package.bash'
[2.045s] INFO:colcon.colcon_core.shell:Creating package script '/home/orin2/ros2_ws/install/unitree_go/share/unitree_go/package.zsh'
[2.047s] Level 1:colcon.colcon_core.environment:create_file_with_runtime_dependencies(/home/orin2/ros2_ws/install/unitree_go/share/colcon-core/packages/unitree_go)
[2.052s] Level 1:colcon.colcon_core.environment:create_environment_scripts_only(unitree_go)
[2.052s] Level 1:colcon.colcon_core.environment:checking '/home/orin2/ros2_ws/install/unitree_go' for CMake module files
[2.056s] Level 1:colcon.colcon_core.environment:checking '/home/orin2/ros2_ws/install/unitree_go' for CMake config files
[2.058s] DEBUG:colcon.colcon_core.event_handler.log_command:Invoked command in '/home/orin2/ros2_ws/build/go2_interfaces' returned '0': CMAKE_PREFIX_PATH=/opt/ros/humble /usr/bin/cmake --install /home/orin2/ros2_ws/build/go2_interfaces
[2.059s] Level 1:colcon.colcon_core.shell:create_environment_hook('unitree_go', 'cmake_prefix_path')
[2.059s] INFO:colcon.colcon_core.shell:Creating environment hook '/home/orin2/ros2_ws/install/unitree_go/share/unitree_go/hook/cmake_prefix_path.ps1'
[2.061s] INFO:colcon.colcon_core.shell:Creating environment descriptor '/home/orin2/ros2_ws/install/unitree_go/share/unitree_go/hook/cmake_prefix_path.dsv'
[2.062s] INFO:colcon.colcon_core.shell:Creating environment hook '/home/orin2/ros2_ws/install/unitree_go/share/unitree_go/hook/cmake_prefix_path.sh'
[2.064s] Level 1:colcon.colcon_core.environment:checking '/home/orin2/ros2_ws/install/unitree_go/lib'
[2.064s] Level 1:colcon.colcon_core.shell:create_environment_hook('unitree_go', 'ld_library_path_lib')
[2.065s] INFO:colcon.colcon_core.shell:Creating environment hook '/home/orin2/ros2_ws/install/unitree_go/share/unitree_go/hook/ld_library_path_lib.ps1'
[2.066s] INFO:colcon.colcon_core.shell:Creating environment descriptor '/home/orin2/ros2_ws/install/unitree_go/share/unitree_go/hook/ld_library_path_lib.dsv'
[2.069s] INFO:colcon.colcon_core.shell:Creating environment hook '/home/orin2/ros2_ws/install/unitree_go/share/unitree_go/hook/ld_library_path_lib.sh'
[2.071s] Level 1:colcon.colcon_core.environment:checking '/home/orin2/ros2_ws/install/unitree_go/bin'
[2.072s] Level 1:colcon.colcon_core.environment:checking '/home/orin2/ros2_ws/install/unitree_go/lib/pkgconfig/unitree_go.pc'
[2.072s] Level 1:colcon.colcon_core.environment:checking '/home/orin2/ros2_ws/install/unitree_go/lib/python3.10/site-packages'
[2.073s] Level 1:colcon.colcon_core.environment:checking '/home/orin2/ros2_ws/install/unitree_go/bin'
[2.074s] INFO:colcon.colcon_core.shell:Creating package script '/home/orin2/ros2_ws/install/unitree_go/share/unitree_go/package.ps1'
[2.075s] INFO:colcon.colcon_core.shell:Creating package descriptor '/home/orin2/ros2_ws/install/unitree_go/share/unitree_go/package.dsv'
[2.077s] INFO:colcon.colcon_core.shell:Creating package script '/home/orin2/ros2_ws/install/unitree_go/share/unitree_go/package.sh'
[2.078s] INFO:colcon.colcon_core.shell:Creating package script '/home/orin2/ros2_ws/install/unitree_go/share/unitree_go/package.bash'
[2.080s] INFO:colcon.colcon_core.shell:Creating package script '/home/orin2/ros2_ws/install/unitree_go/share/unitree_go/package.zsh'
[2.081s] Level 1:colcon.colcon_core.environment:create_file_with_runtime_dependencies(/home/orin2/ros2_ws/install/unitree_go/share/colcon-core/packages/unitree_go)
[2.082s] INFO:colcon.colcon_ros.task.ament_python.build:Building ROS package in '/home/orin2/ros2_ws/src/go2_robot_sdk' with build type 'ament_python'
[2.083s] Level 1:colcon.colcon_core.shell:create_environment_hook('go2_robot_sdk', 'ament_prefix_path')
[2.083s] INFO:colcon.colcon_core.shell:Creating environment hook '/home/orin2/ros2_ws/install/go2_robot_sdk/share/go2_robot_sdk/hook/ament_prefix_path.ps1'
[2.085s] INFO:colcon.colcon_core.shell:Creating environment descriptor '/home/orin2/ros2_ws/install/go2_robot_sdk/share/go2_robot_sdk/hook/ament_prefix_path.dsv'
[2.086s] INFO:colcon.colcon_core.shell:Creating environment hook '/home/orin2/ros2_ws/install/go2_robot_sdk/share/go2_robot_sdk/hook/ament_prefix_path.sh'
[2.088s] INFO:colcon.colcon_core.shell:Skip shell extension 'powershell' for command environment: Not usable outside of PowerShell
[2.088s] DEBUG:colcon.colcon_core.shell:Skip shell extension 'dsv' for command environment
[2.105s] DEBUG:colcon.colcon_core.event_handler.log_command:Invoked command in '/home/orin2/ros2_ws/build/unitree_go' returned '0': CMAKE_PREFIX_PATH=/opt/ros/humble /usr/bin/cmake --install /home/orin2/ros2_ws/build/unitree_go
[2.731s] INFO:colcon.colcon_core.task.python.build:Building Python package in '/home/orin2/ros2_ws/src/go2_robot_sdk'
[2.732s] INFO:colcon.colcon_core.shell:Skip shell extension 'powershell' for command environment: Not usable outside of PowerShell
[2.732s] DEBUG:colcon.colcon_core.shell:Skip shell extension 'dsv' for command environment
[2.750s] DEBUG:colcon.colcon_core.event_handler.log_command:Invoking command in '/home/orin2/ros2_ws/src/coco_detector': PYTHONPATH=/home/orin2/ros2_ws/build/coco_detector/prefix_override:/usr/lib/python3/dist-packages/colcon_core/task/python/colcon_distutils_commands:/home/orin2/ros2_ws/install/coco_detector/lib/python3.10/site-packages:${PYTHONPATH} /usr/bin/python3 -W ignore:setup.py install is deprecated -W ignore:easy_install command is deprecated setup.py egg_info --egg-base ../../build/coco_detector build --build-base /home/orin2/ros2_ws/build/coco_detector/build install --record /home/orin2/ros2_ws/build/coco_detector/install.log --single-version-externally-managed install_data
[3.458s] Level 1:colcon.colcon_core.environment:checking '/home/orin2/ros2_ws/install/coco_detector' for CMake module files
[3.459s] Level 1:colcon.colcon_core.environment:checking '/home/orin2/ros2_ws/install/coco_detector' for CMake config files
[3.460s] DEBUG:colcon.colcon_core.event_handler.log_command:Invoked command in '/home/orin2/ros2_ws/src/coco_detector' returned '0': PYTHONPATH=/home/orin2/ros2_ws/build/coco_detector/prefix_override:/usr/lib/python3/dist-packages/colcon_core/task/python/colcon_distutils_commands:/home/orin2/ros2_ws/install/coco_detector/lib/python3.10/site-packages:${PYTHONPATH} /usr/bin/python3 -W ignore:setup.py install is deprecated -W ignore:easy_install command is deprecated setup.py egg_info --egg-base ../../build/coco_detector build --build-base /home/orin2/ros2_ws/build/coco_detector/build install --record /home/orin2/ros2_ws/build/coco_detector/install.log --single-version-externally-managed install_data
[3.461s] Level 1:colcon.colcon_core.environment:checking '/home/orin2/ros2_ws/install/coco_detector/lib'
[3.462s] Level 1:colcon.colcon_core.environment:checking '/home/orin2/ros2_ws/install/coco_detector/bin'
[3.462s] Level 1:colcon.colcon_core.environment:checking '/home/orin2/ros2_ws/install/coco_detector/lib/pkgconfig/coco_detector.pc'
[3.462s] Level 1:colcon.colcon_core.environment:checking '/home/orin2/ros2_ws/install/coco_detector/lib/python3.10/site-packages'
[3.462s] Level 1:colcon.colcon_core.shell:create_environment_hook('coco_detector', 'pythonpath')
[3.463s] INFO:colcon.colcon_core.shell:Creating environment hook '/home/orin2/ros2_ws/install/coco_detector/share/coco_detector/hook/pythonpath.ps1'
[3.465s] INFO:colcon.colcon_core.shell:Creating environment descriptor '/home/orin2/ros2_ws/install/coco_detector/share/coco_detector/hook/pythonpath.dsv'
[3.466s] INFO:colcon.colcon_core.shell:Creating environment hook '/home/orin2/ros2_ws/install/coco_detector/share/coco_detector/hook/pythonpath.sh'
[3.467s] Level 1:colcon.colcon_core.environment:checking '/home/orin2/ros2_ws/install/coco_detector/bin'
[3.467s] Level 1:colcon.colcon_core.environment:create_environment_scripts_only(coco_detector)
[3.468s] INFO:colcon.colcon_core.shell:Creating package script '/home/orin2/ros2_ws/install/coco_detector/share/coco_detector/package.ps1'
[3.469s] INFO:colcon.colcon_core.shell:Creating package descriptor '/home/orin2/ros2_ws/install/coco_detector/share/coco_detector/package.dsv'
[3.471s] INFO:colcon.colcon_core.shell:Creating package script '/home/orin2/ros2_ws/install/coco_detector/share/coco_detector/package.sh'
[3.472s] INFO:colcon.colcon_core.shell:Creating package script '/home/orin2/ros2_ws/install/coco_detector/share/coco_detector/package.bash'
[3.473s] INFO:colcon.colcon_core.shell:Creating package script '/home/orin2/ros2_ws/install/coco_detector/share/coco_detector/package.zsh'
[3.473s] Level 1:colcon.colcon_core.environment:create_file_with_runtime_dependencies(/home/orin2/ros2_ws/install/coco_detector/share/colcon-core/packages/coco_detector)
[3.709s] DEBUG:colcon.colcon_core.event_handler.log_command:Invoking command in '/home/orin2/ros2_ws/src/go2_robot_sdk': AMENT_PREFIX_PATH=/home/orin2/ros2_ws/install/unitree_go:/home/orin2/ros2_ws/install/go2_interfaces:${AMENT_PREFIX_PATH} CMAKE_PREFIX_PATH=/home/orin2/ros2_ws/install/unitree_go:/home/orin2/ros2_ws/install/go2_interfaces LD_LIBRARY_PATH=/home/orin2/ros2_ws/install/unitree_go/lib:/home/orin2/ros2_ws/install/go2_interfaces/lib:/usr/local/cuda-12.6/lib64:/opt/ros/humble/opt/rviz_ogre_vendor/lib:/opt/ros/humble/lib/aarch64-linux-gnu:/opt/ros/humble/lib:/usr/local/cuda-12.2/lib64 PYTHONPATH=/home/orin2/ros2_ws/build/go2_robot_sdk/prefix_override:/usr/lib/python3/dist-packages/colcon_core/task/python/colcon_distutils_commands:/home/orin2/ros2_ws/install/go2_robot_sdk/lib/python3.10/site-packages:/home/orin2/ros2_ws/install/unitree_go/local/lib/python3.10/dist-packages:/home/orin2/ros2_ws/install/go2_interfaces/local/lib/python3.10/dist-packages:${PYTHONPATH} /usr/bin/python3 -W ignore:setup.py install is deprecated -W ignore:easy_install command is deprecated setup.py egg_info --egg-base ../../build/go2_robot_sdk build --build-base /home/orin2/ros2_ws/build/go2_robot_sdk/build install --record /home/orin2/ros2_ws/build/go2_robot_sdk/install.log --single-version-externally-managed install_data
[4.232s] DEBUG:colcon.colcon_core.event_handler.log_command:Invoked command in '/home/orin2/ros2_ws/build/ros2_bag_to_image' returned '0': CMAKE_PREFIX_PATH=/opt/ros/humble /usr/bin/cmake /home/orin2/ros2_ws/src/ros2_bag_to_image -DCMAKE_INSTALL_PREFIX=/home/orin2/ros2_ws/install/ros2_bag_to_image
[4.235s] DEBUG:colcon.colcon_core.event_handler.log_command:Invoking command in '/home/orin2/ros2_ws/build/ros2_bag_to_image': CMAKE_PREFIX_PATH=/opt/ros/humble /usr/bin/cmake --build /home/orin2/ros2_ws/build/ros2_bag_to_image -- -j8 -l8
[4.425s] Level 1:colcon.colcon_core.environment:checking '/home/orin2/ros2_ws/install/go2_robot_sdk' for CMake module files
[4.427s] Level 1:colcon.colcon_core.environment:checking '/home/orin2/ros2_ws/install/go2_robot_sdk' for CMake config files
[4.430s] Level 1:colcon.colcon_core.environment:checking '/home/orin2/ros2_ws/install/go2_robot_sdk/lib'
[4.430s] Level 1:colcon.colcon_core.environment:checking '/home/orin2/ros2_ws/install/go2_robot_sdk/bin'
[4.430s] Level 1:colcon.colcon_core.environment:checking '/home/orin2/ros2_ws/install/go2_robot_sdk/lib/pkgconfig/go2_robot_sdk.pc'
[4.431s] Level 1:colcon.colcon_core.environment:checking '/home/orin2/ros2_ws/install/go2_robot_sdk/lib/python3.10/site-packages'
[4.431s] Level 1:colcon.colcon_core.shell:create_environment_hook('go2_robot_sdk', 'pythonpath')
[4.431s] INFO:colcon.colcon_core.shell:Creating environment hook '/home/orin2/ros2_ws/install/go2_robot_sdk/share/go2_robot_sdk/hook/pythonpath.ps1'
[4.432s] INFO:colcon.colcon_core.shell:Creating environment descriptor '/home/orin2/ros2_ws/install/go2_robot_sdk/share/go2_robot_sdk/hook/pythonpath.dsv'
[4.433s] INFO:colcon.colcon_core.shell:Creating environment hook '/home/orin2/ros2_ws/install/go2_robot_sdk/share/go2_robot_sdk/hook/pythonpath.sh'
[4.434s] DEBUG:colcon.colcon_core.event_handler.log_command:Invoked command in '/home/orin2/ros2_ws/src/go2_robot_sdk' returned '0': AMENT_PREFIX_PATH=/home/orin2/ros2_ws/install/unitree_go:/home/orin2/ros2_ws/install/go2_interfaces:${AMENT_PREFIX_PATH} CMAKE_PREFIX_PATH=/home/orin2/ros2_ws/install/unitree_go:/home/orin2/ros2_ws/install/go2_interfaces LD_LIBRARY_PATH=/home/orin2/ros2_ws/install/unitree_go/lib:/home/orin2/ros2_ws/install/go2_interfaces/lib:/usr/local/cuda-12.6/lib64:/opt/ros/humble/opt/rviz_ogre_vendor/lib:/opt/ros/humble/lib/aarch64-linux-gnu:/opt/ros/humble/lib:/usr/local/cuda-12.2/lib64 PYTHONPATH=/home/orin2/ros2_ws/build/go2_robot_sdk/prefix_override:/usr/lib/python3/dist-packages/colcon_core/task/python/colcon_distutils_commands:/home/orin2/ros2_ws/install/go2_robot_sdk/lib/python3.10/site-packages:/home/orin2/ros2_ws/install/unitree_go/local/lib/python3.10/dist-packages:/home/orin2/ros2_ws/install/go2_interfaces/local/lib/python3.10/dist-packages:${PYTHONPATH} /usr/bin/python3 -W ignore:setup.py install is deprecated -W ignore:easy_install command is deprecated setup.py egg_info --egg-base ../../build/go2_robot_sdk build --build-base /home/orin2/ros2_ws/build/go2_robot_sdk/build install --record /home/orin2/ros2_ws/build/go2_robot_sdk/install.log --single-version-externally-managed install_data
[4.435s] Level 1:colcon.colcon_core.environment:checking '/home/orin2/ros2_ws/install/go2_robot_sdk/bin'
[4.435s] Level 1:colcon.colcon_core.environment:create_environment_scripts_only(go2_robot_sdk)
[4.436s] INFO:colcon.colcon_core.shell:Creating package script '/home/orin2/ros2_ws/install/go2_robot_sdk/share/go2_robot_sdk/package.ps1'
[4.437s] INFO:colcon.colcon_core.shell:Creating package descriptor '/home/orin2/ros2_ws/install/go2_robot_sdk/share/go2_robot_sdk/package.dsv'
[4.438s] INFO:colcon.colcon_core.shell:Creating package script '/home/orin2/ros2_ws/install/go2_robot_sdk/share/go2_robot_sdk/package.sh'
[4.439s] INFO:colcon.colcon_core.shell:Creating package script '/home/orin2/ros2_ws/install/go2_robot_sdk/share/go2_robot_sdk/package.bash'
[4.440s] INFO:colcon.colcon_core.shell:Creating package script '/home/orin2/ros2_ws/install/go2_robot_sdk/share/go2_robot_sdk/package.zsh'
[4.441s] Level 1:colcon.colcon_core.environment:create_file_with_runtime_dependencies(/home/orin2/ros2_ws/install/go2_robot_sdk/share/colcon-core/packages/go2_robot_sdk)
[29.988s] DEBUG:colcon.colcon_core.event_handler.log_command:Invoked command in '/home/orin2/ros2_ws/build/ros2_bag_to_image' returned '2': CMAKE_PREFIX_PATH=/opt/ros/humble /usr/bin/cmake --build /home/orin2/ros2_ws/build/ros2_bag_to_image -- -j8 -l8
[29.990s] Level 1:colcon.colcon_core.environment:create_environment_scripts_only(ros2_bag_to_image)
[29.991s] Level 1:colcon.colcon_core.environment:checking '/home/orin2/ros2_ws/install/ros2_bag_to_image' for CMake module files
[29.992s] Level 1:colcon.colcon_core.environment:checking '/home/orin2/ros2_ws/install/ros2_bag_to_image' for CMake config files
[29.992s] Level 1:colcon.colcon_core.environment:checking '/home/orin2/ros2_ws/install/ros2_bag_to_image/bin'
[29.993s] Level 1:colcon.colcon_core.environment:checking '/home/orin2/ros2_ws/install/ros2_bag_to_image/lib/pkgconfig/ros2_bag_to_image.pc'
[29.994s] Level 1:colcon.colcon_core.environment:checking '/home/orin2/ros2_ws/install/ros2_bag_to_image/lib/python3.10/site-packages'
[29.994s] Level 1:colcon.colcon_core.environment:checking '/home/orin2/ros2_ws/install/ros2_bag_to_image/bin'
[29.995s] INFO:colcon.colcon_core.shell:Creating package script '/home/orin2/ros2_ws/install/ros2_bag_to_image/share/ros2_bag_to_image/package.ps1'
[29.998s] INFO:colcon.colcon_core.shell:Creating package descriptor '/home/orin2/ros2_ws/install/ros2_bag_to_image/share/ros2_bag_to_image/package.dsv'
[29.999s] INFO:colcon.colcon_core.shell:Creating package script '/home/orin2/ros2_ws/install/ros2_bag_to_image/share/ros2_bag_to_image/package.sh'
[30.001s] INFO:colcon.colcon_core.shell:Creating package script '/home/orin2/ros2_ws/install/ros2_bag_to_image/share/ros2_bag_to_image/package.bash'
[30.002s] INFO:colcon.colcon_core.shell:Creating package script '/home/orin2/ros2_ws/install/ros2_bag_to_image/share/ros2_bag_to_image/package.zsh'
[30.004s] Level 1:colcon.colcon_core.environment:create_file_with_runtime_dependencies(/home/orin2/ros2_ws/install/ros2_bag_to_image/share/colcon-core/packages/ros2_bag_to_image)
[30.015s] DEBUG:colcon.colcon_parallel_executor.executor.parallel:closing loop
[30.016s] DEBUG:colcon.colcon_parallel_executor.executor.parallel:loop closed
[30.016s] DEBUG:colcon.colcon_parallel_executor.executor.parallel:run_until_complete finished with '2'
[30.016s] DEBUG:colcon.colcon_core.event_reactor:joining thread
[30.036s] INFO:colcon.colcon_core.plugin_system:Skipping extension 'colcon_notification.desktop_notification.terminal_notifier': Not used on non-Darwin systems
[30.037s] INFO:colcon.colcon_core.plugin_system:Skipping extension 'colcon_notification.desktop_notification.win32': Not used on non-Windows systems
[30.037s] INFO:colcon.colcon_notification.desktop_notification:Sending desktop notification using 'notify2'
[30.083s] DEBUG:colcon.colcon_core.event_reactor:joined thread
[30.085s] INFO:colcon.colcon_core.shell:Creating prefix script '/home/orin2/ros2_ws/install/local_setup.ps1'
[30.089s] INFO:colcon.colcon_core.shell:Creating prefix util module '/home/orin2/ros2_ws/install/_local_setup_util_ps1.py'
[30.095s] INFO:colcon.colcon_core.shell:Creating prefix chain script '/home/orin2/ros2_ws/install/setup.ps1'
[30.099s] INFO:colcon.colcon_core.shell:Creating prefix script '/home/orin2/ros2_ws/install/local_setup.sh'
[30.101s] INFO:colcon.colcon_core.shell:Creating prefix util module '/home/orin2/ros2_ws/install/_local_setup_util_sh.py'
[30.104s] INFO:colcon.colcon_core.shell:Creating prefix chain script '/home/orin2/ros2_ws/install/setup.sh'
[30.108s] INFO:colcon.colcon_core.shell:Creating prefix script '/home/orin2/ros2_ws/install/local_setup.bash'
[30.109s] INFO:colcon.colcon_core.shell:Creating prefix chain script '/home/orin2/ros2_ws/install/setup.bash'
[30.113s] INFO:colcon.colcon_core.shell:Creating prefix script '/home/orin2/ros2_ws/install/local_setup.zsh'
[30.115s] INFO:colcon.colcon_core.shell:Creating prefix chain script '/home/orin2/ros2_ws/install/setup.zsh'
