[0.598s] Invoking command in '/home/orin2/ros2_ws/build/ros2_bag_to_image': CMAKE_PREFIX_PATH=${CMAKE_PREFIX_PATH}:/opt/ros/humble /usr/bin/cmake --build /home/orin2/ros2_ws/build/ros2_bag_to_image -- -j12 -l12
[0.643s] -- Found ament_cmake_auto: 1.3.11 (/opt/ros/humble/share/ament_cmake_auto/cmake)
[1.081s] -- Found rosidl_generator_c: 3.1.6 (/opt/ros/humble/share/rosidl_generator_c/cmake)
[1.086s] -- Found rosidl_adapter: 3.1.6 (/opt/ros/humble/share/rosidl_adapter/cmake)
[1.097s] -- Found rosidl_generator_cpp: 3.1.6 (/opt/ros/humble/share/rosidl_generator_cpp/cmake)
[1.115s] -- Using all available rosidl_typesupport_c: rosidl_typesupport_fastrtps_c;rosidl_typesupport_introspection_c
[1.140s] -- Using all available rosidl_typesupport_cpp: rosidl_typesupport_fastrtps_cpp;rosidl_typesupport_introspection_cpp
[1.196s] -- Found rmw_implementation_cmake: 6.1.2 (/opt/ros/humble/share/rmw_implementation_cmake/cmake)
[1.198s] -- Found rmw_fastrtps_cpp: 6.2.7 (/opt/ros/humble/share/rmw_fastrtps_cpp/cmake)
[1.362s] -- Using RMW implementation 'rmw_fastrtps_cpp' as default
[1.617s] -- Configuring done
[1.653s] -- Generating done
[1.665s] -- Build files have been written to: /home/orin2/ros2_ws/build/ros2_bag_to_image
[1.715s] [35m[1mConsolidate compiler generated dependencies of target bag_to_image_node[0m
[1.715s] [35m[1mConsolidate compiler generated dependencies of target topic_to_image_node[0m
[1.716s] [35m[1mConsolidate compiler generated dependencies of target topic_to_image[0m
[1.743s] [ 25%] Built target topic_to_image_node
[1.745s] [ 50%] Built target bag_to_image_node
[1.779s] [ 62%] [32m[1mLinking CXX shared library libtopic_to_image.so[0m
[2.009s] [ 75%] Built target topic_to_image
[2.030s] [35m[1mConsolidate compiler generated dependencies of target bag_to_image[0m
[2.085s] [ 87%] [32m[1mLinking CXX shared library libbag_to_image.so[0m
[2.462s] [100%] Built target bag_to_image
[2.487s] Invoked command in '/home/orin2/ros2_ws/build/ros2_bag_to_image' returned '0': CMAKE_PREFIX_PATH=${CMAKE_PREFIX_PATH}:/opt/ros/humble /usr/bin/cmake --build /home/orin2/ros2_ws/build/ros2_bag_to_image -- -j12 -l12
[2.491s] Invoking command in '/home/orin2/ros2_ws/build/ros2_bag_to_image': CMAKE_PREFIX_PATH=${CMAKE_PREFIX_PATH}:/opt/ros/humble /usr/bin/cmake --install /home/orin2/ros2_ws/build/ros2_bag_to_image
[2.506s] -- Install configuration: ""
[2.507s] -- Up-to-date: /home/orin2/ros2_ws/install/ros2_bag_to_image/lib/ros2_bag_to_image/topic_to_image_node
[2.508s] -- Up-to-date: /home/orin2/ros2_ws/install/ros2_bag_to_image/lib/ros2_bag_to_image/bag_to_image_node
[2.509s] -- Up-to-date: /home/orin2/ros2_ws/install/ros2_bag_to_image/include
[2.509s] -- Up-to-date: /home/orin2/ros2_ws/install/ros2_bag_to_image/include/bag_to_image
[2.509s] -- Up-to-date: /home/orin2/ros2_ws/install/ros2_bag_to_image/include/bag_to_image/bag_to_image.hpp
[2.509s] -- Up-to-date: /home/orin2/ros2_ws/install/ros2_bag_to_image/include/topic_to_image
[2.509s] -- Up-to-date: /home/orin2/ros2_ws/install/ros2_bag_to_image/include/topic_to_image/topic_to_image.hpp
[2.510s] -- Up-to-date: /home/orin2/ros2_ws/install/ros2_bag_to_image/share/ros2_bag_to_image/environment/library_path.sh
[2.510s] -- Installing: /home/orin2/ros2_ws/install/ros2_bag_to_image/share/ros2_bag_to_image/environment/library_path.dsv
[2.511s] -- Installing: /home/orin2/ros2_ws/install/ros2_bag_to_image/lib/libtopic_to_image.so
[2.512s] -- Set runtime path of "/home/orin2/ros2_ws/install/ros2_bag_to_image/lib/libtopic_to_image.so" to ""
[2.513s] -- Installing: /home/orin2/ros2_ws/install/ros2_bag_to_image/lib/libbag_to_image.so
[2.517s] -- Set runtime path of "/home/orin2/ros2_ws/install/ros2_bag_to_image/lib/libbag_to_image.so" to ""
[2.517s] -- Up-to-date: /home/orin2/ros2_ws/install/ros2_bag_to_image/share/ros2_bag_to_image/launch
[2.517s] -- Up-to-date: /home/orin2/ros2_ws/install/ros2_bag_to_image/share/ros2_bag_to_image/launch/topic_to_image.xml
[2.517s] -- Up-to-date: /home/orin2/ros2_ws/install/ros2_bag_to_image/share/ros2_bag_to_image/launch/bag_to_image.xml
[2.517s] -- Up-to-date: /home/orin2/ros2_ws/install/ros2_bag_to_image/share/ament_index/resource_index/package_run_dependencies/ros2_bag_to_image
[2.518s] -- Installing: /home/orin2/ros2_ws/install/ros2_bag_to_image/share/ament_index/resource_index/parent_prefix_path/ros2_bag_to_image
[2.518s] -- Up-to-date: /home/orin2/ros2_ws/install/ros2_bag_to_image/share/ros2_bag_to_image/environment/ament_prefix_path.sh
[2.518s] -- Installing: /home/orin2/ros2_ws/install/ros2_bag_to_image/share/ros2_bag_to_image/environment/ament_prefix_path.dsv
[2.518s] -- Up-to-date: /home/orin2/ros2_ws/install/ros2_bag_to_image/share/ros2_bag_to_image/environment/path.sh
[2.518s] -- Installing: /home/orin2/ros2_ws/install/ros2_bag_to_image/share/ros2_bag_to_image/environment/path.dsv
[2.519s] -- Up-to-date: /home/orin2/ros2_ws/install/ros2_bag_to_image/share/ros2_bag_to_image/local_setup.bash
[2.519s] -- Up-to-date: /home/orin2/ros2_ws/install/ros2_bag_to_image/share/ros2_bag_to_image/local_setup.sh
[2.519s] -- Up-to-date: /home/orin2/ros2_ws/install/ros2_bag_to_image/share/ros2_bag_to_image/local_setup.zsh
[2.519s] -- Installing: /home/orin2/ros2_ws/install/ros2_bag_to_image/share/ros2_bag_to_image/local_setup.dsv
[2.519s] -- Installing: /home/orin2/ros2_ws/install/ros2_bag_to_image/share/ros2_bag_to_image/package.dsv
[2.519s] -- Up-to-date: /home/orin2/ros2_ws/install/ros2_bag_to_image/share/ament_index/resource_index/packages/ros2_bag_to_image
[2.519s] -- Up-to-date: /home/orin2/ros2_ws/install/ros2_bag_to_image/share/ament_index/resource_index/rclcpp_components/ros2_bag_to_image
[2.520s] -- Up-to-date: /home/orin2/ros2_ws/install/ros2_bag_to_image/share/ros2_bag_to_image/cmake/ament_cmake_export_dependencies-extras.cmake
[2.520s] -- Up-to-date: /home/orin2/ros2_ws/install/ros2_bag_to_image/share/ros2_bag_to_image/cmake/ament_cmake_export_include_directories-extras.cmake
[2.520s] -- Up-to-date: /home/orin2/ros2_ws/install/ros2_bag_to_image/share/ros2_bag_to_image/cmake/ament_cmake_export_libraries-extras.cmake
[2.520s] -- Up-to-date: /home/orin2/ros2_ws/install/ros2_bag_to_image/share/ros2_bag_to_image/cmake/ros2_bag_to_imageConfig.cmake
[2.520s] -- Up-to-date: /home/orin2/ros2_ws/install/ros2_bag_to_image/share/ros2_bag_to_image/cmake/ros2_bag_to_imageConfig-version.cmake
[2.520s] -- Up-to-date: /home/orin2/ros2_ws/install/ros2_bag_to_image/share/ros2_bag_to_image/package.xml
[2.525s] Invoked command in '/home/orin2/ros2_ws/build/ros2_bag_to_image' returned '0': CMAKE_PREFIX_PATH=${CMAKE_PREFIX_PATH}:/opt/ros/humble /usr/bin/cmake --install /home/orin2/ros2_ws/build/ros2_bag_to_image
