[0.217s] DEBUG:colcon:Command line arguments: ['/usr/bin/colcon', 'build', '--allow-overriding', 'go2_interfaces', 'unitree_go']
[0.217s] DEBUG:colcon:Parsed command line arguments: Namespace(log_base=None, log_level=None, verb_name='build', build_base='build', install_base='install', merge_install=False, symlink_install=False, test_result_base=None, continue_on_error=False, executor='parallel', parallel_workers=8, event_handlers=None, ignore_user_meta=False, metas=['./colcon.meta'], base_paths=['.'], packages_ignore=None, packages_ignore_regex=None, paths=None, packages_up_to=None, packages_up_to_regex=None, packages_above=None, packages_above_and_dependencies=None, packages_above_depth=None, packages_select_by_dep=None, packages_skip_by_dep=None, packages_skip_up_to=None, packages_select_build_failed=False, packages_skip_build_finished=False, packages_select_test_failures=False, packages_skip_test_passed=False, packages_select=None, packages_skip=None, packages_select_regex=None, packages_skip_regex=None, packages_start=None, packages_end=None, allow_overriding=['go2_interfaces', 'unitree_go'], cmake_args=None, cmake_target=None, cmake_target_skip_unavailable=False, cmake_clean_cache=False, cmake_clean_first=False, cmake_force_configure=False, ament_cmake_args=None, catkin_cmake_args=None, catkin_skip_building_tests=False, verb_parser=<colcon_defaults.argument_parser.defaults.DefaultArgumentsDecorator object at 0xffff9d208cd0>, verb_extension=<colcon_core.verb.build.BuildVerb object at 0xffff9d3a29e0>, main=<bound method BuildVerb.main of <colcon_core.verb.build.BuildVerb object at 0xffff9d3a29e0>>)
[0.600s] Level 1:colcon.colcon_core.package_discovery:discover_packages(colcon_meta) check parameters
[0.601s] Level 1:colcon.colcon_core.package_discovery:discover_packages(recursive) check parameters
[0.601s] Level 1:colcon.colcon_core.package_discovery:discover_packages(ignore) check parameters
[0.601s] Level 1:colcon.colcon_core.package_discovery:discover_packages(path) check parameters
[0.601s] Level 1:colcon.colcon_core.package_discovery:discover_packages(colcon_meta) discover
[0.601s] Level 1:colcon.colcon_core.package_discovery:discover_packages(recursive) discover
[0.601s] INFO:colcon.colcon_core.package_discovery:Crawling recursively for packages in '/home/orin2/ros2_ws'
[0.601s] Level 1:colcon.colcon_core.package_identification:_identify(.) by extensions ['ignore', 'ignore_ament_install']
[0.601s] Level 1:colcon.colcon_core.package_identification:_identify(.) by extension 'ignore'
[0.602s] Level 1:colcon.colcon_core.package_identification:_identify(.) by extension 'ignore_ament_install'
[0.602s] Level 1:colcon.colcon_core.package_identification:_identify(.) by extensions ['colcon_pkg']
[0.602s] Level 1:colcon.colcon_core.package_identification:_identify(.) by extension 'colcon_pkg'
[0.602s] Level 1:colcon.colcon_core.package_identification:_identify(.) by extensions ['colcon_meta']
[0.602s] Level 1:colcon.colcon_core.package_identification:_identify(.) by extension 'colcon_meta'
[0.602s] Level 1:colcon.colcon_core.package_identification:_identify(.) by extensions ['ros']
[0.602s] Level 1:colcon.colcon_core.package_identification:_identify(.) by extension 'ros'
[0.622s] Level 1:colcon.colcon_core.package_identification:_identify(.) by extensions ['cmake', 'python']
[0.622s] Level 1:colcon.colcon_core.package_identification:_identify(.) by extension 'cmake'
[0.622s] Level 1:colcon.colcon_core.package_identification:_identify(.) by extension 'python'
[0.622s] Level 1:colcon.colcon_core.package_identification:_identify(.) by extensions ['python_setup_py']
[0.622s] Level 1:colcon.colcon_core.package_identification:_identify(.) by extension 'python_setup_py'
[0.623s] Level 1:colcon.colcon_core.package_identification:_identify(build) by extensions ['ignore', 'ignore_ament_install']
[0.623s] Level 1:colcon.colcon_core.package_identification:_identify(build) by extension 'ignore'
[0.623s] Level 1:colcon.colcon_core.package_identification:_identify(build) ignored
[0.623s] Level 1:colcon.colcon_core.package_identification:_identify(install) by extensions ['ignore', 'ignore_ament_install']
[0.623s] Level 1:colcon.colcon_core.package_identification:_identify(install) by extension 'ignore'
[0.623s] Level 1:colcon.colcon_core.package_identification:_identify(install) ignored
[0.624s] Level 1:colcon.colcon_core.package_identification:_identify(log) by extensions ['ignore', 'ignore_ament_install']
[0.624s] Level 1:colcon.colcon_core.package_identification:_identify(log) by extension 'ignore'
[0.624s] Level 1:colcon.colcon_core.package_identification:_identify(log) ignored
[0.624s] Level 1:colcon.colcon_core.package_identification:_identify(src) by extensions ['ignore', 'ignore_ament_install']
[0.624s] Level 1:colcon.colcon_core.package_identification:_identify(src) by extension 'ignore'
[0.624s] Level 1:colcon.colcon_core.package_identification:_identify(src) by extension 'ignore_ament_install'
[0.624s] Level 1:colcon.colcon_core.package_identification:_identify(src) by extensions ['colcon_pkg']
[0.624s] Level 1:colcon.colcon_core.package_identification:_identify(src) by extension 'colcon_pkg'
[0.625s] Level 1:colcon.colcon_core.package_identification:_identify(src) by extensions ['colcon_meta']
[0.625s] Level 1:colcon.colcon_core.package_identification:_identify(src) by extension 'colcon_meta'
[0.625s] Level 1:colcon.colcon_core.package_identification:_identify(src) by extensions ['ros']
[0.625s] Level 1:colcon.colcon_core.package_identification:_identify(src) by extension 'ros'
[0.625s] Level 1:colcon.colcon_core.package_identification:_identify(src) by extensions ['cmake', 'python']
[0.625s] Level 1:colcon.colcon_core.package_identification:_identify(src) by extension 'cmake'
[0.625s] Level 1:colcon.colcon_core.package_identification:_identify(src) by extension 'python'
[0.625s] Level 1:colcon.colcon_core.package_identification:_identify(src) by extensions ['python_setup_py']
[0.625s] Level 1:colcon.colcon_core.package_identification:_identify(src) by extension 'python_setup_py'
[0.625s] Level 1:colcon.colcon_core.package_identification:_identify(src/coco_detector) by extensions ['ignore', 'ignore_ament_install']
[0.626s] Level 1:colcon.colcon_core.package_identification:_identify(src/coco_detector) by extension 'ignore'
[0.626s] Level 1:colcon.colcon_core.package_identification:_identify(src/coco_detector) by extension 'ignore_ament_install'
[0.626s] Level 1:colcon.colcon_core.package_identification:_identify(src/coco_detector) by extensions ['colcon_pkg']
[0.626s] Level 1:colcon.colcon_core.package_identification:_identify(src/coco_detector) by extension 'colcon_pkg'
[0.626s] Level 1:colcon.colcon_core.package_identification:_identify(src/coco_detector) by extensions ['colcon_meta']
[0.626s] Level 1:colcon.colcon_core.package_identification:_identify(src/coco_detector) by extension 'colcon_meta'
[0.626s] Level 1:colcon.colcon_core.package_identification:_identify(src/coco_detector) by extensions ['ros']
[0.626s] Level 1:colcon.colcon_core.package_identification:_identify(src/coco_detector) by extension 'ros'
[0.633s] DEBUG:colcon.colcon_core.package_identification:Package 'src/coco_detector' with type 'ros.ament_python' and name 'coco_detector'
[0.633s] Level 1:colcon.colcon_core.package_identification:_identify(src/doc_images) by extensions ['ignore', 'ignore_ament_install']
[0.633s] Level 1:colcon.colcon_core.package_identification:_identify(src/doc_images) by extension 'ignore'
[0.633s] Level 1:colcon.colcon_core.package_identification:_identify(src/doc_images) by extension 'ignore_ament_install'
[0.633s] Level 1:colcon.colcon_core.package_identification:_identify(src/doc_images) by extensions ['colcon_pkg']
[0.633s] Level 1:colcon.colcon_core.package_identification:_identify(src/doc_images) by extension 'colcon_pkg'
[0.633s] Level 1:colcon.colcon_core.package_identification:_identify(src/doc_images) by extensions ['colcon_meta']
[0.634s] Level 1:colcon.colcon_core.package_identification:_identify(src/doc_images) by extension 'colcon_meta'
[0.634s] Level 1:colcon.colcon_core.package_identification:_identify(src/doc_images) by extensions ['ros']
[0.634s] Level 1:colcon.colcon_core.package_identification:_identify(src/doc_images) by extension 'ros'
[0.634s] Level 1:colcon.colcon_core.package_identification:_identify(src/doc_images) by extensions ['cmake', 'python']
[0.634s] Level 1:colcon.colcon_core.package_identification:_identify(src/doc_images) by extension 'cmake'
[0.634s] Level 1:colcon.colcon_core.package_identification:_identify(src/doc_images) by extension 'python'
[0.634s] Level 1:colcon.colcon_core.package_identification:_identify(src/doc_images) by extensions ['python_setup_py']
[0.634s] Level 1:colcon.colcon_core.package_identification:_identify(src/doc_images) by extension 'python_setup_py'
[0.634s] Level 1:colcon.colcon_core.package_identification:_identify(src/docker) by extensions ['ignore', 'ignore_ament_install']
[0.635s] Level 1:colcon.colcon_core.package_identification:_identify(src/docker) by extension 'ignore'
[0.635s] Level 1:colcon.colcon_core.package_identification:_identify(src/docker) by extension 'ignore_ament_install'
[0.635s] Level 1:colcon.colcon_core.package_identification:_identify(src/docker) by extensions ['colcon_pkg']
[0.635s] Level 1:colcon.colcon_core.package_identification:_identify(src/docker) by extension 'colcon_pkg'
[0.635s] Level 1:colcon.colcon_core.package_identification:_identify(src/docker) by extensions ['colcon_meta']
[0.635s] Level 1:colcon.colcon_core.package_identification:_identify(src/docker) by extension 'colcon_meta'
[0.635s] Level 1:colcon.colcon_core.package_identification:_identify(src/docker) by extensions ['ros']
[0.635s] Level 1:colcon.colcon_core.package_identification:_identify(src/docker) by extension 'ros'
[0.635s] Level 1:colcon.colcon_core.package_identification:_identify(src/docker) by extensions ['cmake', 'python']
[0.635s] Level 1:colcon.colcon_core.package_identification:_identify(src/docker) by extension 'cmake'
[0.635s] Level 1:colcon.colcon_core.package_identification:_identify(src/docker) by extension 'python'
[0.635s] Level 1:colcon.colcon_core.package_identification:_identify(src/docker) by extensions ['python_setup_py']
[0.635s] Level 1:colcon.colcon_core.package_identification:_identify(src/docker) by extension 'python_setup_py'
[0.636s] Level 1:colcon.colcon_core.package_identification:_identify(src/go2_interfaces) by extensions ['ignore', 'ignore_ament_install']
[0.636s] Level 1:colcon.colcon_core.package_identification:_identify(src/go2_interfaces) by extension 'ignore'
[0.636s] Level 1:colcon.colcon_core.package_identification:_identify(src/go2_interfaces) by extension 'ignore_ament_install'
[0.636s] Level 1:colcon.colcon_core.package_identification:_identify(src/go2_interfaces) by extensions ['colcon_pkg']
[0.636s] Level 1:colcon.colcon_core.package_identification:_identify(src/go2_interfaces) by extension 'colcon_pkg'
[0.636s] Level 1:colcon.colcon_core.package_identification:_identify(src/go2_interfaces) by extensions ['colcon_meta']
[0.636s] Level 1:colcon.colcon_core.package_identification:_identify(src/go2_interfaces) by extension 'colcon_meta'
[0.636s] Level 1:colcon.colcon_core.package_identification:_identify(src/go2_interfaces) by extensions ['ros']
[0.636s] Level 1:colcon.colcon_core.package_identification:_identify(src/go2_interfaces) by extension 'ros'
[0.637s] DEBUG:colcon.colcon_core.package_identification:Package 'src/go2_interfaces' with type 'ros.ament_cmake' and name 'go2_interfaces'
[0.638s] Level 1:colcon.colcon_core.package_identification:_identify(src/go2_robot_sdk) by extensions ['ignore', 'ignore_ament_install']
[0.638s] Level 1:colcon.colcon_core.package_identification:_identify(src/go2_robot_sdk) by extension 'ignore'
[0.638s] Level 1:colcon.colcon_core.package_identification:_identify(src/go2_robot_sdk) by extension 'ignore_ament_install'
[0.638s] Level 1:colcon.colcon_core.package_identification:_identify(src/go2_robot_sdk) by extensions ['colcon_pkg']
[0.638s] Level 1:colcon.colcon_core.package_identification:_identify(src/go2_robot_sdk) by extension 'colcon_pkg'
[0.638s] Level 1:colcon.colcon_core.package_identification:_identify(src/go2_robot_sdk) by extensions ['colcon_meta']
[0.638s] Level 1:colcon.colcon_core.package_identification:_identify(src/go2_robot_sdk) by extension 'colcon_meta'
[0.638s] Level 1:colcon.colcon_core.package_identification:_identify(src/go2_robot_sdk) by extensions ['ros']
[0.638s] Level 1:colcon.colcon_core.package_identification:_identify(src/go2_robot_sdk) by extension 'ros'
[0.640s] DEBUG:colcon.colcon_core.package_identification:Package 'src/go2_robot_sdk' with type 'ros.ament_python' and name 'go2_robot_sdk'
[0.640s] Level 1:colcon.colcon_core.package_identification:_identify(src/unitree_go) by extensions ['ignore', 'ignore_ament_install']
[0.640s] Level 1:colcon.colcon_core.package_identification:_identify(src/unitree_go) by extension 'ignore'
[0.640s] Level 1:colcon.colcon_core.package_identification:_identify(src/unitree_go) by extension 'ignore_ament_install'
[0.641s] Level 1:colcon.colcon_core.package_identification:_identify(src/unitree_go) by extensions ['colcon_pkg']
[0.641s] Level 1:colcon.colcon_core.package_identification:_identify(src/unitree_go) by extension 'colcon_pkg'
[0.641s] Level 1:colcon.colcon_core.package_identification:_identify(src/unitree_go) by extensions ['colcon_meta']
[0.641s] Level 1:colcon.colcon_core.package_identification:_identify(src/unitree_go) by extension 'colcon_meta'
[0.641s] Level 1:colcon.colcon_core.package_identification:_identify(src/unitree_go) by extensions ['ros']
[0.641s] Level 1:colcon.colcon_core.package_identification:_identify(src/unitree_go) by extension 'ros'
[0.667s] DEBUG:colcon.colcon_core.package_identification:Package 'src/unitree_go' with type 'ros.ament_cmake' and name 'unitree_go'
[0.667s] Level 1:colcon.colcon_core.package_discovery:discover_packages(recursive) using defaults
[0.667s] Level 1:colcon.colcon_core.package_discovery:discover_packages(ignore) discover
[0.667s] Level 1:colcon.colcon_core.package_discovery:discover_packages(ignore) using defaults
[0.667s] Level 1:colcon.colcon_core.package_discovery:discover_packages(path) discover
[0.667s] Level 1:colcon.colcon_core.package_discovery:discover_packages(path) using defaults
[0.706s] Level 1:colcon.colcon_core.package_discovery:discover_packages(prefix_path) check parameters
[0.707s] Level 1:colcon.colcon_core.package_discovery:discover_packages(prefix_path) discover
[0.708s] WARNING:colcon.colcon_core.prefix_path.colcon:The path '/home/orin2/unitree_ros2/install' in the environment variable COLCON_PREFIX_PATH doesn't exist
[0.710s] WARNING:colcon.colcon_ros.prefix_path.ament:The path '/home/orin2/unitree_ros2/install/unitree_hg' in the environment variable AMENT_PREFIX_PATH doesn't exist
[0.710s] WARNING:colcon.colcon_ros.prefix_path.ament:The path '/home/orin2/unitree_ros2/install/unitree_go' in the environment variable AMENT_PREFIX_PATH doesn't exist
[0.710s] WARNING:colcon.colcon_ros.prefix_path.ament:The path '/home/orin2/unitree_ros2/install/unitree_api' in the environment variable AMENT_PREFIX_PATH doesn't exist
[0.710s] WARNING:colcon.colcon_ros.prefix_path.ament:The path '/home/orin2/unitree_ros2/install/rmw_cyclonedds_cpp' in the environment variable AMENT_PREFIX_PATH doesn't exist
[0.712s] WARNING:colcon.colcon_ros.prefix_path.catkin:The path '/home/orin2/unitree_ros2/install/unitree_hg' in the environment variable CMAKE_PREFIX_PATH doesn't exist
[0.712s] WARNING:colcon.colcon_ros.prefix_path.catkin:The path '/home/orin2/unitree_ros2/install/unitree_go' in the environment variable CMAKE_PREFIX_PATH doesn't exist
[0.712s] WARNING:colcon.colcon_ros.prefix_path.catkin:The path '/home/orin2/unitree_ros2/install/unitree_api' in the environment variable CMAKE_PREFIX_PATH doesn't exist
[0.713s] WARNING:colcon.colcon_ros.prefix_path.catkin:The path '/home/orin2/unitree_ros2/install/rmw_cyclonedds_cpp' in the environment variable CMAKE_PREFIX_PATH doesn't exist
[0.713s] WARNING:colcon.colcon_ros.prefix_path.catkin:The path '/home/orin2/unitree_ros2/install/cyclonedds' in the environment variable CMAKE_PREFIX_PATH doesn't exist
[0.713s] WARNING:colcon.colcon_ros.prefix_path.catkin:The path '/home/orin2/unitree_ros2/cyclonedds_ws/src/cyclonedds/install' in the environment variable CMAKE_PREFIX_PATH doesn't exist
[0.714s] DEBUG:colcon.colcon_installed_package_information.package_discovery:Found 5 installed packages in /home/orin2/unitree_ros2/cyclonedds_ws/install
[0.717s] DEBUG:colcon.colcon_installed_package_information.package_discovery:Found 29 installed packages in /home/orin2/slam_ws/install
[0.718s] DEBUG:colcon.colcon_installed_package_information.package_discovery:Found 1 installed packages in /home/orin2/ws_livox/install
[0.719s] DEBUG:colcon.colcon_installed_package_information.package_discovery:Found 13 installed packages in /home/orin2/go2_ws/install
[0.722s] DEBUG:colcon.colcon_installed_package_information.package_discovery:Found 328 installed packages in /opt/ros/humble
[0.724s] Level 1:colcon.colcon_core.package_discovery:discover_packages(prefix_path) using defaults
[0.808s] Level 5:colcon.colcon_core.verb:set package 'coco_detector' build argument 'cmake_args' from command line to 'None'
[0.808s] Level 5:colcon.colcon_core.verb:set package 'coco_detector' build argument 'cmake_target' from command line to 'None'
[0.808s] Level 5:colcon.colcon_core.verb:set package 'coco_detector' build argument 'cmake_target_skip_unavailable' from command line to 'False'
[0.808s] Level 5:colcon.colcon_core.verb:set package 'coco_detector' build argument 'cmake_clean_cache' from command line to 'False'
[0.808s] Level 5:colcon.colcon_core.verb:set package 'coco_detector' build argument 'cmake_clean_first' from command line to 'False'
[0.808s] Level 5:colcon.colcon_core.verb:set package 'coco_detector' build argument 'cmake_force_configure' from command line to 'False'
[0.809s] Level 5:colcon.colcon_core.verb:set package 'coco_detector' build argument 'ament_cmake_args' from command line to 'None'
[0.809s] Level 5:colcon.colcon_core.verb:set package 'coco_detector' build argument 'catkin_cmake_args' from command line to 'None'
[0.809s] Level 5:colcon.colcon_core.verb:set package 'coco_detector' build argument 'catkin_skip_building_tests' from command line to 'False'
[0.809s] DEBUG:colcon.colcon_core.verb:Building package 'coco_detector' with the following arguments: {'ament_cmake_args': None, 'build_base': '/home/orin2/ros2_ws/build/coco_detector', 'catkin_cmake_args': None, 'catkin_skip_building_tests': False, 'cmake_args': None, 'cmake_clean_cache': False, 'cmake_clean_first': False, 'cmake_force_configure': False, 'cmake_target': None, 'cmake_target_skip_unavailable': False, 'install_base': '/home/orin2/ros2_ws/install/coco_detector', 'merge_install': False, 'path': '/home/orin2/ros2_ws/src/coco_detector', 'symlink_install': False, 'test_result_base': None}
[0.809s] Level 5:colcon.colcon_core.verb:set package 'go2_interfaces' build argument 'cmake_args' from command line to 'None'
[0.809s] Level 5:colcon.colcon_core.verb:set package 'go2_interfaces' build argument 'cmake_target' from command line to 'None'
[0.809s] Level 5:colcon.colcon_core.verb:set package 'go2_interfaces' build argument 'cmake_target_skip_unavailable' from command line to 'False'
[0.809s] Level 5:colcon.colcon_core.verb:set package 'go2_interfaces' build argument 'cmake_clean_cache' from command line to 'False'
[0.809s] Level 5:colcon.colcon_core.verb:set package 'go2_interfaces' build argument 'cmake_clean_first' from command line to 'False'
[0.810s] Level 5:colcon.colcon_core.verb:set package 'go2_interfaces' build argument 'cmake_force_configure' from command line to 'False'
[0.810s] Level 5:colcon.colcon_core.verb:set package 'go2_interfaces' build argument 'ament_cmake_args' from command line to 'None'
[0.810s] Level 5:colcon.colcon_core.verb:set package 'go2_interfaces' build argument 'catkin_cmake_args' from command line to 'None'
[0.810s] Level 5:colcon.colcon_core.verb:set package 'go2_interfaces' build argument 'catkin_skip_building_tests' from command line to 'False'
[0.810s] DEBUG:colcon.colcon_core.verb:Building package 'go2_interfaces' with the following arguments: {'ament_cmake_args': None, 'build_base': '/home/orin2/ros2_ws/build/go2_interfaces', 'catkin_cmake_args': None, 'catkin_skip_building_tests': False, 'cmake_args': None, 'cmake_clean_cache': False, 'cmake_clean_first': False, 'cmake_force_configure': False, 'cmake_target': None, 'cmake_target_skip_unavailable': False, 'install_base': '/home/orin2/ros2_ws/install/go2_interfaces', 'merge_install': False, 'path': '/home/orin2/ros2_ws/src/go2_interfaces', 'symlink_install': False, 'test_result_base': None}
[0.810s] Level 5:colcon.colcon_core.verb:set package 'unitree_go' build argument 'cmake_args' from command line to 'None'
[0.810s] Level 5:colcon.colcon_core.verb:set package 'unitree_go' build argument 'cmake_target' from command line to 'None'
[0.810s] Level 5:colcon.colcon_core.verb:set package 'unitree_go' build argument 'cmake_target_skip_unavailable' from command line to 'False'
[0.810s] Level 5:colcon.colcon_core.verb:set package 'unitree_go' build argument 'cmake_clean_cache' from command line to 'False'
[0.810s] Level 5:colcon.colcon_core.verb:set package 'unitree_go' build argument 'cmake_clean_first' from command line to 'False'
[0.811s] Level 5:colcon.colcon_core.verb:set package 'unitree_go' build argument 'cmake_force_configure' from command line to 'False'
[0.811s] Level 5:colcon.colcon_core.verb:set package 'unitree_go' build argument 'ament_cmake_args' from command line to 'None'
[0.811s] Level 5:colcon.colcon_core.verb:set package 'unitree_go' build argument 'catkin_cmake_args' from command line to 'None'
[0.811s] Level 5:colcon.colcon_core.verb:set package 'unitree_go' build argument 'catkin_skip_building_tests' from command line to 'False'
[0.811s] DEBUG:colcon.colcon_core.verb:Building package 'unitree_go' with the following arguments: {'ament_cmake_args': None, 'build_base': '/home/orin2/ros2_ws/build/unitree_go', 'catkin_cmake_args': None, 'catkin_skip_building_tests': False, 'cmake_args': None, 'cmake_clean_cache': False, 'cmake_clean_first': False, 'cmake_force_configure': False, 'cmake_target': None, 'cmake_target_skip_unavailable': False, 'install_base': '/home/orin2/ros2_ws/install/unitree_go', 'merge_install': False, 'path': '/home/orin2/ros2_ws/src/unitree_go', 'symlink_install': False, 'test_result_base': None}
[0.811s] Level 5:colcon.colcon_core.verb:set package 'go2_robot_sdk' build argument 'cmake_args' from command line to 'None'
[0.811s] Level 5:colcon.colcon_core.verb:set package 'go2_robot_sdk' build argument 'cmake_target' from command line to 'None'
[0.811s] Level 5:colcon.colcon_core.verb:set package 'go2_robot_sdk' build argument 'cmake_target_skip_unavailable' from command line to 'False'
[0.811s] Level 5:colcon.colcon_core.verb:set package 'go2_robot_sdk' build argument 'cmake_clean_cache' from command line to 'False'
[0.811s] Level 5:colcon.colcon_core.verb:set package 'go2_robot_sdk' build argument 'cmake_clean_first' from command line to 'False'
[0.811s] Level 5:colcon.colcon_core.verb:set package 'go2_robot_sdk' build argument 'cmake_force_configure' from command line to 'False'
[0.811s] Level 5:colcon.colcon_core.verb:set package 'go2_robot_sdk' build argument 'ament_cmake_args' from command line to 'None'
[0.812s] Level 5:colcon.colcon_core.verb:set package 'go2_robot_sdk' build argument 'catkin_cmake_args' from command line to 'None'
[0.812s] Level 5:colcon.colcon_core.verb:set package 'go2_robot_sdk' build argument 'catkin_skip_building_tests' from command line to 'False'
[0.812s] DEBUG:colcon.colcon_core.verb:Building package 'go2_robot_sdk' with the following arguments: {'ament_cmake_args': None, 'build_base': '/home/orin2/ros2_ws/build/go2_robot_sdk', 'catkin_cmake_args': None, 'catkin_skip_building_tests': False, 'cmake_args': None, 'cmake_clean_cache': False, 'cmake_clean_first': False, 'cmake_force_configure': False, 'cmake_target': None, 'cmake_target_skip_unavailable': False, 'install_base': '/home/orin2/ros2_ws/install/go2_robot_sdk', 'merge_install': False, 'path': '/home/orin2/ros2_ws/src/go2_robot_sdk', 'symlink_install': False, 'test_result_base': None}
[0.812s] INFO:colcon.colcon_core.executor:Executing jobs using 'parallel' executor
[0.814s] DEBUG:colcon.colcon_parallel_executor.executor.parallel:run_until_complete
[0.815s] INFO:colcon.colcon_ros.task.ament_cmake.build:Building ROS package in '/home/orin2/ros2_ws/src/go2_interfaces' with build type 'ament_cmake'
[0.815s] INFO:colcon.colcon_cmake.task.cmake.build:Building CMake package in '/home/orin2/ros2_ws/src/go2_interfaces'
[0.819s] INFO:colcon.colcon_core.plugin_system:Skipping extension 'colcon_core.shell.bat': Not used on non-Windows systems
[0.820s] INFO:colcon.colcon_core.shell:Skip shell extension 'powershell' for command environment: Not usable outside of PowerShell
[0.820s] DEBUG:colcon.colcon_core.shell:Skip shell extension 'dsv' for command environment
[0.834s] INFO:colcon.colcon_ros.task.ament_cmake.build:Building ROS package in '/home/orin2/ros2_ws/src/unitree_go' with build type 'ament_cmake'
[0.834s] INFO:colcon.colcon_cmake.task.cmake.build:Building CMake package in '/home/orin2/ros2_ws/src/unitree_go'
[0.835s] INFO:colcon.colcon_core.shell:Skip shell extension 'powershell' for command environment: Not usable outside of PowerShell
[0.835s] DEBUG:colcon.colcon_core.shell:Skip shell extension 'dsv' for command environment
[0.847s] INFO:colcon.colcon_ros.task.ament_python.build:Building ROS package in '/home/orin2/ros2_ws/src/coco_detector' with build type 'ament_python'
[0.848s] Level 1:colcon.colcon_core.shell:create_environment_hook('coco_detector', 'ament_prefix_path')
[0.848s] INFO:colcon.colcon_core.shell:Creating environment hook '/home/orin2/ros2_ws/install/coco_detector/share/coco_detector/hook/ament_prefix_path.ps1'
[0.850s] INFO:colcon.colcon_core.shell:Creating environment descriptor '/home/orin2/ros2_ws/install/coco_detector/share/coco_detector/hook/ament_prefix_path.dsv'
[0.850s] INFO:colcon.colcon_core.shell:Creating environment hook '/home/orin2/ros2_ws/install/coco_detector/share/coco_detector/hook/ament_prefix_path.sh'
[0.852s] INFO:colcon.colcon_core.shell:Skip shell extension 'powershell' for command environment: Not usable outside of PowerShell
[0.852s] DEBUG:colcon.colcon_core.shell:Skip shell extension 'dsv' for command environment
[0.876s] DEBUG:colcon.colcon_core.event_handler.log_command:Invoking command in '/home/orin2/ros2_ws/build/go2_interfaces': CMAKE_PREFIX_PATH=${CMAKE_PREFIX_PATH}:/home/orin2/slam_ws/install/transform_sensors:/home/orin2/slam_ws/install/ros_tcp_endpoint:/opt/ros/humble /usr/bin/cmake --build /home/orin2/ros2_ws/build/go2_interfaces -- -j8 -l8
[0.882s] DEBUG:colcon.colcon_core.event_handler.log_command:Invoking command in '/home/orin2/ros2_ws/build/unitree_go': CMAKE_PREFIX_PATH=${CMAKE_PREFIX_PATH}:/home/orin2/slam_ws/install/transform_sensors:/home/orin2/slam_ws/install/ros_tcp_endpoint:/opt/ros/humble /usr/bin/cmake --build /home/orin2/ros2_ws/build/unitree_go -- -j8 -l8
[1.527s] INFO:colcon.colcon_core.task.python.build:Building Python package in '/home/orin2/ros2_ws/src/coco_detector'
[1.527s] INFO:colcon.colcon_core.shell:Skip shell extension 'powershell' for command environment: Not usable outside of PowerShell
[1.528s] DEBUG:colcon.colcon_core.shell:Skip shell extension 'dsv' for command environment
[2.565s] DEBUG:colcon.colcon_core.event_handler.log_command:Invoking command in '/home/orin2/ros2_ws/src/coco_detector': PYTHONPATH=/home/orin2/ros2_ws/build/coco_detector/prefix_override:/usr/lib/python3/dist-packages/colcon_core/task/python/colcon_distutils_commands:/home/orin2/ros2_ws/install/coco_detector/lib/python3.10/site-packages:${PYTHONPATH} /usr/bin/python3 -W ignore:setup.py install is deprecated -W ignore:easy_install command is deprecated setup.py egg_info --egg-base ../../build/coco_detector build --build-base /home/orin2/ros2_ws/build/coco_detector/build install --record /home/orin2/ros2_ws/build/coco_detector/install.log --single-version-externally-managed install_data
[3.483s] Level 1:colcon.colcon_core.environment:checking '/home/orin2/ros2_ws/install/coco_detector' for CMake module files
[3.484s] Level 1:colcon.colcon_core.environment:checking '/home/orin2/ros2_ws/install/coco_detector' for CMake config files
[3.485s] DEBUG:colcon.colcon_core.event_handler.log_command:Invoked command in '/home/orin2/ros2_ws/src/coco_detector' returned '0': PYTHONPATH=/home/orin2/ros2_ws/build/coco_detector/prefix_override:/usr/lib/python3/dist-packages/colcon_core/task/python/colcon_distutils_commands:/home/orin2/ros2_ws/install/coco_detector/lib/python3.10/site-packages:${PYTHONPATH} /usr/bin/python3 -W ignore:setup.py install is deprecated -W ignore:easy_install command is deprecated setup.py egg_info --egg-base ../../build/coco_detector build --build-base /home/orin2/ros2_ws/build/coco_detector/build install --record /home/orin2/ros2_ws/build/coco_detector/install.log --single-version-externally-managed install_data
[3.486s] Level 1:colcon.colcon_core.environment:checking '/home/orin2/ros2_ws/install/coco_detector/lib'
[3.487s] Level 1:colcon.colcon_core.environment:checking '/home/orin2/ros2_ws/install/coco_detector/bin'
[3.487s] Level 1:colcon.colcon_core.environment:checking '/home/orin2/ros2_ws/install/coco_detector/lib/pkgconfig/coco_detector.pc'
[3.487s] Level 1:colcon.colcon_core.environment:checking '/home/orin2/ros2_ws/install/coco_detector/lib/python3.10/site-packages'
[3.487s] Level 1:colcon.colcon_core.shell:create_environment_hook('coco_detector', 'pythonpath')
[3.488s] INFO:colcon.colcon_core.shell:Creating environment hook '/home/orin2/ros2_ws/install/coco_detector/share/coco_detector/hook/pythonpath.ps1'
[3.489s] INFO:colcon.colcon_core.shell:Creating environment descriptor '/home/orin2/ros2_ws/install/coco_detector/share/coco_detector/hook/pythonpath.dsv'
[3.495s] INFO:colcon.colcon_core.shell:Creating environment hook '/home/orin2/ros2_ws/install/coco_detector/share/coco_detector/hook/pythonpath.sh'
[3.497s] Level 1:colcon.colcon_core.environment:checking '/home/orin2/ros2_ws/install/coco_detector/bin'
[3.497s] Level 1:colcon.colcon_core.environment:create_environment_scripts_only(coco_detector)
[3.498s] INFO:colcon.colcon_core.shell:Creating package script '/home/orin2/ros2_ws/install/coco_detector/share/coco_detector/package.ps1'
[3.500s] INFO:colcon.colcon_core.shell:Creating package descriptor '/home/orin2/ros2_ws/install/coco_detector/share/coco_detector/package.dsv'
[3.502s] INFO:colcon.colcon_core.shell:Creating package script '/home/orin2/ros2_ws/install/coco_detector/share/coco_detector/package.sh'
[3.504s] INFO:colcon.colcon_core.shell:Creating package script '/home/orin2/ros2_ws/install/coco_detector/share/coco_detector/package.bash'
[3.506s] INFO:colcon.colcon_core.shell:Creating package script '/home/orin2/ros2_ws/install/coco_detector/share/coco_detector/package.zsh'
[3.507s] Level 1:colcon.colcon_core.environment:create_file_with_runtime_dependencies(/home/orin2/ros2_ws/install/coco_detector/share/colcon-core/packages/coco_detector)
[9.384s] DEBUG:colcon.colcon_core.event_handler.log_command:Invoked command in '/home/orin2/ros2_ws/build/go2_interfaces' returned '0': CMAKE_PREFIX_PATH=${CMAKE_PREFIX_PATH}:/home/orin2/slam_ws/install/transform_sensors:/home/orin2/slam_ws/install/ros_tcp_endpoint:/opt/ros/humble /usr/bin/cmake --build /home/orin2/ros2_ws/build/go2_interfaces -- -j8 -l8
[9.408s] DEBUG:colcon.colcon_core.event_handler.log_command:Invoking command in '/home/orin2/ros2_ws/build/go2_interfaces': CMAKE_PREFIX_PATH=${CMAKE_PREFIX_PATH}:/home/orin2/slam_ws/install/transform_sensors:/home/orin2/slam_ws/install/ros_tcp_endpoint:/opt/ros/humble /usr/bin/cmake --install /home/orin2/ros2_ws/build/go2_interfaces
[9.622s] Level 1:colcon.colcon_core.environment:create_environment_scripts_only(go2_interfaces)
[9.623s] Level 1:colcon.colcon_core.environment:checking '/home/orin2/ros2_ws/install/go2_interfaces' for CMake module files
[9.624s] DEBUG:colcon.colcon_core.event_handler.log_command:Invoked command in '/home/orin2/ros2_ws/build/go2_interfaces' returned '0': CMAKE_PREFIX_PATH=${CMAKE_PREFIX_PATH}:/home/orin2/slam_ws/install/transform_sensors:/home/orin2/slam_ws/install/ros_tcp_endpoint:/opt/ros/humble /usr/bin/cmake --install /home/orin2/ros2_ws/build/go2_interfaces
[9.626s] Level 1:colcon.colcon_core.environment:checking '/home/orin2/ros2_ws/install/go2_interfaces' for CMake config files
[9.626s] Level 1:colcon.colcon_core.shell:create_environment_hook('go2_interfaces', 'cmake_prefix_path')
[9.627s] INFO:colcon.colcon_core.shell:Creating environment hook '/home/orin2/ros2_ws/install/go2_interfaces/share/go2_interfaces/hook/cmake_prefix_path.ps1'
[9.629s] INFO:colcon.colcon_core.shell:Creating environment descriptor '/home/orin2/ros2_ws/install/go2_interfaces/share/go2_interfaces/hook/cmake_prefix_path.dsv'
[9.630s] INFO:colcon.colcon_core.shell:Creating environment hook '/home/orin2/ros2_ws/install/go2_interfaces/share/go2_interfaces/hook/cmake_prefix_path.sh'
[9.631s] Level 1:colcon.colcon_core.environment:checking '/home/orin2/ros2_ws/install/go2_interfaces/lib'
[9.631s] Level 1:colcon.colcon_core.shell:create_environment_hook('go2_interfaces', 'ld_library_path_lib')
[9.631s] INFO:colcon.colcon_core.shell:Creating environment hook '/home/orin2/ros2_ws/install/go2_interfaces/share/go2_interfaces/hook/ld_library_path_lib.ps1'
[9.632s] INFO:colcon.colcon_core.shell:Creating environment descriptor '/home/orin2/ros2_ws/install/go2_interfaces/share/go2_interfaces/hook/ld_library_path_lib.dsv'
[9.633s] INFO:colcon.colcon_core.shell:Creating environment hook '/home/orin2/ros2_ws/install/go2_interfaces/share/go2_interfaces/hook/ld_library_path_lib.sh'
[9.634s] Level 1:colcon.colcon_core.environment:checking '/home/orin2/ros2_ws/install/go2_interfaces/bin'
[9.634s] Level 1:colcon.colcon_core.environment:checking '/home/orin2/ros2_ws/install/go2_interfaces/lib/pkgconfig/go2_interfaces.pc'
[9.635s] Level 1:colcon.colcon_core.environment:checking '/home/orin2/ros2_ws/install/go2_interfaces/lib/python3.10/site-packages'
[9.635s] Level 1:colcon.colcon_core.environment:checking '/home/orin2/ros2_ws/install/go2_interfaces/bin'
[9.636s] INFO:colcon.colcon_core.shell:Creating package script '/home/orin2/ros2_ws/install/go2_interfaces/share/go2_interfaces/package.ps1'
[9.637s] INFO:colcon.colcon_core.shell:Creating package descriptor '/home/orin2/ros2_ws/install/go2_interfaces/share/go2_interfaces/package.dsv'
[9.638s] INFO:colcon.colcon_core.shell:Creating package script '/home/orin2/ros2_ws/install/go2_interfaces/share/go2_interfaces/package.sh'
[9.640s] INFO:colcon.colcon_core.shell:Creating package script '/home/orin2/ros2_ws/install/go2_interfaces/share/go2_interfaces/package.bash'
[9.655s] INFO:colcon.colcon_core.shell:Creating package script '/home/orin2/ros2_ws/install/go2_interfaces/share/go2_interfaces/package.zsh'
[9.656s] Level 1:colcon.colcon_core.environment:create_file_with_runtime_dependencies(/home/orin2/ros2_ws/install/go2_interfaces/share/colcon-core/packages/go2_interfaces)
[9.658s] Level 1:colcon.colcon_core.environment:create_environment_scripts_only(go2_interfaces)
[9.658s] Level 1:colcon.colcon_core.environment:checking '/home/orin2/ros2_ws/install/go2_interfaces' for CMake module files
[9.659s] Level 1:colcon.colcon_core.environment:checking '/home/orin2/ros2_ws/install/go2_interfaces' for CMake config files
[9.660s] Level 1:colcon.colcon_core.shell:create_environment_hook('go2_interfaces', 'cmake_prefix_path')
[9.660s] INFO:colcon.colcon_core.shell:Creating environment hook '/home/orin2/ros2_ws/install/go2_interfaces/share/go2_interfaces/hook/cmake_prefix_path.ps1'
[9.661s] INFO:colcon.colcon_core.shell:Creating environment descriptor '/home/orin2/ros2_ws/install/go2_interfaces/share/go2_interfaces/hook/cmake_prefix_path.dsv'
[9.662s] INFO:colcon.colcon_core.shell:Creating environment hook '/home/orin2/ros2_ws/install/go2_interfaces/share/go2_interfaces/hook/cmake_prefix_path.sh'
[9.664s] Level 1:colcon.colcon_core.environment:checking '/home/orin2/ros2_ws/install/go2_interfaces/lib'
[9.664s] Level 1:colcon.colcon_core.shell:create_environment_hook('go2_interfaces', 'ld_library_path_lib')
[9.665s] INFO:colcon.colcon_core.shell:Creating environment hook '/home/orin2/ros2_ws/install/go2_interfaces/share/go2_interfaces/hook/ld_library_path_lib.ps1'
[9.665s] INFO:colcon.colcon_core.shell:Creating environment descriptor '/home/orin2/ros2_ws/install/go2_interfaces/share/go2_interfaces/hook/ld_library_path_lib.dsv'
[9.666s] INFO:colcon.colcon_core.shell:Creating environment hook '/home/orin2/ros2_ws/install/go2_interfaces/share/go2_interfaces/hook/ld_library_path_lib.sh'
[9.667s] Level 1:colcon.colcon_core.environment:checking '/home/orin2/ros2_ws/install/go2_interfaces/bin'
[9.668s] Level 1:colcon.colcon_core.environment:checking '/home/orin2/ros2_ws/install/go2_interfaces/lib/pkgconfig/go2_interfaces.pc'
[9.668s] Level 1:colcon.colcon_core.environment:checking '/home/orin2/ros2_ws/install/go2_interfaces/lib/python3.10/site-packages'
[9.668s] Level 1:colcon.colcon_core.environment:checking '/home/orin2/ros2_ws/install/go2_interfaces/bin'
[9.669s] INFO:colcon.colcon_core.shell:Creating package script '/home/orin2/ros2_ws/install/go2_interfaces/share/go2_interfaces/package.ps1'
[9.671s] INFO:colcon.colcon_core.shell:Creating package descriptor '/home/orin2/ros2_ws/install/go2_interfaces/share/go2_interfaces/package.dsv'
[9.672s] INFO:colcon.colcon_core.shell:Creating package script '/home/orin2/ros2_ws/install/go2_interfaces/share/go2_interfaces/package.sh'
[9.673s] INFO:colcon.colcon_core.shell:Creating package script '/home/orin2/ros2_ws/install/go2_interfaces/share/go2_interfaces/package.bash'
[9.675s] INFO:colcon.colcon_core.shell:Creating package script '/home/orin2/ros2_ws/install/go2_interfaces/share/go2_interfaces/package.zsh'
[9.677s] Level 1:colcon.colcon_core.environment:create_file_with_runtime_dependencies(/home/orin2/ros2_ws/install/go2_interfaces/share/colcon-core/packages/go2_interfaces)
[30.000s] DEBUG:colcon.colcon_core.event_handler.log_command:Invoked command in '/home/orin2/ros2_ws/build/unitree_go' returned '0': CMAKE_PREFIX_PATH=${CMAKE_PREFIX_PATH}:/home/orin2/slam_ws/install/transform_sensors:/home/orin2/slam_ws/install/ros_tcp_endpoint:/opt/ros/humble /usr/bin/cmake --build /home/orin2/ros2_ws/build/unitree_go -- -j8 -l8
[30.006s] DEBUG:colcon.colcon_core.event_handler.log_command:Invoking command in '/home/orin2/ros2_ws/build/unitree_go': CMAKE_PREFIX_PATH=${CMAKE_PREFIX_PATH}:/home/orin2/slam_ws/install/transform_sensors:/home/orin2/slam_ws/install/ros_tcp_endpoint:/opt/ros/humble /usr/bin/cmake --install /home/orin2/ros2_ws/build/unitree_go
[30.318s] Level 1:colcon.colcon_core.environment:create_environment_scripts_only(unitree_go)
[30.318s] Level 1:colcon.colcon_core.environment:checking '/home/orin2/ros2_ws/install/unitree_go' for CMake module files
[30.320s] DEBUG:colcon.colcon_core.event_handler.log_command:Invoked command in '/home/orin2/ros2_ws/build/unitree_go' returned '0': CMAKE_PREFIX_PATH=${CMAKE_PREFIX_PATH}:/home/orin2/slam_ws/install/transform_sensors:/home/orin2/slam_ws/install/ros_tcp_endpoint:/opt/ros/humble /usr/bin/cmake --install /home/orin2/ros2_ws/build/unitree_go
[30.322s] Level 1:colcon.colcon_core.environment:checking '/home/orin2/ros2_ws/install/unitree_go' for CMake config files
[30.324s] Level 1:colcon.colcon_core.shell:create_environment_hook('unitree_go', 'cmake_prefix_path')
[30.325s] INFO:colcon.colcon_core.shell:Creating environment hook '/home/orin2/ros2_ws/install/unitree_go/share/unitree_go/hook/cmake_prefix_path.ps1'
[30.326s] INFO:colcon.colcon_core.shell:Creating environment descriptor '/home/orin2/ros2_ws/install/unitree_go/share/unitree_go/hook/cmake_prefix_path.dsv'
[30.328s] INFO:colcon.colcon_core.shell:Creating environment hook '/home/orin2/ros2_ws/install/unitree_go/share/unitree_go/hook/cmake_prefix_path.sh'
[30.330s] Level 1:colcon.colcon_core.environment:checking '/home/orin2/ros2_ws/install/unitree_go/lib'
[30.330s] Level 1:colcon.colcon_core.shell:create_environment_hook('unitree_go', 'ld_library_path_lib')
[30.331s] INFO:colcon.colcon_core.shell:Creating environment hook '/home/orin2/ros2_ws/install/unitree_go/share/unitree_go/hook/ld_library_path_lib.ps1'
[30.332s] INFO:colcon.colcon_core.shell:Creating environment descriptor '/home/orin2/ros2_ws/install/unitree_go/share/unitree_go/hook/ld_library_path_lib.dsv'
[30.334s] INFO:colcon.colcon_core.shell:Creating environment hook '/home/orin2/ros2_ws/install/unitree_go/share/unitree_go/hook/ld_library_path_lib.sh'
[30.335s] Level 1:colcon.colcon_core.environment:checking '/home/orin2/ros2_ws/install/unitree_go/bin'
[30.336s] Level 1:colcon.colcon_core.environment:checking '/home/orin2/ros2_ws/install/unitree_go/lib/pkgconfig/unitree_go.pc'
[30.337s] Level 1:colcon.colcon_core.environment:checking '/home/orin2/ros2_ws/install/unitree_go/lib/python3.10/site-packages'
[30.338s] Level 1:colcon.colcon_core.environment:checking '/home/orin2/ros2_ws/install/unitree_go/bin'
[30.339s] INFO:colcon.colcon_core.shell:Creating package script '/home/orin2/ros2_ws/install/unitree_go/share/unitree_go/package.ps1'
[30.341s] INFO:colcon.colcon_core.shell:Creating package descriptor '/home/orin2/ros2_ws/install/unitree_go/share/unitree_go/package.dsv'
[30.343s] INFO:colcon.colcon_core.shell:Creating package script '/home/orin2/ros2_ws/install/unitree_go/share/unitree_go/package.sh'
[30.345s] INFO:colcon.colcon_core.shell:Creating package script '/home/orin2/ros2_ws/install/unitree_go/share/unitree_go/package.bash'
[30.346s] INFO:colcon.colcon_core.shell:Creating package script '/home/orin2/ros2_ws/install/unitree_go/share/unitree_go/package.zsh'
[30.348s] Level 1:colcon.colcon_core.environment:create_file_with_runtime_dependencies(/home/orin2/ros2_ws/install/unitree_go/share/colcon-core/packages/unitree_go)
[30.350s] Level 1:colcon.colcon_core.environment:create_environment_scripts_only(unitree_go)
[30.351s] Level 1:colcon.colcon_core.environment:checking '/home/orin2/ros2_ws/install/unitree_go' for CMake module files
[30.353s] Level 1:colcon.colcon_core.environment:checking '/home/orin2/ros2_ws/install/unitree_go' for CMake config files
[30.355s] Level 1:colcon.colcon_core.shell:create_environment_hook('unitree_go', 'cmake_prefix_path')
[30.356s] INFO:colcon.colcon_core.shell:Creating environment hook '/home/orin2/ros2_ws/install/unitree_go/share/unitree_go/hook/cmake_prefix_path.ps1'
[30.357s] INFO:colcon.colcon_core.shell:Creating environment descriptor '/home/orin2/ros2_ws/install/unitree_go/share/unitree_go/hook/cmake_prefix_path.dsv'
[30.359s] INFO:colcon.colcon_core.shell:Creating environment hook '/home/orin2/ros2_ws/install/unitree_go/share/unitree_go/hook/cmake_prefix_path.sh'
[30.361s] Level 1:colcon.colcon_core.environment:checking '/home/orin2/ros2_ws/install/unitree_go/lib'
[30.361s] Level 1:colcon.colcon_core.shell:create_environment_hook('unitree_go', 'ld_library_path_lib')
[30.362s] INFO:colcon.colcon_core.shell:Creating environment hook '/home/orin2/ros2_ws/install/unitree_go/share/unitree_go/hook/ld_library_path_lib.ps1'
[30.363s] INFO:colcon.colcon_core.shell:Creating environment descriptor '/home/orin2/ros2_ws/install/unitree_go/share/unitree_go/hook/ld_library_path_lib.dsv'
[30.364s] INFO:colcon.colcon_core.shell:Creating environment hook '/home/orin2/ros2_ws/install/unitree_go/share/unitree_go/hook/ld_library_path_lib.sh'
[30.366s] Level 1:colcon.colcon_core.environment:checking '/home/orin2/ros2_ws/install/unitree_go/bin'
[30.366s] Level 1:colcon.colcon_core.environment:checking '/home/orin2/ros2_ws/install/unitree_go/lib/pkgconfig/unitree_go.pc'
[30.367s] Level 1:colcon.colcon_core.environment:checking '/home/orin2/ros2_ws/install/unitree_go/lib/python3.10/site-packages'
[30.368s] Level 1:colcon.colcon_core.environment:checking '/home/orin2/ros2_ws/install/unitree_go/bin'
[30.369s] INFO:colcon.colcon_core.shell:Creating package script '/home/orin2/ros2_ws/install/unitree_go/share/unitree_go/package.ps1'
[30.372s] INFO:colcon.colcon_core.shell:Creating package descriptor '/home/orin2/ros2_ws/install/unitree_go/share/unitree_go/package.dsv'
[30.374s] INFO:colcon.colcon_core.shell:Creating package script '/home/orin2/ros2_ws/install/unitree_go/share/unitree_go/package.sh'
[30.375s] INFO:colcon.colcon_core.shell:Creating package script '/home/orin2/ros2_ws/install/unitree_go/share/unitree_go/package.bash'
[30.377s] INFO:colcon.colcon_core.shell:Creating package script '/home/orin2/ros2_ws/install/unitree_go/share/unitree_go/package.zsh'
[30.378s] Level 1:colcon.colcon_core.environment:create_file_with_runtime_dependencies(/home/orin2/ros2_ws/install/unitree_go/share/colcon-core/packages/unitree_go)
[30.380s] INFO:colcon.colcon_ros.task.ament_python.build:Building ROS package in '/home/orin2/ros2_ws/src/go2_robot_sdk' with build type 'ament_python'
[30.380s] Level 1:colcon.colcon_core.shell:create_environment_hook('go2_robot_sdk', 'ament_prefix_path')
[30.381s] INFO:colcon.colcon_core.shell:Creating environment hook '/home/orin2/ros2_ws/install/go2_robot_sdk/share/go2_robot_sdk/hook/ament_prefix_path.ps1'
[30.384s] INFO:colcon.colcon_core.shell:Creating environment descriptor '/home/orin2/ros2_ws/install/go2_robot_sdk/share/go2_robot_sdk/hook/ament_prefix_path.dsv'
[30.385s] INFO:colcon.colcon_core.shell:Creating environment hook '/home/orin2/ros2_ws/install/go2_robot_sdk/share/go2_robot_sdk/hook/ament_prefix_path.sh'
[30.387s] INFO:colcon.colcon_core.shell:Skip shell extension 'powershell' for command environment: Not usable outside of PowerShell
[30.387s] DEBUG:colcon.colcon_core.shell:Skip shell extension 'dsv' for command environment
[31.022s] INFO:colcon.colcon_core.task.python.build:Building Python package in '/home/orin2/ros2_ws/src/go2_robot_sdk'
[31.024s] INFO:colcon.colcon_core.shell:Skip shell extension 'powershell' for command environment: Not usable outside of PowerShell
[31.024s] DEBUG:colcon.colcon_core.shell:Skip shell extension 'dsv' for command environment
[31.951s] DEBUG:colcon.colcon_core.event_handler.log_command:Invoking command in '/home/orin2/ros2_ws/src/go2_robot_sdk': AMENT_PREFIX_PATH=/home/orin2/ros2_ws/install/unitree_go:/home/orin2/ros2_ws/install/go2_interfaces:${AMENT_PREFIX_PATH} CMAKE_PREFIX_PATH=/home/orin2/ros2_ws/install/unitree_go:/home/orin2/ros2_ws/install/go2_interfaces:${CMAKE_PREFIX_PATH} LD_LIBRARY_PATH=/home/orin2/ros2_ws/install/unitree_go/lib:/home/orin2/ros2_ws/install/go2_interfaces/lib:/usr/local/cuda-12.2/lib64:/home/orin2/unitree_ros2/cyclonedds_ws/install/unitree_hg/lib:/home/orin2/unitree_ros2/cyclonedds_ws/install/unitree_go/lib:/home/orin2/unitree_ros2/cyclonedds_ws/install/unitree_api/lib:/home/orin2/unitree_ros2/cyclonedds_ws/install/rmw_cyclonedds_cpp/lib:/home/orin2/unitree_ros2/cyclonedds_ws/install/cyclonedds/lib:/usr/local/cuda-12.2/lib64:/home/orin2/go2_ws/install/go2_image_transport/lib:/home/orin2/go2_ws/install/go2_driver/lib:/home/orin2/go2_ws/install/unitree_go/lib:/home/orin2/go2_ws/install/unitree_api/lib:/home/orin2/go2_ws/install/go2_interfaces/lib:/home/orin2/unitree_ros2/install/unitree_hg/lib:/home/orin2/unitree_ros2/install/unitree_go/lib:/home/orin2/unitree_ros2/install/unitree_api/lib:/home/orin2/unitree_ros2/install/rmw_cyclonedds_cpp/lib:/home/orin2/unitree_ros2/install/cyclonedds/lib:/home/orin2/slam_ws/install/visibility_graph_msg/lib:/home/orin2/slam_ws/install/go2_sport_api/lib:/home/orin2/slam_ws/install/unitree_go/lib:/home/orin2/slam_ws/install/unitree_api/lib:/home/orin2/slam_ws/install/livox_sdk2/lib:/home/orin2/slam_ws/install/livox_ros_driver2/lib:/home/orin2/ws_livox/install/livox_ros_driver2/lib:/opt/ros/humble/opt/rviz_ogre_vendor/lib:/opt/ros/humble/lib/aarch64-linux-gnu:/opt/ros/humble/lib:/usr/local/cuda-12.2/lib64 PYTHONPATH=/home/orin2/ros2_ws/build/go2_robot_sdk/prefix_override:/usr/lib/python3/dist-packages/colcon_core/task/python/colcon_distutils_commands:/home/orin2/ros2_ws/install/go2_robot_sdk/lib/python3.10/site-packages:/home/orin2/ros2_ws/install/unitree_go/local/lib/python3.10/dist-packages:/home/orin2/ros2_ws/install/go2_interfaces/local/lib/python3.10/dist-packages:${PYTHONPATH} /usr/bin/python3 -W ignore:setup.py install is deprecated -W ignore:easy_install command is deprecated setup.py egg_info --egg-base ../../build/go2_robot_sdk build --build-base /home/orin2/ros2_ws/build/go2_robot_sdk/build install --record /home/orin2/ros2_ws/build/go2_robot_sdk/install.log --single-version-externally-managed install_data
[32.712s] Level 1:colcon.colcon_core.environment:checking '/home/orin2/ros2_ws/install/go2_robot_sdk' for CMake module files
[32.714s] DEBUG:colcon.colcon_core.event_handler.log_command:Invoked command in '/home/orin2/ros2_ws/src/go2_robot_sdk' returned '0': AMENT_PREFIX_PATH=/home/orin2/ros2_ws/install/unitree_go:/home/orin2/ros2_ws/install/go2_interfaces:${AMENT_PREFIX_PATH} CMAKE_PREFIX_PATH=/home/orin2/ros2_ws/install/unitree_go:/home/orin2/ros2_ws/install/go2_interfaces:${CMAKE_PREFIX_PATH} LD_LIBRARY_PATH=/home/orin2/ros2_ws/install/unitree_go/lib:/home/orin2/ros2_ws/install/go2_interfaces/lib:/usr/local/cuda-12.2/lib64:/home/orin2/unitree_ros2/cyclonedds_ws/install/unitree_hg/lib:/home/orin2/unitree_ros2/cyclonedds_ws/install/unitree_go/lib:/home/orin2/unitree_ros2/cyclonedds_ws/install/unitree_api/lib:/home/orin2/unitree_ros2/cyclonedds_ws/install/rmw_cyclonedds_cpp/lib:/home/orin2/unitree_ros2/cyclonedds_ws/install/cyclonedds/lib:/usr/local/cuda-12.2/lib64:/home/orin2/go2_ws/install/go2_image_transport/lib:/home/orin2/go2_ws/install/go2_driver/lib:/home/orin2/go2_ws/install/unitree_go/lib:/home/orin2/go2_ws/install/unitree_api/lib:/home/orin2/go2_ws/install/go2_interfaces/lib:/home/orin2/unitree_ros2/install/unitree_hg/lib:/home/orin2/unitree_ros2/install/unitree_go/lib:/home/orin2/unitree_ros2/install/unitree_api/lib:/home/orin2/unitree_ros2/install/rmw_cyclonedds_cpp/lib:/home/orin2/unitree_ros2/install/cyclonedds/lib:/home/orin2/slam_ws/install/visibility_graph_msg/lib:/home/orin2/slam_ws/install/go2_sport_api/lib:/home/orin2/slam_ws/install/unitree_go/lib:/home/orin2/slam_ws/install/unitree_api/lib:/home/orin2/slam_ws/install/livox_sdk2/lib:/home/orin2/slam_ws/install/livox_ros_driver2/lib:/home/orin2/ws_livox/install/livox_ros_driver2/lib:/opt/ros/humble/opt/rviz_ogre_vendor/lib:/opt/ros/humble/lib/aarch64-linux-gnu:/opt/ros/humble/lib:/usr/local/cuda-12.2/lib64 PYTHONPATH=/home/orin2/ros2_ws/build/go2_robot_sdk/prefix_override:/usr/lib/python3/dist-packages/colcon_core/task/python/colcon_distutils_commands:/home/orin2/ros2_ws/install/go2_robot_sdk/lib/python3.10/site-packages:/home/orin2/ros2_ws/install/unitree_go/local/lib/python3.10/dist-packages:/home/orin2/ros2_ws/install/go2_interfaces/local/lib/python3.10/dist-packages:${PYTHONPATH} /usr/bin/python3 -W ignore:setup.py install is deprecated -W ignore:easy_install command is deprecated setup.py egg_info --egg-base ../../build/go2_robot_sdk build --build-base /home/orin2/ros2_ws/build/go2_robot_sdk/build install --record /home/orin2/ros2_ws/build/go2_robot_sdk/install.log --single-version-externally-managed install_data
[32.715s] Level 1:colcon.colcon_core.environment:checking '/home/orin2/ros2_ws/install/go2_robot_sdk' for CMake config files
[32.718s] Level 1:colcon.colcon_core.environment:checking '/home/orin2/ros2_ws/install/go2_robot_sdk/lib'
[32.718s] Level 1:colcon.colcon_core.environment:checking '/home/orin2/ros2_ws/install/go2_robot_sdk/bin'
[32.718s] Level 1:colcon.colcon_core.environment:checking '/home/orin2/ros2_ws/install/go2_robot_sdk/lib/pkgconfig/go2_robot_sdk.pc'
[32.719s] Level 1:colcon.colcon_core.environment:checking '/home/orin2/ros2_ws/install/go2_robot_sdk/lib/python3.10/site-packages'
[32.720s] Level 1:colcon.colcon_core.shell:create_environment_hook('go2_robot_sdk', 'pythonpath')
[32.720s] INFO:colcon.colcon_core.shell:Creating environment hook '/home/orin2/ros2_ws/install/go2_robot_sdk/share/go2_robot_sdk/hook/pythonpath.ps1'
[32.722s] INFO:colcon.colcon_core.shell:Creating environment descriptor '/home/orin2/ros2_ws/install/go2_robot_sdk/share/go2_robot_sdk/hook/pythonpath.dsv'
[32.723s] INFO:colcon.colcon_core.shell:Creating environment hook '/home/orin2/ros2_ws/install/go2_robot_sdk/share/go2_robot_sdk/hook/pythonpath.sh'
[32.725s] Level 1:colcon.colcon_core.environment:checking '/home/orin2/ros2_ws/install/go2_robot_sdk/bin'
[32.726s] Level 1:colcon.colcon_core.environment:create_environment_scripts_only(go2_robot_sdk)
[32.727s] INFO:colcon.colcon_core.shell:Creating package script '/home/orin2/ros2_ws/install/go2_robot_sdk/share/go2_robot_sdk/package.ps1'
[32.728s] INFO:colcon.colcon_core.shell:Creating package descriptor '/home/orin2/ros2_ws/install/go2_robot_sdk/share/go2_robot_sdk/package.dsv'
[32.730s] INFO:colcon.colcon_core.shell:Creating package script '/home/orin2/ros2_ws/install/go2_robot_sdk/share/go2_robot_sdk/package.sh'
[32.731s] INFO:colcon.colcon_core.shell:Creating package script '/home/orin2/ros2_ws/install/go2_robot_sdk/share/go2_robot_sdk/package.bash'
[32.733s] INFO:colcon.colcon_core.shell:Creating package script '/home/orin2/ros2_ws/install/go2_robot_sdk/share/go2_robot_sdk/package.zsh'
[32.734s] Level 1:colcon.colcon_core.environment:create_file_with_runtime_dependencies(/home/orin2/ros2_ws/install/go2_robot_sdk/share/colcon-core/packages/go2_robot_sdk)
[32.735s] DEBUG:colcon.colcon_parallel_executor.executor.parallel:closing loop
[32.736s] DEBUG:colcon.colcon_parallel_executor.executor.parallel:loop closed
[32.737s] DEBUG:colcon.colcon_parallel_executor.executor.parallel:run_until_complete finished with '0'
[32.737s] DEBUG:colcon.colcon_core.event_reactor:joining thread
[32.758s] INFO:colcon.colcon_core.plugin_system:Skipping extension 'colcon_notification.desktop_notification.terminal_notifier': Not used on non-Darwin systems
[32.759s] INFO:colcon.colcon_core.plugin_system:Skipping extension 'colcon_notification.desktop_notification.win32': Not used on non-Windows systems
[32.759s] INFO:colcon.colcon_notification.desktop_notification:Sending desktop notification using 'notify2'
[32.784s] DEBUG:colcon.colcon_notification.desktop_notification.notify2:Failed to initialize notify2: org.freedesktop.DBus.Error.Spawn.ChildExited: Process org.freedesktop.Notifications exited with status 1
[32.785s] DEBUG:colcon.colcon_core.event_reactor:joined thread
[32.786s] INFO:colcon.colcon_core.shell:Creating prefix script '/home/orin2/ros2_ws/install/local_setup.ps1'
[32.790s] INFO:colcon.colcon_core.shell:Creating prefix util module '/home/orin2/ros2_ws/install/_local_setup_util_ps1.py'
[32.795s] INFO:colcon.colcon_core.shell:Creating prefix chain script '/home/orin2/ros2_ws/install/setup.ps1'
[32.807s] INFO:colcon.colcon_core.shell:Creating prefix script '/home/orin2/ros2_ws/install/local_setup.sh'
[32.809s] INFO:colcon.colcon_core.shell:Creating prefix util module '/home/orin2/ros2_ws/install/_local_setup_util_sh.py'
[32.811s] INFO:colcon.colcon_core.shell:Creating prefix chain script '/home/orin2/ros2_ws/install/setup.sh'
[32.823s] INFO:colcon.colcon_core.shell:Creating prefix script '/home/orin2/ros2_ws/install/local_setup.bash'
[32.825s] INFO:colcon.colcon_core.shell:Creating prefix chain script '/home/orin2/ros2_ws/install/setup.bash'
[32.834s] INFO:colcon.colcon_core.shell:Creating prefix script '/home/orin2/ros2_ws/install/local_setup.zsh'
[32.836s] INFO:colcon.colcon_core.shell:Creating prefix chain script '/home/orin2/ros2_ws/install/setup.zsh'
