-- The C compiler identification is GNU 11.4.0
-- The CXX compiler identification is GNU 11.4.0
-- Detecting C compiler ABI info
-- Detecting C compiler ABI info - done
-- Check for working C compiler: /usr/bin/cc - skipped
-- Detecting C compile features
-- Detecting C compile features - done
-- Detecting CXX compiler ABI info
-- Detecting CXX compiler ABI info - done
-- Check for working CXX compiler: /usr/bin/c++ - skipped
-- Detecting CXX compile features
-- Detecting CXX compile features - done
-- Found ament_cmake: 1.3.11 (/opt/ros/humble/share/ament_cmake/cmake)
-- Found Python3: /usr/bin/python3 (found version "3.10.12") found components: Interpreter 
-- Found rosidl_default_generators: 1.2.0 (/opt/ros/humble/share/rosidl_default_generators/cmake)
-- Using all available rosidl_typesupport_c: rosidl_typesupport_fastrtps_c;rosidl_typesupport_introspection_c
-- Found rosidl_adapter: 3.1.6 (/opt/ros/humble/share/rosidl_adapter/cmake)
-- Using all available rosidl_typesupport_cpp: rosidl_typesupport_fastrtps_cpp;rosidl_typesupport_introspection_cpp
-- Found ament_cmake_ros: 0.10.0 (/opt/ros/humble/share/ament_cmake_ros/cmake)
-- Using all available rosidl_typesupport_c: rosidl_typesupport_fastrtps_c;rosidl_typesupport_introspection_c
-- Using all available rosidl_typesupport_cpp: rosidl_typesupport_fastrtps_cpp;rosidl_typesupport_introspection_cpp
-- Found PythonInterp: /usr/bin/python3 (found suitable version "3.10.12", minimum required is "3.6") 
-- Found python_cmake_module: 0.10.0 (/opt/ros/humble/share/python_cmake_module/cmake)
-- Found PythonLibs: /usr/lib/aarch64-linux-gnu/libpython3.10.so (found suitable version "3.10.12", minimum required is "3.5") 
-- Using PYTHON_EXECUTABLE: /usr/bin/python3
-- Using PYTHON_INCLUDE_DIRS: /usr/include/python3.10
-- Using PYTHON_LIBRARIES: /usr/lib/aarch64-linux-gnu/libpython3.10.so
-- Found PythonExtra: .so  
-- Configuring done
-- Generating done
-- Build files have been written to: /home/orin2/ros2_ws/build/unitree_go
[  1%] [34m[1mGenerating C code for ROS interfaces[0m
[  1%] [34m[1mGenerating C++ code for ROS interfaces[0m
[  1%] Built target ament_cmake_python_copy_unitree_go
Traceback (most recent call last):
Traceback (most recent call last):
Traceback (most recent call last):
  File "/opt/ros/humble/share/rosidl_generator_cpp/cmake/../../../lib/rosidl_generator_cpp/rosidl_generator_cpp", line 38, in <module>
  File "/home/orin2/ros2_ws/build/unitree_go/ament_cmake_python/unitree_go/setup.py", line 1, in <module>
  File "/opt/ros/humble/share/rosidl_generator_c/cmake/../../../lib/rosidl_generator_c/rosidl_generator_c", line 38, in <module>
    from setuptools import find_packages
    sys.exit(main())
  File "/usr/lib/python3/dist-packages/setuptools/__init__.py", line 16, in <module>
  File "/opt/ros/humble/share/rosidl_generator_cpp/cmake/../../../lib/rosidl_generator_cpp/rosidl_generator_cpp", line 34, in main
    sys.exit(main())
  File "/opt/ros/humble/share/rosidl_generator_c/cmake/../../../lib/rosidl_generator_c/rosidl_generator_c", line 34, in main
    generate_cpp(args.generator_arguments_file)
  File "/opt/ros/humble/local/lib/python3.10/dist-packages/rosidl_generator_cpp/__init__.py", line 39, in generate_cpp
    generate_c(args.generator_arguments_file)
  File "/opt/ros/humble/local/lib/python3.10/dist-packages/rosidl_generator_c/__init__.py", line 37, in generate_c
    return generate_files(
  File "/opt/ros/humble/local/lib/python3.10/dist-packages/rosidl_cmake/__init__.py", line 74, in generate_files
    return generate_files(
  File "/opt/ros/humble/local/lib/python3.10/dist-packages/rosidl_cmake/__init__.py", line 74, in generate_files
    idl_file = parse_idl_file(locator)
  File "/opt/ros/humble/local/lib/python3.10/dist-packages/rosidl_parser/parser.py", line 64, in parse_idl_file
    idl_file = parse_idl_file(locator)
  File "/opt/ros/humble/local/lib/python3.10/dist-packages/rosidl_parser/parser.py", line 64, in parse_idl_file
    content = parse_idl_string(string, png_file=png_file)
  File "/opt/ros/humble/local/lib/python3.10/dist-packages/rosidl_parser/parser.py", line 72, in parse_idl_string
    content = parse_idl_string(string, png_file=png_file)
  File "/opt/ros/humble/local/lib/python3.10/dist-packages/rosidl_parser/parser.py", line 72, in parse_idl_string
    tree = get_ast_from_idl_string(idl_string)
  File "/opt/ros/humble/local/lib/python3.10/dist-packages/rosidl_parser/parser.py", line 88, in get_ast_from_idl_string
    tree = get_ast_from_idl_string(idl_string)
  File "/opt/ros/humble/local/lib/python3.10/dist-packages/rosidl_parser/parser.py", line 88, in get_ast_from_idl_string
    _parser = Lark(grammar, start='specification', maybe_placeholders=False)
  File "/usr/lib/python3/dist-packages/lark/lark.py", line 383, in __init__
    _parser = Lark(grammar, start='specification', maybe_placeholders=False)
  File "/usr/lib/python3/dist-packages/lark/lark.py", line 415, in __init__
    self.terminals, self.rules, self.ignore_tokens = self.grammar.compile(self.options.start, terminals_to_keep)
  File "/usr/lib/python3/dist-packages/lark/load_grammar.py", line 728, in compile
    self.parser = self._build_parser()
  File "/usr/lib/python3/dist-packages/lark/lark.py", line 458, in _build_parser
    return parser_class(self.lexer_conf, parser_conf, options=self.options)
  File "/usr/lib/python3/dist-packages/lark/parser_frontends.py", line 242, in __call__
    if len(params) != 0:  # Dont transform templates
KeyboardInterrupt
    return ParsingFrontend(lexer_conf, parser_conf, options)
  File "/usr/lib/python3/dist-packages/lark/parser_frontends.py", line 57, in __init__
    self.parser = create_parser(lexer_conf, parser_conf, options)
  File "/usr/lib/python3/dist-packages/lark/parser_frontends.py", line 209, in create_earley_parser
    return f(lexer_conf, parser_conf, options, resolve_ambiguity=resolve_ambiguity, debug=debug, tree_class=tree_class, **extra)
  File "/usr/lib/python3/dist-packages/lark/parser_frontends.py", line 187, in create_earley_parser__dynamic
    return xearley.Parser(lexer_conf, parser_conf, earley_matcher.match, **kw)
  File "/usr/lib/python3/dist-packages/lark/parsers/xearley.py", line 29, in __init__
    BaseParser.__init__(self, lexer_conf, parser_conf, term_matcher, resolve_ambiguity, debug, tree_class)
  File "/usr/lib/python3/dist-packages/lark/parsers/earley.py", line 25, in __init__
    analysis = GrammarAnalyzer(parser_conf)
  File "/usr/lib/python3/dist-packages/lark/parsers/grammar_analysis.py", line 161, in __init__
    import setuptools.version
  File "/usr/lib/python3/dist-packages/setuptools/version.py", line 1, in <module>
    self.FIRST, self.FOLLOW, self.NULLABLE = calculate_sets(rules)
  File "/usr/lib/python3/dist-packages/lark/parsers/grammar_analysis.py", line 118, in calculate_sets
    if update_set(FOLLOW[sym], FIRST[rule.expansion[j]]):
  File "/usr/lib/python3/dist-packages/lark/grammar.py", line 25, in __hash__
    import pkg_resources
  File "/usr/lib/python3/dist-packages/pkg_resources/__init__.py", line 3267, in <module>
    def __hash__(self):
KeyboardInterrupt
    def _initialize_master_working_set():
  File "/usr/lib/python3/dist-packages/pkg_resources/__init__.py", line 3241, in _call_aside
    f(*args, **kwargs)
  File "/usr/lib/python3/dist-packages/pkg_resources/__init__.py", line 3279, in _initialize_master_working_set
    working_set = WorkingSet._build_master()
  File "/usr/lib/python3/dist-packages/pkg_resources/__init__.py", line 564, in _build_master
    ws = cls()
  File "/usr/lib/python3/dist-packages/pkg_resources/__init__.py", line 557, in __init__
    self.add_entry(entry)
  File "/usr/lib/python3/dist-packages/pkg_resources/__init__.py", line 613, in add_entry
    for dist in find_distributions(entry, True):
  File "/usr/lib/python3/dist-packages/pkg_resources/__init__.py", line 2073, in find_on_path
    path_item_entries = _by_version_descending(filtered)
  File "/usr/lib/python3/dist-packages/pkg_resources/__init__.py", line 2043, in _by_version_descending
    return sorted(names, key=_by_version, reverse=True)
  File "/usr/lib/python3/dist-packages/pkg_resources/__init__.py", line 2041, in _by_version
    return [try_parse(part) for part in parts]
  File "/usr/lib/python3/dist-packages/pkg_resources/__init__.py", line 2041, in <listcomp>
    return [try_parse(part) for part in parts]
  File "/usr/lib/python3/dist-packages/pkg_resources/__init__.py", line 2031, in try_parse
    return packaging.version.Version(name)
  File "/usr/lib/python3/dist-packages/pkg_resources/_vendor/packaging/version.py", line 281, in __init__
    self._key = _cmpkey(
  File "/usr/lib/python3/dist-packages/pkg_resources/_vendor/packaging/version.py", line 459, in _cmpkey
    reversed(list(itertools.dropwhile(lambda x: x == 0, reversed(release))))
KeyboardInterrupt
gmake[2]: *** [CMakeFiles/unitree_go__cpp.dir/build.make:249: rosidl_generator_cpp/unitree_go/msg/audio_data.hpp] Interrupt
gmake[1]: *** [CMakeFiles/Makefile2:317: CMakeFiles/unitree_go__cpp.dir/all] Interrupt
gmake[2]: *** [CMakeFiles/unitree_go__rosidl_generator_c.dir/build.make:113: rosidl_generator_c/unitree_go/msg/audio_data.h] Interrupt
gmake[1]: *** [CMakeFiles/Makefile2:212: CMakeFiles/unitree_go__rosidl_generator_c.dir/all] Interrupt
gmake[2]: *** [CMakeFiles/ament_cmake_python_build_unitree_go_egg.dir/build.make:70: CMakeFiles/ament_cmake_python_build_unitree_go_egg] Interrupt
gmake[1]: *** [CMakeFiles/Makefile2:447: CMakeFiles/ament_cmake_python_build_unitree_go_egg.dir/all] Interrupt
gmake: *** [Makefile:146: all] Interrupt
